$ /home/student/anaconda3/envs/neptune2026/bin/python /home/student/Desktop/Neptune_2026/scripts/run_all_synthesize_timeout_report.py --_worker --algorithm tree --input /home/student/Desktop/Neptune_2026/Microfluidics-Benchmarks/Results/LFR_TestCases/Distribute_Library/Transposer_04/Transposer_04_fromLFR.json --case-output /home/student/Desktop/Neptune_2026/Microfluidics-Benchmarks/Results/tree_full_20260916_132005/artifacts/lfr__Distribute_Library__Transposer_04__Transposer_04_fromLFR --time-limit 3600.0 --solver-profile standard --mip-gap 0.0
Reversed 35 connection(s) with opposite-port direction conflicts: channel_1, channel_2, channel_3, channel_4, channel_5, channel_6, channel_7, channel_8, channel_9, channel_10, channel_11, channel_12, channel_13, channel_14, channel_15, channel_16, channel_17, channel_18, channel_19, channel_20, channel_21, channel_22, channel_23, channel_24, channel_25, channel_26, channel_27, channel_28, channel_29, channel_30, channel_31, channel_32, channel_33, channel_34, channel_35.
Finish loading test case: Transposer_04_fromLFR
1/9, Finish initial placement, time spent: 0.000125885009765625 s
[0, 4060, 4860, 'mixer_1', 0] [[2030, 0], [2030, 4860]]
[1, 4060, 4860, 'mixer_2', 0] [[2030, 0], [2030, 4860]]
[2, 4060, 4860, 'mixer_3', 0] [[2030, 0], [2030, 4860]]
[3, 2000, 2000, 'port_1', 0] [[1000, 0], [2000, 1000], [1000, 2000], [0, 1000]]
[4, 4060, 4860, 'mixer_4', 0] [[2030, 0], [2030, 4860]]
[5, 4060, 4860, 'mixer_5', 0] [[2030, 0], [2030, 4860]]
[6, 4060, 4860, 'mixer_6', 0] [[2030, 0], [2030, 4860]]
[7, 2000, 2000, 'port_2', 0] [[1000, 0], [2000, 1000], [1000, 2000], [0, 1000]]
[8, 4060, 4860, 'mixer_7', 0] [[2030, 0], [2030, 4860]]
[9, 2000, 2000, 'port_3', 0] [[1000, 0], [2000, 1000], [1000, 2000], [0, 1000]]
[10, 4060, 4860, 'mixer_8', 0] [[2030, 0], [2030, 4860]]
[11, 4060, 4860, 'mixer_9', 0] [[2030, 0], [2030, 4860]]
[12, 4060, 4860, 'mixer_10', 0] [[2030, 0], [2030, 4860]]
[13, 4060, 4860, 'mixer_11', 0] [[2030, 0], [2030, 4860]]
[14, 4060, 4860, 'mixer_12', 0] [[2030, 0], [2030, 4860]]
[15, 4060, 4860, 'mixer_13', 0] [[2030, 0], [2030, 4860]]
[16, 2000, 2000, 'port_4', 0] [[1000, 0], [2000, 1000], [1000, 2000], [0, 1000]]
[17, 4060, 4860, 'mixer_14', 0] [[2030, 0], [2030, 4860]]
[18, 4060, 4860, 'mixer_15', 0] [[2030, 0], [2030, 4860]]
[19, 2000, 2000, 'port_5', 0] [[1000, 0], [2000, 1000], [1000, 2000], [0, 1000]]
[20, 2000, 2000, 'port_6', 0] [[1000, 0], [2000, 1000], [1000, 2000], [0, 1000]]
[21, 2000, 2000, 'port_7', 0] [[1000, 0], [2000, 1000], [1000, 2000], [0, 1000]]
[22, 2000, 2000, 'port_8', 0] [[1000, 0], [2000, 1000], [1000, 2000], [0, 1000]]
2/9, Finish initial placement with rotation, time spent: 0.0005402565002441406 s
3/9, Finish symmetricalization, time spent: 2.5272369384765625e-05 s
4/9, Finish routing, time spent: 0.0006668567657470703 s
****************************************************
Fail to find valid order; keeping the initial row order
****************************************************
--Finish applying new order
--Finish mirroring related components
5/9, Finish initialization of new orders, time spent: 0.016144752502441406 s
6/9, Finish shortening wirelength, time spent: 0.00018906593322753906 s
Skip stage7 LP according to user's need
8/9, Finish routing, time spent: 0.0008072853088378906 s
9/9, Finish compaction and connecting ports, time spent: 0.10416340827941895 s
<<<<<<<<<<<<<<<<<<<<<<<<<<<<<< All P&R Done >>>>>>>>>>>>>>>>>>>>>>>>>>>>>>
Total Timeusage: 0.12266278266906738 s
Reordering Timeusage: 0.016144752502441406 s
LP-based Optimization Timeusage: 0 s
P&R for the new orders: 0.12130451202392578 s
