$ /home/student/anaconda3/envs/neptune2026/bin/python /home/student/Desktop/Neptune_2026/scripts/run_all_synthesize_timeout_report.py --_worker --algorithm tree --input /home/student/Desktop/Neptune_2026/Microfluidics-Benchmarks/Results/LFR_TestCases/Distribute_Library/Transposer_02/Transposer_02_fromLFR.json --case-output /home/student/Desktop/Neptune_2026/Microfluidics-Benchmarks/Results/tree_full_20260916_132005/artifacts/lfr__Distribute_Library__Transposer_02__Transposer_02_fromLFR --time-limit 3600.0 --solver-profile standard --mip-gap 0.0
Finish loading test case: Transposer_02_fromLFR
1/9, Finish initial placement, time spent: 6.747245788574219e-05 s
[0, 2000, 2000, 'port_1', 0] [[1000, 0], [2000, 1000], [1000, 2000], [0, 1000]]
[1, 2000, 2000, 'port_2', 0] [[1000, 0], [2000, 1000], [1000, 2000], [0, 1000]]
[2, 2000, 2000, 'port_3', 0] [[1000, 0], [2000, 1000], [1000, 2000], [0, 1000]]
[3, 2000, 2000, 'port_4', 0] [[1000, 0], [2000, 1000], [1000, 2000], [0, 1000]]
2/9, Finish initial placement with rotation, time spent: 0.00016832351684570312 s
3/9, Finish symmetricalization, time spent: 1.6450881958007812e-05 s
4/9, Finish routing, time spent: 0.00013518333435058594 s
****************************************************
Fail to find valid order; keeping the initial row order
****************************************************
--Finish applying new order
--Finish mirroring related components
5/9, Finish initialization of new orders, time spent: 0.000743865966796875 s
6/9, Finish shortening wirelength, time spent: 5.555152893066406e-05 s
Skip stage7 LP according to user's need
8/9, Finish routing, time spent: 0.00021123886108398438 s
9/9, Finish compaction and connecting ports, time spent: 0.0218048095703125 s
<<<<<<<<<<<<<<<<<<<<<<<<<<<<<< All P&R Done >>>>>>>>>>>>>>>>>>>>>>>>>>>>>>
Total Timeusage: 0.023202896118164062 s
Reordering Timeusage: 0.000743865966796875 s
LP-based Optimization Timeusage: 0 s
P&R for the new orders: 0.022815465927124023 s
Cannot finish valid layer-1 synthesis for:
- reason=routing:fallback_no_compliant_valve_escape valve=valve_0 flow_connection=channel_3 control_port=Cport_0
- reason=routing:fallback_no_compliant_valve_escape valve=valve_1 flow_connection=channel_2 control_port=Cport_1
- reason=routing:fallback_no_compliant_valve_escape valve=valve_3 flow_connection=channel_1 control_port=Cport_3
Fit canvas to [76200.0, 76200.0] and center by [32612.5, 29300.0]
Done. Combined PR JSON: /home/student/Desktop/Neptune_2026/Microfluidics-Benchmarks/Results/tree_full_20260916_132005/artifacts/lfr__Distribute_Library__Transposer_02__Transposer_02_fromLFR/result.json
