$ /home/student/anaconda3/envs/neptune2026/bin/python /home/student/Desktop/Neptune_2026/scripts/run_all_synthesize_timeout_report.py --_worker --algorithm tree --input /home/student/Desktop/Neptune_2026/Microfluidics-Benchmarks/Results/LFR_TestCases/COVID/Gel_Electrophoresis/Gel_Electrophoresis_fromLFR.json --case-output /home/student/Desktop/Neptune_2026/Microfluidics-Benchmarks/Results/tree_full_20260916_132005/artifacts/lfr__COVID__Gel_Electrophoresis__Gel_Electrophoresis_fromLFR --time-limit 3600.0 --solver-profile standard --mip-gap 0.0
Reversed 14 connection(s) with opposite-port direction conflicts: channel_1, channel_2, channel_3, channel_4, channel_5, channel_6, channel_7, channel_8, channel_9, channel_10, channel_11, channel_12, channel_13, channel_14.
Finish loading test case: Gel_Electrophoresis_fromLFR
1/9, Finish initial placement, time spent: 2.4318695068359375e-05 s
[0, 4060, 4860, 'mixer_1', 0] [[2030, 0], [2030, 4860]]
[1, 4060, 4860, 'mixer_2', 0] [[2030, 0], [2030, 4860]]
[2, 2000, 2000, 'port_1', 0] [[1000, 0], [2000, 1000], [1000, 2000], [0, 1000]]
[3, 4060, 4860, 'mixer_3', 0] [[2030, 0], [2030, 4860]]
[4, 4060, 4860, 'mixer_4', 0] [[2030, 0], [2030, 4860]]
[5, 2000, 2000, 'port_2', 0] [[1000, 0], [2000, 1000], [1000, 2000], [0, 1000]]
[6, 4060, 4860, 'mixer_5', 0] [[2030, 0], [2030, 4860]]
[7, 4060, 4860, 'mixer_6', 0] [[2030, 0], [2030, 4860]]
[8, 2000, 2000, 'port_3', 0] [[1000, 0], [2000, 1000], [1000, 2000], [0, 1000]]
[9, 2000, 2000, 'port_4', 0] [[1000, 0], [2000, 1000], [1000, 2000], [0, 1000]]
[10, 2000, 2000, 'port_5', 0] [[1000, 0], [2000, 1000], [1000, 2000], [0, 1000]]
[11, 2000, 2000, 'port_6', 0] [[1000, 0], [2000, 1000], [1000, 2000], [0, 1000]]
2/9, Finish initial placement with rotation, time spent: 0.000217437744140625 s
3/9, Finish symmetricalization, time spent: 3.0040740966796875e-05 s
4/9, Finish routing, time spent: 0.0003085136413574219 s
****************************************************
Fail to find valid order; keeping the initial row order
****************************************************
--Finish applying new order
--Finish mirroring related components
5/9, Finish initialization of new orders, time spent: 0.001537322998046875 s
6/9, Finish shortening wirelength, time spent: 0.00011801719665527344 s
Skip stage7 LP according to user's need
8/9, Finish routing, time spent: 0.00036263465881347656 s
9/9, Finish compaction and connecting ports, time spent: 0.05170154571533203 s
<<<<<<<<<<<<<<<<<<<<<<<<<<<<<< All P&R Done >>>>>>>>>>>>>>>>>>>>>>>>>>>>>>
Total Timeusage: 0.05429983139038086 s
Reordering Timeusage: 0.001537322998046875 s
LP-based Optimization Timeusage: 0 s
P&R for the new orders: 0.053719520568847656 s
Spread 2 overlapping MIXER mixer_5 pads into 2399 row(s), stair 2400
Fit canvas to [76200.0, 98120.0] and center by [23517.5, 26840.0]
Done. Combined PR JSON: /home/student/Desktop/Neptune_2026/Microfluidics-Benchmarks/Results/tree_full_20260916_132005/artifacts/lfr__COVID__Gel_Electrophoresis__Gel_Electrophoresis_fromLFR/result.json
