$ /home/student/anaconda3/envs/neptune2026/bin/python /home/student/Desktop/Neptune_2026/scripts/run_all_synthesize_timeout_report.py --_worker --algorithm tree --input /home/student/Desktop/Neptune_2026/Microfluidics-Benchmarks/Results/LFR_TestCases/Distribute_Library/MUX_16_In/MUX_16_In_fromLFR.json --case-output /home/student/Desktop/Neptune_2026/Microfluidics-Benchmarks/Results/tree_full_20260916_132005/artifacts/lfr__Distribute_Library__MUX_16_In__MUX_16_In_fromLFR --time-limit 3600.0 --solver-profile standard --mip-gap 0.0
Finish loading test case: MUX_16_In_fromLFR
1/9, Finish initial placement, time spent: 0.0001468658447265625 s
[0, 2000, 2000, 'port_1', 0] [[1000, 0], [2000, 1000], [1000, 2000], [0, 1000]]
[1, 2000, 2000, 'port_2', 0] [[1000, 0], [2000, 1000], [1000, 2000], [0, 1000]]
[2, 2000, 2000, 'port_3', 0] [[1000, 0], [2000, 1000], [1000, 2000], [0, 1000]]
[3, 2000, 2000, 'port_4', 0] [[1000, 0], [2000, 1000], [1000, 2000], [0, 1000]]
[4, 2000, 2000, 'port_5', 0] [[1000, 0], [2000, 1000], [1000, 2000], [0, 1000]]
[5, 2000, 2000, 'port_6', 0] [[1000, 0], [2000, 1000], [1000, 2000], [0, 1000]]
[6, 2000, 2000, 'port_7', 0] [[1000, 0], [2000, 1000], [1000, 2000], [0, 1000]]
[7, 2000, 2000, 'port_8', 0] [[1000, 0], [2000, 1000], [1000, 2000], [0, 1000]]
[8, 2000, 2000, 'port_9', 0] [[1000, 0], [2000, 1000], [1000, 2000], [0, 1000]]
[9, 2000, 2000, 'port_10', 0] [[1000, 0], [2000, 1000], [1000, 2000], [0, 1000]]
[10, 2000, 2000, 'port_11', 0] [[1000, 0], [2000, 1000], [1000, 2000], [0, 1000]]
[11, 2000, 2000, 'port_12', 0] [[1000, 0], [2000, 1000], [1000, 2000], [0, 1000]]
[12, 2000, 2000, 'port_13', 0] [[1000, 0], [2000, 1000], [1000, 2000], [0, 1000]]
[13, 2000, 2000, 'port_14', 0] [[1000, 0], [2000, 1000], [1000, 2000], [0, 1000]]
[14, 2000, 2000, 'port_15', 0] [[1000, 0], [2000, 1000], [1000, 2000], [0, 1000]]
[15, 2000, 2000, 'port_16', 0] [[1000, 0], [2000, 1000], [1000, 2000], [0, 1000]]
[16, 2000, 2000, 'port_17', 0] [[1000, 0], [2000, 1000], [1000, 2000], [0, 1000]]
2/9, Finish initial placement with rotation, time spent: 0.00045943260192871094 s
3/9, Finish symmetricalization, time spent: 2.7894973754882812e-05 s
4/9, Finish routing, time spent: 0.000469207763671875 s
****************************************************
New valid order that can lead to planar graph found:
[[0], [0, 1, 2, 3, 4, 5, 6, 7, 8, 9, 10, 11, 12, 13, 14, 15]]
****************************************************
--Finish applying new order
--Finish mirroring related components
5/9, Finish initialization of new orders, time spent: 0.04208230972290039 s
6/9, Finish shortening wirelength, time spent: 8.869171142578125e-05 s
Skip stage7 LP according to user's need
8/9, Finish routing, time spent: 0.0006246566772460938 s
9/9, Finish compaction and connecting ports, time spent: 0.07333827018737793 s
<<<<<<<<<<<<<<<<<<<<<<<<<<<<<< All P&R Done >>>>>>>>>>>>>>>>>>>>>>>>>>>>>>
Total Timeusage: 0.11723732948303223 s
Reordering Timeusage: 0.04208230972290039 s
LP-based Optimization Timeusage: 0 s
P&R for the new orders: 0.1161339282989502 s
Cannot finish valid layer-1 synthesis for:
- reason=routing:fallback_no_compliant_valve_escape valve=valve_4 flow_connection=channel_10 control_port=Cport_4
Fit canvas to [112900.0, 76200.0] and center by [13600.0, 39350.0]
Done. Combined PR JSON: /home/student/Desktop/Neptune_2026/Microfluidics-Benchmarks/Results/tree_full_20260916_132005/artifacts/lfr__Distribute_Library__MUX_16_In__MUX_16_In_fromLFR/result.json
