$ /home/student/anaconda3/envs/neptune2026/bin/python /home/student/Desktop/Neptune_2026/scripts/run_all_synthesize_timeout_report.py --_worker --algorithm tree --input /home/student/Desktop/Neptune_2026/Microfluidics-Benchmarks/Results/LFR_TestCases/Drop_Ref/Dx_5/Dx_5_fromLFR.json --case-output /home/student/Desktop/Neptune_2026/Microfluidics-Benchmarks/Results/tree_full_20260916_132005/artifacts/lfr__Drop_Ref__Dx_5__Dx_5_fromLFR --time-limit 3600.0 --solver-profile standard --mip-gap 0.0
Reversed 8 connection(s) with opposite-port direction conflicts: channel_3, channel_4, channel_5, channel_6, channel_7, channel_12, channel_13, channel_14.
Finish loading test case: Dx_5_fromLFR
1/9, Finish initial placement, time spent: 2.9087066650390625e-05 s
[0, 4060, 4860, 'mixer_1', 0] [[2030, 0], [2030, 4860]]
[1, 18450, 11426, 'droplet_sorter_1', 0] [[0, 4845], [18450, 600], [18450, 9091]]
[2, 2000, 2000, 'port_1', 0] [[1000, 0], [2000, 1000], [1000, 2000], [0, 1000]]
[3, 2000, 2000, 'port_2', 0] [[1000, 0], [2000, 1000], [1000, 2000], [0, 1000]]
[4, 4060, 4860, 'mixer_2', 0] [[2030, 0], [2030, 4860]]
[5, 18450, 11426, 'droplet_sorter_2', 0] [[0, 4845], [18450, 600], [18450, 9091]]
[6, 2000, 2000, 'port_3', 0] [[1000, 0], [2000, 1000], [1000, 2000], [0, 1000]]
[7, 2000, 2000, 'port_4', 0] [[1000, 0], [2000, 1000], [1000, 2000], [0, 1000]]
[8, 4000, 4000, 'port_5', 0] [[2000, 0], [4000, 2000], [2000, 4000], [0, 2000]]
[9, 4000, 4000, 'port_6', 0] [[2000, 0], [4000, 2000], [2000, 4000], [0, 2000]]
[10, 1800, 600, 'nozzle_droplet_generator_1', 0] [[400, 0], [1800, 300], [400, 600], [0, 300]]
[11, 4060, 4860, 'mixer_3', 0] [[2030, 0], [2030, 4860]]
[12, 6000, 8000, 'droplet_splitter_1', 0] [[0, 4000], [5500, 0], [5000, 8000]]
[13, 2000, 2000, 'port_7', 0] [[1000, 0], [2000, 1000], [1000, 2000], [0, 1000]]
[14, 2000, 2000, 'port_8', 0] [[1000, 0], [2000, 1000], [1000, 2000], [0, 1000]]
2/9, Finish initial placement with rotation, time spent: 0.00027632713317871094 s
3/9, Finish symmetricalization, time spent: 2.5272369384765625e-05 s
4/9, Finish routing, time spent: 0.0003185272216796875 s
****************************************************
New valid order that can lead to planar graph found:
[[0], [1, 3, 0, 2], [0], [0], [2, 1, 0, 3, 4, 5], [0, 1]]
****************************************************
--Finish applying new order
--Finish mirroring related components
5/9, Finish initialization of new orders, time spent: 0.0019016265869140625 s
6/9, Finish shortening wirelength, time spent: 0.00012373924255371094 s
Skip stage7 LP according to user's need
8/9, Finish routing, time spent: 0.0003724098205566406 s
9/9, Finish compaction and connecting ports, time spent: 0.060080766677856445 s
<<<<<<<<<<<<<<<<<<<<<<<<<<<<<< All P&R Done >>>>>>>>>>>>>>>>>>>>>>>>>>>>>>
Total Timeusage: 0.06312775611877441 s
Reordering Timeusage: 0.0019016265869140625 s
LP-based Optimization Timeusage: 0 s
P&R for the new orders: 0.06247854232788086 s
Spread 2 overlapping NOZZLE DROPLET GENERATOR nozzle_droplet_generator_1 pads into 8 row(s), stair 2381
Spread 2 overlapping DROPLET SORTER droplet_sorter_1 pads into 2399 row(s), stair 2400
Fit canvas to [131035.0, 90276.0] and center by [23605.0, 10830.0]
Done. Combined PR JSON: /home/student/Desktop/Neptune_2026/Microfluidics-Benchmarks/Results/tree_full_20260916_132005/artifacts/lfr__Drop_Ref__Dx_5__Dx_5_fromLFR/result.json
