$ /home/student/anaconda3/envs/neptune2026/bin/python /home/student/Desktop/Neptune_2026/scripts/run_all_synthesize_timeout_report.py --_worker --algorithm tree --input /home/student/Desktop/Neptune_2026/Microfluidics-Benchmarks/Results/LFR_TestCases/CIDAR_Lab_Past_Devices/Grad_Cells/Grad_Cells_fromLFR.json --case-output /home/student/Desktop/Neptune_2026/Microfluidics-Benchmarks/Results/tree_full_20260916_132005/artifacts/lfr__CIDAR_Lab_Past_Devices__Grad_Cells__Grad_Cells_fromLFR --time-limit 3600.0 --solver-profile standard --mip-gap 0.0
Reversed 8 connection(s) with opposite-port direction conflicts: channel_5, channel_6, channel_7, channel_8, channel_9, channel_10, channel_11, channel_12.
Finish loading test case: Grad_Cells_fromLFR
1/9, Finish initial placement, time spent: 5.602836608886719e-05 s
[0, 4000, 4000, 'square_cell_trap_1', 0] [[0, 2000], [4000, 2000], [2000, 0], [2000, 4000]]
[1, 2000, 2000, 'port_1', 0] [[1000, 0], [2000, 1000], [1000, 2000], [0, 1000]]
[2, 4000, 4000, 'square_cell_trap_2', 0] [[0, 2000], [4000, 2000], [2000, 0], [2000, 4000]]
[3, 4000, 4000, 'square_cell_trap_3', 0] [[0, 2000], [4000, 2000], [2000, 0], [2000, 4000]]
[4, 4000, 4000, 'square_cell_trap_4', 0] [[0, 2000], [4000, 2000], [2000, 0], [2000, 4000]]
[5, 4060, 4860, 'mixer_1', 0] [[2030, 0], [2030, 4860]]
[6, 4060, 4860, 'mixer_2', 0] [[2030, 0], [2030, 4860]]
[7, 2000, 2000, 'port_2', 0] [[1000, 0], [2000, 1000], [1000, 2000], [0, 1000]]
[8, 2000, 2000, 'port_3', 0] [[1000, 0], [2000, 1000], [1000, 2000], [0, 1000]]
2/9, Finish initial placement with rotation, time spent: 0.00032973289489746094 s
3/9, Finish symmetricalization, time spent: 1.7642974853515625e-05 s
4/9, Finish routing, time spent: 0.0002205371856689453 s
****************************************************
New valid order that can lead to planar graph found:
[[1, 0], [1, 0], [0, 1, 2, 3], [0]]
****************************************************
--Finish applying new order
--Finish mirroring related components
5/9, Finish initialization of new orders, time spent: 0.0009851455688476562 s
6/9, Finish shortening wirelength, time spent: 9.036064147949219e-05 s
Skip stage7 LP according to user's need
8/9, Finish routing, time spent: 0.00028777122497558594 s
9/9, Finish compaction and connecting ports, time spent: 0.04031944274902344 s
<<<<<<<<<<<<<<<<<<<<<<<<<<<<<< All P&R Done >>>>>>>>>>>>>>>>>>>>>>>>>>>>>>
Total Timeusage: 0.04230666160583496 s
Reordering Timeusage: 0.0009851455688476562 s
LP-based Optimization Timeusage: 0 s
P&R for the new orders: 0.04168272018432617 s
Fit canvas to [76200.0, 98560.0] and center by [-65685.0, 20000.0]
Done. Combined PR JSON: /home/student/Desktop/Neptune_2026/Microfluidics-Benchmarks/Results/tree_full_20260916_132005/artifacts/lfr__CIDAR_Lab_Past_Devices__Grad_Cells__Grad_Cells_fromLFR/result.json
