$ /home/student/anaconda3/envs/neptune2026/bin/python /home/student/Desktop/Neptune_2026/scripts/run_all_synthesize_timeout_report.py --_worker --algorithm tree --input /home/student/Desktop/Neptune_2026/Microfluidics-Benchmarks/Results/LFR_TestCases/CIDAR_Lab_Past_Devices/Rotary_16/Rotary_16_fromLFR.json --case-output /home/student/Desktop/Neptune_2026/Microfluidics-Benchmarks/Results/tree_full_20260916_132005/artifacts/lfr__CIDAR_Lab_Past_Devices__Rotary_16__Rotary_16_fromLFR --time-limit 3600.0 --solver-profile standard --mip-gap 0.0
Reversed 76 connection(s) with opposite-port direction conflicts: channel_17, channel_18, channel_19, channel_20, channel_22, channel_23, channel_24, channel_25, channel_26, channel_27, channel_28, channel_29, channel_30, channel_31, channel_32, channel_33, channel_34, channel_35, channel_36, channel_37, channel_38, channel_39, channel_40, channel_41, channel_42, channel_43, channel_44, channel_45, channel_46, channel_47, channel_48, channel_49, channel_50, channel_51, channel_52, channel_53, channel_54, channel_55, channel_56, channel_57, channel_58, channel_59, channel_60, channel_61, channel_62, channel_63, channel_64, channel_65, channel_66, channel_67, channel_68, channel_69, channel_70, channel_71, channel_72, channel_73, channel_74, channel_75, channel_76, channel_77, channel_78, channel_79, channel_80, channel_81, channel_82, channel_83, channel_84, channel_85, channel_86, channel_87, channel_88, channel_89, channel_90, channel_91, channel_92, channel_93.
Finish loading test case: Rotary_16_fromLFR
1/9, Finish initial placement, time spent: 0.0002779960632324219 s
[0, 89, 25, 'ytree_1', 0] [[44, 0], [86, 25], [81, 25], [75, 25], [70, 25], [64, 25], [58, 25], [53, 25], [47, 25], [41, 25], [36, 25], [30, 25], [25, 25], [19, 25], [13, 25], [8, 25], [2, 25]]
[1, 4060, 4860, 'mixer_1', 0] [[2030, 0], [2030, 4860]]
[2, 4060, 4860, 'mixer_2', 0] [[2030, 0], [2030, 4860]]
[3, 4060, 4860, 'mixer_3', 0] [[2030, 0], [2030, 4860]]
[4, 4060, 4860, 'mixer_4', 0] [[2030, 0], [2030, 4860]]
[5, 4060, 4860, 'mixer_5', 0] [[2030, 0], [2030, 4860]]
[6, 2000, 2000, 'port_1', 0] [[1000, 0], [2000, 1000], [1000, 2000], [0, 1000]]
[7, 4060, 4860, 'mixer_6', 0] [[2030, 0], [2030, 4860]]
[8, 4060, 4860, 'mixer_7', 0] [[2030, 0], [2030, 4860]]
[9, 4060, 4860, 'mixer_8', 0] [[2030, 0], [2030, 4860]]
[10, 4060, 4860, 'mixer_9', 0] [[2030, 0], [2030, 4860]]
[11, 4060, 4860, 'mixer_10', 0] [[2030, 0], [2030, 4860]]
[12, 4060, 4860, 'mixer_11', 0] [[2030, 0], [2030, 4860]]
[13, 4060, 4860, 'mixer_12', 0] [[2030, 0], [2030, 4860]]
[14, 4060, 4860, 'mixer_13', 0] [[2030, 0], [2030, 4860]]
[15, 4060, 4860, 'mixer_14', 0] [[2030, 0], [2030, 4860]]
[16, 4060, 4860, 'mixer_15', 0] [[2030, 0], [2030, 4860]]
[17, 4060, 4860, 'mixer_16', 0] [[2030, 0], [2030, 4860]]
[18, 4060, 4860, 'mixer_17', 0] [[2030, 0], [2030, 4860]]
[19, 4060, 4860, 'mixer_18', 0] [[2030, 0], [2030, 4860]]
[20, 4060, 4860, 'mixer_19', 0] [[2030, 0], [2030, 4860]]
[21, 4060, 4860, 'mixer_20', 0] [[2030, 0], [2030, 4860]]
[22, 4060, 4860, 'mixer_21', 0] [[2030, 0], [2030, 4860]]
[23, 4060, 4860, 'mixer_22', 0] [[2030, 0], [2030, 4860]]
[24, 4060, 4860, 'mixer_23', 0] [[2030, 0], [2030, 4860]]
[25, 4060, 4860, 'mixer_24', 0] [[2030, 0], [2030, 4860]]
[26, 4060, 4860, 'mixer_25', 0] [[2030, 0], [2030, 4860]]
[27, 4060, 4860, 'mixer_26', 0] [[2030, 0], [2030, 4860]]
[28, 4060, 4860, 'mixer_27', 0] [[2030, 0], [2030, 4860]]
[29, 4060, 4860, 'mixer_28', 0] [[2030, 0], [2030, 4860]]
[30, 4060, 4860, 'mixer_29', 0] [[2030, 0], [2030, 4860]]
[31, 4060, 4860, 'mixer_30', 0] [[2030, 0], [2030, 4860]]
[32, 2000, 2000, 'port_2', 0] [[1000, 0], [2000, 1000], [1000, 2000], [0, 1000]]
[33, 2000, 2000, 'port_3', 0] [[1000, 0], [2000, 1000], [1000, 2000], [0, 1000]]
[34, 2000, 2000, 'port_4', 0] [[1000, 0], [2000, 1000], [1000, 2000], [0, 1000]]
[35, 2000, 2000, 'port_5', 0] [[1000, 0], [2000, 1000], [1000, 2000], [0, 1000]]
[36, 2000, 2000, 'port_6', 0] [[1000, 0], [2000, 1000], [1000, 2000], [0, 1000]]
[37, 2000, 2000, 'port_7', 0] [[1000, 0], [2000, 1000], [1000, 2000], [0, 1000]]
[38, 2000, 2000, 'port_8', 0] [[1000, 0], [2000, 1000], [1000, 2000], [0, 1000]]
[39, 2000, 2000, 'port_9', 0] [[1000, 0], [2000, 1000], [1000, 2000], [0, 1000]]
[40, 2000, 2000, 'port_10', 0] [[1000, 0], [2000, 1000], [1000, 2000], [0, 1000]]
[41, 2000, 2000, 'port_11', 0] [[1000, 0], [2000, 1000], [1000, 2000], [0, 1000]]
[42, 2000, 2000, 'port_12', 0] [[1000, 0], [2000, 1000], [1000, 2000], [0, 1000]]
[43, 2000, 2000, 'port_13', 0] [[1000, 0], [2000, 1000], [1000, 2000], [0, 1000]]
[44, 2000, 2000, 'port_14', 0] [[1000, 0], [2000, 1000], [1000, 2000], [0, 1000]]
[45, 2000, 2000, 'port_15', 0] [[1000, 0], [2000, 1000], [1000, 2000], [0, 1000]]
[46, 2000, 2000, 'port_16', 0] [[1000, 0], [2000, 1000], [1000, 2000], [0, 1000]]
[47, 2000, 2000, 'port_17', 0] [[1000, 0], [2000, 1000], [1000, 2000], [0, 1000]]
[48, 2000, 2000, 'port_18', 0] [[1000, 0], [2000, 1000], [1000, 2000], [0, 1000]]
[49, 2000, 2000, 'port_19', 0] [[1000, 0], [2000, 1000], [1000, 2000], [0, 1000]]
[50, 2000, 2000, 'port_20', 0] [[1000, 0], [2000, 1000], [1000, 2000], [0, 1000]]
[51, 2000, 2000, 'port_21', 0] [[1000, 0], [2000, 1000], [1000, 2000], [0, 1000]]
[52, 2000, 2000, 'port_22', 0] [[1000, 0], [2000, 1000], [1000, 2000], [0, 1000]]
[53, 2000, 2000, 'port_23', 0] [[1000, 0], [2000, 1000], [1000, 2000], [0, 1000]]
[54, 2000, 2000, 'port_24', 0] [[1000, 0], [2000, 1000], [1000, 2000], [0, 1000]]
[55, 2000, 2000, 'port_25', 0] [[1000, 0], [2000, 1000], [1000, 2000], [0, 1000]]
[56, 2000, 2000, 'port_26', 0] [[1000, 0], [2000, 1000], [1000, 2000], [0, 1000]]
[57, 2000, 2000, 'port_27', 0] [[1000, 0], [2000, 1000], [1000, 2000], [0, 1000]]
[58, 2000, 2000, 'port_28', 0] [[1000, 0], [2000, 1000], [1000, 2000], [0, 1000]]
[59, 2000, 2000, 'port_29', 0] [[1000, 0], [2000, 1000], [1000, 2000], [0, 1000]]
[60, 2000, 2000, 'port_30', 0] [[1000, 0], [2000, 1000], [1000, 2000], [0, 1000]]
[61, 2000, 2000, 'port_31', 0] [[1000, 0], [2000, 1000], [1000, 2000], [0, 1000]]
[62, 2000, 2000, 'port_32', 0] [[1000, 0], [2000, 1000], [1000, 2000], [0, 1000]]
2/9, Finish initial placement with rotation, time spent: 0.0013432502746582031 s
3/9, Finish symmetricalization, time spent: 5.936622619628906e-05 s
4/9, Finish routing, time spent: 0.0016026496887207031 s
****************************************************
