$ /home/student/anaconda3/envs/neptune2026/bin/python /home/student/Desktop/Neptune_2026/scripts/run_all_synthesize_timeout_report.py --_worker --algorithm tree --input /home/student/Desktop/Neptune_2026/Microfluidics-Benchmarks/Results/LFR_TestCases/Distribute_Expressions/Dist_Expression_3/Dist_Expression_3_fromLFR.json --case-output /home/student/Desktop/Neptune_2026/Microfluidics-Benchmarks/Results/tree_full_20260916_132005/artifacts/lfr__Distribute_Expressions__Dist_Expression_3__Dist_Expression_3_fromLFR --time-limit 3600.0 --solver-profile standard --mip-gap 0.0
Finish loading test case: Dist_Expression_3_fromLFR
1/9, Finish initial placement, time spent: 2.5272369384765625e-05 s
[0, 2000, 2000, 'port_1', 0] [[1000, 0], [2000, 1000], [1000, 2000], [0, 1000]]
[1, 2000, 2000, 'port_2', 0] [[1000, 0], [2000, 1000], [1000, 2000], [0, 1000]]
[2, 2000, 2000, 'port_3', 0] [[1000, 0], [2000, 1000], [1000, 2000], [0, 1000]]
2/9, Finish initial placement with rotation, time spent: 9.989738464355469e-05 s
3/9, Finish symmetricalization, time spent: 1.3828277587890625e-05 s
4/9, Finish routing, time spent: 8.487701416015625e-05 s
****************************************************
New valid order that can lead to planar graph found:
[[0, 1], [0]]
****************************************************
--Finish applying new order
--Finish mirroring related components
5/9, Finish initialization of new orders, time spent: 0.00045561790466308594 s
6/9, Finish shortening wirelength, time spent: 3.981590270996094e-05 s
Skip stage7 LP according to user's need
8/9, Finish routing, time spent: 0.0001461505889892578 s
9/9, Finish compaction and connecting ports, time spent: 0.01600480079650879 s
<<<<<<<<<<<<<<<<<<<<<<<<<<<<<< All P&R Done >>>>>>>>>>>>>>>>>>>>>>>>>>>>>>
Total Timeusage: 0.01687026023864746 s
Reordering Timeusage: 0.00045561790466308594 s
LP-based Optimization Timeusage: 0 s
P&R for the new orders: 0.016646385192871094 s
Fit canvas to [76200.0, 76200.0] and center by [30100.0, 31175.0]
Done. Combined PR JSON: /home/student/Desktop/Neptune_2026/Microfluidics-Benchmarks/Results/tree_full_20260916_132005/artifacts/lfr__Distribute_Expressions__Dist_Expression_3__Dist_Expression_3_fromLFR/result.json
