$ /home/student/anaconda3/envs/neptune2026/bin/python /home/student/Desktop/Neptune_2026/scripts/run_all_synthesize_timeout_report.py --_worker --algorithm tree --input /home/student/Desktop/Neptune_2026/Microfluidics-Benchmarks/Results/LFR_TestCases/Distribute_Library/MUX_04_In/MUX_04_In_fromLFR.json --case-output /home/student/Desktop/Neptune_2026/Microfluidics-Benchmarks/Results/tree_full_20260916_132005/artifacts/lfr__Distribute_Library__MUX_04_In__MUX_04_In_fromLFR --time-limit 3600.0 --solver-profile standard --mip-gap 0.0
Finish loading test case: MUX_04_In_fromLFR
1/9, Finish initial placement, time spent: 6.4849853515625e-05 s
[0, 2000, 2000, 'port_1', 0] [[1000, 0], [2000, 1000], [1000, 2000], [0, 1000]]
[1, 2000, 2000, 'port_2', 0] [[1000, 0], [2000, 1000], [1000, 2000], [0, 1000]]
[2, 2000, 2000, 'port_3', 0] [[1000, 0], [2000, 1000], [1000, 2000], [0, 1000]]
[3, 2000, 2000, 'port_4', 0] [[1000, 0], [2000, 1000], [1000, 2000], [0, 1000]]
[4, 2000, 2000, 'port_5', 0] [[1000, 0], [2000, 1000], [1000, 2000], [0, 1000]]
2/9, Finish initial placement with rotation, time spent: 0.00016427040100097656 s
3/9, Finish symmetricalization, time spent: 1.5497207641601562e-05 s
4/9, Finish routing, time spent: 0.00013113021850585938 s
****************************************************
New valid order that can lead to planar graph found:
[[0], [0, 1, 2, 3]]
****************************************************
--Finish applying new order
--Finish mirroring related components
5/9, Finish initialization of new orders, time spent: 0.0007061958312988281 s
6/9, Finish shortening wirelength, time spent: 4.673004150390625e-05 s
Skip stage7 LP according to user's need
8/9, Finish routing, time spent: 0.00020956993103027344 s
9/9, Finish compaction and connecting ports, time spent: 0.02426934242248535 s
<<<<<<<<<<<<<<<<<<<<<<<<<<<<<< All P&R Done >>>>>>>>>>>>>>>>>>>>>>>>>>>>>>
Total Timeusage: 0.025607585906982422 s
Reordering Timeusage: 0.0007061958312988281 s
LP-based Optimization Timeusage: 0 s
P&R for the new orders: 0.02523183822631836 s
Fit canvas to [76200.0, 76200.0] and center by [23450.0, 39350.0]
Done. Combined PR JSON: /home/student/Desktop/Neptune_2026/Microfluidics-Benchmarks/Results/tree_full_20260916_132005/artifacts/lfr__Distribute_Library__MUX_04_In__MUX_04_In_fromLFR/result.json
