$ /home/student/anaconda3/envs/neptune2026/bin/python /home/student/Desktop/Neptune_2026/scripts/run_all_synthesize_timeout_report.py --_worker --algorithm tree --input /home/student/Desktop/Neptune_2026/Microfluidics-Benchmarks/Results/LFR_TestCases/Literature_Benchmarks/Device_7_Enzyme_Screening/Device_7_Enzyme_Screening_fromLFR.json --case-output /home/student/Desktop/Neptune_2026/Microfluidics-Benchmarks/Results/tree_full_20260916_132005/artifacts/lfr__Literature_Benchmarks__Device_7_Enzyme_Screening__Device_7_Enzyme_Screening_fromLFR --time-limit 3600.0 --solver-profile standard --mip-gap 0.0
Reversed 33 connection(s) with opposite-port direction conflicts: channel_3, channel_4, channel_5, channel_6, channel_7, channel_8, channel_9, channel_10, channel_11, channel_12, channel_13, channel_14, channel_15, channel_16, channel_17, channel_18, channel_19, channel_20, channel_21, channel_22, channel_23, channel_24, channel_25, channel_26, channel_27, channel_28, channel_29, channel_30, channel_31, channel_32, channel_33, channel_34, channel_35.
Finish loading test case: Device_7_Enzyme_Screening_fromLFR
1/9, Finish initial placement, time spent: 0.0001595020294189453 s
[0, 5000, 5000, 'reaction_chamber_1', 0] [[2500, 0], [5000, 2500], [2500, 5000], [0, 2500]]
[1, 2000, 2000, 'port_1', 0] [[1000, 0], [2000, 1000], [1000, 2000], [0, 1000]]
[2, 5000, 5000, 'reaction_chamber_2', 0] [[2500, 0], [5000, 2500], [2500, 5000], [0, 2500]]
[3, 4000, 4000, 'port_2', 0] [[2000, 0], [4000, 2000], [2000, 4000], [0, 2000]]
[4, 4000, 4000, 'port_3', 0] [[2000, 0], [4000, 2000], [2000, 4000], [0, 2000]]
[5, 1800, 600, 'nozzle_droplet_generator_1', 0] [[400, 0], [1800, 300], [400, 600], [0, 300]]
[6, 4060, 4860, 'mixer_1', 0] [[2030, 0], [2030, 4860]]
[7, 4060, 4860, 'mixer_2', 0] [[2030, 0], [2030, 4860]]
[8, 4060, 4860, 'mixer_3', 0] [[2030, 0], [2030, 4860]]
[9, 4060, 4860, 'mixer_4', 0] [[2030, 0], [2030, 4860]]
[10, 4060, 4860, 'mixer_5', 0] [[2030, 0], [2030, 4860]]
[11, 4060, 4860, 'mixer_6', 0] [[2030, 0], [2030, 4860]]
[12, 4060, 4860, 'mixer_7', 0] [[2030, 0], [2030, 4860]]
[13, 4060, 4860, 'mixer_8', 0] [[2030, 0], [2030, 4860]]
[14, 4060, 4860, 'mixer_9', 0] [[2030, 0], [2030, 4860]]
[15, 4060, 4860, 'mixer_10', 0] [[2030, 0], [2030, 4860]]
[16, 4060, 4860, 'mixer_11', 0] [[2030, 0], [2030, 4860]]
[17, 4060, 4860, 'mixer_12', 0] [[2030, 0], [2030, 4860]]
[18, 4060, 4860, 'mixer_13', 0] [[2030, 0], [2030, 4860]]
[19, 4060, 4860, 'mixer_14', 0] [[2030, 0], [2030, 4860]]
[20, 2000, 2000, 'port_4', 0] [[1000, 0], [2000, 1000], [1000, 2000], [0, 1000]]
[21, 2000, 2000, 'port_5', 0] [[1000, 0], [2000, 1000], [1000, 2000], [0, 1000]]
[22, 2000, 2000, 'port_6', 0] [[1000, 0], [2000, 1000], [1000, 2000], [0, 1000]]
[23, 2000, 2000, 'port_7', 0] [[1000, 0], [2000, 1000], [1000, 2000], [0, 1000]]
[24, 2000, 2000, 'port_8', 0] [[1000, 0], [2000, 1000], [1000, 2000], [0, 1000]]
[25, 2000, 2000, 'port_9', 0] [[1000, 0], [2000, 1000], [1000, 2000], [0, 1000]]
[26, 2000, 2000, 'port_10', 0] [[1000, 0], [2000, 1000], [1000, 2000], [0, 1000]]
[27, 2000, 2000, 'port_11', 0] [[1000, 0], [2000, 1000], [1000, 2000], [0, 1000]]
2/9, Finish initial placement with rotation, time spent: 0.0005769729614257812 s
3/9, Finish symmetricalization, time spent: 3.528594970703125e-05 s
4/9, Finish routing, time spent: 0.000614166259765625 s
****************************************************
Fail to find valid order; keeping the initial row order
****************************************************
--Finish applying new order
--Finish mirroring related components
5/9, Finish initialization of new orders, time spent: 0.16693711280822754 s
6/9, Finish shortening wirelength, time spent: 0.00018978118896484375 s
Skip stage7 LP according to user's need
8/9, Finish routing, time spent: 0.0007708072662353516 s
9/9, Finish compaction and connecting ports, time spent: 0.1063849925994873 s
<<<<<<<<<<<<<<<<<<<<<<<<<<<<<< All P&R Done >>>>>>>>>>>>>>>>>>>>>>>>>>>>>>
Total Timeusage: 0.2756686210632324 s
Reordering Timeusage: 0.16693711280822754 s
LP-based Optimization Timeusage: 0 s
P&R for the new orders: 0.27428269386291504 s
