$ systemd-run --user --scope -q -p MemoryMax=64.0G -p MemorySwapMax=0 /home/student/anaconda3/envs/neptune2026/bin/python /home/student/Desktop/Neptune_2026/scripts/run_all_synthesize_timeout_report.py --_worker --algorithm tree --input /home/student/Desktop/Neptune_2026/Microfluidics-Benchmarks/Results/LFR_TestCases/CIDAR_Lab_Past_Devices/Microalgal_Bioassay/Microalgal_Bioassay_fromLFR.json --case-output /home/student/Desktop/Neptune_2026/Microfluidics-Benchmarks/Results/tree_full_20260918_100349/artifacts/lfr__CIDAR_Lab_Past_Devices__Microalgal_Bioassay__Microalgal_Bioassay_fromLFR --time-limit 3600.0 --solver-profile standard --mip-gap 0.0
Reversed 4 connection(s) with opposite-port direction conflicts: channel_1, channel_12, channel_13, channel_14.
Finish loading test case: Microalgal_Bioassay_fromLFR
1/9, Finish initial placement, time spent: 3.8623809814453125e-05 s
[0, 4060, 4860, 'mixer_1', 0] [[2030, 0], [2030, 4860]]
[1, 4000, 4000, 'square_cell_trap_1', 0] [[0, 2000], [4000, 2000], [2000, 0], [2000, 4000]]
[2, 4000, 4000, 'square_cell_trap_2', 0] [[0, 2000], [4000, 2000], [2000, 0], [2000, 4000]]
[3, 2000, 2000, 'port_1', 0] [[1000, 0], [2000, 1000], [1000, 2000], [0, 1000]]
[4, 4000, 4000, 'square_cell_trap_3', 0] [[0, 2000], [4000, 2000], [2000, 0], [2000, 4000]]
[5, 4000, 4000, 'square_cell_trap_4', 0] [[0, 2000], [4000, 2000], [2000, 0], [2000, 4000]]
[6, 4000, 4000, 'square_cell_trap_5', 0] [[0, 2000], [4000, 2000], [2000, 0], [2000, 4000]]
[7, 4000, 4000, 'square_cell_trap_6', 0] [[0, 2000], [4000, 2000], [2000, 0], [2000, 4000]]
[8, 4060, 4860, 'mixer_2', 0] [[2030, 0], [2030, 4860]]
[9, 2000, 2000, 'port_2', 0] [[1000, 0], [2000, 1000], [1000, 2000], [0, 1000]]
[10, 2000, 2000, 'port_3', 0] [[1000, 0], [2000, 1000], [1000, 2000], [0, 1000]]
2/9, Finish initial placement with rotation, time spent: 0.00018525123596191406 s
3/9, Finish symmetricalization, time spent: 1.5735626220703125e-05 s
4/9, Finish routing, time spent: 0.00027108192443847656 s
****************************************************
New valid order that can lead to planar graph found:
[[0, 1], [1, 0], [0, 1, 2, 3, 4, 5], [0]]
****************************************************
--Finish applying new order
--Finish mirroring related components
5/9, Finish initialization of new orders, time spent: 0.0008127689361572266 s
6/9, Finish shortening wirelength, time spent: 9.584426879882812e-05 s
Skip stage7 LP according to user's need
8/9, Finish routing, time spent: 0.0003027915954589844 s
9/9, Finish compaction and connecting ports, time spent: 0.04589271545410156 s
<<<<<<<<<<<<<<<<<<<<<<<<<<<<<< All P&R Done >>>>>>>>>>>>>>>>>>>>>>>>>>>>>>
Total Timeusage: 0.04761481285095215 s
Reordering Timeusage: 0.0008127689361572266 s
LP-based Optimization Timeusage: 0 s
P&R for the new orders: 0.0471041202545166 s
Fan 2 shared-hinge MIXER mixer_2 pads by pitch 4000
Fit canvas to [55030.0, 38920.0] and center by [970.0, -600.0]
Done. Combined PR JSON: /home/student/Desktop/Neptune_2026/Microfluidics-Benchmarks/Results/tree_full_20260918_100349/artifacts/lfr__CIDAR_Lab_Past_Devices__Microalgal_Bioassay__Microalgal_Bioassay_fromLFR/result.json
