$ systemd-run --user --scope -q -p MemoryMax=64.0G -p MemorySwapMax=0 /home/student/anaconda3/envs/neptune2026/bin/python /home/student/Desktop/Neptune_2026/scripts/run_all_synthesize_timeout_report.py --_worker --algorithm tree --input /home/student/Desktop/Neptune_2026/Microfluidics-Benchmarks/Results/LFR_TestCases/CIDAR_Lab_Past_Devices/Microreactor/Microreactor_fromLFR.json --case-output /home/student/Desktop/Neptune_2026/Microfluidics-Benchmarks/Results/tree_full_20260918_100349/artifacts/lfr__CIDAR_Lab_Past_Devices__Microreactor__Microreactor_fromLFR --time-limit 3600.0 --solver-profile standard --mip-gap 0.0
Reversed 7 connection(s) with opposite-port direction conflicts: channel_1, channel_2, channel_3, channel_4, channel_5, channel_6, channel_10.
Finish loading test case: Microreactor_fromLFR
1/9, Finish initial placement, time spent: 0.00010991096496582031 s
[0, 4000, 4000, 'square_cell_trap_1', 0] [[0, 2000], [4000, 2000], [2000, 0], [2000, 4000]]
[1, 4060, 4860, 'mixer_1', 0] [[2030, 0], [2030, 4860]]
[2, 4060, 4860, 'mixer_2', 0] [[2030, 0], [2030, 4860]]
[3, 4060, 4860, 'mixer_3', 0] [[2030, 0], [2030, 4860]]
[4, 2000, 2000, 'port_1', 0] [[1000, 0], [2000, 1000], [1000, 2000], [0, 1000]]
[5, 4000, 4000, 'square_cell_trap_2', 0] [[0, 2000], [4000, 2000], [2000, 0], [2000, 4000]]
[6, 4000, 4000, 'square_cell_trap_3', 0] [[0, 2000], [4000, 2000], [2000, 0], [2000, 4000]]
[7, 2000, 2000, 'port_2', 0] [[1000, 0], [2000, 1000], [1000, 2000], [0, 1000]]
2/9, Finish initial placement with rotation, time spent: 0.00022840499877929688 s
3/9, Finish symmetricalization, time spent: 1.5497207641601562e-05 s
4/9, Finish routing, time spent: 0.00019884109497070312 s
****************************************************
Fail to find valid order; keeping the initial row order
****************************************************
--Finish applying new order
--Finish mirroring related components
5/9, Finish initialization of new orders, time spent: 0.0015468597412109375 s
6/9, Finish shortening wirelength, time spent: 7.033348083496094e-05 s
Skip stage7 LP according to user's need
8/9, Finish routing, time spent: 0.0002789497375488281 s
9/9, Finish compaction and connecting ports, time spent: 0.03232407569885254 s
<<<<<<<<<<<<<<<<<<<<<<<<<<<<<< All P&R Done >>>>>>>>>>>>>>>>>>>>>>>>>>>>>>
Total Timeusage: 0.03477287292480469 s
Reordering Timeusage: 0.0015468597412109375 s
LP-based Optimization Timeusage: 0 s
P&R for the new orders: 0.034220218658447266 s
Cannot finish valid layer-1 synthesis for:
- reason=placement valve=valve_0 flow_connection=channel_11 control_port=Cport_0
- reason=placement valve=valve_1 flow_connection=channel_11 control_port=Cport_1
- reason=placement valve=valve_3 flow_connection=channel_11 control_port=Cport_3
- reason=placement valve=valve_4 flow_connection=channel_11 control_port=Cport_4
- reason=placement valve=valve_5 flow_connection=channel_11 control_port=Cport_5
- reason=placement valve=valve_6 flow_connection=channel_11 control_port=Cport_6
- reason=placement valve=valve_7 flow_connection=channel_11 control_port=Cport_7
- reason=placement valve=valve_8 flow_connection=channel_11 control_port=Cport_8
- reason=placement valve=valve_9 flow_connection=channel_11 control_port=Cport_9
Fit canvas to [40545.0, 53420.0] and center by [-85800.0, -72800.0]
Done. Combined PR JSON: /home/student/Desktop/Neptune_2026/Microfluidics-Benchmarks/Results/tree_full_20260918_100349/artifacts/lfr__CIDAR_Lab_Past_Devices__Microreactor__Microreactor_fromLFR/result.json
