$ systemd-run --user --scope -q -p MemoryMax=64.0G -p MemorySwapMax=0 /home/student/anaconda3/envs/neptune2026/bin/python /home/student/Desktop/Neptune_2026/scripts/run_all_synthesize_timeout_report.py --_worker --algorithm tree --input /home/student/Desktop/Neptune_2026/Microfluidics-Benchmarks/Results/LFR_TestCases/Drop_Ref/Dx_3/Dx_3_fromLFR.json --case-output /home/student/Desktop/Neptune_2026/Microfluidics-Benchmarks/Results/tree_full_20260918_100349/artifacts/lfr__Drop_Ref__Dx_3__Dx_3_fromLFR --time-limit 3600.0 --solver-profile standard --mip-gap 0.0
Reversed 8 connection(s) with opposite-port direction conflicts: channel_3, channel_4, channel_5, channel_6, channel_7, channel_8, channel_9, channel_10.
Finish loading test case: Dx_3_fromLFR
1/9, Finish initial placement, time spent: 2.1219253540039062e-05 s
[0, 4000, 4000, 'port_1', 0] [[2000, 0], [4000, 2000], [2000, 4000], [0, 2000]]
[1, 4000, 4000, 'port_2', 0] [[2000, 0], [4000, 2000], [2000, 4000], [0, 2000]]
[2, 1800, 600, 'nozzle_droplet_generator_1', 0] [[400, 0], [1800, 300], [400, 600], [0, 300]]
[3, 6000, 8000, 'droplet_splitter_1', 0] [[0, 4000], [5500, 0], [5000, 8000]]
[4, 4060, 4860, 'mixer_1', 0] [[2030, 0], [2030, 4860]]
[5, 2000, 2000, 'port_3', 0] [[1000, 0], [2000, 1000], [1000, 2000], [0, 1000]]
[6, 4060, 4860, 'mixer_2', 0] [[2030, 0], [2030, 4860]]
[7, 2000, 2000, 'port_4', 0] [[1000, 0], [2000, 1000], [1000, 2000], [0, 1000]]
[8, 2000, 2000, 'port_5', 0] [[1000, 0], [2000, 1000], [1000, 2000], [0, 1000]]
[9, 2000, 2000, 'port_6', 0] [[1000, 0], [2000, 1000], [1000, 2000], [0, 1000]]
[10, 2000, 2000, 'port_7', 0] [[1000, 0], [2000, 1000], [1000, 2000], [0, 1000]]
2/9, Finish initial placement with rotation, time spent: 0.00018310546875 s
3/9, Finish symmetricalization, time spent: 1.71661376953125e-05 s
4/9, Finish routing, time spent: 0.00020313262939453125 s
****************************************************
Fail to find valid order; keeping the initial row order
****************************************************
--Finish applying new order
--Finish mirroring related components
5/9, Finish initialization of new orders, time spent: 0.0013806819915771484 s
6/9, Finish shortening wirelength, time spent: 8.153915405273438e-05 s
Skip stage7 LP according to user's need
8/9, Finish routing, time spent: 0.0002505779266357422 s
9/9, Finish compaction and connecting ports, time spent: 0.06299185752868652 s
<<<<<<<<<<<<<<<<<<<<<<<<<<<<<< All P&R Done >>>>>>>>>>>>>>>>>>>>>>>>>>>>>>
Total Timeusage: 0.06512928009033203 s
Reordering Timeusage: 0.0013806819915771484 s
LP-based Optimization Timeusage: 0 s
P&R for the new orders: 0.06470465660095215 s
Fan 2 shared-hinge NOZZLE DROPLET GENERATOR nozzle_droplet_generator_1 pads by pitch 2400
Fit canvas to [39400.0, 42560.0] and center by [5000.0, -4700.0]
Done. Combined PR JSON: /home/student/Desktop/Neptune_2026/Microfluidics-Benchmarks/Results/tree_full_20260918_100349/artifacts/lfr__Drop_Ref__Dx_3__Dx_3_fromLFR/result.json
