$ systemd-run --user --scope -q -p MemoryMax=64.0G -p MemorySwapMax=0 /home/student/anaconda3/envs/neptune2026/bin/python /home/student/Desktop/Neptune_2026/scripts/run_all_synthesize_timeout_report.py --_worker --algorithm tree --input /home/student/Desktop/Neptune_2026/Microfluidics-Benchmarks/Results/LFR_TestCases/Distribute_Library/MUX_04_Out/MUX_04_Out_fromLFR.json --case-output /home/student/Desktop/Neptune_2026/Microfluidics-Benchmarks/Results/tree_full_20260918_100349/artifacts/lfr__Distribute_Library__MUX_04_Out__MUX_04_Out_fromLFR --time-limit 3600.0 --solver-profile standard --mip-gap 0.0
Finish loading test case: MUX_04_Out_fromLFR
1/9, Finish initial placement, time spent: 7.677078247070312e-05 s
[0, 2000, 2000, 'port_1', 0] [[1000, 0], [2000, 1000], [1000, 2000], [0, 1000]]
[1, 2000, 2000, 'port_2', 0] [[1000, 0], [2000, 1000], [1000, 2000], [0, 1000]]
[2, 2000, 2000, 'port_3', 0] [[1000, 0], [2000, 1000], [1000, 2000], [0, 1000]]
[3, 2000, 2000, 'port_4', 0] [[1000, 0], [2000, 1000], [1000, 2000], [0, 1000]]
[4, 2000, 2000, 'port_5', 0] [[1000, 0], [2000, 1000], [1000, 2000], [0, 1000]]
2/9, Finish initial placement with rotation, time spent: 0.00017380714416503906 s
3/9, Finish symmetricalization, time spent: 1.3113021850585938e-05 s
4/9, Finish routing, time spent: 0.00010514259338378906 s
****************************************************
New valid order that can lead to planar graph found:
[[0, 1, 2, 3], [0]]
****************************************************
--Finish applying new order
--Finish mirroring related components
5/9, Finish initialization of new orders, time spent: 0.0005996227264404297 s
6/9, Finish shortening wirelength, time spent: 4.076957702636719e-05 s
Skip stage7 LP according to user's need
8/9, Finish routing, time spent: 0.0001678466796875 s
9/9, Finish compaction and connecting ports, time spent: 0.0224912166595459 s
<<<<<<<<<<<<<<<<<<<<<<<<<<<<<< All P&R Done >>>>>>>>>>>>>>>>>>>>>>>>>>>>>>
Total Timeusage: 0.023668289184570312 s
Reordering Timeusage: 0.0005996227264404297 s
LP-based Optimization Timeusage: 0 s
P&R for the new orders: 0.023299455642700195 s
Cannot finish valid layer-1 synthesis for:
- reason=placement valve=valve_2 flow_connection=channel_1 control_port=Cport_2
- reason=placement valve=valve_3 flow_connection=channel_4 control_port=Cport_3
Fit canvas to [34200.0, 23200.0] and center by [0.0, 0.0]
Done. Combined PR JSON: /home/student/Desktop/Neptune_2026/Microfluidics-Benchmarks/Results/tree_full_20260918_100349/artifacts/lfr__Distribute_Library__MUX_04_Out__MUX_04_Out_fromLFR/result.json
