$ systemd-run --user --scope -q -p MemoryMax=64.0G -p MemorySwapMax=0 /home/student/anaconda3/envs/neptune2026/bin/python /home/student/Desktop/Neptune_2026/scripts/run_all_synthesize_timeout_report.py --_worker --algorithm tree --input /home/student/Desktop/Neptune_2026/Microfluidics-Benchmarks/Results/LFR_TestCases/Distribute_Library/MUX_32_Out/MUX_32_Out_fromLFR.json --case-output /home/student/Desktop/Neptune_2026/Microfluidics-Benchmarks/Results/tree_full_20260918_100349/artifacts/lfr__Distribute_Library__MUX_32_Out__MUX_32_Out_fromLFR --time-limit 3600.0 --solver-profile standard --mip-gap 0.0
Finish loading test case: MUX_32_Out_fromLFR
1/9, Finish initial placement, time spent: 0.0002892017364501953 s
[0, 2000, 2000, 'port_1', 0] [[1000, 0], [2000, 1000], [1000, 2000], [0, 1000]]
[1, 2000, 2000, 'port_2', 0] [[1000, 0], [2000, 1000], [1000, 2000], [0, 1000]]
[2, 2000, 2000, 'port_3', 0] [[1000, 0], [2000, 1000], [1000, 2000], [0, 1000]]
[3, 2000, 2000, 'port_4', 0] [[1000, 0], [2000, 1000], [1000, 2000], [0, 1000]]
[4, 2000, 2000, 'port_5', 0] [[1000, 0], [2000, 1000], [1000, 2000], [0, 1000]]
[5, 2000, 2000, 'port_6', 0] [[1000, 0], [2000, 1000], [1000, 2000], [0, 1000]]
[6, 2000, 2000, 'port_7', 0] [[1000, 0], [2000, 1000], [1000, 2000], [0, 1000]]
[7, 2000, 2000, 'port_8', 0] [[1000, 0], [2000, 1000], [1000, 2000], [0, 1000]]
[8, 2000, 2000, 'port_9', 0] [[1000, 0], [2000, 1000], [1000, 2000], [0, 1000]]
[9, 2000, 2000, 'port_10', 0] [[1000, 0], [2000, 1000], [1000, 2000], [0, 1000]]
[10, 2000, 2000, 'port_11', 0] [[1000, 0], [2000, 1000], [1000, 2000], [0, 1000]]
[11, 2000, 2000, 'port_12', 0] [[1000, 0], [2000, 1000], [1000, 2000], [0, 1000]]
[12, 2000, 2000, 'port_13', 0] [[1000, 0], [2000, 1000], [1000, 2000], [0, 1000]]
[13, 2000, 2000, 'port_14', 0] [[1000, 0], [2000, 1000], [1000, 2000], [0, 1000]]
[14, 2000, 2000, 'port_15', 0] [[1000, 0], [2000, 1000], [1000, 2000], [0, 1000]]
[15, 2000, 2000, 'port_16', 0] [[1000, 0], [2000, 1000], [1000, 2000], [0, 1000]]
[16, 2000, 2000, 'port_17', 0] [[1000, 0], [2000, 1000], [1000, 2000], [0, 1000]]
[17, 2000, 2000, 'port_18', 0] [[1000, 0], [2000, 1000], [1000, 2000], [0, 1000]]
[18, 2000, 2000, 'port_19', 0] [[1000, 0], [2000, 1000], [1000, 2000], [0, 1000]]
[19, 2000, 2000, 'port_20', 0] [[1000, 0], [2000, 1000], [1000, 2000], [0, 1000]]
[20, 2000, 2000, 'port_21', 0] [[1000, 0], [2000, 1000], [1000, 2000], [0, 1000]]
[21, 2000, 2000, 'port_22', 0] [[1000, 0], [2000, 1000], [1000, 2000], [0, 1000]]
[22, 2000, 2000, 'port_23', 0] [[1000, 0], [2000, 1000], [1000, 2000], [0, 1000]]
[23, 2000, 2000, 'port_24', 0] [[1000, 0], [2000, 1000], [1000, 2000], [0, 1000]]
[24, 2000, 2000, 'port_25', 0] [[1000, 0], [2000, 1000], [1000, 2000], [0, 1000]]
[25, 2000, 2000, 'port_26', 0] [[1000, 0], [2000, 1000], [1000, 2000], [0, 1000]]
[26, 2000, 2000, 'port_27', 0] [[1000, 0], [2000, 1000], [1000, 2000], [0, 1000]]
[27, 2000, 2000, 'port_28', 0] [[1000, 0], [2000, 1000], [1000, 2000], [0, 1000]]
[28, 2000, 2000, 'port_29', 0] [[1000, 0], [2000, 1000], [1000, 2000], [0, 1000]]
[29, 2000, 2000, 'port_30', 0] [[1000, 0], [2000, 1000], [1000, 2000], [0, 1000]]
[30, 2000, 2000, 'port_31', 0] [[1000, 0], [2000, 1000], [1000, 2000], [0, 1000]]
[31, 2000, 2000, 'port_32', 0] [[1000, 0], [2000, 1000], [1000, 2000], [0, 1000]]
[32, 2000, 2000, 'port_33', 0] [[1000, 0], [2000, 1000], [1000, 2000], [0, 1000]]
2/9, Finish initial placement with rotation, time spent: 0.0007674694061279297 s
3/9, Finish symmetricalization, time spent: 2.2172927856445312e-05 s
4/9, Finish routing, time spent: 0.0010459423065185547 s
****************************************************
New valid order that can lead to planar graph found:
[[0, 1, 2, 3, 4, 5, 6, 7, 8, 9, 10, 11, 12, 13, 14, 15, 16, 17, 18, 19, 20, 21, 22, 23, 24, 25, 26, 27, 28, 29, 30, 31], [0]]
****************************************************
--Finish applying new order
--Finish mirroring related components
5/9, Finish initialization of new orders, time spent: 0.0025222301483154297 s
6/9, Finish shortening wirelength, time spent: 0.00010204315185546875 s
Skip stage7 LP according to user's need
8/9, Finish routing, time spent: 0.0012841224670410156 s
9/9, Finish compaction and connecting ports, time spent: 0.14521098136901855 s
<<<<<<<<<<<<<<<<<<<<<<<<<<<<<< All P&R Done >>>>>>>>>>>>>>>>>>>>>>>>>>>>>>
Total Timeusage: 0.1512441635131836 s
Reordering Timeusage: 0.0025222301483154297 s
LP-based Optimization Timeusage: 0 s
P&R for the new orders: 0.14911937713623047 s
Cannot finish valid layer-1 synthesis for:
- reason=placement valve=valve_6 flow_connection=channel_11 control_port=Cport_6
- reason=placement valve=valve_9 flow_connection=channel_28 control_port=Cport_9
- reason=placement valve=valve_12 flow_connection=channel_24 control_port=Cport_12
- reason=placement valve=valve_19 flow_connection=channel_32 control_port=Cport_19
- reason=placement valve=valve_20 flow_connection=channel_15 control_port=Cport_20
- reason=placement valve=valve_21 flow_connection=channel_3 control_port=Cport_21
- reason=placement valve=valve_28 flow_connection=channel_20 control_port=Cport_28
- reason=placement valve=valve_30 flow_connection=channel_7 control_port=Cport_30
Fit canvas to [203300.0, 25500.0] and center by [-300.0, 0.0]
Done. Combined PR JSON: /home/student/Desktop/Neptune_2026/Microfluidics-Benchmarks/Results/tree_full_20260918_100349/artifacts/lfr__Distribute_Library__MUX_32_Out__MUX_32_Out_fromLFR/result.json
