$ systemd-run --user --scope -q -p MemoryMax=64.0G -p MemorySwapMax=0 /home/student/anaconda3/envs/neptune2026/bin/python /home/student/Desktop/Neptune_2026/scripts/run_all_synthesize_timeout_report.py --_worker --algorithm tree --input /home/student/Desktop/Neptune_2026/Microfluidics-Benchmarks/Results/LFR_TestCases/Distribute_Library/Transposer_03/Transposer_03_fromLFR.json --case-output /home/student/Desktop/Neptune_2026/Microfluidics-Benchmarks/Results/tree_full_20260918_100349/artifacts/lfr__Distribute_Library__Transposer_03__Transposer_03_fromLFR --time-limit 3600.0 --solver-profile standard --mip-gap 0.0
Finish loading test case: Transposer_03_fromLFR
1/9, Finish initial placement, time spent: 0.00011587142944335938 s
[0, 2000, 2000, 'port_1', 0] [[1000, 0], [2000, 1000], [1000, 2000], [0, 1000]]
[1, 2000, 2000, 'port_2', 0] [[1000, 0], [2000, 1000], [1000, 2000], [0, 1000]]
[2, 2000, 2000, 'port_3', 0] [[1000, 0], [2000, 1000], [1000, 2000], [0, 1000]]
[3, 2000, 2000, 'port_4', 0] [[1000, 0], [2000, 1000], [1000, 2000], [0, 1000]]
[4, 2000, 2000, 'port_5', 0] [[1000, 0], [2000, 1000], [1000, 2000], [0, 1000]]
[5, 2000, 2000, 'port_6', 0] [[1000, 0], [2000, 1000], [1000, 2000], [0, 1000]]
2/9, Finish initial placement with rotation, time spent: 0.0001914501190185547 s
3/9, Finish symmetricalization, time spent: 1.2874603271484375e-05 s
4/9, Finish routing, time spent: 0.00017976760864257812 s
****************************************************
Fail to find valid order; keeping the initial row order
****************************************************
--Finish applying new order
--Finish mirroring related components
5/9, Finish initialization of new orders, time spent: 0.0010068416595458984 s
6/9, Finish shortening wirelength, time spent: 5.698204040527344e-05 s
Skip stage7 LP according to user's need
8/9, Finish routing, time spent: 0.0002493858337402344 s
9/9, Finish compaction and connecting ports, time spent: 0.029021501541137695 s
<<<<<<<<<<<<<<<<<<<<<<<<<<<<<< All P&R Done >>>>>>>>>>>>>>>>>>>>>>>>>>>>>>
Total Timeusage: 0.030834674835205078 s
Reordering Timeusage: 0.0010068416595458984 s
LP-based Optimization Timeusage: 0 s
P&R for the new orders: 0.0303347110748291 s
Cannot finish valid layer-1 synthesis for:
- reason=placement valve=valve_0 flow_connection=channel_2 control_port=Cport_0
- reason=placement valve=valve_1 flow_connection=channel_1 control_port=Cport_1
- reason=placement valve=valve_2 flow_connection=channel_6 control_port=Cport_2
- reason=placement valve=valve_3 flow_connection=channel_7 control_port=Cport_3
- reason=placement valve=valve_4 flow_connection=channel_8 control_port=Cport_4
- reason=placement valve=valve_5 flow_connection=channel_5 control_port=Cport_5
- reason=placement valve=valve_6 flow_connection=channel_3 control_port=Cport_6
Fit canvas to [28200.0, 28000.0] and center by [0.0, 0.0]
Done. Combined PR JSON: /home/student/Desktop/Neptune_2026/Microfluidics-Benchmarks/Results/tree_full_20260918_100349/artifacts/lfr__Distribute_Library__Transposer_03__Transposer_03_fromLFR/result.json
