$ systemd-run --user --scope -q -p MemoryMax=64.0G -p MemorySwapMax=0 /home/student/anaconda3/envs/neptune2026/bin/python /home/student/Desktop/Neptune_2026/scripts/run_all_synthesize_timeout_report.py --_worker --algorithm tree --input /home/student/Desktop/Neptune_2026/Microfluidics-Benchmarks/Results/LFR_TestCases/CIDAR_Lab_Past_Devices/Mix_Incubate_Express/Mix_Incubate_Express_fromLFR.json --case-output /home/student/Desktop/Neptune_2026/Microfluidics-Benchmarks/Results/tree_full_20260918_100349/artifacts/lfr__CIDAR_Lab_Past_Devices__Mix_Incubate_Express__Mix_Incubate_Express_fromLFR --time-limit 3600.0 --solver-profile standard --mip-gap 0.0
Reversed 5 connection(s) with opposite-port direction conflicts: channel_1, channel_3, channel_4, channel_5, channel_2.
Finish loading test case: Mix_Incubate_Express_fromLFR
1/9, Finish initial placement, time spent: 1.71661376953125e-05 s
[0, 5000, 5000, 'reaction_chamber_1', 0] [[2500, 0], [5000, 2500], [2500, 5000], [0, 2500]]
[1, 4000, 4000, 'square_cell_trap_1', 0] [[0, 2000], [4000, 2000], [2000, 0], [2000, 4000]]
[2, 2000, 2000, 'port_1', 0] [[1000, 0], [2000, 1000], [1000, 2000], [0, 1000]]
[3, 4060, 4860, 'mixer_1', 0] [[2030, 0], [2030, 4860]]
[4, 2000, 2000, 'port_2', 0] [[1000, 0], [2000, 1000], [1000, 2000], [0, 1000]]
[5, 2000, 2000, 'port_3', 0] [[1000, 0], [2000, 1000], [1000, 2000], [0, 1000]]
2/9, Finish initial placement with rotation, time spent: 0.00011229515075683594 s
3/9, Finish symmetricalization, time spent: 1.52587890625e-05 s
4/9, Finish routing, time spent: 0.0001404285430908203 s
****************************************************
New valid order that can lead to planar graph found:
[[0, 1], [0], [0], [0], [0]]
****************************************************
--Finish applying new order
--Finish mirroring related components
5/9, Finish initialization of new orders, time spent: 0.0004909038543701172 s
6/9, Finish shortening wirelength, time spent: 5.91278076171875e-05 s
Skip stage7 LP according to user's need
8/9, Finish routing, time spent: 0.00016689300537109375 s
9/9, Finish compaction and connecting ports, time spent: 0.02492380142211914 s
<<<<<<<<<<<<<<<<<<<<<<<<<<<<<< All P&R Done >>>>>>>>>>>>>>>>>>>>>>>>>>>>>>
Total Timeusage: 0.025925874710083008 s
Reordering Timeusage: 0.0004909038543701172 s
LP-based Optimization Timeusage: 0 s
P&R for the new orders: 0.02564072608947754 s
Fan 2 shared-hinge MIXER mixer_1 pads by pitch 4000
Fit canvas to [16000.0, 52060.0] and center by [-1000.0, -600.0]
Done. Combined PR JSON: /home/student/Desktop/Neptune_2026/Microfluidics-Benchmarks/Results/tree_full_20260918_100349/artifacts/lfr__CIDAR_Lab_Past_Devices__Mix_Incubate_Express__Mix_Incubate_Express_fromLFR/result.json
