$ systemd-run --user --scope -q -p MemoryMax=64.0G -p MemorySwapMax=0 /home/student/anaconda3/envs/neptune2026/bin/python /home/student/Desktop/Neptune_2026/scripts/run_all_synthesize_timeout_report.py --_worker --algorithm tree --input /home/student/Desktop/Neptune_2026/Microfluidics-Benchmarks/Results/LFR_TestCases/Distribute_Library/MUX_02_In/MUX_02_In_fromLFR.json --case-output /home/student/Desktop/Neptune_2026/Microfluidics-Benchmarks/Results/tree_full_20260918_100349/artifacts/lfr__Distribute_Library__MUX_02_In__MUX_02_In_fromLFR --time-limit 3600.0 --solver-profile standard --mip-gap 0.0
Finish loading test case: MUX_02_In_fromLFR
1/9, Finish initial placement, time spent: 5.316734313964844e-05 s
[0, 2000, 2000, 'port_1', 0] [[1000, 0], [2000, 1000], [1000, 2000], [0, 1000]]
[1, 2000, 2000, 'port_2', 0] [[1000, 0], [2000, 1000], [1000, 2000], [0, 1000]]
[2, 2000, 2000, 'port_3', 0] [[1000, 0], [2000, 1000], [1000, 2000], [0, 1000]]
2/9, Finish initial placement with rotation, time spent: 9.274482727050781e-05 s
3/9, Finish symmetricalization, time spent: 1.1444091796875e-05 s
4/9, Finish routing, time spent: 7.343292236328125e-05 s
****************************************************
New valid order that can lead to planar graph found:
[[0, 1], [0]]
****************************************************
--Finish applying new order
--Finish mirroring related components
5/9, Finish initialization of new orders, time spent: 0.0004494190216064453 s
6/9, Finish shortening wirelength, time spent: 3.4809112548828125e-05 s
Skip stage7 LP according to user's need
8/9, Finish routing, time spent: 0.00013494491577148438 s
9/9, Finish compaction and connecting ports, time spent: 0.015067815780639648 s
<<<<<<<<<<<<<<<<<<<<<<<<<<<<<< All P&R Done >>>>>>>>>>>>>>>>>>>>>>>>>>>>>>
Total Timeusage: 0.01591777801513672 s
Reordering Timeusage: 0.0004494190216064453 s
LP-based Optimization Timeusage: 0 s
P&R for the new orders: 0.015686988830566406 s
Cannot finish valid layer-1 synthesis for:
- reason=placement valve=valve_1 flow_connection=channel_1 control_port=Cport_1
Fit canvas to [20100.0, 23200.0] and center by [0.0, 0.0]
Done. Combined PR JSON: /home/student/Desktop/Neptune_2026/Microfluidics-Benchmarks/Results/tree_full_20260918_100349/artifacts/lfr__Distribute_Library__MUX_02_In__MUX_02_In_fromLFR/result.json
