$ systemd-run --user --scope -q -p MemoryMax=64.0G -p MemorySwapMax=0 /home/student/anaconda3/envs/neptune2026/bin/python /home/student/Desktop/Neptune_2026/scripts/run_all_synthesize_timeout_report.py --_worker --algorithm tree --input /home/student/Desktop/Neptune_2026/Microfluidics-Benchmarks/Results/LFR_TestCases/Drop_Ref/Dx_11/Dx_11_fromLFR.json --case-output /home/student/Desktop/Neptune_2026/Microfluidics-Benchmarks/Results/tree_full_20260918_100349/artifacts/lfr__Drop_Ref__Dx_11__Dx_11_fromLFR --time-limit 3600.0 --solver-profile standard --mip-gap 0.0
Reversed 9 connection(s) with opposite-port direction conflicts: channel_3, channel_4, channel_5, channel_8, channel_10, channel_11, channel_12, channel_13, channel_14.
Finish loading test case: Dx_11_fromLFR
1/9, Finish initial placement, time spent: 4.553794860839844e-05 s
[0, 4060, 4860, 'mixer_1', 0] [[2030, 0], [2030, 4860]]
[1, 18450, 11426, 'droplet_sorter_1', 0] [[0, 4845], [18450, 600], [18450, 9091]]
[2, 2000, 2000, 'port_1', 0] [[1000, 0], [2000, 1000], [1000, 2000], [0, 1000]]
[3, 2000, 2000, 'port_2', 0] [[1000, 0], [2000, 1000], [1000, 2000], [0, 1000]]
[4, 4060, 4860, 'mixer_2', 0] [[2030, 0], [2030, 4860]]
[5, 18450, 11426, 'droplet_sorter_2', 0] [[0, 4845], [18450, 600], [18450, 9091]]
[6, 4060, 4860, 'mixer_3', 0] [[2030, 0], [2030, 4860]]
[7, 2000, 2000, 'port_3', 0] [[1000, 0], [2000, 1000], [1000, 2000], [0, 1000]]
[8, 4000, 4000, 'port_4', 0] [[2000, 0], [4000, 2000], [2000, 4000], [0, 2000]]
[9, 4000, 4000, 'port_5', 0] [[2000, 0], [4000, 2000], [2000, 4000], [0, 2000]]
[10, 1800, 600, 'nozzle_droplet_generator_1', 0] [[400, 0], [1800, 300], [400, 600], [0, 300]]
[11, 4060, 4860, 'mixer_4', 0] [[2030, 0], [2030, 4860]]
[12, 2000, 2000, 'port_6', 0] [[1000, 0], [2000, 1000], [1000, 2000], [0, 1000]]
[13, 2000, 2000, 'port_7', 0] [[1000, 0], [2000, 1000], [1000, 2000], [0, 1000]]
[14, 2000, 2000, 'port_8', 0] [[1000, 0], [2000, 1000], [1000, 2000], [0, 1000]]
2/9, Finish initial placement with rotation, time spent: 0.0002524852752685547 s
3/9, Finish symmetricalization, time spent: 1.9311904907226562e-05 s
4/9, Finish routing, time spent: 0.0002810955047607422 s
****************************************************
New valid order that can lead to planar graph found:
[[0], [1, 3, 0, 2], [0], [0, 1], [0, 1], [0], [0, 1, 2], [0]]
****************************************************
--Finish applying new order
--Finish mirroring related components
5/9, Finish initialization of new orders, time spent: 0.0009446144104003906 s
6/9, Finish shortening wirelength, time spent: 0.00010228157043457031 s
Skip stage7 LP according to user's need
8/9, Finish routing, time spent: 0.0003294944763183594 s
9/9, Finish compaction and connecting ports, time spent: 0.04931926727294922 s
<<<<<<<<<<<<<<<<<<<<<<<<<<<<<< All P&R Done >>>>>>>>>>>>>>>>>>>>>>>>>>>>>>
Total Timeusage: 0.05129408836364746 s
Reordering Timeusage: 0.0009446144104003906 s
LP-based Optimization Timeusage: 0 s
P&R for the new orders: 0.05069565773010254 s
Fan 2 shared-hinge NOZZLE DROPLET GENERATOR nozzle_droplet_generator_1 pads by pitch 2400
Fit canvas to [68863.3, 92816.0] and center by [26113.3, -4700.0]
Done. Combined PR JSON: /home/student/Desktop/Neptune_2026/Microfluidics-Benchmarks/Results/tree_full_20260918_100349/artifacts/lfr__Drop_Ref__Dx_11__Dx_11_fromLFR/result.json
