$ systemd-run --user --scope -q -p MemoryMax=64.0G -p MemorySwapMax=0 /home/student/anaconda3/envs/neptune2026/bin/python /home/student/Desktop/Neptune_2026/scripts/run_all_synthesize_timeout_report.py --_worker --algorithm tree --input /home/student/Desktop/Neptune_2026/Microfluidics-Benchmarks/Results/LFR_TestCases/Literature_Benchmarks/Device_1_Sc_Rna_Seq/Device_1_Sc_Rna_Seq_fromLFR.json --case-output /home/student/Desktop/Neptune_2026/Microfluidics-Benchmarks/Results/tree_full_20260918_100349/artifacts/lfr__Literature_Benchmarks__Device_1_Sc_Rna_Seq__Device_1_Sc_Rna_Seq_fromLFR --time-limit 3600.0 --solver-profile standard --mip-gap 0.0
Reversed 7 connection(s) with opposite-port direction conflicts: channel_3, channel_4, channel_5, channel_6, channel_7, channel_8, channel_9.
Finish loading test case: Device_1_Sc_Rna_Seq_fromLFR
1/9, Finish initial placement, time spent: 2.09808349609375e-05 s
[0, 4000, 4000, 'square_cell_trap_1', 0] [[0, 2000], [4000, 2000], [2000, 0], [2000, 4000]]
[1, 2000, 2000, 'port_1', 0] [[1000, 0], [2000, 1000], [1000, 2000], [0, 1000]]
[2, 2000, 2000, 'port_2', 0] [[1000, 0], [2000, 1000], [1000, 2000], [0, 1000]]
[3, 4060, 4860, 'mixer_1', 0] [[2030, 0], [2030, 4860]]
[4, 4060, 4860, 'mixer_2', 0] [[2030, 0], [2030, 4860]]
[5, 4060, 4860, 'mixer_3', 0] [[2030, 0], [2030, 4860]]
[6, 2000, 2000, 'port_3', 0] [[1000, 0], [2000, 1000], [1000, 2000], [0, 1000]]
[7, 2000, 2000, 'port_4', 0] [[1000, 0], [2000, 1000], [1000, 2000], [0, 1000]]
[8, 2000, 2000, 'port_5', 0] [[1000, 0], [2000, 1000], [1000, 2000], [0, 1000]]
2/9, Finish initial placement with rotation, time spent: 0.0001728534698486328 s
3/9, Finish symmetricalization, time spent: 1.6927719116210938e-05 s
4/9, Finish routing, time spent: 0.0001800060272216797 s
****************************************************
New valid order that can lead to planar graph found:
[[0, 1], [0, 1], [0], [2, 0, 1], [0]]
****************************************************
--Finish applying new order
--Finish mirroring related components
5/9, Finish initialization of new orders, time spent: 0.0007486343383789062 s
6/9, Finish shortening wirelength, time spent: 7.796287536621094e-05 s
Skip stage7 LP according to user's need
8/9, Finish routing, time spent: 0.00021457672119140625 s
9/9, Finish compaction and connecting ports, time spent: 0.03390383720397949 s
<<<<<<<<<<<<<<<<<<<<<<<<<<<<<< All P&R Done >>>>>>>>>>>>>>>>>>>>>>>>>>>>>>
Total Timeusage: 0.03533577919006348 s
Reordering Timeusage: 0.0007486343383789062 s
LP-based Optimization Timeusage: 0 s
P&R for the new orders: 0.034945011138916016 s
Fan 2 shared-hinge MIXER mixer_1 pads by pitch 4000
Fit canvas to [21886.7, 48380.0] and center by [970.0, -600.0]
Done. Combined PR JSON: /home/student/Desktop/Neptune_2026/Microfluidics-Benchmarks/Results/tree_full_20260918_100349/artifacts/lfr__Literature_Benchmarks__Device_1_Sc_Rna_Seq__Device_1_Sc_Rna_Seq_fromLFR/result.json
