$ systemd-run --user --scope -q -p MemoryMax=64.0G -p MemorySwapMax=0 /home/student/anaconda3/envs/neptune2026/bin/python /home/student/Desktop/Neptune_2026/scripts/run_all_synthesize_timeout_report.py --_worker --algorithm tree --input /home/student/Desktop/Neptune_2026/Microfluidics-Benchmarks/Results/LFR_TestCases/CIDAR_Lab_Past_Devices/Dna_Synthesizer/Dna_Synthesizer_fromLFR.json --case-output /home/student/Desktop/Neptune_2026/Microfluidics-Benchmarks/Results/tree_full_20260918_100349/artifacts/lfr__CIDAR_Lab_Past_Devices__Dna_Synthesizer__Dna_Synthesizer_fromLFR --time-limit 3600.0 --solver-profile standard --mip-gap 0.0
Reversed 42 connection(s) with opposite-port direction conflicts: channel_1, channel_2, channel_3, channel_4, channel_5, channel_6, channel_7, channel_8, channel_9, channel_10, channel_11, channel_44, channel_45, channel_46, channel_47, channel_48, channel_49, channel_50, channel_51, channel_52, channel_53, channel_54, channel_55, channel_56, channel_57, channel_58, channel_59, channel_60, channel_61, channel_62, channel_63, channel_64, channel_65, channel_66, channel_67, channel_68, channel_69, channel_70, channel_71, channel_72, channel_73, channel_74.
Finish loading test case: Dna_Synthesizer_fromLFR
1/9, Finish initial placement, time spent: 0.0003635883331298828 s
[0, 4060, 4860, 'mixer_1', 0] [[2030, 0], [2030, 4860]]
[1, 4000, 4000, 'square_cell_trap_1', 0] [[0, 2000], [4000, 2000], [2000, 0], [2000, 4000]]
[2, 4000, 4000, 'square_cell_trap_2', 0] [[0, 2000], [4000, 2000], [2000, 0], [2000, 4000]]
[3, 2000, 2000, 'port_1', 0] [[1000, 0], [2000, 1000], [1000, 2000], [0, 1000]]
[4, 4000, 4000, 'square_cell_trap_3', 0] [[0, 2000], [4000, 2000], [2000, 0], [2000, 4000]]
[5, 2000, 2000, 'port_2', 0] [[1000, 0], [2000, 1000], [1000, 2000], [0, 1000]]
[6, 4000, 4000, 'square_cell_trap_4', 0] [[0, 2000], [4000, 2000], [2000, 0], [2000, 4000]]
[7, 2000, 2000, 'port_3', 0] [[1000, 0], [2000, 1000], [1000, 2000], [0, 1000]]
[8, 4000, 4000, 'square_cell_trap_5', 0] [[0, 2000], [4000, 2000], [2000, 0], [2000, 4000]]
[9, 2000, 2000, 'port_4', 0] [[1000, 0], [2000, 1000], [1000, 2000], [0, 1000]]
[10, 4000, 4000, 'square_cell_trap_6', 0] [[0, 2000], [4000, 2000], [2000, 0], [2000, 4000]]
[11, 2000, 2000, 'port_5', 0] [[1000, 0], [2000, 1000], [1000, 2000], [0, 1000]]
[12, 4000, 4000, 'square_cell_trap_7', 0] [[0, 2000], [4000, 2000], [2000, 0], [2000, 4000]]
[13, 2000, 2000, 'port_6', 0] [[1000, 0], [2000, 1000], [1000, 2000], [0, 1000]]
[14, 4000, 4000, 'square_cell_trap_8', 0] [[0, 2000], [4000, 2000], [2000, 0], [2000, 4000]]
[15, 2000, 2000, 'port_7', 0] [[1000, 0], [2000, 1000], [1000, 2000], [0, 1000]]
[16, 4000, 4000, 'square_cell_trap_9', 0] [[0, 2000], [4000, 2000], [2000, 0], [2000, 4000]]
[17, 2000, 2000, 'port_8', 0] [[1000, 0], [2000, 1000], [1000, 2000], [0, 1000]]
[18, 4000, 4000, 'square_cell_trap_10', 0] [[0, 2000], [4000, 2000], [2000, 0], [2000, 4000]]
[19, 2000, 2000, 'port_9', 0] [[1000, 0], [2000, 1000], [1000, 2000], [0, 1000]]
[20, 4000, 4000, 'square_cell_trap_11', 0] [[0, 2000], [4000, 2000], [2000, 0], [2000, 4000]]
[21, 2000, 2000, 'port_10', 0] [[1000, 0], [2000, 1000], [1000, 2000], [0, 1000]]
[22, 4000, 4000, 'square_cell_trap_12', 0] [[0, 2000], [4000, 2000], [2000, 0], [2000, 4000]]
[23, 2000, 2000, 'port_11', 0] [[1000, 0], [2000, 1000], [1000, 2000], [0, 1000]]
[24, 4000, 4000, 'square_cell_trap_13', 0] [[0, 2000], [4000, 2000], [2000, 0], [2000, 4000]]
[25, 2000, 2000, 'port_12', 0] [[1000, 0], [2000, 1000], [1000, 2000], [0, 1000]]
[26, 4000, 4000, 'square_cell_trap_14', 0] [[0, 2000], [4000, 2000], [2000, 0], [2000, 4000]]
[27, 2000, 2000, 'port_13', 0] [[1000, 0], [2000, 1000], [1000, 2000], [0, 1000]]
[28, 4000, 4000, 'square_cell_trap_15', 0] [[0, 2000], [4000, 2000], [2000, 0], [2000, 4000]]
[29, 2000, 2000, 'port_14', 0] [[1000, 0], [2000, 1000], [1000, 2000], [0, 1000]]
[30, 4000, 4000, 'square_cell_trap_16', 0] [[0, 2000], [4000, 2000], [2000, 0], [2000, 4000]]
[31, 2000, 2000, 'port_15', 0] [[1000, 0], [2000, 1000], [1000, 2000], [0, 1000]]
[32, 4000, 4000, 'square_cell_trap_17', 0] [[0, 2000], [4000, 2000], [2000, 0], [2000, 4000]]
[33, 2000, 2000, 'port_16', 0] [[1000, 0], [2000, 1000], [1000, 2000], [0, 1000]]
[34, 4060, 4860, 'mixer_2', 0] [[2030, 0], [2030, 4860]]
[35, 4060, 4860, 'mixer_3', 0] [[2030, 0], [2030, 4860]]
[36, 4060, 4860, 'mixer_4', 0] [[2030, 0], [2030, 4860]]
[37, 4060, 4860, 'mixer_5', 0] [[2030, 0], [2030, 4860]]
[38, 4060, 4860, 'mixer_6', 0] [[2030, 0], [2030, 4860]]
[39, 4060, 4860, 'mixer_7', 0] [[2030, 0], [2030, 4860]]
[40, 4060, 4860, 'mixer_8', 0] [[2030, 0], [2030, 4860]]
[41, 4060, 4860, 'mixer_9', 0] [[2030, 0], [2030, 4860]]
[42, 4060, 4860, 'mixer_10', 0] [[2030, 0], [2030, 4860]]
[43, 4060, 4860, 'mixer_11', 0] [[2030, 0], [2030, 4860]]
[44, 4060, 4860, 'mixer_12', 0] [[2030, 0], [2030, 4860]]
[45, 4060, 4860, 'mixer_13', 0] [[2030, 0], [2030, 4860]]
[46, 4060, 4860, 'mixer_14', 0] [[2030, 0], [2030, 4860]]
[47, 4060, 4860, 'mixer_15', 0] [[2030, 0], [2030, 4860]]
[48, 4060, 4860, 'mixer_16', 0] [[2030, 0], [2030, 4860]]
[49, 4060, 4860, 'mixer_17', 0] [[2030, 0], [2030, 4860]]
[50, 4060, 4860, 'mixer_18', 0] [[2030, 0], [2030, 4860]]
[51, 4060, 4860, 'mixer_19', 0] [[2030, 0], [2030, 4860]]
[52, 4060, 4860, 'mixer_20', 0] [[2030, 0], [2030, 4860]]
[53, 4060, 4860, 'mixer_21', 0] [[2030, 0], [2030, 4860]]
[54, 2000, 2000, 'port_17', 0] [[1000, 0], [2000, 1000], [1000, 2000], [0, 1000]]
[55, 2000, 2000, 'port_18', 0] [[1000, 0], [2000, 1000], [1000, 2000], [0, 1000]]
[56, 2000, 2000, 'port_19', 0] [[1000, 0], [2000, 1000], [1000, 2000], [0, 1000]]
[57, 2000, 2000, 'port_20', 0] [[1000, 0], [2000, 1000], [1000, 2000], [0, 1000]]
[58, 2000, 2000, 'port_21', 0] [[1000, 0], [2000, 1000], [1000, 2000], [0, 1000]]
[59, 2000, 2000, 'port_22', 0] [[1000, 0], [2000, 1000], [1000, 2000], [0, 1000]]
[60, 2000, 2000, 'port_23', 0] [[1000, 0], [2000, 1000], [1000, 2000], [0, 1000]]
[61, 2000, 2000, 'port_24', 0] [[1000, 0], [2000, 1000], [1000, 2000], [0, 1000]]
[62, 2000, 2000, 'port_25', 0] [[1000, 0], [2000, 1000], [1000, 2000], [0, 1000]]
[63, 2000, 2000, 'port_26', 0] [[1000, 0], [2000, 1000], [1000, 2000], [0, 1000]]
[64, 2000, 2000, 'port_27', 0] [[1000, 0], [2000, 1000], [1000, 2000], [0, 1000]]
2/9, Finish initial placement with rotation, time spent: 0.0012824535369873047 s
3/9, Finish symmetricalization, time spent: 4.4345855712890625e-05 s
4/9, Finish routing, time spent: 0.0016589164733886719 s
****************************************************
New valid order that can lead to planar graph found:
[[0], [0], [0], [0], [0], [0], [0], [0], [17, 0, 1, 2, 3, 4, 5, 6, 7, 8, 9, 10, 11, 12, 13, 14, 20, 16, 24, 25, 18, 26, 21, 23, 19, 22, 15], [0, 1, 2, 3, 4, 5, 6, 7, 8, 9, 10, 11, 12, 13, 14, 15, 16, 17, 18, 19, 20, 21, 22, 23, 24, 25, 26], [0, 1], [0]]
****************************************************
--Finish applying new order
--Finish mirroring related components
5/9, Finish initialization of new orders, time spent: 0.004750490188598633 s
6/9, Finish shortening wirelength, time spent: 0.0002722740173339844 s
Skip stage7 LP according to user's need
8/9, Finish routing, time spent: 0.0018315315246582031 s
9/9, Finish compaction and connecting ports, time spent: 0.22264623641967773 s
<<<<<<<<<<<<<<<<<<<<<<<<<<<<<< All P&R Done >>>>>>>>>>>>>>>>>>>>>>>>>>>>>>
Total Timeusage: 0.2328498363494873 s
Reordering Timeusage: 0.004750490188598633 s
LP-based Optimization Timeusage: 0 s
P&R for the new orders: 0.22950053215026855 s
Cannot finish valid layer-1 synthesis for:
- reason=placement valve=valve_1 flow_connection=channel_44 control_port=Cport_1
- reason=placement valve=valve_2 flow_connection=channel_44 control_port=Cport_2
- reason=placement valve=valve_3 flow_connection=channel_44 control_port=Cport_3
- reason=placement valve=valve_4 flow_connection=channel_44 control_port=Cport_4
- reason=placement valve=valve_5 flow_connection=channel_44 control_port=Cport_5
- reason=placement valve=valve_6 flow_connection=channel_44 control_port=Cport_6
- reason=placement valve=valve_7 flow_connection=channel_44 control_port=Cport_7
- reason=placement valve=valve_8 flow_connection=channel_44 control_port=Cport_8
- reason=placement valve=valve_9 flow_connection=channel_44 control_port=Cport_9
- reason=placement valve=valve_10 flow_connection=channel_44 control_port=Cport_10
- reason=placement valve=valve_11 flow_connection=channel_44 control_port=Cport_11
- reason=placement valve=valve_12 flow_connection=channel_44 control_port=Cport_12
- reason=placement valve=valve_13 flow_connection=channel_44 control_port=Cport_13
- reason=placement valve=valve_14 flow_connection=channel_44 control_port=Cport_14
- reason=placement valve=valve_15 flow_connection=channel_44 control_port=Cport_15
Fit canvas to [225720.0, 233000.0] and center by [0.0, -300.0]
Done. Combined PR JSON: /home/student/Desktop/Neptune_2026/Microfluidics-Benchmarks/Results/tree_full_20260918_100349/artifacts/lfr__CIDAR_Lab_Past_Devices__Dna_Synthesizer__Dna_Synthesizer_fromLFR/result.json
