$ systemd-run --user --scope -q -p MemoryMax=64.0G -p MemorySwapMax=0 /home/student/anaconda3/envs/neptune2026/bin/python /home/student/Desktop/Neptune_2026/scripts/run_all_synthesize_timeout_report.py --_worker --algorithm tree --input /home/student/Desktop/Neptune_2026/Microfluidics-Benchmarks/Results/LFR_TestCases/Mars/Pcr/Pcr_fromLFR.json --case-output /home/student/Desktop/Neptune_2026/Microfluidics-Benchmarks/Results/tree_full_20260918_100349/artifacts/lfr__Mars__Pcr__Pcr_fromLFR --time-limit 3600.0 --solver-profile standard --mip-gap 0.0
Finish loading test case: Pcr_fromLFR
1/9, Finish initial placement, time spent: 4.029273986816406e-05 s
[0, 10000, 14000, 'droplet_capacitance_sensor_1', 0] [[0, 7000], [10000, 7000]]
[1, 2000, 2000, 'port_1', 0] [[1000, 0], [2000, 1000], [1000, 2000], [0, 1000]]
[2, 10000, 14000, 'droplet_capacitance_sensor_2', 0] [[0, 7000], [10000, 7000]]
[3, 2000, 2000, 'port_2', 0] [[1000, 0], [2000, 1000], [1000, 2000], [0, 1000]]
2/9, Finish initial placement with rotation, time spent: 0.00010776519775390625 s
3/9, Finish symmetricalization, time spent: 1.33514404296875e-05 s
4/9, Finish routing, time spent: 0.0001239776611328125 s
****************************************************
New valid order that can lead to planar graph found:
[[0], [0], [0], [0]]
****************************************************
--Finish applying new order
--Finish mirroring related components
5/9, Finish initialization of new orders, time spent: 0.0005266666412353516 s
6/9, Finish shortening wirelength, time spent: 5.0067901611328125e-05 s
Skip stage7 LP according to user's need
8/9, Finish routing, time spent: 0.000152587890625 s
9/9, Finish compaction and connecting ports, time spent: 0.017400264739990234 s
<<<<<<<<<<<<<<<<<<<<<<<<<<<<<< All P&R Done >>>>>>>>>>>>>>>>>>>>>>>>>>>>>>
Total Timeusage: 0.018414974212646484 s
Reordering Timeusage: 0.0005266666412353516 s
LP-based Optimization Timeusage: 0 s
P&R for the new orders: 0.018129587173461914 s
Cannot finish valid layer-1 synthesis for:
- reason=placement valve=valve_1 flow_connection=channel_1 control_port=Cport_1
Fit canvas to [24000.0, 63000.0] and center by [0.0, 1800.0]
Done. Combined PR JSON: /home/student/Desktop/Neptune_2026/Microfluidics-Benchmarks/Results/tree_full_20260918_100349/artifacts/lfr__Mars__Pcr__Pcr_fromLFR/result.json
