$ systemd-run --user --scope -q -p MemoryMax=64.0G -p MemorySwapMax=0 /home/student/anaconda3/envs/neptune2026/bin/python /home/student/Desktop/Neptune_2026/scripts/run_all_synthesize_timeout_report.py --_worker --algorithm tree --input /home/student/Desktop/Neptune_2026/Microfluidics-Benchmarks/Results/LFR_TestCases/Literature_Benchmarks/Device_2_Artificial_Cells/Device_2_Artificial_Cells_fromLFR.json --case-output /home/student/Desktop/Neptune_2026/Microfluidics-Benchmarks/Results/tree_full_20260918_100349/artifacts/lfr__Literature_Benchmarks__Device_2_Artificial_Cells__Device_2_Artificial_Cells_fromLFR --time-limit 3600.0 --solver-profile standard --mip-gap 0.0
Reversed 35 connection(s) with opposite-port direction conflicts: channel_1, channel_9, channel_10, channel_11, channel_12, channel_13, channel_14, channel_15, channel_16, channel_17, channel_18, channel_19, channel_20, channel_21, channel_22, channel_23, channel_24, channel_25, channel_26, channel_27, channel_28, channel_29, channel_30, channel_31, channel_32, channel_33, channel_34, channel_35, channel_2, channel_3, channel_4, channel_5, channel_6, channel_7, channel_8.
Finish loading test case: Device_2_Artificial_Cells_fromLFR
1/9, Finish initial placement, time spent: 0.0001499652862548828 s
[0, 4060, 4860, 'mixer_1', 0] [[2030, 0], [2030, 4860]]
[1, 2000, 2000, 'port_1', 0] [[1000, 0], [2000, 1000], [1000, 2000], [0, 1000]]
[2, 10000, 14000, 'droplet_capacitance_sensor_1', 0] [[0, 7000], [10000, 7000]]
[3, 2000, 2000, 'port_2', 0] [[1000, 0], [2000, 1000], [1000, 2000], [0, 1000]]
[4, 10000, 14000, 'droplet_capacitance_sensor_2', 0] [[0, 7000], [10000, 7000]]
[5, 2000, 2000, 'port_3', 0] [[1000, 0], [2000, 1000], [1000, 2000], [0, 1000]]
[6, 10000, 14000, 'droplet_capacitance_sensor_3', 0] [[0, 7000], [10000, 7000]]
[7, 2000, 2000, 'port_4', 0] [[1000, 0], [2000, 1000], [1000, 2000], [0, 1000]]
[8, 10000, 14000, 'droplet_capacitance_sensor_4', 0] [[0, 7000], [10000, 7000]]
[9, 2000, 2000, 'port_5', 0] [[1000, 0], [2000, 1000], [1000, 2000], [0, 1000]]
[10, 10000, 14000, 'droplet_capacitance_sensor_5', 0] [[0, 7000], [10000, 7000]]
[11, 2000, 2000, 'port_6', 0] [[1000, 0], [2000, 1000], [1000, 2000], [0, 1000]]
[12, 10000, 14000, 'droplet_capacitance_sensor_6', 0] [[0, 7000], [10000, 7000]]
[13, 2000, 2000, 'port_7', 0] [[1000, 0], [2000, 1000], [1000, 2000], [0, 1000]]
[14, 10000, 14000, 'droplet_capacitance_sensor_7', 0] [[0, 7000], [10000, 7000]]
[15, 2000, 2000, 'port_8', 0] [[1000, 0], [2000, 1000], [1000, 2000], [0, 1000]]
[16, 4060, 4860, 'mixer_2', 0] [[2030, 0], [2030, 4860]]
[17, 4060, 4860, 'mixer_3', 0] [[2030, 0], [2030, 4860]]
[18, 4060, 4860, 'mixer_4', 0] [[2030, 0], [2030, 4860]]
[19, 4060, 4860, 'mixer_5', 0] [[2030, 0], [2030, 4860]]
[20, 4060, 4860, 'mixer_6', 0] [[2030, 0], [2030, 4860]]
[21, 4060, 4860, 'mixer_7', 0] [[2030, 0], [2030, 4860]]
[22, 4060, 4860, 'mixer_8', 0] [[2030, 0], [2030, 4860]]
[23, 4060, 4860, 'mixer_9', 0] [[2030, 0], [2030, 4860]]
[24, 4060, 4860, 'mixer_10', 0] [[2030, 0], [2030, 4860]]
[25, 2000, 2000, 'port_9', 0] [[1000, 0], [2000, 1000], [1000, 2000], [0, 1000]]
[26, 2000, 2000, 'port_10', 0] [[1000, 0], [2000, 1000], [1000, 2000], [0, 1000]]
2/9, Finish initial placement with rotation, time spent: 0.0005180835723876953 s
3/9, Finish symmetricalization, time spent: 2.1219253540039062e-05 s
4/9, Finish routing, time spent: 0.0006723403930664062 s
****************************************************
Fail to find valid order; keeping the initial row order
****************************************************
--Finish applying new order
--Finish mirroring related components
5/9, Finish initialization of new orders, time spent: 0.1560657024383545 s
6/9, Finish shortening wirelength, time spent: 0.0001709461212158203 s
Skip stage7 LP according to user's need
8/9, Finish routing, time spent: 0.0007824897766113281 s
9/9, Finish compaction and connecting ports, time spent: 0.09797525405883789 s
<<<<<<<<<<<<<<<<<<<<<<<<<<<<<< All P&R Done >>>>>>>>>>>>>>>>>>>>>>>>>>>>>>
Total Timeusage: 0.25635600090026855 s
Reordering Timeusage: 0.1560657024383545 s
LP-based Optimization Timeusage: 0 s
P&R for the new orders: 0.25499439239501953 s
Cannot finish valid layer-1 synthesis for:
- reason=routing:fallback_no_compliant_valve_escape valve=valve_0 flow_connection=channel_12 control_port=Cport_0
- reason=placement valve=valve_1 flow_connection=channel_12 control_port=Cport_1
- reason=placement valve=valve_2 flow_connection=channel_12 control_port=Cport_2
Fan 2 shared-hinge MIXER mixer_2 pads by pitch 4000
Fan 2 shared-hinge MIXER mixer_3 pads by pitch 4000
Fan 2 shared-hinge MIXER mixer_4 pads by pitch 4000
Fan 2 shared-hinge MIXER mixer_5 pads by pitch 4000
Fan 2 shared-hinge MIXER mixer_6 pads by pitch 4000
Fan 2 shared-hinge MIXER mixer_7 pads by pitch 4000
Fan 2 shared-hinge MIXER mixer_8 pads by pitch 4000
Fan 2 shared-hinge MIXER mixer_9 pads by pitch 4000
Fan 2 shared-hinge MIXER mixer_10 pads by pitch 4000
Fit canvas to [176360.0, 53360.0] and center by [-61620.0, -79800.0]
Done. Combined PR JSON: /home/student/Desktop/Neptune_2026/Microfluidics-Benchmarks/Results/tree_full_20260918_100349/artifacts/lfr__Literature_Benchmarks__Device_2_Artificial_Cells__Device_2_Artificial_Cells_fromLFR/result.json
