$ systemd-run --user --scope -q -p MemoryMax=64.0G -p MemorySwapMax=0 /home/student/anaconda3/envs/neptune2026/bin/python /home/student/Desktop/Neptune_2026/scripts/run_all_synthesize_timeout_report.py --_worker --algorithm tree --input /home/student/Desktop/Neptune_2026/Microfluidics-Benchmarks/Results/LFR_TestCases/COVID/Detectr/Detectr_fromLFR.json --case-output /home/student/Desktop/Neptune_2026/Microfluidics-Benchmarks/Results/tree_full_20260918_100349/artifacts/lfr__COVID__Detectr__Detectr_fromLFR --time-limit 3600.0 --solver-profile standard --mip-gap 0.0
Reversed 19 connection(s) with opposite-port direction conflicts: channel_1, channel_3, channel_4, channel_5, channel_6, channel_7, channel_8, channel_9, channel_10, channel_11, channel_12, channel_13, channel_14, channel_15, channel_16, channel_17, channel_18, channel_19, channel_2.
Finish loading test case: Detectr_fromLFR
1/9, Finish initial placement, time spent: 2.9087066650390625e-05 s
[0, 10000, 14000, 'droplet_capacitance_sensor_1', 0] [[0, 7000], [10000, 7000]]
[1, 4060, 4860, 'mixer_1', 0] [[2030, 0], [2030, 4860]]
[2, 10000, 14000, 'droplet_capacitance_sensor_2', 0] [[0, 7000], [10000, 7000]]
[3, 2000, 2000, 'port_1', 0] [[1000, 0], [2000, 1000], [1000, 2000], [0, 1000]]
[4, 4060, 4860, 'mixer_2', 0] [[2030, 0], [2030, 4860]]
[5, 4060, 4860, 'mixer_3', 0] [[2030, 0], [2030, 4860]]
[6, 4060, 4860, 'mixer_4', 0] [[2030, 0], [2030, 4860]]
[7, 4060, 4860, 'mixer_5', 0] [[2030, 0], [2030, 4860]]
[8, 4060, 4860, 'mixer_6', 0] [[2030, 0], [2030, 4860]]
[9, 4060, 4860, 'mixer_7', 0] [[2030, 0], [2030, 4860]]
[10, 4060, 4860, 'mixer_8', 0] [[2030, 0], [2030, 4860]]
[11, 2000, 2000, 'port_2', 0] [[1000, 0], [2000, 1000], [1000, 2000], [0, 1000]]
[12, 2000, 2000, 'port_3', 0] [[1000, 0], [2000, 1000], [1000, 2000], [0, 1000]]
[13, 2000, 2000, 'port_4', 0] [[1000, 0], [2000, 1000], [1000, 2000], [0, 1000]]
[14, 2000, 2000, 'port_5', 0] [[1000, 0], [2000, 1000], [1000, 2000], [0, 1000]]
[15, 2000, 2000, 'port_6', 0] [[1000, 0], [2000, 1000], [1000, 2000], [0, 1000]]
[16, 2000, 2000, 'port_7', 0] [[1000, 0], [2000, 1000], [1000, 2000], [0, 1000]]
[17, 2000, 2000, 'port_8', 0] [[1000, 0], [2000, 1000], [1000, 2000], [0, 1000]]
[18, 2000, 2000, 'port_9', 0] [[1000, 0], [2000, 1000], [1000, 2000], [0, 1000]]
[19, 2000, 2000, 'port_10', 0] [[1000, 0], [2000, 1000], [1000, 2000], [0, 1000]]
2/9, Finish initial placement with rotation, time spent: 0.0002791881561279297 s
3/9, Finish symmetricalization, time spent: 2.3365020751953125e-05 s
4/9, Finish routing, time spent: 0.00035500526428222656 s
****************************************************
New valid order that can lead to planar graph found:
[[0, 1], [0, 1], [0, 1], [0, 1], [0, 1], [0, 1], [0, 1], [0], [0, 1], [0], [0], [0]]
****************************************************
--Finish applying new order
--Finish mirroring related components
5/9, Finish initialization of new orders, time spent: 0.0012021064758300781 s
6/9, Finish shortening wirelength, time spent: 0.00012683868408203125 s
Skip stage7 LP according to user's need
8/9, Finish routing, time spent: 0.0004451274871826172 s
9/9, Finish compaction and connecting ports, time spent: 0.06865334510803223 s
<<<<<<<<<<<<<<<<<<<<<<<<<<<<<< All P&R Done >>>>>>>>>>>>>>>>>>>>>>>>>>>>>>
Total Timeusage: 0.07111406326293945 s
Reordering Timeusage: 0.0012021064758300781 s
LP-based Optimization Timeusage: 0 s
P&R for the new orders: 0.07042741775512695 s
Fan 2 shared-hinge MIXER mixer_2 pads by pitch 4000
Fit canvas to [30000.0, 129280.0] and center by [0.0, -600.0]
Done. Combined PR JSON: /home/student/Desktop/Neptune_2026/Microfluidics-Benchmarks/Results/tree_full_20260918_100349/artifacts/lfr__COVID__Detectr__Detectr_fromLFR/result.json
