$ systemd-run --user --scope -q -p MemoryMax=64.0G -p MemorySwapMax=0 /home/student/anaconda3/envs/neptune2026/bin/python /home/student/Desktop/Neptune_2026/scripts/run_all_synthesize_timeout_report.py --_worker --algorithm tree --input /home/student/Desktop/Neptune_2026/Microfluidics-Benchmarks/Results/LFR_TestCases/CIDAR_Lab_Past_Devices/Seeding/Seeding_fromLFR.json --case-output /home/student/Desktop/Neptune_2026/Microfluidics-Benchmarks/Results/tree_full_20260918_100349/artifacts/lfr__CIDAR_Lab_Past_Devices__Seeding__Seeding_fromLFR --time-limit 3600.0 --solver-profile standard --mip-gap 0.0
Reversed 6 connection(s) with opposite-port direction conflicts: channel_33, channel_34, channel_35, channel_36, channel_37, channel_38.
Finish loading test case: Seeding_fromLFR
1/9, Finish initial placement, time spent: 0.0001780986785888672 s
[0, 4000, 4000, 'square_cell_trap_1', 0] [[0, 2000], [4000, 2000], [2000, 0], [2000, 4000]]
[1, 4000, 4000, 'square_cell_trap_2', 0] [[0, 2000], [4000, 2000], [2000, 0], [2000, 4000]]
[2, 2000, 2000, 'port_1', 0] [[1000, 0], [2000, 1000], [1000, 2000], [0, 1000]]
[3, 4000, 4000, 'square_cell_trap_3', 0] [[0, 2000], [4000, 2000], [2000, 0], [2000, 4000]]
[4, 4000, 4000, 'square_cell_trap_4', 0] [[0, 2000], [4000, 2000], [2000, 0], [2000, 4000]]
[5, 4000, 4000, 'square_cell_trap_5', 0] [[0, 2000], [4000, 2000], [2000, 0], [2000, 4000]]
[6, 2000, 2000, 'port_2', 0] [[1000, 0], [2000, 1000], [1000, 2000], [0, 1000]]
[7, 4000, 4000, 'square_cell_trap_6', 0] [[0, 2000], [4000, 2000], [2000, 0], [2000, 4000]]
[8, 4000, 4000, 'square_cell_trap_7', 0] [[0, 2000], [4000, 2000], [2000, 0], [2000, 4000]]
[9, 4000, 4000, 'square_cell_trap_8', 0] [[0, 2000], [4000, 2000], [2000, 0], [2000, 4000]]
[10, 4000, 4000, 'square_cell_trap_9', 0] [[0, 2000], [4000, 2000], [2000, 0], [2000, 4000]]
[11, 4000, 4000, 'square_cell_trap_10', 0] [[0, 2000], [4000, 2000], [2000, 0], [2000, 4000]]
[12, 4000, 4000, 'square_cell_trap_11', 0] [[0, 2000], [4000, 2000], [2000, 0], [2000, 4000]]
[13, 4000, 4000, 'square_cell_trap_12', 0] [[0, 2000], [4000, 2000], [2000, 0], [2000, 4000]]
[14, 4000, 4000, 'square_cell_trap_13', 0] [[0, 2000], [4000, 2000], [2000, 0], [2000, 4000]]
[15, 4000, 4000, 'square_cell_trap_14', 0] [[0, 2000], [4000, 2000], [2000, 0], [2000, 4000]]
[16, 4000, 4000, 'square_cell_trap_15', 0] [[0, 2000], [4000, 2000], [2000, 0], [2000, 4000]]
[17, 4000, 4000, 'square_cell_trap_16', 0] [[0, 2000], [4000, 2000], [2000, 0], [2000, 4000]]
[18, 4000, 4000, 'square_cell_trap_17', 0] [[0, 2000], [4000, 2000], [2000, 0], [2000, 4000]]
[19, 4060, 4860, 'mixer_1', 0] [[2030, 0], [2030, 4860]]
[20, 4060, 4860, 'mixer_2', 0] [[2030, 0], [2030, 4860]]
[21, 2000, 2000, 'port_3', 0] [[1000, 0], [2000, 1000], [1000, 2000], [0, 1000]]
[22, 2000, 2000, 'port_4', 0] [[1000, 0], [2000, 1000], [1000, 2000], [0, 1000]]
2/9, Finish initial placement with rotation, time spent: 0.0004744529724121094 s
3/9, Finish symmetricalization, time spent: 2.7418136596679688e-05 s
4/9, Finish routing, time spent: 0.0007715225219726562 s
****************************************************
Fail to find valid order; keeping the initial row order
****************************************************
--Finish applying new order
--Finish mirroring related components
5/9, Finish initialization of new orders, time spent: 0.10900330543518066 s
6/9, Finish shortening wirelength, time spent: 0.00014352798461914062 s
Skip stage7 LP according to user's need
8/9, Finish routing, time spent: 0.0009133815765380859 s
9/9, Finish compaction and connecting ports, time spent: 0.10188055038452148 s
<<<<<<<<<<<<<<<<<<<<<<<<<<<<<< All P&R Done >>>>>>>>>>>>>>>>>>>>>>>>>>>>>>
Total Timeusage: 0.2133922576904297 s
Reordering Timeusage: 0.10900330543518066 s
LP-based Optimization Timeusage: 0 s
P&R for the new orders: 0.21194076538085938 s
Cannot finish valid layer-1 synthesis for:
- reason=placement valve=valve_1 flow_connection=channel_33 control_port=Cport_1
- reason=placement valve=valve_2 flow_connection=channel_33 control_port=Cport_2
- reason=placement valve=valve_3 flow_connection=channel_33 control_port=Cport_3
- reason=placement valve=valve_4 flow_connection=channel_33 control_port=Cport_4
- reason=placement valve=valve_5 flow_connection=channel_33 control_port=Cport_5
- reason=placement valve=valve_6 flow_connection=channel_33 control_port=Cport_6
Fan 2 shared-hinge MIXER mixer_1 pads by pitch 4000
Fan 2 shared-hinge MIXER mixer_2 pads by pitch 4000
Fit canvas to [134000.0, 56560.0] and center by [-45800.0, -54240.0]
Done. Combined PR JSON: /home/student/Desktop/Neptune_2026/Microfluidics-Benchmarks/Results/tree_full_20260918_100349/artifacts/lfr__CIDAR_Lab_Past_Devices__Seeding__Seeding_fromLFR/result.json
