$ systemd-run --user --scope -q -p MemoryMax=64.0G -p MemorySwapMax=0 /home/student/anaconda3/envs/neptune2026/bin/python /home/student/Desktop/Neptune_2026/scripts/run_all_synthesize_timeout_report.py --_worker --algorithm tree --input /home/student/Desktop/Neptune_2026/Microfluidics-Benchmarks/Results/LFR_TestCases/Technology_Mapping/Cycle/Cycle_fromLFR.json --case-output /home/student/Desktop/Neptune_2026/Microfluidics-Benchmarks/Results/tree_full_20260918_100349/artifacts/lfr__Technology_Mapping__Cycle__Cycle_fromLFR --time-limit 3600.0 --solver-profile standard --mip-gap 0.0
Reversed 5 connection(s) with opposite-port direction conflicts: channel_1, channel_2, channel_3, channel_4, channel_5.
Finish loading test case: Cycle_fromLFR
1/9, Finish initial placement, time spent: 3.314018249511719e-05 s
[0, 4060, 4860, 'mixer_1', 0] [[2030, 0], [2030, 4860]]
[1, 2000, 2000, 'port_1', 0] [[1000, 0], [2000, 1000], [1000, 2000], [0, 1000]]
[2, 4060, 4860, 'mixer_2', 0] [[2030, 0], [2030, 4860]]
[3, 2000, 2000, 'port_2', 0] [[1000, 0], [2000, 1000], [1000, 2000], [0, 1000]]
[4, 2000, 2000, 'port_3', 0] [[1000, 0], [2000, 1000], [1000, 2000], [0, 1000]]
[5, 2000, 2000, 'port_4', 0] [[1000, 0], [2000, 1000], [1000, 2000], [0, 1000]]
2/9, Finish initial placement with rotation, time spent: 0.00013446807861328125 s
3/9, Finish symmetricalization, time spent: 1.4781951904296875e-05 s
4/9, Finish routing, time spent: 0.00016260147094726562 s
****************************************************
New valid order that can lead to planar graph found:
[[0, 1], [0, 1], [0], [0]]
****************************************************
--Finish applying new order
--Finish mirroring related components
5/9, Finish initialization of new orders, time spent: 0.0004870891571044922 s
6/9, Finish shortening wirelength, time spent: 6.079673767089844e-05 s
Skip stage7 LP according to user's need
8/9, Finish routing, time spent: 0.0001647472381591797 s
9/9, Finish compaction and connecting ports, time spent: 0.024027347564697266 s
<<<<<<<<<<<<<<<<<<<<<<<<<<<<<< All P&R Done >>>>>>>>>>>>>>>>>>>>>>>>>>>>>>
Total Timeusage: 0.025084972381591797 s
Reordering Timeusage: 0.0004870891571044922 s
LP-based Optimization Timeusage: 0 s
P&R for the new orders: 0.024739980697631836 s
Fan 2 shared-hinge MIXER mixer_2 pads by pitch 4000
Fit canvas to [21030.0, 36920.0] and center by [970.0, -600.0]
Done. Combined PR JSON: /home/student/Desktop/Neptune_2026/Microfluidics-Benchmarks/Results/tree_full_20260918_100349/artifacts/lfr__Technology_Mapping__Cycle__Cycle_fromLFR/result.json
