$ systemd-run --user --scope -q -p MemoryMax=64.0G -p MemorySwapMax=0 /home/student/anaconda3/envs/neptune2026/bin/python /home/student/Desktop/Neptune_2026/scripts/run_all_synthesize_timeout_report.py --_worker --algorithm tree --input /home/student/Desktop/Neptune_2026/Microfluidics-Benchmarks/Results/LFR_TestCases/CIDAR_Lab_Past_Devices/Hmlp_Dual_Bank/Hmlp_Dual_Bank_fromLFR.json --case-output /home/student/Desktop/Neptune_2026/Microfluidics-Benchmarks/Results/tree_full_20260918_100349/artifacts/lfr__CIDAR_Lab_Past_Devices__Hmlp_Dual_Bank__Hmlp_Dual_Bank_fromLFR --time-limit 3600.0 --solver-profile standard --mip-gap 0.0
Reversed 63 connection(s) with opposite-port direction conflicts: channel_1, channel_2, channel_3, channel_4, channel_5, channel_6, channel_7, channel_8, channel_9, channel_10, channel_11, channel_12, channel_13, channel_14, channel_15, channel_16, channel_17, channel_18, channel_19, channel_20, channel_21, channel_22, channel_23, channel_24, channel_25, channel_26, channel_27, channel_28, channel_29, channel_30, channel_31, channel_32, channel_33, channel_34, channel_35, channel_36, channel_37, channel_38, channel_39, channel_40, channel_41, channel_42, channel_43, channel_44, channel_45, channel_46, channel_47, channel_48, channel_49, channel_50, channel_51, channel_52, channel_53, channel_54, channel_55, channel_56, channel_57, channel_58, channel_59, channel_60, channel_61, channel_62, channel_63.
Finish loading test case: Hmlp_Dual_Bank_fromLFR
1/9, Finish initial placement, time spent: 0.0002741813659667969 s
[0, 4060, 4860, 'mixer_1', 0] [[2030, 0], [2030, 4860]]
[1, 4060, 4860, 'mixer_2', 0] [[2030, 0], [2030, 4860]]
[2, 4060, 4860, 'mixer_3', 0] [[2030, 0], [2030, 4860]]
[3, 4060, 4860, 'mixer_4', 0] [[2030, 0], [2030, 4860]]
[4, 4060, 4860, 'mixer_5', 0] [[2030, 0], [2030, 4860]]
[5, 4060, 4860, 'mixer_6', 0] [[2030, 0], [2030, 4860]]
[6, 4060, 4860, 'mixer_7', 0] [[2030, 0], [2030, 4860]]
[7, 4060, 4860, 'mixer_8', 0] [[2030, 0], [2030, 4860]]
[8, 2000, 2000, 'port_1', 0] [[1000, 0], [2000, 1000], [1000, 2000], [0, 1000]]
[9, 4060, 4860, 'mixer_9', 0] [[2030, 0], [2030, 4860]]
[10, 4060, 4860, 'mixer_10', 0] [[2030, 0], [2030, 4860]]
[11, 4060, 4860, 'mixer_11', 0] [[2030, 0], [2030, 4860]]
[12, 4060, 4860, 'mixer_12', 0] [[2030, 0], [2030, 4860]]
[13, 4060, 4860, 'mixer_13', 0] [[2030, 0], [2030, 4860]]
[14, 4060, 4860, 'mixer_14', 0] [[2030, 0], [2030, 4860]]
[15, 2000, 2000, 'port_2', 0] [[1000, 0], [2000, 1000], [1000, 2000], [0, 1000]]
[16, 4060, 4860, 'mixer_15', 0] [[2030, 0], [2030, 4860]]
[17, 4060, 4860, 'mixer_16', 0] [[2030, 0], [2030, 4860]]
[18, 4060, 4860, 'mixer_17', 0] [[2030, 0], [2030, 4860]]
[19, 4060, 4860, 'mixer_18', 0] [[2030, 0], [2030, 4860]]
[20, 4060, 4860, 'mixer_19', 0] [[2030, 0], [2030, 4860]]
[21, 4060, 4860, 'mixer_20', 0] [[2030, 0], [2030, 4860]]
[22, 4060, 4860, 'mixer_21', 0] [[2030, 0], [2030, 4860]]
[23, 4060, 4860, 'mixer_22', 0] [[2030, 0], [2030, 4860]]
[24, 4060, 4860, 'mixer_23', 0] [[2030, 0], [2030, 4860]]
[25, 4060, 4860, 'mixer_24', 0] [[2030, 0], [2030, 4860]]
[26, 4060, 4860, 'mixer_25', 0] [[2030, 0], [2030, 4860]]
[27, 4060, 4860, 'mixer_26', 0] [[2030, 0], [2030, 4860]]
[28, 4060, 4860, 'mixer_27', 0] [[2030, 0], [2030, 4860]]
[29, 4060, 4860, 'mixer_28', 0] [[2030, 0], [2030, 4860]]
[30, 4060, 4860, 'mixer_29', 0] [[2030, 0], [2030, 4860]]
[31, 4060, 4860, 'mixer_30', 0] [[2030, 0], [2030, 4860]]
[32, 2000, 2000, 'port_3', 0] [[1000, 0], [2000, 1000], [1000, 2000], [0, 1000]]
[33, 2000, 2000, 'port_4', 0] [[1000, 0], [2000, 1000], [1000, 2000], [0, 1000]]
[34, 2000, 2000, 'port_5', 0] [[1000, 0], [2000, 1000], [1000, 2000], [0, 1000]]
[35, 2000, 2000, 'port_6', 0] [[1000, 0], [2000, 1000], [1000, 2000], [0, 1000]]
[36, 2000, 2000, 'port_7', 0] [[1000, 0], [2000, 1000], [1000, 2000], [0, 1000]]
[37, 2000, 2000, 'port_8', 0] [[1000, 0], [2000, 1000], [1000, 2000], [0, 1000]]
[38, 2000, 2000, 'port_9', 0] [[1000, 0], [2000, 1000], [1000, 2000], [0, 1000]]
[39, 2000, 2000, 'port_10', 0] [[1000, 0], [2000, 1000], [1000, 2000], [0, 1000]]
[40, 2000, 2000, 'port_11', 0] [[1000, 0], [2000, 1000], [1000, 2000], [0, 1000]]
[41, 2000, 2000, 'port_12', 0] [[1000, 0], [2000, 1000], [1000, 2000], [0, 1000]]
[42, 2000, 2000, 'port_13', 0] [[1000, 0], [2000, 1000], [1000, 2000], [0, 1000]]
2/9, Finish initial placement with rotation, time spent: 0.000812530517578125 s
3/9, Finish symmetricalization, time spent: 2.9325485229492188e-05 s
4/9, Finish routing, time spent: 0.0009942054748535156 s
****************************************************
Fail to find valid order; keeping the initial row order
****************************************************
--Finish applying new order
--Finish mirroring related components
5/9, Finish initialization of new orders, time spent: 0.0029778480529785156 s
6/9, Finish shortening wirelength, time spent: 0.00022554397583007812 s
Skip stage7 LP according to user's need
8/9, Finish routing, time spent: 0.0011839866638183594 s
9/9, Finish compaction and connecting ports, time spent: 0.15796518325805664 s
<<<<<<<<<<<<<<<<<<<<<<<<<<<<<< All P&R Done >>>>>>>>>>>>>>>>>>>>>>>>>>>>>>
Total Timeusage: 0.16446280479431152 s
Reordering Timeusage: 0.0029778480529785156 s
LP-based Optimization Timeusage: 0 s
P&R for the new orders: 0.1623525619506836 s
Cannot finish valid layer-1 synthesis for:
- reason=placement valve=valve_1 flow_connection=channel_20 control_port=Cport_1
- reason=placement valve=valve_2 flow_connection=channel_20 control_port=Cport_2
- reason=placement valve=valve_3 flow_connection=channel_20 control_port=Cport_3
- reason=placement valve=valve_4 flow_connection=channel_20 control_port=Cport_4
- reason=placement valve=valve_5 flow_connection=channel_20 control_port=Cport_5
- reason=placement valve=valve_6 flow_connection=channel_20 control_port=Cport_6
Fan 2 shared-hinge MIXER mixer_27 pads by pitch 4000
Fan 2 shared-hinge MIXER mixer_29 pads by pitch 4000
Fan 2 shared-hinge MIXER mixer_30 pads by pitch 4000
Fit canvas to [94055.0, 154600.0] and center by [0.0, -5500.0]
Done. Combined PR JSON: /home/student/Desktop/Neptune_2026/Microfluidics-Benchmarks/Results/tree_full_20260918_100349/artifacts/lfr__CIDAR_Lab_Past_Devices__Hmlp_Dual_Bank__Hmlp_Dual_Bank_fromLFR/result.json
