$ systemd-run --user --scope -q -p MemoryMax=64.0G -p MemorySwapMax=0 /home/student/anaconda3/envs/neptune2026/bin/python /home/student/Desktop/Neptune_2026/scripts/run_all_synthesize_timeout_report.py --_worker --algorithm tree --input /home/student/Desktop/Neptune_2026/Microfluidics-Benchmarks/Results/LFR_TestCases/Expressions/Expression_14/Expression_14_fromLFR.json --case-output /home/student/Desktop/Neptune_2026/Microfluidics-Benchmarks/Results/tree_full_20260918_100349/artifacts/lfr__Expressions__Expression_14__Expression_14_fromLFR --time-limit 3600.0 --solver-profile standard --mip-gap 0.0
Reversed 59 connection(s) with opposite-port direction conflicts: channel_3, channel_4, channel_5, channel_6, channel_7, channel_8, channel_9, channel_10, channel_11, channel_12, channel_13, channel_14, channel_16, channel_17, channel_18, channel_19, channel_20, channel_21, channel_22, channel_23, channel_24, channel_25, channel_26, channel_27, channel_28, channel_29, channel_30, channel_31, channel_32, channel_33, channel_34, channel_35, channel_36, channel_37, channel_38, channel_39, channel_40, channel_41, channel_42, channel_43, channel_44, channel_45, channel_46, channel_47, channel_48, channel_49, channel_50, channel_51, channel_52, channel_53, channel_54, channel_55, channel_56, channel_57, channel_58, channel_59, channel_60, channel_61, channel_62.
Finish loading test case: Expression_14_fromLFR
1/9, Finish initial placement, time spent: 6.341934204101562e-05 s
[0, 49, 20, 'ytree_1', 0] [[24, 0], [46, 20], [40, 20], [33, 20], [27, 20], [21, 20], [15, 20], [8, 20], [2, 20]]
[1, 4000, 4000, 'port_1', 0] [[2000, 0], [4000, 2000], [2000, 4000], [0, 2000]]
[2, 4000, 4000, 'port_2', 0] [[2000, 0], [4000, 2000], [2000, 4000], [0, 2000]]
[3, 1800, 600, 'nozzle_droplet_generator_1', 0] [[400, 0], [1800, 300], [400, 600], [0, 300]]
[4, 4060, 4860, 'mixer_1', 0] [[2030, 0], [2030, 4860]]
[5, 4060, 4860, 'mixer_2', 0] [[2030, 0], [2030, 4860]]
[6, 4060, 4860, 'mixer_3', 0] [[2030, 0], [2030, 4860]]
[7, 4060, 4860, 'mixer_4', 0] [[2030, 0], [2030, 4860]]
[8, 4060, 4860, 'mixer_5', 0] [[2030, 0], [2030, 4860]]
[9, 4060, 4860, 'mixer_6', 0] [[2030, 0], [2030, 4860]]
[10, 4060, 4860, 'mixer_7', 0] [[2030, 0], [2030, 4860]]
[11, 4060, 4860, 'mixer_8', 0] [[2030, 0], [2030, 4860]]
[12, 4060, 4860, 'mixer_9', 0] [[2030, 0], [2030, 4860]]
[13, 4060, 4860, 'mixer_10', 0] [[2030, 0], [2030, 4860]]
[14, 4060, 4860, 'mixer_11', 0] [[2030, 0], [2030, 4860]]
[15, 4060, 4860, 'mixer_12', 0] [[2030, 0], [2030, 4860]]
[16, 4060, 4860, 'mixer_13', 0] [[2030, 0], [2030, 4860]]
[17, 4060, 4860, 'mixer_14', 0] [[2030, 0], [2030, 4860]]
[18, 4060, 4860, 'mixer_15', 0] [[2030, 0], [2030, 4860]]
[19, 4060, 4860, 'mixer_16', 0] [[2030, 0], [2030, 4860]]
[20, 4060, 4860, 'mixer_17', 0] [[2030, 0], [2030, 4860]]
[21, 4060, 4860, 'mixer_18', 0] [[2030, 0], [2030, 4860]]
[22, 4060, 4860, 'mixer_19', 0] [[2030, 0], [2030, 4860]]
[23, 4060, 4860, 'mixer_20', 0] [[2030, 0], [2030, 4860]]
[24, 4060, 4860, 'mixer_21', 0] [[2030, 0], [2030, 4860]]
[25, 4060, 4860, 'mixer_22', 0] [[2030, 0], [2030, 4860]]
[26, 4060, 4860, 'mixer_23', 0] [[2030, 0], [2030, 4860]]
[27, 4000, 4000, 'square_cell_trap_1', 0] [[0, 2000], [4000, 2000], [2000, 0], [2000, 4000]]
[28, 2000, 2000, 'port_3', 0] [[1000, 0], [2000, 1000], [1000, 2000], [0, 1000]]
[29, 2000, 2000, 'port_4', 0] [[1000, 0], [2000, 1000], [1000, 2000], [0, 1000]]
[30, 2000, 2000, 'port_5', 0] [[1000, 0], [2000, 1000], [1000, 2000], [0, 1000]]
[31, 2000, 2000, 'port_6', 0] [[1000, 0], [2000, 1000], [1000, 2000], [0, 1000]]
[32, 2000, 2000, 'port_7', 0] [[1000, 0], [2000, 1000], [1000, 2000], [0, 1000]]
[33, 2000, 2000, 'port_8', 0] [[1000, 0], [2000, 1000], [1000, 2000], [0, 1000]]
[34, 2000, 2000, 'port_9', 0] [[1000, 0], [2000, 1000], [1000, 2000], [0, 1000]]
[35, 2000, 2000, 'port_10', 0] [[1000, 0], [2000, 1000], [1000, 2000], [0, 1000]]
[36, 2000, 2000, 'port_11', 0] [[1000, 0], [2000, 1000], [1000, 2000], [0, 1000]]
[37, 2000, 2000, 'port_12', 0] [[1000, 0], [2000, 1000], [1000, 2000], [0, 1000]]
[38, 2000, 2000, 'port_13', 0] [[1000, 0], [2000, 1000], [1000, 2000], [0, 1000]]
[39, 2000, 2000, 'port_14', 0] [[1000, 0], [2000, 1000], [1000, 2000], [0, 1000]]
[40, 2000, 2000, 'port_15', 0] [[1000, 0], [2000, 1000], [1000, 2000], [0, 1000]]
[41, 2000, 2000, 'port_16', 0] [[1000, 0], [2000, 1000], [1000, 2000], [0, 1000]]
[42, 2000, 2000, 'port_17', 0] [[1000, 0], [2000, 1000], [1000, 2000], [0, 1000]]
[43, 2000, 2000, 'port_18', 0] [[1000, 0], [2000, 1000], [1000, 2000], [0, 1000]]
[44, 2000, 2000, 'port_19', 0] [[1000, 0], [2000, 1000], [1000, 2000], [0, 1000]]
[45, 2000, 2000, 'port_20', 0] [[1000, 0], [2000, 1000], [1000, 2000], [0, 1000]]
[46, 2000, 2000, 'port_21', 0] [[1000, 0], [2000, 1000], [1000, 2000], [0, 1000]]
[47, 2000, 2000, 'port_22', 0] [[1000, 0], [2000, 1000], [1000, 2000], [0, 1000]]
[48, 2000, 2000, 'port_23', 0] [[1000, 0], [2000, 1000], [1000, 2000], [0, 1000]]
[49, 2000, 2000, 'port_24', 0] [[1000, 0], [2000, 1000], [1000, 2000], [0, 1000]]
[50, 2000, 2000, 'port_25', 0] [[1000, 0], [2000, 1000], [1000, 2000], [0, 1000]]
[51, 2000, 2000, 'port_26', 0] [[1000, 0], [2000, 1000], [1000, 2000], [0, 1000]]
[52, 2000, 2000, 'port_27', 0] [[1000, 0], [2000, 1000], [1000, 2000], [0, 1000]]
[53, 2000, 2000, 'port_28', 0] [[1000, 0], [2000, 1000], [1000, 2000], [0, 1000]]
[54, 2000, 2000, 'port_29', 0] [[1000, 0], [2000, 1000], [1000, 2000], [0, 1000]]
[55, 2000, 2000, 'port_30', 0] [[1000, 0], [2000, 1000], [1000, 2000], [0, 1000]]
[56, 2000, 2000, 'port_31', 0] [[1000, 0], [2000, 1000], [1000, 2000], [0, 1000]]
[57, 2000, 2000, 'port_32', 0] [[1000, 0], [2000, 1000], [1000, 2000], [0, 1000]]
[58, 2000, 2000, 'port_33', 0] [[1000, 0], [2000, 1000], [1000, 2000], [0, 1000]]
[59, 2000, 2000, 'port_34', 0] [[1000, 0], [2000, 1000], [1000, 2000], [0, 1000]]
2/9, Finish initial placement with rotation, time spent: 0.0008914470672607422 s
3/9, Finish symmetricalization, time spent: 5.888938903808594e-05 s
4/9, Finish routing, time spent: 0.0010280609130859375 s
****************************************************
Fail to find valid order; keeping the initial row order
****************************************************
--Finish applying new order
--Finish mirroring related components
5/9, Finish initialization of new orders, time spent: 0.05065560340881348 s
6/9, Finish shortening wirelength, time spent: 0.0002684593200683594 s
Skip stage7 LP according to user's need
8/9, Finish routing, time spent: 0.0011458396911621094 s
9/9, Finish compaction and connecting ports, time spent: 0.22685527801513672 s
<<<<<<<<<<<<<<<<<<<<<<<<<<<<<< All P&R Done >>>>>>>>>>>>>>>>>>>>>>>>>>>>>>
Total Timeusage: 0.28096699714660645 s
Reordering Timeusage: 0.05065560340881348 s
LP-based Optimization Timeusage: 0 s
P&R for the new orders: 0.27892518043518066 s
Fan 2 shared-hinge NOZZLE DROPLET GENERATOR nozzle_droplet_generator_1 pads by pitch 2400
Fit canvas to [79106.5, 261080.0] and center by [-64208.5, -6600.0]
Done. Combined PR JSON: /home/student/Desktop/Neptune_2026/Microfluidics-Benchmarks/Results/tree_full_20260918_100349/artifacts/lfr__Expressions__Expression_14__Expression_14_fromLFR/result.json
