$ systemd-run --user --scope -q -p MemoryMax=64.0G -p MemorySwapMax=0 /home/student/anaconda3/envs/neptune2026/bin/python /home/student/Desktop/Neptune_2026/scripts/run_all_synthesize_timeout_report.py --_worker --algorithm tree --input /home/student/Desktop/Neptune_2026/Microfluidics-Benchmarks/Results/LFR_TestCases/Drop_Ref/Dx_14/Dx_14_fromLFR.json --case-output /home/student/Desktop/Neptune_2026/Microfluidics-Benchmarks/Results/tree_full_20260918_100349/artifacts/lfr__Drop_Ref__Dx_14__Dx_14_fromLFR --time-limit 3600.0 --solver-profile standard --mip-gap 0.0
Reversed 10 connection(s) with opposite-port direction conflicts: channel_1, channel_2, channel_3, channel_4, channel_5, channel_6, channel_7, channel_8, channel_9, channel_10.
Finish loading test case: Dx_14_fromLFR
1/9, Finish initial placement, time spent: 3.528594970703125e-05 s
[0, 4060, 4860, 'mixer_1', 0] [[2030, 0], [2030, 4860]]
[1, 4060, 4860, 'mixer_2', 0] [[2030, 0], [2030, 4860]]
[2, 2000, 2000, 'port_1', 0] [[1000, 0], [2000, 1000], [1000, 2000], [0, 1000]]
[3, 4060, 4860, 'mixer_3', 0] [[2030, 0], [2030, 4860]]
[4, 2000, 2000, 'port_2', 0] [[1000, 0], [2000, 1000], [1000, 2000], [0, 1000]]
[5, 4060, 4860, 'mixer_4', 0] [[2030, 0], [2030, 4860]]
[6, 2000, 2000, 'port_3', 0] [[1000, 0], [2000, 1000], [1000, 2000], [0, 1000]]
[7, 2000, 2000, 'port_4', 0] [[1000, 0], [2000, 1000], [1000, 2000], [0, 1000]]
[8, 2000, 2000, 'port_5', 0] [[1000, 0], [2000, 1000], [1000, 2000], [0, 1000]]
2/9, Finish initial placement with rotation, time spent: 0.00017142295837402344 s
3/9, Finish symmetricalization, time spent: 1.5735626220703125e-05 s
4/9, Finish routing, time spent: 0.0002002716064453125 s
****************************************************
Fail to find valid order; keeping the initial row order
****************************************************
--Finish applying new order
--Finish mirroring related components
5/9, Finish initialization of new orders, time spent: 0.001302957534790039 s
6/9, Finish shortening wirelength, time spent: 7.891654968261719e-05 s
Skip stage7 LP according to user's need
8/9, Finish routing, time spent: 0.00023865699768066406 s
9/9, Finish compaction and connecting ports, time spent: 0.03494906425476074 s
<<<<<<<<<<<<<<<<<<<<<<<<<<<<<< All P&R Done >>>>>>>>>>>>>>>>>>>>>>>>>>>>>>
Total Timeusage: 0.03699231147766113 s
Reordering Timeusage: 0.001302957534790039 s
LP-based Optimization Timeusage: 0 s
P&R for the new orders: 0.03656959533691406 s
Fan 2 shared-hinge MIXER mixer_1 pads by pitch 4000
Fan 2 shared-hinge MIXER mixer_4 pads by pitch 4000
Fit canvas to [29665.0, 38220.0] and center by [0.0, -1900.0]
Done. Combined PR JSON: /home/student/Desktop/Neptune_2026/Microfluidics-Benchmarks/Results/tree_full_20260918_100349/artifacts/lfr__Drop_Ref__Dx_14__Dx_14_fromLFR/result.json
