$ systemd-run --user --scope -q -p MemoryMax=64.0G -p MemorySwapMax=0 /home/student/anaconda3/envs/neptune2026/bin/python /home/student/Desktop/Neptune_2026/scripts/run_all_synthesize_timeout_report.py --_worker --algorithm tree --input /home/student/Desktop/Neptune_2026/Microfluidics-Benchmarks/Results/LFR_TestCases/Mars/Ligation/Ligation_fromLFR.json --case-output /home/student/Desktop/Neptune_2026/Microfluidics-Benchmarks/Results/tree_full_20260918_100349/artifacts/lfr__Mars__Ligation__Ligation_fromLFR --time-limit 3600.0 --solver-profile standard --mip-gap 0.0
Reversed 15 connection(s) with opposite-port direction conflicts: channel_11, channel_12, channel_13, channel_14, channel_15, channel_16, channel_17, channel_18, channel_19, channel_20, channel_21, channel_22, channel_23, channel_24, channel_25.
Finish loading test case: Ligation_fromLFR
1/9, Finish initial placement, time spent: 9.083747863769531e-05 s
[0, 5000, 5000, 'reaction_chamber_1', 0] [[2500, 0], [5000, 2500], [2500, 5000], [0, 2500]]
[1, 2000, 2000, 'port_1', 0] [[1000, 0], [2000, 1000], [1000, 2000], [0, 1000]]
[2, 4000, 4000, 'port_2', 0] [[2000, 0], [4000, 2000], [2000, 4000], [0, 2000]]
[3, 4000, 4000, 'port_3', 0] [[2000, 0], [4000, 2000], [2000, 4000], [0, 2000]]
[4, 1800, 600, 'nozzle_droplet_generator_1', 0] [[400, 0], [1800, 300], [400, 600], [0, 300]]
[5, 4060, 4860, 'mixer_1', 0] [[2030, 0], [2030, 4860]]
[6, 4060, 4860, 'mixer_2', 0] [[2030, 0], [2030, 4860]]
[7, 4060, 4860, 'mixer_3', 0] [[2030, 0], [2030, 4860]]
[8, 4060, 4860, 'mixer_4', 0] [[2030, 0], [2030, 4860]]
[9, 4000, 4000, 'port_4', 0] [[2000, 0], [4000, 2000], [2000, 4000], [0, 2000]]
[10, 4000, 4000, 'port_5', 0] [[2000, 0], [4000, 2000], [2000, 4000], [0, 2000]]
[11, 1800, 600, 'nozzle_droplet_generator_2', 0] [[400, 0], [1800, 300], [400, 600], [0, 300]]
[12, 4000, 4000, 'port_6', 0] [[2000, 0], [4000, 2000], [2000, 4000], [0, 2000]]
[13, 4000, 4000, 'port_7', 0] [[2000, 0], [4000, 2000], [2000, 4000], [0, 2000]]
[14, 1800, 600, 'nozzle_droplet_generator_3', 0] [[400, 0], [1800, 300], [400, 600], [0, 300]]
[15, 4000, 4000, 'port_8', 0] [[2000, 0], [4000, 2000], [2000, 4000], [0, 2000]]
[16, 4000, 4000, 'port_9', 0] [[2000, 0], [4000, 2000], [2000, 4000], [0, 2000]]
[17, 1800, 600, 'nozzle_droplet_generator_4', 0] [[400, 0], [1800, 300], [400, 600], [0, 300]]
[18, 4000, 4000, 'port_10', 0] [[2000, 0], [4000, 2000], [2000, 4000], [0, 2000]]
[19, 4000, 4000, 'port_11', 0] [[2000, 0], [4000, 2000], [2000, 4000], [0, 2000]]
[20, 1800, 600, 'nozzle_droplet_generator_5', 0] [[400, 0], [1800, 300], [400, 600], [0, 300]]
[21, 2000, 2000, 'port_12', 0] [[1000, 0], [2000, 1000], [1000, 2000], [0, 1000]]
[22, 2000, 2000, 'port_13', 0] [[1000, 0], [2000, 1000], [1000, 2000], [0, 1000]]
[23, 2000, 2000, 'port_14', 0] [[1000, 0], [2000, 1000], [1000, 2000], [0, 1000]]
[24, 2000, 2000, 'port_15', 0] [[1000, 0], [2000, 1000], [1000, 2000], [0, 1000]]
[25, 2000, 2000, 'port_16', 0] [[1000, 0], [2000, 1000], [1000, 2000], [0, 1000]]
2/9, Finish initial placement with rotation, time spent: 0.0004715919494628906 s
3/9, Finish symmetricalization, time spent: 2.288818359375e-05 s
4/9, Finish routing, time spent: 0.00033736228942871094 s
****************************************************
New valid order that can lead to planar graph found:
[[0, 1], [6, 1, 4, 0, 2, 3, 5], [4, 1, 3, 0, 2], [4, 1, 3, 0, 2], [1, 3, 0, 2], [0], [0], [0]]
****************************************************
--Finish applying new order
--Finish mirroring related components
5/9, Finish initialization of new orders, time spent: 0.0016765594482421875 s
6/9, Finish shortening wirelength, time spent: 0.00012254714965820312 s
Skip stage7 LP according to user's need
8/9, Finish routing, time spent: 0.00044918060302734375 s
9/9, Finish compaction and connecting ports, time spent: 0.08125042915344238 s
<<<<<<<<<<<<<<<<<<<<<<<<<<<<<< All P&R Done >>>>>>>>>>>>>>>>>>>>>>>>>>>>>>
Total Timeusage: 0.08442139625549316 s
Reordering Timeusage: 0.0016765594482421875 s
LP-based Optimization Timeusage: 0 s
P&R for the new orders: 0.08349871635437012 s
Cannot finish valid layer-1 synthesis for:
- reason=placement valve=valve_1 flow_connection=channel_11 control_port=Cport_1
Fan 2 shared-hinge NOZZLE DROPLET GENERATOR nozzle_droplet_generator_1 pads by pitch 2400
Fan 2 shared-hinge NOZZLE DROPLET GENERATOR nozzle_droplet_generator_2 pads by pitch 2400
Fan 2 shared-hinge NOZZLE DROPLET GENERATOR nozzle_droplet_generator_3 pads by pitch 2400
Fan 2 shared-hinge NOZZLE DROPLET GENERATOR nozzle_droplet_generator_4 pads by pitch 2400
Fan 2 shared-hinge NOZZLE DROPLET GENERATOR nozzle_droplet_generator_5 pads by pitch 2400
Fit canvas to [76590.0, 95840.0] and center by [14460.0, -7100.0]
Done. Combined PR JSON: /home/student/Desktop/Neptune_2026/Microfluidics-Benchmarks/Results/tree_full_20260918_100349/artifacts/lfr__Mars__Ligation__Ligation_fromLFR/result.json
