$ systemd-run --user --scope -q -p MemoryMax=64.0G -p MemorySwapMax=0 /home/student/anaconda3/envs/neptune2026/bin/python /home/student/Desktop/Neptune_2026/scripts/run_all_synthesize_timeout_report.py --_worker --algorithm tree --input /home/student/Desktop/Neptune_2026/Microfluidics-Benchmarks/Results/MINT_TestCases/Base/Grid_4_Mixer/Grid_4_Mixer_fromMINT.json --case-output /home/student/Desktop/Neptune_2026/Microfluidics-Benchmarks/Results/tree_full_20260918_100349/artifacts/mint__Base__Grid_4_Mixer__Grid_4_Mixer_fromMINT --time-limit 3600.0 --solver-profile standard --mip-gap 0.0
Reversed 10 connection(s) with opposite-port direction conflicts: c1, c2, c3, c4, c5, c2b, c3b, c4b, c5b, c34.
Finish loading test case: Grid_4_Mixer_fromMINT
1/9, Finish initial placement, time spent: 0.0002288818359375 s
[0, 5500, 12200, 'm1', 0] [[2750, 0], [5450, 12200], [3650, 12200], [1850, 12200], [50, 12200]]
[1, 700, 4100, 'n1', 0] [[350, 0], [350, 4100]]
[2, 700, 4100, 'n2', 0] [[350, 0], [350, 4100]]
[3, 700, 4100, 'n3', 0] [[350, 0], [350, 4100]]
[4, 700, 4100, 'n4', 0] [[350, 0], [350, 4100]]
[5, 5500, 12200, 'm2', 0] [[2750, 0], [5450, 12200], [3650, 12200], [1850, 12200], [50, 12200]]
[6, 200, 200, 'p1', 0] [[100, 0], [200, 100], [100, 200], [0, 100]]
[7, 200, 200, 'p2', 0] [[100, 0], [200, 100], [100, 200], [0, 100]]
[8, 4000, 4000, 'ct1', 0] [[0, 2000], [4000, 2000], [2000, 0], [2000, 4000]]
[9, 4000, 4000, 'ct2', 0] [[0, 2000], [4000, 2000], [2000, 0], [2000, 4000]]
[10, 4000, 4000, 'ct3', 0] [[0, 2000], [4000, 2000], [2000, 0], [2000, 4000]]
[11, 4000, 4000, 'ct4', 0] [[0, 2000], [4000, 2000], [2000, 0], [2000, 4000]]
[12, 4000, 4000, 'ct5', 0] [[0, 2000], [4000, 2000], [2000, 0], [2000, 4000]]
[13, 4000, 4000, 'ct6', 0] [[0, 2000], [4000, 2000], [2000, 0], [2000, 4000]]
[14, 4000, 4000, 'ct7', 0] [[0, 2000], [4000, 2000], [2000, 0], [2000, 4000]]
[15, 4000, 4000, 'ct8', 0] [[0, 2000], [4000, 2000], [2000, 0], [2000, 4000]]
[16, 4000, 4000, 'ct9', 0] [[0, 2000], [4000, 2000], [2000, 0], [2000, 4000]]
[17, 4000, 4000, 'ct10', 0] [[0, 2000], [4000, 2000], [2000, 0], [2000, 4000]]
[18, 4000, 4000, 'ct11', 0] [[0, 2000], [4000, 2000], [2000, 0], [2000, 4000]]
[19, 4000, 4000, 'ct12', 0] [[0, 2000], [4000, 2000], [2000, 0], [2000, 4000]]
[20, 4000, 4000, 'ct13', 0] [[0, 2000], [4000, 2000], [2000, 0], [2000, 4000]]
[21, 4000, 4000, 'ct14', 0] [[0, 2000], [4000, 2000], [2000, 0], [2000, 4000]]
[22, 4000, 4000, 'ct15', 0] [[0, 2000], [4000, 2000], [2000, 0], [2000, 4000]]
[23, 4000, 4000, 'ct16', 0] [[0, 2000], [4000, 2000], [2000, 0], [2000, 4000]]
2/9, Finish initial placement with rotation, time spent: 0.0005970001220703125 s
3/9, Finish symmetricalization, time spent: 2.3126602172851562e-05 s
4/9, Finish routing, time spent: 0.0005385875701904297 s
****************************************************
Fail to find valid order; keeping the initial row order
****************************************************
--Finish applying new order
--Finish mirroring related components
5/9, Finish initialization of new orders, time spent: 0.09541964530944824 s
6/9, Finish shortening wirelength, time spent: 0.00015807151794433594 s
Skip stage7 LP according to user's need
8/9, Finish routing, time spent: 0.0007140636444091797 s
9/9, Finish compaction and connecting ports, time spent: 0.09363651275634766 s
<<<<<<<<<<<<<<<<<<<<<<<<<<<<<< All P&R Done >>>>>>>>>>>>>>>>>>>>>>>>>>>>>>
Total Timeusage: 0.1913158893585205 s
Reordering Timeusage: 0.09541964530944824 s
LP-based Optimization Timeusage: 0 s
P&R for the new orders: 0.18992829322814941 s
Cannot finish valid layer-1 synthesis for:
- reason=placement valve=v2 flow_connection=c7 control_port=cpb1_1
- reason=placement valve=v5 flow_connection=c10 control_port=cpb2_1
- reason=placement valve=v12 flow_connection=c17 control_port=cpb2_2
- reason=placement valve=v13 flow_connection=c18 control_port=cpb2_2
- reason=placement valve=v14 flow_connection=c19 control_port=cpb2_2
- reason=placement valve=v23 flow_connection=c28 control_port=cpb1_4
Fit canvas to [152700.0, 75900.0] and center by [-34200.0, -60200.0]
Done. Combined PR JSON: /home/student/Desktop/Neptune_2026/Microfluidics-Benchmarks/Results/tree_full_20260918_100349/artifacts/mint__Base__Grid_4_Mixer__Grid_4_Mixer_fromMINT/result.json
