$ systemd-run --user --scope -q -p MemoryMax=64.0G -p MemorySwapMax=0 /home/student/anaconda3/envs/neptune2026/bin/python /home/student/Desktop/Neptune_2026/scripts/run_all_synthesize_timeout_report.py --_worker --algorithm tree --input /home/student/Desktop/Neptune_2026/Microfluidics-Benchmarks/Results/MINT_TestCases/Base/Three_Port_Channel/Three_Port_Channel_fromMINT.json --case-output /home/student/Desktop/Neptune_2026/Microfluidics-Benchmarks/Results/tree_full_20260918_100349/artifacts/mint__Base__Three_Port_Channel__Three_Port_Channel_fromMINT --time-limit 3600.0 --solver-profile standard --mip-gap 0.0
Finish loading test case: Three_Port_Channel_fromMINT
1/9, Finish initial placement, time spent: 3.123283386230469e-05 s
[0, 200, 200, 'p1', 0] [[100, 0], [200, 100], [100, 200], [0, 100]]
[1, 200, 200, 'p2', 0] [[100, 0], [200, 100], [100, 200], [0, 100]]
[2, 200, 200, 'p3', 0] [[100, 0], [200, 100], [100, 200], [0, 100]]
2/9, Finish initial placement with rotation, time spent: 8.463859558105469e-05 s
3/9, Finish symmetricalization, time spent: 1.239776611328125e-05 s
4/9, Finish routing, time spent: 7.963180541992188e-05 s
****************************************************
New valid order that can lead to planar graph found:
[[0], [0], [0]]
****************************************************
--Finish applying new order
--Finish mirroring related components
5/9, Finish initialization of new orders, time spent: 0.00035452842712402344 s
6/9, Finish shortening wirelength, time spent: 3.695487976074219e-05 s
Skip stage7 LP according to user's need
8/9, Finish routing, time spent: 0.00010609626770019531 s
9/9, Finish compaction and connecting ports, time spent: 0.014908075332641602 s
<<<<<<<<<<<<<<<<<<<<<<<<<<<<<< All P&R Done >>>>>>>>>>>>>>>>>>>>>>>>>>>>>>
Total Timeusage: 0.015613555908203125 s
Reordering Timeusage: 0.00035452842712402344 s
LP-based Optimization Timeusage: 0 s
P&R for the new orders: 0.015405654907226562 s
Fit canvas to [13100.0, 20600.0] and center by [900.0, 900.0]
Done. Combined PR JSON: /home/student/Desktop/Neptune_2026/Microfluidics-Benchmarks/Results/tree_full_20260918_100349/artifacts/mint__Base__Three_Port_Channel__Three_Port_Channel_fromMINT/result.json
