$ systemd-run --user --scope -q -p MemoryMax=64.0G -p MemorySwapMax=0 /home/student/anaconda3/envs/neptune2026/bin/python /home/student/Desktop/Neptune_2026/scripts/run_all_synthesize_timeout_report.py --_worker --algorithm tree --input /home/student/Desktop/Neptune_2026/Microfluidics-Benchmarks/Results/MINT_TestCases/Primitive/Picoinjector/Picoinjector_fromMINT.json --case-output /home/student/Desktop/Neptune_2026/Microfluidics-Benchmarks/Results/tree_full_20260918_100349/artifacts/mint__Primitive__Picoinjector__Picoinjector_fromMINT --time-limit 3600.0 --solver-profile standard --mip-gap 0.0
Reversed 1 connection(s) with opposite-port direction conflicts: c3.
Finish loading test case: Picoinjector_fromMINT
1/9, Finish initial placement, time spent: 1.52587890625e-05 s
[0, 2000, 2000, 'p1', 0] [[1000, 0], [2000, 1000], [1000, 2000], [0, 1000]]
[1, 2000, 2000, 'p2', 0] [[1000, 0], [2000, 1000], [1000, 2000], [0, 1000]]
[2, 2000, 2000, 'p3', 0] [[1000, 0], [2000, 1000], [1000, 2000], [0, 1000]]
[3, 10000, 7600, 'pi', 0] [[0, 3800], [10000, 3800], [5000, 0]]
2/9, Finish initial placement with rotation, time spent: 9.560585021972656e-05 s
3/9, Finish symmetricalization, time spent: 1.33514404296875e-05 s
4/9, Finish routing, time spent: 0.00010538101196289062 s
****************************************************
New valid order that can lead to planar graph found:
[[0], [0], [0, 1]]
****************************************************
--Finish applying new order
--Finish mirroring related components
5/9, Finish initialization of new orders, time spent: 0.0003898143768310547 s
6/9, Finish shortening wirelength, time spent: 4.410743713378906e-05 s
Skip stage7 LP according to user's need
8/9, Finish routing, time spent: 0.00014162063598632812 s
9/9, Finish compaction and connecting ports, time spent: 0.01836085319519043 s
<<<<<<<<<<<<<<<<<<<<<<<<<<<<<< All P&R Done >>>>>>>>>>>>>>>>>>>>>>>>>>>>>>
Total Timeusage: 0.019165992736816406 s
Reordering Timeusage: 0.0003898143768310547 s
LP-based Optimization Timeusage: 0 s
P&R for the new orders: 0.0189363956451416 s
Fit canvas to [46000.0, 30600.0] and center by [11000.0, 6600.0]
Done. Combined PR JSON: /home/student/Desktop/Neptune_2026/Microfluidics-Benchmarks/Results/tree_full_20260918_100349/artifacts/mint__Primitive__Picoinjector__Picoinjector_fromMINT/result.json
