$ systemd-run --user --scope -q -p MemoryMax=64.0G -p MemorySwapMax=0 /home/student/anaconda3/envs/neptune2026/bin/python /home/student/Desktop/Neptune_2026/scripts/run_all_synthesize_timeout_report.py --_worker --algorithm tree --input /home/student/Desktop/Neptune_2026/Microfluidics-Benchmarks/Results/MINT_TestCases/Grid/Grid_07/Grid_07_fromMINT.json --case-output /home/student/Desktop/Neptune_2026/Microfluidics-Benchmarks/Results/tree_full_20260918_100349/artifacts/mint__Grid__Grid_07__Grid_07_fromMINT --time-limit 3600.0 --solver-profile standard --mip-gap 0.0
Reversed 9 connection(s) with opposite-port direction conflicts: c1, c2, c3, c4, c5, c6, c7, c8, c100.
Finish loading test case: Grid_07_fromMINT
1/9, Finish initial placement, time spent: 0.0005116462707519531 s
[0, 9550, 16300, 'm1', 0] [[4775, 0], [8825, 16300], [7475, 16300], [6125, 16300], [4775, 16300], [3425, 16300], [2075, 16300], [725, 16300]]
[1, 9550, 16300, 'm2', 0] [[4775, 0], [8825, 16300], [7475, 16300], [6125, 16300], [4775, 16300], [3425, 16300], [2075, 16300], [725, 16300]]
[2, 200, 200, 'p1', 0] [[100, 0], [200, 100], [100, 200], [0, 100]]
[3, 200, 200, 'p2', 0] [[100, 0], [200, 100], [100, 200], [0, 100]]
[4, 4000, 4000, 'ct1', 0] [[0, 2000], [4000, 2000], [2000, 0], [2000, 4000]]
[5, 4000, 4000, 'ct2', 0] [[0, 2000], [4000, 2000], [2000, 0], [2000, 4000]]
[6, 4000, 4000, 'ct3', 0] [[0, 2000], [4000, 2000], [2000, 0], [2000, 4000]]
[7, 4000, 4000, 'ct4', 0] [[0, 2000], [4000, 2000], [2000, 0], [2000, 4000]]
[8, 4000, 4000, 'ct5', 0] [[0, 2000], [4000, 2000], [2000, 0], [2000, 4000]]
[9, 4000, 4000, 'ct6', 0] [[0, 2000], [4000, 2000], [2000, 0], [2000, 4000]]
[10, 4000, 4000, 'ct7', 0] [[0, 2000], [4000, 2000], [2000, 0], [2000, 4000]]
[11, 4000, 4000, 'ct8', 0] [[0, 2000], [4000, 2000], [2000, 0], [2000, 4000]]
[12, 4000, 4000, 'ct9', 0] [[0, 2000], [4000, 2000], [2000, 0], [2000, 4000]]
[13, 4000, 4000, 'ct10', 0] [[0, 2000], [4000, 2000], [2000, 0], [2000, 4000]]
[14, 4000, 4000, 'ct11', 0] [[0, 2000], [4000, 2000], [2000, 0], [2000, 4000]]
[15, 4000, 4000, 'ct12', 0] [[0, 2000], [4000, 2000], [2000, 0], [2000, 4000]]
[16, 4000, 4000, 'ct13', 0] [[0, 2000], [4000, 2000], [2000, 0], [2000, 4000]]
[17, 4000, 4000, 'ct14', 0] [[0, 2000], [4000, 2000], [2000, 0], [2000, 4000]]
[18, 4000, 4000, 'ct15', 0] [[0, 2000], [4000, 2000], [2000, 0], [2000, 4000]]
[19, 4000, 4000, 'ct16', 0] [[0, 2000], [4000, 2000], [2000, 0], [2000, 4000]]
[20, 4000, 4000, 'ct17', 0] [[0, 2000], [4000, 2000], [2000, 0], [2000, 4000]]
[21, 4000, 4000, 'ct18', 0] [[0, 2000], [4000, 2000], [2000, 0], [2000, 4000]]
[22, 4000, 4000, 'ct19', 0] [[0, 2000], [4000, 2000], [2000, 0], [2000, 4000]]
[23, 4000, 4000, 'ct20', 0] [[0, 2000], [4000, 2000], [2000, 0], [2000, 4000]]
[24, 4000, 4000, 'ct21', 0] [[0, 2000], [4000, 2000], [2000, 0], [2000, 4000]]
[25, 4000, 4000, 'ct22', 0] [[0, 2000], [4000, 2000], [2000, 0], [2000, 4000]]
[26, 4000, 4000, 'ct23', 0] [[0, 2000], [4000, 2000], [2000, 0], [2000, 4000]]
[27, 4000, 4000, 'ct24', 0] [[0, 2000], [4000, 2000], [2000, 0], [2000, 4000]]
[28, 4000, 4000, 'ct25', 0] [[0, 2000], [4000, 2000], [2000, 0], [2000, 4000]]
[29, 4000, 4000, 'ct26', 0] [[0, 2000], [4000, 2000], [2000, 0], [2000, 4000]]
[30, 4000, 4000, 'ct27', 0] [[0, 2000], [4000, 2000], [2000, 0], [2000, 4000]]
[31, 4000, 4000, 'ct28', 0] [[0, 2000], [4000, 2000], [2000, 0], [2000, 4000]]
[32, 4000, 4000, 'ct29', 0] [[0, 2000], [4000, 2000], [2000, 0], [2000, 4000]]
[33, 4000, 4000, 'ct30', 0] [[0, 2000], [4000, 2000], [2000, 0], [2000, 4000]]
[34, 4000, 4000, 'ct31', 0] [[0, 2000], [4000, 2000], [2000, 0], [2000, 4000]]
[35, 4000, 4000, 'ct32', 0] [[0, 2000], [4000, 2000], [2000, 0], [2000, 4000]]
[36, 4000, 4000, 'ct33', 0] [[0, 2000], [4000, 2000], [2000, 0], [2000, 4000]]
[37, 4000, 4000, 'ct34', 0] [[0, 2000], [4000, 2000], [2000, 0], [2000, 4000]]
[38, 4000, 4000, 'ct35', 0] [[0, 2000], [4000, 2000], [2000, 0], [2000, 4000]]
[39, 4000, 4000, 'ct36', 0] [[0, 2000], [4000, 2000], [2000, 0], [2000, 4000]]
[40, 4000, 4000, 'ct37', 0] [[0, 2000], [4000, 2000], [2000, 0], [2000, 4000]]
[41, 4000, 4000, 'ct38', 0] [[0, 2000], [4000, 2000], [2000, 0], [2000, 4000]]
[42, 4000, 4000, 'ct39', 0] [[0, 2000], [4000, 2000], [2000, 0], [2000, 4000]]
[43, 4000, 4000, 'ct40', 0] [[0, 2000], [4000, 2000], [2000, 0], [2000, 4000]]
[44, 4000, 4000, 'ct41', 0] [[0, 2000], [4000, 2000], [2000, 0], [2000, 4000]]
[45, 4000, 4000, 'ct42', 0] [[0, 2000], [4000, 2000], [2000, 0], [2000, 4000]]
[46, 4000, 4000, 'ct43', 0] [[0, 2000], [4000, 2000], [2000, 0], [2000, 4000]]
[47, 4000, 4000, 'ct44', 0] [[0, 2000], [4000, 2000], [2000, 0], [2000, 4000]]
[48, 4000, 4000, 'ct45', 0] [[0, 2000], [4000, 2000], [2000, 0], [2000, 4000]]
[49, 4000, 4000, 'ct46', 0] [[0, 2000], [4000, 2000], [2000, 0], [2000, 4000]]
[50, 4000, 4000, 'ct47', 0] [[0, 2000], [4000, 2000], [2000, 0], [2000, 4000]]
[51, 4000, 4000, 'ct48', 0] [[0, 2000], [4000, 2000], [2000, 0], [2000, 4000]]
[52, 4000, 4000, 'ct49', 0] [[0, 2000], [4000, 2000], [2000, 0], [2000, 4000]]
2/9, Finish initial placement with rotation, time spent: 0.0012278556823730469 s
3/9, Finish symmetricalization, time spent: 3.361701965332031e-05 s
4/9, Finish routing, time spent: 0.0014004707336425781 s
****************************************************
Fail to find valid order; keeping the initial row order
****************************************************
--Finish applying new order
--Finish mirroring related components
5/9, Finish initialization of new orders, time spent: 0.011970758438110352 s
6/9, Finish shortening wirelength, time spent: 0.0003185272216796875 s
Skip stage7 LP according to user's need
8/9, Finish routing, time spent: 0.0017702579498291016 s
9/9, Finish compaction and connecting ports, time spent: 0.2541370391845703 s
<<<<<<<<<<<<<<<<<<<<<<<<<<<<<< All P&R Done >>>>>>>>>>>>>>>>>>>>>>>>>>>>>>
Total Timeusage: 0.27137017250061035 s
Reordering Timeusage: 0.011970758438110352 s
LP-based Optimization Timeusage: 0 s
P&R for the new orders: 0.26819658279418945 s
Cannot finish valid layer-1 synthesis for:
- reason=placement valve=v10 flow_connection=c18 control_port=cpb2_1
- reason=placement valve=v11 flow_connection=c19 control_port=cpb2_1
- reason=placement valve=v12 flow_connection=c20 control_port=cpb2_1
- reason=placement valve=v15 flow_connection=c23 control_port=cpb1_2
- reason=placement valve=v18 flow_connection=c26 control_port=cpb1_2
- reason=placement valve=v19 flow_connection=c27 control_port=cpb1_2
- reason=placement valve=v24 flow_connection=c32 control_port=cpb2_2
- reason=placement valve=v27 flow_connection=c35 control_port=cpb1_3
- reason=placement valve=v28 flow_connection=c36 control_port=cpb1_3
- reason=placement valve=v29 flow_connection=c37 control_port=cpb1_3
- reason=placement valve=v31 flow_connection=c39 control_port=cpb1_3
- reason=placement valve=v36 flow_connection=c44 control_port=cpb2_3
- reason=placement valve=v38 flow_connection=c46 control_port=cpb2_3
- reason=placement valve=v40 flow_connection=c48 control_port=cpb1_4
- reason=placement valve=v43 flow_connection=c51 control_port=cpb1_4
- reason=placement valve=v44 flow_connection=c52 control_port=cpb1_4
- reason=placement valve=v45 flow_connection=c53 control_port=cpb1_4
- reason=placement valve=v47 flow_connection=c55 control_port=cpb2_4
- reason=placement valve=v50 flow_connection=c58 control_port=cpb2_4
- reason=placement valve=v54 flow_connection=c62 control_port=cpb1_5
- reason=placement valve=v63 flow_connection=c71 control_port=cpb2_5
- reason=placement valve=v64 flow_connection=c72 control_port=cpb2_5
- reason=placement valve=v71 flow_connection=c79 control_port=cpb1_6
- reason=routing:fallback_no_compliant_valve_escape valve=v72 flow_connection=c80 control_port=cpb2_6
- reason=placement valve=v73 flow_connection=c81 control_port=cpb2_6
- reason=placement valve=v74 flow_connection=c82 control_port=cpb2_6
- reason=routing:fallback_no_compliant_valve_escape valve=v77 flow_connection=c85 control_port=cpb2_6
- reason=routing:fallback_no_compliant_valve_escape valve=v80 flow_connection=c88 control_port=cpb1_7
Fit canvas to [174206.9, 129000.0] and center by [-19567.7, -69300.0]
Done. Combined PR JSON: /home/student/Desktop/Neptune_2026/Microfluidics-Benchmarks/Results/tree_full_20260918_100349/artifacts/mint__Grid__Grid_07__Grid_07_fromMINT/result.json
