$ systemd-run --user --scope -q -p MemoryMax=64.0G -p MemorySwapMax=0 /home/student/anaconda3/envs/neptune2026/bin/python /home/student/Desktop/Neptune_2026/scripts/run_all_synthesize_timeout_report.py --_worker --algorithm tree --input /home/student/Desktop/Neptune_2026/Microfluidics-Benchmarks/Results/MINT_TestCases/Drop_Ref/Dx_14_Ref/Dx_14_Ref_fromMINT.json --case-output /home/student/Desktop/Neptune_2026/Microfluidics-Benchmarks/Results/tree_full_20260918_100349/artifacts/mint__Drop_Ref__Dx_14_Ref__Dx_14_Ref_fromMINT --time-limit 3600.0 --solver-profile standard --mip-gap 0.0
Reversed 9 connection(s) with opposite-port direction conflicts: channel_1, channel_2, channel_3, channel_mixed_1, channel_mixed_2, channel_oil1, channel_oil3, channel_incubate1, channel_incubate2.
Finish loading test case: Dx_14_Ref_fromMINT
1/9, Finish initial placement, time spent: 2.4318695068359375e-05 s
[0, 4000, 4000, 'port_in1', 0] [[2000, 0], [4000, 2000], [2000, 4000], [0, 2000]]
[1, 4000, 4000, 'port_in2', 0] [[2000, 0], [4000, 2000], [2000, 4000], [0, 2000]]
[2, 4000, 4000, 'port_in3', 0] [[2000, 0], [4000, 2000], [2000, 4000], [0, 2000]]
[3, 2600, 9300, 'mixer_in', 0] [[1300, 0], [1300, 9300]]
[4, 5975, 375, 'nozzle_droplet_generator1', 0] [[300, 0], [5975, 187], [300, 375], [0, 187]]
[5, 5975, 375, 'nozzle_droplet_generator2', 0] [[300, 0], [5975, 187], [300, 375], [0, 187]]
[6, 4000, 4000, 'port_oil1', 0] [[2000, 0], [4000, 2000], [2000, 4000], [0, 2000]]
[7, 4000, 4000, 'port_oil2', 0] [[2000, 0], [4000, 2000], [2000, 4000], [0, 2000]]
[8, 4000, 4000, 'port_oil3', 0] [[2000, 0], [4000, 2000], [2000, 4000], [0, 2000]]
[9, 4000, 4000, 'port_oil4', 0] [[2000, 0], [4000, 2000], [2000, 4000], [0, 2000]]
[10, 2600, 9300, 'mixer_incubate1', 0] [[1300, 0], [1300, 9300]]
[11, 2600, 9300, 'mixer_incubate2', 0] [[1300, 0], [1300, 9300]]
[12, 21750, 12414, 'droplet_sorter1', 0] [[0, 5834], [21750, 345], [21750, 11322]]
[13, 4000, 4000, 'port_out1', 0] [[2000, 0], [4000, 2000], [2000, 4000], [0, 2000]]
[14, 4000, 4000, 'port_out2', 0] [[2000, 0], [4000, 2000], [2000, 4000], [0, 2000]]
2/9, Finish initial placement with rotation, time spent: 0.00023651123046875 s
3/9, Finish symmetricalization, time spent: 1.7642974853515625e-05 s
4/9, Finish routing, time spent: 0.0002791881561279297 s
****************************************************
Fail to find valid order; keeping the initial row order
****************************************************
--Finish applying new order
--Finish mirroring related components
5/9, Finish initialization of new orders, time spent: 0.002191781997680664 s
6/9, Finish shortening wirelength, time spent: 0.00011086463928222656 s
Skip stage7 LP according to user's need
8/9, Finish routing, time spent: 0.00034880638122558594 s
9/9, Finish compaction and connecting ports, time spent: 0.05708956718444824 s
<<<<<<<<<<<<<<<<<<<<<<<<<<<<<< All P&R Done >>>>>>>>>>>>>>>>>>>>>>>>>>>>>>
Total Timeusage: 0.06029868125915527 s
Reordering Timeusage: 0.002191781997680664 s
LP-based Optimization Timeusage: 0 s
P&R for the new orders: 0.05974102020263672 s
Fan 3 shared-hinge MIXER mixer_in pads by pitch 4000
Fan 2 shared-hinge NOZZLE DROPLET GENERATOR nozzle_droplet_generator2 pads by pitch 2400
Fit canvas to [106455.5, 44750.0] and center by [15300.0, -11200.0]
Done. Combined PR JSON: /home/student/Desktop/Neptune_2026/Microfluidics-Benchmarks/Results/tree_full_20260918_100349/artifacts/mint__Drop_Ref__Dx_14_Ref__Dx_14_Ref_fromMINT/result.json
