$ systemd-run --user --scope -q -p MemoryMax=64.0G -p MemorySwapMax=0 /home/student/anaconda3/envs/neptune2026/bin/python /home/student/Desktop/Neptune_2026/scripts/run_all_synthesize_timeout_report.py --_worker --algorithm tree --input /home/student/Desktop/Neptune_2026/Microfluidics-Benchmarks/Results/MINT_TestCases/Base/Square_Cell_Trap_Ports/Square_Cell_Trap_Ports_fromMINT.json --case-output /home/student/Desktop/Neptune_2026/Microfluidics-Benchmarks/Results/tree_full_20260918_100349/artifacts/mint__Base__Square_Cell_Trap_Ports__Square_Cell_Trap_Ports_fromMINT --time-limit 3600.0 --solver-profile standard --mip-gap 0.0
Reversed 1 connection(s) with opposite-port direction conflicts: c3.
Finish loading test case: Square_Cell_Trap_Ports_fromMINT
1/9, Finish initial placement, time spent: 9.107589721679688e-05 s
[0, 1000, 1000, 'p1', 0] [[500, 0], [1000, 500], [500, 1000], [0, 500]]
[1, 1000, 1000, 'p2', 0] [[500, 0], [1000, 500], [500, 1000], [0, 500]]
[2, 1000, 1000, 'p3', 0] [[500, 0], [1000, 500], [500, 1000], [0, 500]]
[3, 1000, 1000, 'p4', 0] [[500, 0], [1000, 500], [500, 1000], [0, 500]]
[4, 4000, 4000, 'ct1', 0] [[0, 2000], [4000, 2000], [2000, 0], [2000, 4000]]
2/9, Finish initial placement with rotation, time spent: 0.0001819133758544922 s
3/9, Finish symmetricalization, time spent: 1.4781951904296875e-05 s
4/9, Finish routing, time spent: 0.00012111663818359375 s
****************************************************
New valid order that can lead to planar graph found:
[[0], [0], [0, 2, 1]]
****************************************************
--Finish applying new order
--Finish mirroring related components
5/9, Finish initialization of new orders, time spent: 0.000568389892578125 s
6/9, Finish shortening wirelength, time spent: 4.863739013671875e-05 s
Skip stage7 LP according to user's need
8/9, Finish routing, time spent: 0.0001819133758544922 s
9/9, Finish compaction and connecting ports, time spent: 0.02220892906188965 s
<<<<<<<<<<<<<<<<<<<<<<<<<<<<<< All P&R Done >>>>>>>>>>>>>>>>>>>>>>>>>>>>>>
Total Timeusage: 0.023416757583618164 s
Reordering Timeusage: 0.000568389892578125 s
LP-based Optimization Timeusage: 0 s
P&R for the new orders: 0.023007869720458984 s
Cannot finish valid layer-1 synthesis for:
- reason=placement valve=v1 flow_connection=c1 control_port=cp1
Fit canvas to [40000.0, 40000.0] and center by [9500.0, 5000.0]
Done. Combined PR JSON: /home/student/Desktop/Neptune_2026/Microfluidics-Benchmarks/Results/tree_full_20260918_100349/artifacts/mint__Base__Square_Cell_Trap_Ports__Square_Cell_Trap_Ports_fromMINT/result.json
