$ systemd-run --user --scope -q -p MemoryMax=64.0G -p MemorySwapMax=0 /home/student/anaconda3/envs/neptune2026/bin/python /home/student/Desktop/Neptune_2026/scripts/run_all_synthesize_timeout_report.py --_worker --algorithm tree --input /home/student/Desktop/Neptune_2026/Microfluidics-Benchmarks/Results/MINT_TestCases/Primitive/Mixer_To_Mixer/Mixer_To_Mixer_fromMINT.json --case-output /home/student/Desktop/Neptune_2026/Microfluidics-Benchmarks/Results/tree_full_20260918_100349/artifacts/mint__Primitive__Mixer_To_Mixer__Mixer_To_Mixer_fromMINT --time-limit 3600.0 --solver-profile standard --mip-gap 0.0
Finish loading test case: Mixer_To_Mixer_fromMINT
1/9, Finish initial placement, time spent: 1.1920928955078125e-05 s
[0, 4060, 4860, 'm1', 0] [[2030, 0], [2030, 4860]]
[1, 4060, 4860, 'm2', 0] [[2030, 0], [2030, 4860]]
2/9, Finish initial placement with rotation, time spent: 5.054473876953125e-05 s
3/9, Finish symmetricalization, time spent: 1.1920928955078125e-05 s
4/9, Finish routing, time spent: 6.961822509765625e-05 s
****************************************************
Fail to find valid order; keeping the initial row order
****************************************************
--Finish applying new order
--Finish mirroring related components
5/9, Finish initialization of new orders, time spent: 0.00027942657470703125 s
6/9, Finish shortening wirelength, time spent: 3.266334533691406e-05 s
Skip stage7 LP according to user's need
8/9, Finish routing, time spent: 8.654594421386719e-05 s
9/9, Finish compaction and connecting ports, time spent: 0.011884450912475586 s
<<<<<<<<<<<<<<<<<<<<<<<<<<<<<< All P&R Done >>>>>>>>>>>>>>>>>>>>>>>>>>>>>>
Total Timeusage: 0.012427091598510742 s
Reordering Timeusage: 0.00027942657470703125 s
LP-based Optimization Timeusage: 0 s
P&R for the new orders: 0.012283086776733398 s
Fit canvas to [14060.0, 23920.0] and center by [-2200.0, -2200.0]
Done. Combined PR JSON: /home/student/Desktop/Neptune_2026/Microfluidics-Benchmarks/Results/tree_full_20260918_100349/artifacts/mint__Primitive__Mixer_To_Mixer__Mixer_To_Mixer_fromMINT/result.json
