$ systemd-run --user --scope -q -p MemoryMax=64.0G -p MemorySwapMax=0 /home/student/anaconda3/envs/neptune2026/bin/python /home/student/Desktop/Neptune_2026/scripts/run_all_synthesize_timeout_report.py --_worker --algorithm tree --input /home/student/Desktop/Neptune_2026/Microfluidics-Benchmarks/Results/MINT_TestCases/Base/Super_MUX_8/Super_MUX_8_fromMINT.json --case-output /home/student/Desktop/Neptune_2026/Microfluidics-Benchmarks/Results/tree_full_20260918_100349/artifacts/mint__Base__Super_MUX_8__Super_MUX_8_fromMINT --time-limit 3600.0 --solver-profile standard --mip-gap 0.0
Finish loading test case: Super_MUX_8_fromMINT
1/9, Finish initial placement, time spent: 1.9788742065429688e-05 s
[0, 30800, 13500, 'mux_8', 0] [[15400.0, 0.0], [29400.0, 13500.0], [25400.0, 13500.0], [21400.0, 13500.0], [17400.0, 13500.0], [13400.0, 13500.0], [9400.0, 13500.0], [5400.0, 13500.0], [1400.0, 13500.0], [0.0, 4750.0], [30800.0, 5250.0], [0.0, 8250.0], [30800.0, 8750.0], [0.0, 11750.0], [30800.0, 12250.0]]
[1, 2000, 2000, 'port_out', 0] [[1000, 0], [2000, 1000], [1000, 2000], [0, 1000]]
[2, 2000, 2000, 'port_in_1', 0] [[1000, 0], [2000, 1000], [1000, 2000], [0, 1000]]
[3, 2000, 2000, 'port_in_2', 0] [[1000, 0], [2000, 1000], [1000, 2000], [0, 1000]]
[4, 2000, 2000, 'port_in_3', 0] [[1000, 0], [2000, 1000], [1000, 2000], [0, 1000]]
[5, 2000, 2000, 'port_in_4', 0] [[1000, 0], [2000, 1000], [1000, 2000], [0, 1000]]
[6, 2000, 2000, 'port_in_5', 0] [[1000, 0], [2000, 1000], [1000, 2000], [0, 1000]]
[7, 2000, 2000, 'port_in_6', 0] [[1000, 0], [2000, 1000], [1000, 2000], [0, 1000]]
[8, 2000, 2000, 'port_in_7', 0] [[1000, 0], [2000, 1000], [1000, 2000], [0, 1000]]
[9, 2000, 2000, 'port_in_8', 0] [[1000, 0], [2000, 1000], [1000, 2000], [0, 1000]]
2/9, Finish initial placement with rotation, time spent: 0.0001964569091796875 s
3/9, Finish symmetricalization, time spent: 1.6689300537109375e-05 s
4/9, Finish routing, time spent: 0.00021219253540039062 s
****************************************************
New valid order that can lead to planar graph found:
[[0], [0], [0, 1, 2, 3, 4, 5, 6, 7]]
****************************************************
--Finish applying new order
--Finish mirroring related components
5/9, Finish initialization of new orders, time spent: 0.0008385181427001953 s
6/9, Finish shortening wirelength, time spent: 6.127357482910156e-05 s
Skip stage7 LP according to user's need
8/9, Finish routing, time spent: 0.00022864341735839844 s
9/9, Finish compaction and connecting ports, time spent: 0.04194998741149902 s
<<<<<<<<<<<<<<<<<<<<<<<<<<<<<< All P&R Done >>>>>>>>>>>>>>>>>>>>>>>>>>>>>>
Total Timeusage: 0.043523550033569336 s
Reordering Timeusage: 0.0008385181427001953 s
LP-based Optimization Timeusage: 0 s
P&R for the new orders: 0.04307842254638672 s
Nudge MUX mux_8 by [4400.0, 4500.0] -> [31400.0, 22750.0]
Fit canvas to [78800.0, 49500.0] and center by [8000.0, 2000.0]
Done. Combined PR JSON: /home/student/Desktop/Neptune_2026/Microfluidics-Benchmarks/Results/tree_full_20260918_100349/artifacts/mint__Base__Super_MUX_8__Super_MUX_8_fromMINT/result.json
