$ systemd-run --user --scope -q -p MemoryMax=64.0G -p MemorySwapMax=0 /home/student/anaconda3/envs/neptune2026/bin/python /home/student/Desktop/Neptune_2026/scripts/run_all_synthesize_timeout_report.py --_worker --algorithm tree --input /home/student/Desktop/Neptune_2026/Microfluidics-Benchmarks/Results/MINT_TestCases/Primitive/MUX_3d/MUX_3d_fromMINT.json --case-output /home/student/Desktop/Neptune_2026/Microfluidics-Benchmarks/Results/tree_full_20260918_100349/artifacts/mint__Primitive__MUX_3d__MUX_3d_fromMINT --time-limit 3600.0 --solver-profile standard --mip-gap 0.0
Reversed 2 connection(s) with opposite-port direction conflicts: ci1, co4.
Finish loading test case: MUX_3d_fromMINT
1/9, Finish initial placement, time spent: 3.314018249511719e-05 s
[0, 2000, 2000, 'p_in', 0] [[1000, 0], [2000, 1000], [1000, 2000], [0, 1000]]
[1, 2000, 2000, 'p_out1', 0] [[1000, 0], [2000, 1000], [1000, 2000], [0, 1000]]
[2, 2000, 2000, 'p_out2', 0] [[1000, 0], [2000, 1000], [1000, 2000], [0, 1000]]
[3, 2000, 2000, 'p_out3', 0] [[1000, 0], [2000, 1000], [1000, 2000], [0, 1000]]
[4, 2000, 2000, 'p_out4', 0] [[1000, 0], [2000, 1000], [1000, 2000], [0, 1000]]
[5, 24000, 16000, 'm', 0] [[4000, 0], [9333, 0], [14666, 0], [20000, 0], [12000, 16000], [0, 3000], [24000, 5000], [0, 7000], [24000, 9000]]
2/9, Finish initial placement with rotation, time spent: 0.00012993812561035156 s
3/9, Finish symmetricalization, time spent: 1.4066696166992188e-05 s
4/9, Finish routing, time spent: 0.00012254714965820312 s
****************************************************
New valid order that can lead to planar graph found:
[[0, 1, 2, 3], [0], [0]]
****************************************************
--Finish applying new order
--Finish mirroring related components
5/9, Finish initialization of new orders, time spent: 0.0005743503570556641 s
6/9, Finish shortening wirelength, time spent: 5.626678466796875e-05 s
Skip stage7 LP according to user's need
8/9, Finish routing, time spent: 0.00017023086547851562 s
9/9, Finish compaction and connecting ports, time spent: 0.026582956314086914 s
<<<<<<<<<<<<<<<<<<<<<<<<<<<<<< All P&R Done >>>>>>>>>>>>>>>>>>>>>>>>>>>>>>
Total Timeusage: 0.027683496475219727 s
Reordering Timeusage: 0.0005743503570556641 s
LP-based Optimization Timeusage: 0 s
P&R for the new orders: 0.027383804321289062 s
Fit canvas to [60000.0, 52000.0] and center by [13000.0, 6800.0]
Done. Combined PR JSON: /home/student/Desktop/Neptune_2026/Microfluidics-Benchmarks/Results/tree_full_20260918_100349/artifacts/mint__Primitive__MUX_3d__MUX_3d_fromMINT/result.json
