$ systemd-run --user --scope -q -p MemoryMax=64.0G -p MemorySwapMax=0 /home/student/anaconda3/envs/neptune2026/bin/python /home/student/Desktop/Neptune_2026/scripts/run_all_synthesize_timeout_report.py --_worker --algorithm tree --input /home/student/Desktop/Neptune_2026/Microfluidics-Benchmarks/Results/MINT_TestCases/CIDAR_Lab_Past_Devices/Grid_02/Grid_02_fromMINT.json --case-output /home/student/Desktop/Neptune_2026/Microfluidics-Benchmarks/Results/tree_full_20260918_100349/artifacts/mint__CIDAR_Lab_Past_Devices__Grid_02__Grid_02_fromMINT --time-limit 3600.0 --solver-profile standard --mip-gap 0.0
Reversed 5 connection(s) with opposite-port direction conflicts: channel_in, channel_vertical_1_1, channel_vertical_1_2, channel_in_1, channel_in_2.
Finish loading test case: Grid_02_fromMINT
1/9, Finish initial placement, time spent: 8.821487426757812e-05 s
[0, 200, 200, 'port_in', 0] [[100, 0], [200, 100], [100, 200], [0, 100]]
[1, 2500, 8100, 'input_tree', 0] [[1250, 0], [2450, 8100], [50, 8100]]
[2, 4000, 4000, 'ct_1_1', 0] [[0, 2000], [4000, 2000], [2000, 0], [2000, 4000]]
[3, 4000, 4000, 'ct_1_2', 0] [[0, 2000], [4000, 2000], [2000, 0], [2000, 4000]]
[4, 4000, 4000, 'ct_2_1', 0] [[0, 2000], [4000, 2000], [2000, 0], [2000, 4000]]
[5, 4000, 4000, 'ct_2_2', 0] [[0, 2000], [4000, 2000], [2000, 0], [2000, 4000]]
[6, 2500, 8100, 'output_tree', 0] [[1250, 0], [2450, 8100], [50, 8100]]
[7, 200, 200, 'port_out', 0] [[100, 0], [200, 100], [100, 200], [0, 100]]
2/9, Finish initial placement with rotation, time spent: 0.00020360946655273438 s
3/9, Finish symmetricalization, time spent: 1.6450881958007812e-05 s
4/9, Finish routing, time spent: 0.00018525123596191406 s
****************************************************
New valid order that can lead to planar graph found:
[[0], [1, 0], [2, 1, 0], [0], [0]]
****************************************************
--Finish applying new order
--Finish mirroring related components
5/9, Finish initialization of new orders, time spent: 0.0008232593536376953 s
6/9, Finish shortening wirelength, time spent: 7.557868957519531e-05 s
Skip stage7 LP according to user's need
8/9, Finish routing, time spent: 0.0002536773681640625 s
9/9, Finish compaction and connecting ports, time spent: 0.03210759162902832 s
<<<<<<<<<<<<<<<<<<<<<<<<<<<<<< All P&R Done >>>>>>>>>>>>>>>>>>>>>>>>>>>>>>
Total Timeusage: 0.03375363349914551 s
Reordering Timeusage: 0.0008232593536376953 s
LP-based Optimization Timeusage: 0 s
P&R for the new orders: 0.03326010704040527 s
Cannot finish valid layer-1 synthesis for:
- reason=placement valve=valve_horizontal_2_1 flow_connection=channel_horizontal_2_1 control_port=port_ctrl_in_horizontal_2
Fit canvas to [28500.0, 62950.0] and center by [-2100.0, -42950.0]
Done. Combined PR JSON: /home/student/Desktop/Neptune_2026/Microfluidics-Benchmarks/Results/tree_full_20260918_100349/artifacts/mint__CIDAR_Lab_Past_Devices__Grid_02__Grid_02_fromMINT/result.json
