$ systemd-run --user --scope -q -p MemoryMax=64.0G -p MemorySwapMax=0 /home/student/anaconda3/envs/neptune2026/bin/python /home/student/Desktop/Neptune_2026/scripts/run_all_synthesize_timeout_report.py --_worker --algorithm tree --input /home/student/Desktop/Neptune_2026/Microfluidics-Benchmarks/Results/MINT_TestCases/Drop_Ref/Dx_3_Ref/Dx_3_Ref_fromMINT.json --case-output /home/student/Desktop/Neptune_2026/Microfluidics-Benchmarks/Results/tree_full_20260918_100349/artifacts/mint__Drop_Ref__Dx_3_Ref__Dx_3_Ref_fromMINT --time-limit 3600.0 --solver-profile standard --mip-gap 0.0
Reversed 5 connection(s) with opposite-port direction conflicts: connection_1, connection_6, connection_7, connection_8, connection_10.
Finish loading test case: Dx_3_Ref_fromMINT
1/9, Finish initial placement, time spent: 2.193450927734375e-05 s
[0, 4000, 4000, 'port_oil1', 0] [[2000, 0], [4000, 2000], [2000, 4000], [0, 2000]]
[1, 4000, 4000, 'port_oil2', 0] [[2000, 0], [4000, 2000], [2000, 4000], [0, 2000]]
[2, 4000, 4000, 'port_water', 0] [[2000, 0], [4000, 2000], [2000, 4000], [0, 2000]]
[3, 5975, 375, 'nozzle_droplet_generator_1', 0] [[300, 0], [5975, 187], [300, 375], [0, 187]]
[4, 2000, 4300, 'droplet_splitter_1', 0] [[0, 2150], [1850, 0], [1850, 4300]]
[5, 4000, 4000, 'port_injector1', 0] [[2000, 0], [4000, 2000], [2000, 4000], [0, 2000]]
[6, 4000, 4000, 'port_injector2', 0] [[2000, 0], [4000, 2000], [2000, 4000], [0, 2000]]
[7, 10000, 9050, 'picoinjector_1', 0] [[0, 5550], [10000, 5550], [5000, 0]]
[8, 10000, 9050, 'picoinjector_2', 0] [[0, 5550], [10000, 5550], [5000, 0]]
[9, 4000, 4000, 'port_out1', 0] [[2000, 0], [4000, 2000], [2000, 4000], [0, 2000]]
[10, 4000, 4000, 'port_out2', 0] [[2000, 0], [4000, 2000], [2000, 4000], [0, 2000]]
2/9, Finish initial placement with rotation, time spent: 0.0001742839813232422 s
3/9, Finish symmetricalization, time spent: 1.7642974853515625e-05 s
4/9, Finish routing, time spent: 0.00020265579223632812 s
****************************************************
Fail to find valid order; keeping the initial row order
****************************************************
--Finish applying new order
--Finish mirroring related components
5/9, Finish initialization of new orders, time spent: 0.002027750015258789 s
6/9, Finish shortening wirelength, time spent: 8.225440979003906e-05 s
Skip stage7 LP according to user's need
8/9, Finish routing, time spent: 0.00024247169494628906 s
9/9, Finish compaction and connecting ports, time spent: 0.06526327133178711 s
<<<<<<<<<<<<<<<<<<<<<<<<<<<<<< All P&R Done >>>>>>>>>>>>>>>>>>>>>>>>>>>>>>
Total Timeusage: 0.06803226470947266 s
Reordering Timeusage: 0.002027750015258789 s
LP-based Optimization Timeusage: 0 s
P&R for the new orders: 0.06761574745178223 s
Fan 3 shared-hinge NOZZLE DROPLET GENERATOR nozzle_droplet_generator_1 pads by pitch 2400
Fit canvas to [51150.0, 68900.0] and center by [5000.0, -62900.0]
Done. Combined PR JSON: /home/student/Desktop/Neptune_2026/Microfluidics-Benchmarks/Results/tree_full_20260918_100349/artifacts/mint__Drop_Ref__Dx_3_Ref__Dx_3_Ref_fromMINT/result.json
