$ systemd-run --user --scope -q -p MemoryMax=64.0G -p MemorySwapMax=0 /home/student/anaconda3/envs/neptune2026/bin/python /home/student/Desktop/Neptune_2026/scripts/run_all_synthesize_timeout_report.py --_worker --algorithm tree --input /home/student/Desktop/Neptune_2026/Microfluidics-Benchmarks/Results/MINT_TestCases/Base/Nonplanar/Nonplanar_fromMINT.json --case-output /home/student/Desktop/Neptune_2026/Microfluidics-Benchmarks/Results/tree_full_20260918_100349/artifacts/mint__Base__Nonplanar__Nonplanar_fromMINT --time-limit 3600.0 --solver-profile standard --mip-gap 0.0
Finish loading test case: Nonplanar_fromMINT
1/9, Finish initial placement, time spent: 1.52587890625e-05 s
[0, 800, 800, 'p1', 0] [[400, 0], [800, 400], [400, 800], [0, 400]]
[1, 800, 800, 'p2', 0] [[400, 0], [800, 400], [400, 800], [0, 400]]
[2, 800, 800, 'p3', 0] [[400, 0], [800, 400], [400, 800], [0, 400]]
[3, 800, 800, 'p4', 0] [[400, 0], [800, 400], [400, 800], [0, 400]]
2/9, Finish initial placement with rotation, time spent: 0.00010228157043457031 s
3/9, Finish symmetricalization, time spent: 1.3828277587890625e-05 s
4/9, Finish routing, time spent: 0.00011229515075683594 s
****************************************************
New valid order that can lead to planar graph found:
[[0], [0], [0], [0]]
****************************************************
--Finish applying new order
--Finish mirroring related components
5/9, Finish initialization of new orders, time spent: 0.0005137920379638672 s
6/9, Finish shortening wirelength, time spent: 4.601478576660156e-05 s
Skip stage7 LP according to user's need
8/9, Finish routing, time spent: 0.0001385211944580078 s
9/9, Finish compaction and connecting ports, time spent: 0.018726825714111328 s
<<<<<<<<<<<<<<<<<<<<<<<<<<<<<< All P&R Done >>>>>>>>>>>>>>>>>>>>>>>>>>>>>>
Total Timeusage: 0.0196688175201416 s
Reordering Timeusage: 0.0005137920379638672 s
LP-based Optimization Timeusage: 0 s
P&R for the new orders: 0.019425153732299805 s
Fit canvas to [14800.0, 26700.0] and center by [550.0, 550.0]
Done. Combined PR JSON: /home/student/Desktop/Neptune_2026/Microfluidics-Benchmarks/Results/tree_full_20260918_100349/artifacts/mint__Base__Nonplanar__Nonplanar_fromMINT/result.json
