$ systemd-run --user --scope -q -p MemoryMax=64.0G -p MemorySwapMax=0 /home/student/anaconda3/envs/neptune2026/bin/python /home/student/Desktop/Neptune_2026/scripts/run_all_synthesize_timeout_report.py --_worker --algorithm tree --input /home/student/Desktop/Neptune_2026/Microfluidics-Benchmarks/Results/MINT_TestCases/Primitive/Square_Cell_Trap/Square_Cell_Trap_fromMINT.json --case-output /home/student/Desktop/Neptune_2026/Microfluidics-Benchmarks/Results/tree_full_20260918_100349/artifacts/mint__Primitive__Square_Cell_Trap__Square_Cell_Trap_fromMINT --time-limit 3600.0 --solver-profile standard --mip-gap 0.0
Reversed 1 connection(s) with opposite-port direction conflicts: c3.
Finish loading test case: Square_Cell_Trap_fromMINT
1/9, Finish initial placement, time spent: 1.5974044799804688e-05 s
[0, 2000, 2000, 'p1', 0] [[1000, 0], [2000, 1000], [1000, 2000], [0, 1000]]
[1, 2000, 2000, 'p2', 0] [[1000, 0], [2000, 1000], [1000, 2000], [0, 1000]]
[2, 2000, 2000, 'p3', 0] [[1000, 0], [2000, 1000], [1000, 2000], [0, 1000]]
[3, 2000, 2000, 'p4', 0] [[1000, 0], [2000, 1000], [1000, 2000], [0, 1000]]
[4, 4000, 4000, 's', 0] [[0, 2000], [4000, 2000], [2000, 0], [2000, 4000]]
2/9, Finish initial placement with rotation, time spent: 9.083747863769531e-05 s
3/9, Finish symmetricalization, time spent: 1.4781951904296875e-05 s
4/9, Finish routing, time spent: 0.0001327991485595703 s
****************************************************
New valid order that can lead to planar graph found:
[[0], [0], [0, 2, 1]]
****************************************************
--Finish applying new order
--Finish mirroring related components
5/9, Finish initialization of new orders, time spent: 0.0004687309265136719 s
6/9, Finish shortening wirelength, time spent: 4.601478576660156e-05 s
Skip stage7 LP according to user's need
8/9, Finish routing, time spent: 0.00014710426330566406 s
9/9, Finish compaction and connecting ports, time spent: 0.02246379852294922 s
<<<<<<<<<<<<<<<<<<<<<<<<<<<<<< All P&R Done >>>>>>>>>>>>>>>>>>>>>>>>>>>>>>
Total Timeusage: 0.023380041122436523 s
Reordering Timeusage: 0.0004687309265136719 s
LP-based Optimization Timeusage: 0 s
P&R for the new orders: 0.023125648498535156 s
Fit canvas to [40000.0, 40000.0] and center by [8000.0, 6800.0]
Done. Combined PR JSON: /home/student/Desktop/Neptune_2026/Microfluidics-Benchmarks/Results/tree_full_20260918_100349/artifacts/mint__Primitive__Square_Cell_Trap__Square_Cell_Trap_fromMINT/result.json
