$ systemd-run --user --scope -q -p MemoryMax=64.0G -p MemorySwapMax=0 /home/student/anaconda3/envs/neptune2026/bin/python /home/student/Desktop/Neptune_2026/scripts/run_all_synthesize_timeout_report.py --_worker --algorithm tree --input /home/student/Desktop/Neptune_2026/Microfluidics-Benchmarks/Results/MINT_TestCases/COVID/Rt_Pcr/Rt_Pcr_fromMINT.json --case-output /home/student/Desktop/Neptune_2026/Microfluidics-Benchmarks/Results/tree_full_20260918_100349/artifacts/mint__COVID__Rt_Pcr__Rt_Pcr_fromMINT --time-limit 3600.0 --solver-profile standard --mip-gap 0.0
Finish loading test case: Rt_Pcr_fromMINT
1/9, Finish initial placement, time spent: 1.6450881958007812e-05 s
[0, 5000, 5000, 'reaction_chamber_1', 0] [[2500, 0], [5000, 2500], [2500, 5000], [0, 2500]]
[1, 1400, 1400, 'port_1', 0] [[700, 0], [1400, 700], [700, 1400], [0, 700]]
[2, 5000, 5000, 'reaction_chamber_2', 0] [[2500, 0], [5000, 2500], [2500, 5000], [0, 2500]]
[3, 1400, 1400, 'port_2', 0] [[700, 0], [1400, 700], [700, 1400], [0, 700]]
2/9, Finish initial placement with rotation, time spent: 9.202957153320312e-05 s
3/9, Finish symmetricalization, time spent: 1.4066696166992188e-05 s
4/9, Finish routing, time spent: 0.00010371208190917969 s
****************************************************
New valid order that can lead to planar graph found:
[[0], [0], [0], [0]]
****************************************************
--Finish applying new order
--Finish mirroring related components
5/9, Finish initialization of new orders, time spent: 0.00044918060302734375 s
6/9, Finish shortening wirelength, time spent: 4.649162292480469e-05 s
Skip stage7 LP according to user's need
8/9, Finish routing, time spent: 0.0001361370086669922 s
9/9, Finish compaction and connecting ports, time spent: 0.018552303314208984 s
<<<<<<<<<<<<<<<<<<<<<<<<<<<<<< All P&R Done >>>>>>>>>>>>>>>>>>>>>>>>>>>>>>
Total Timeusage: 0.019410371780395508 s
Reordering Timeusage: 0.00044918060302734375 s
LP-based Optimization Timeusage: 0 s
P&R for the new orders: 0.019184112548828125 s
Fit canvas to [15000.0, 50400.0] and center by [0.0, 7200.0]
Done. Combined PR JSON: /home/student/Desktop/Neptune_2026/Microfluidics-Benchmarks/Results/tree_full_20260918_100349/artifacts/mint__COVID__Rt_Pcr__Rt_Pcr_fromMINT/result.json
