$ systemd-run --user --scope -q -p MemoryMax=64.0G -p MemorySwapMax=0 /home/student/anaconda3/envs/neptune2026/bin/python /home/student/Desktop/Neptune_2026/scripts/run_all_synthesize_timeout_report.py --_worker --algorithm tree --input /home/student/Desktop/Neptune_2026/Microfluidics-Benchmarks/Results/MINT_TestCases/Drop_Ref/Dx_7/Dx_7_fromMINT.json --case-output /home/student/Desktop/Neptune_2026/Microfluidics-Benchmarks/Results/tree_full_20260918_100349/artifacts/mint__Drop_Ref__Dx_7__Dx_7_fromMINT --time-limit 3600.0 --solver-profile standard --mip-gap 0.0
Reversed 11 connection(s) with opposite-port direction conflicts: channel_5, channel_6, channel_7, channel_8, channel_9, channel_10, channel_11, channel_12, channel_13, channel_14, channel_15.
Finish loading test case: Dx_7_fromMINT
1/9, Finish initial placement, time spent: 4.267692565917969e-05 s
[0, 4000, 4000, 'port_1', 0] [[2000, 0], [4000, 2000], [2000, 4000], [0, 2000]]
[1, 4000, 4000, 'port_2', 0] [[2000, 0], [4000, 2000], [2000, 4000], [0, 2000]]
[2, 1800, 600, 'nozzle_droplet_generator_1', 0] [[400, 0], [1800, 300], [400, 600], [0, 300]]
[3, 4060, 4860, 'mixer_1', 0] [[2030, 0], [2030, 4860]]
[4, 4060, 4860, 'mixer_2', 0] [[2030, 0], [2030, 4860]]
[5, 6000, 8000, 'droplet_splitter_1', 0] [[0, 4000], [5500, 0], [5000, 8000]]
[6, 1400, 1400, 'port_3', 0] [[700, 0], [1400, 700], [700, 1400], [0, 700]]
[7, 1400, 1400, 'port_4', 0] [[700, 0], [1400, 700], [700, 1400], [0, 700]]
[8, 4000, 4000, 'port_5', 0] [[2000, 0], [4000, 2000], [2000, 4000], [0, 2000]]
[9, 4000, 4000, 'port_6', 0] [[2000, 0], [4000, 2000], [2000, 4000], [0, 2000]]
[10, 1800, 600, 'nozzle_droplet_generator_2', 0] [[400, 0], [1800, 300], [400, 600], [0, 300]]
[11, 4060, 4860, 'mixer_3', 0] [[2030, 0], [2030, 4860]]
[12, 1400, 1400, 'port_7', 0] [[700, 0], [1400, 700], [700, 1400], [0, 700]]
[13, 1400, 1400, 'port_8', 0] [[700, 0], [1400, 700], [700, 1400], [0, 700]]
[14, 1400, 1400, 'port_9', 0] [[700, 0], [1400, 700], [700, 1400], [0, 700]]
[15, 1400, 1400, 'port_10', 0] [[700, 0], [1400, 700], [700, 1400], [0, 700]]
2/9, Finish initial placement with rotation, time spent: 0.000247955322265625 s
3/9, Finish symmetricalization, time spent: 3.528594970703125e-05 s
4/9, Finish routing, time spent: 0.00025844573974609375 s
****************************************************
New valid order that can lead to planar graph found:
[[1, 0], [1, 4, 6, 7, 0, 2, 3, 5], [0, 1], [0], [0], [0, 1]]
****************************************************
--Finish applying new order
--Finish mirroring related components
5/9, Finish initialization of new orders, time spent: 0.0010142326354980469 s
6/9, Finish shortening wirelength, time spent: 9.1552734375e-05 s
Skip stage7 LP according to user's need
8/9, Finish routing, time spent: 0.00030040740966796875 s
9/9, Finish compaction and connecting ports, time spent: 0.05275368690490723 s
<<<<<<<<<<<<<<<<<<<<<<<<<<<<<< All P&R Done >>>>>>>>>>>>>>>>>>>>>>>>>>>>>>
Total Timeusage: 0.05474424362182617 s
Reordering Timeusage: 0.0010142326354980469 s
LP-based Optimization Timeusage: 0 s
P&R for the new orders: 0.05415987968444824 s
Fan 2 shared-hinge NOZZLE DROPLET GENERATOR nozzle_droplet_generator_1 pads by pitch 2400
Fan 2 shared-hinge NOZZLE DROPLET GENERATOR nozzle_droplet_generator_2 pads by pitch 2400
Fan 2 shared-hinge MIXER mixer_3 pads by pitch 4000
Fit canvas to [70610.0, 46020.0] and center by [14460.0, -3900.0]
Done. Combined PR JSON: /home/student/Desktop/Neptune_2026/Microfluidics-Benchmarks/Results/tree_full_20260918_100349/artifacts/mint__Drop_Ref__Dx_7__Dx_7_fromMINT/result.json
