$ systemd-run --user --scope -q -p MemoryMax=64.0G -p MemorySwapMax=0 /home/student/anaconda3/envs/neptune2026/bin/python /home/student/Desktop/Neptune_2026/scripts/run_all_synthesize_timeout_report.py --_worker --algorithm tree --input /home/student/Desktop/Neptune_2026/Microfluidics-Benchmarks/Results/MINT_TestCases/Transport_Networks/One_To_8/One_To_8_fromMINT.json --case-output /home/student/Desktop/Neptune_2026/Microfluidics-Benchmarks/Results/tree_full_20260918_100349/artifacts/mint__Transport_Networks__One_To_8__One_To_8_fromMINT --time-limit 3600.0 --solver-profile standard --mip-gap 0.0
Finish loading test case: One_To_8_fromMINT
1/9, Finish initial placement, time spent: 0.00012040138244628906 s
[0, 1400, 1400, 'port_1', 0] [[700, 0], [1400, 700], [700, 1400], [0, 700]]
[1, 1400, 1400, 'port_2', 0] [[700, 0], [1400, 700], [700, 1400], [0, 700]]
[2, 1400, 1400, 'port_3', 0] [[700, 0], [1400, 700], [700, 1400], [0, 700]]
[3, 1400, 1400, 'port_4', 0] [[700, 0], [1400, 700], [700, 1400], [0, 700]]
[4, 1400, 1400, 'port_5', 0] [[700, 0], [1400, 700], [700, 1400], [0, 700]]
[5, 1400, 1400, 'port_6', 0] [[700, 0], [1400, 700], [700, 1400], [0, 700]]
[6, 1400, 1400, 'port_7', 0] [[700, 0], [1400, 700], [700, 1400], [0, 700]]
[7, 1400, 1400, 'port_8', 0] [[700, 0], [1400, 700], [700, 1400], [0, 700]]
[8, 1400, 1400, 'port_9', 0] [[700, 0], [1400, 700], [700, 1400], [0, 700]]
2/9, Finish initial placement with rotation, time spent: 0.00023174285888671875 s
3/9, Finish symmetricalization, time spent: 1.4781951904296875e-05 s
4/9, Finish routing, time spent: 0.0001900196075439453 s
****************************************************
New valid order that can lead to planar graph found:
[[0, 1, 2, 3, 4, 5, 6, 7], [0]]
****************************************************
--Finish applying new order
--Finish mirroring related components
5/9, Finish initialization of new orders, time spent: 0.0008087158203125 s
6/9, Finish shortening wirelength, time spent: 5.054473876953125e-05 s
Skip stage7 LP according to user's need
8/9, Finish routing, time spent: 0.0002608299255371094 s
9/9, Finish compaction and connecting ports, time spent: 0.03588151931762695 s
<<<<<<<<<<<<<<<<<<<<<<<<<<<<<< All P&R Done >>>>>>>>>>>>>>>>>>>>>>>>>>>>>>
Total Timeusage: 0.037558555603027344 s
Reordering Timeusage: 0.0008087158203125 s
LP-based Optimization Timeusage: 0 s
P&R for the new orders: 0.037001609802246094 s
Cannot finish valid layer-1 synthesis for:
- reason=placement valve=valve_2 flow_connection=channel_6 control_port=Cport_2
- reason=placement valve=valve_7 flow_connection=channel_3 control_port=Cport_7
Fit canvas to [51100.0, 22400.0] and center by [-200.0, 300.0]
Done. Combined PR JSON: /home/student/Desktop/Neptune_2026/Microfluidics-Benchmarks/Results/tree_full_20260918_100349/artifacts/mint__Transport_Networks__One_To_8__One_To_8_fromMINT/result.json
