$ systemd-run --user --scope -q -p MemoryMax=64.0G -p MemorySwapMax=0 /home/student/anaconda3/envs/neptune2026/bin/python /home/student/Desktop/Neptune_2026/scripts/run_all_synthesize_timeout_report.py --_worker --algorithm tree --input /home/student/Desktop/Neptune_2026/Microfluidics-Benchmarks/Results/MINT_TestCases/Primitive/Capacitance_Sensor/Capacitance_Sensor_fromMINT.json --case-output /home/student/Desktop/Neptune_2026/Microfluidics-Benchmarks/Results/tree_full_20260918_100349/artifacts/mint__Primitive__Capacitance_Sensor__Capacitance_Sensor_fromMINT --time-limit 3600.0 --solver-profile standard --mip-gap 0.0
Finish loading test case: Capacitance_Sensor_fromMINT
1/9, Finish initial placement, time spent: 1.4781951904296875e-05 s
[0, 2000, 2000, 'p1', 0] [[1000, 0], [2000, 1000], [1000, 2000], [0, 1000]]
[1, 2000, 2000, 'p2', 0] [[1000, 0], [2000, 1000], [1000, 2000], [0, 1000]]
[2, 10000, 14000, 'cs1', 0] [[0, 7000], [10000, 7000]]
2/9, Finish initial placement with rotation, time spent: 6.651878356933594e-05 s
3/9, Finish symmetricalization, time spent: 1.2636184692382812e-05 s
4/9, Finish routing, time spent: 6.699562072753906e-05 s
****************************************************
New valid order that can lead to planar graph found:
[[0], [0, 1]]
****************************************************
--Finish applying new order
--Finish mirroring related components
5/9, Finish initialization of new orders, time spent: 0.0003337860107421875 s
6/9, Finish shortening wirelength, time spent: 3.504753112792969e-05 s
Skip stage7 LP according to user's need
8/9, Finish routing, time spent: 9.393692016601562e-05 s
9/9, Finish compaction and connecting ports, time spent: 0.01456594467163086 s
<<<<<<<<<<<<<<<<<<<<<<<<<<<<<< All P&R Done >>>>>>>>>>>>>>>>>>>>>>>>>>>>>>
Total Timeusage: 0.015189647674560547 s
Reordering Timeusage: 0.0003337860107421875 s
LP-based Optimization Timeusage: 0 s
P&R for the new orders: 0.015028715133666992 s
Fit canvas to [46000.0, 24000.0] and center by [11000.0, 0.0]
Done. Combined PR JSON: /home/student/Desktop/Neptune_2026/Microfluidics-Benchmarks/Results/tree_full_20260918_100349/artifacts/mint__Primitive__Capacitance_Sensor__Capacitance_Sensor_fromMINT/result.json
