$ systemd-run --user --scope -q -p MemoryMax=64.0G -p MemorySwapMax=0 /home/student/anaconda3/envs/neptune2026/bin/python /home/student/Desktop/Neptune_2026/scripts/run_all_synthesize_timeout_report.py --_worker --algorithm tree --input /home/student/Desktop/Neptune_2026/Microfluidics-Benchmarks/Results/MINT_TestCases/Primitive/Droplet_Merger/Droplet_Merger_fromMINT.json --case-output /home/student/Desktop/Neptune_2026/Microfluidics-Benchmarks/Results/tree_full_20260918_100349/artifacts/mint__Primitive__Droplet_Merger__Droplet_Merger_fromMINT --time-limit 3600.0 --solver-profile standard --mip-gap 0.0
Finish loading test case: Droplet_Merger_fromMINT
1/9, Finish initial placement, time spent: 3.170967102050781e-05 s
[0, 2000, 2000, 'p1', 0] [[1000, 0], [2000, 1000], [1000, 2000], [0, 1000]]
[1, 2000, 2000, 'p2', 0] [[1000, 0], [2000, 1000], [1000, 2000], [0, 1000]]
[2, 10000, 5000, 'm1', 0] [[0, 2500], [10000, 2500]]
2/9, Finish initial placement with rotation, time spent: 8.273124694824219e-05 s
3/9, Finish symmetricalization, time spent: 1.239776611328125e-05 s
4/9, Finish routing, time spent: 7.939338684082031e-05 s
****************************************************
New valid order that can lead to planar graph found:
[[0], [0], [0]]
****************************************************
--Finish applying new order
--Finish mirroring related components
5/9, Finish initialization of new orders, time spent: 0.00033593177795410156 s
6/9, Finish shortening wirelength, time spent: 3.8623809814453125e-05 s
Skip stage7 LP according to user's need
8/9, Finish routing, time spent: 0.00011730194091796875 s
9/9, Finish compaction and connecting ports, time spent: 0.014410972595214844 s
<<<<<<<<<<<<<<<<<<<<<<<<<<<<<< All P&R Done >>>>>>>>>>>>>>>>>>>>>>>>>>>>>>
Total Timeusage: 0.015109062194824219 s
Reordering Timeusage: 0.00033593177795410156 s
LP-based Optimization Timeusage: 0 s
P&R for the new orders: 0.014902830123901367 s
Fit canvas to [15000.0, 46000.0] and center by [0.0, 6600.0]
Done. Combined PR JSON: /home/student/Desktop/Neptune_2026/Microfluidics-Benchmarks/Results/tree_full_20260918_100349/artifacts/mint__Primitive__Droplet_Merger__Droplet_Merger_fromMINT/result.json
