$ systemd-run --user --scope -q -p MemoryMax=64.0G -p MemorySwapMax=0 /home/student/anaconda3/envs/neptune2026/bin/python /home/student/Desktop/Neptune_2026/scripts/run_all_synthesize_timeout_report.py --_worker --algorithm tree --input /home/student/Desktop/Neptune_2026/Microfluidics-Benchmarks/Results/MINT_TestCases/Primitive/Pump_3d/Pump_3d_fromMINT.json --case-output /home/student/Desktop/Neptune_2026/Microfluidics-Benchmarks/Results/tree_full_20260918_100349/artifacts/mint__Primitive__Pump_3d__Pump_3d_fromMINT --time-limit 3600.0 --solver-profile standard --mip-gap 0.0
Finish loading test case: Pump_3d_fromMINT
1/9, Finish initial placement, time spent: 1.4066696166992188e-05 s
[0, 2000, 2000, 'p1', 0] [[1000, 0], [2000, 1000], [1000, 2000], [0, 1000]]
[1, 2000, 2000, 'p2', 0] [[1000, 0], [2000, 1000], [1000, 2000], [0, 1000]]
[2, 2400, 12400, 'pump', 0] [[1200, 0], [1200, 12400], [1200, 1200], [1200, 6200], [1200, 11200]]
2/9, Finish initial placement with rotation, time spent: 6.628036499023438e-05 s
3/9, Finish symmetricalization, time spent: 1.2636184692382812e-05 s
4/9, Finish routing, time spent: 7.653236389160156e-05 s
****************************************************
New valid order that can lead to planar graph found:
[[0], [0, 1]]
****************************************************
--Finish applying new order
--Finish mirroring related components
5/9, Finish initialization of new orders, time spent: 0.0003914833068847656 s
6/9, Finish shortening wirelength, time spent: 3.24249267578125e-05 s
Skip stage7 LP according to user's need
8/9, Finish routing, time spent: 0.00010585784912109375 s
9/9, Finish compaction and connecting ports, time spent: 0.015424728393554688 s
<<<<<<<<<<<<<<<<<<<<<<<<<<<<<< All P&R Done >>>>>>>>>>>>>>>>>>>>>>>>>>>>>>
Total Timeusage: 0.01612401008605957 s
Reordering Timeusage: 0.0003914833068847656 s
LP-based Optimization Timeusage: 0 s
P&R for the new orders: 0.01595449447631836 s
Fit canvas to [12400.0, 48400.0] and center by [-2800.0, 10600.0]
Done. Combined PR JSON: /home/student/Desktop/Neptune_2026/Microfluidics-Benchmarks/Results/tree_full_20260918_100349/artifacts/mint__Primitive__Pump_3d__Pump_3d_fromMINT/result.json
