$ systemd-run --user --scope -q -p MemoryMax=64.0G -p MemorySwapMax=0 /home/student/anaconda3/envs/neptune2026/bin/python /home/student/Desktop/Neptune_2026/scripts/run_all_synthesize_timeout_report.py --_worker --algorithm tree --input /home/student/Desktop/Neptune_2026/Microfluidics-Benchmarks/Results/MINT_TestCases/Distribute_Library/Hv_Storage_Grid_16/Hv_Storage_Grid_16_fromMINT.json --case-output /home/student/Desktop/Neptune_2026/Microfluidics-Benchmarks/Results/tree_full_20260918_100349/artifacts/mint__Distribute_Library__Hv_Storage_Grid_16__Hv_Storage_Grid_16_fromMINT --time-limit 3600.0 --solver-profile standard --mip-gap 0.0
Finish loading test case: Hv_Storage_Grid_16_fromMINT
1/9, Finish initial placement, time spent: 1.2636184692382812e-05 s
[0, 1400, 1400, 'port_1', 0] [[700, 0], [1400, 700], [700, 1400], [0, 700]]
[1, 1400, 1400, 'port_2', 0] [[700, 0], [1400, 700], [700, 1400], [0, 700]]
2/9, Finish initial placement with rotation, time spent: 6.818771362304688e-05 s
3/9, Finish symmetricalization, time spent: 1.1682510375976562e-05 s
4/9, Finish routing, time spent: 5.0067901611328125e-05 s
****************************************************
New valid order that can lead to planar graph found:
[[0], [0]]
****************************************************
--Finish applying new order
--Finish mirroring related components
5/9, Finish initialization of new orders, time spent: 0.0002875328063964844 s
6/9, Finish shortening wirelength, time spent: 2.6941299438476562e-05 s
Skip stage7 LP according to user's need
8/9, Finish routing, time spent: 8.034706115722656e-05 s
9/9, Finish compaction and connecting ports, time spent: 0.011635065078735352 s
<<<<<<<<<<<<<<<<<<<<<<<<<<<<<< All P&R Done >>>>>>>>>>>>>>>>>>>>>>>>>>>>>>
Total Timeusage: 0.012172460556030273 s
Reordering Timeusage: 0.0002875328063964844 s
LP-based Optimization Timeusage: 0 s
P&R for the new orders: 0.012029886245727539 s
Fit canvas to [12000.0, 17800.0] and center by [300.0, 300.0]
Done. Combined PR JSON: /home/student/Desktop/Neptune_2026/Microfluidics-Benchmarks/Results/tree_full_20260918_100349/artifacts/mint__Distribute_Library__Hv_Storage_Grid_16__Hv_Storage_Grid_16_fromMINT/result.json
