$ systemd-run --user --scope -q -p MemoryMax=64.0G -p MemorySwapMax=0 /home/student/anaconda3/envs/neptune2026/bin/python /home/student/Desktop/Neptune_2026/scripts/run_all_synthesize_timeout_report.py --_worker --algorithm tree --input /home/student/Desktop/Neptune_2026/Microfluidics-Benchmarks/Results/MINT_TestCases/Primitive/Node/Node_fromMINT.json --case-output /home/student/Desktop/Neptune_2026/Microfluidics-Benchmarks/Results/tree_full_20260918_100349/artifacts/mint__Primitive__Node__Node_fromMINT --time-limit 3600.0 --solver-profile standard --mip-gap 0.0
Reversed 1 connection(s) with opposite-port direction conflicts: c1.
Finish loading test case: Node_fromMINT
1/9, Finish initial placement, time spent: 3.0994415283203125e-05 s
[0, 2000, 2000, 'p1', 0] [[1000, 0], [2000, 1000], [1000, 2000], [0, 1000]]
[1, 2000, 2000, 'p2', 0] [[1000, 0], [2000, 1000], [1000, 2000], [0, 1000]]
[2, 100, 100, 'n', 0] [[50.0, 0.0], [100.0, 50.0], [50.0, 100.0], [0.0, 50.0]]
2/9, Finish initial placement with rotation, time spent: 6.747245788574219e-05 s
3/9, Finish symmetricalization, time spent: 1.239776611328125e-05 s
4/9, Finish routing, time spent: 7.033348083496094e-05 s
****************************************************
New valid order that can lead to planar graph found:
[[0, 1], [0]]
****************************************************
--Finish applying new order
--Finish mirroring related components
5/9, Finish initialization of new orders, time spent: 0.0003485679626464844 s
6/9, Finish shortening wirelength, time spent: 3.337860107421875e-05 s
Skip stage7 LP according to user's need
8/9, Finish routing, time spent: 0.00011801719665527344 s
9/9, Finish compaction and connecting ports, time spent: 0.015056371688842773 s
<<<<<<<<<<<<<<<<<<<<<<<<<<<<<< All P&R Done >>>>>>>>>>>>>>>>>>>>>>>>>>>>>>
Total Timeusage: 0.015737533569335938 s
Reordering Timeusage: 0.0003485679626464844 s
LP-based Optimization Timeusage: 0 s
P&R for the new orders: 0.01555633544921875 s
Fit canvas to [18000.0, 16200.0] and center by [0.0, 0.0]
Done. Combined PR JSON: /home/student/Desktop/Neptune_2026/Microfluidics-Benchmarks/Results/tree_full_20260918_100349/artifacts/mint__Primitive__Node__Node_fromMINT/result.json
