$ systemd-run --user --scope -q -p MemoryMax=64.0G -p MemorySwapMax=0 /home/student/anaconda3/envs/neptune2026/bin/python /home/student/Desktop/Neptune_2026/scripts/run_all_synthesize_timeout_report.py --_worker --algorithm tree --input /home/student/Desktop/Neptune_2026/Microfluidics-Benchmarks/Results/MINT_TestCases/CIDAR_Lab_Past_Devices/Ring/Ring_fromMINT.json --case-output /home/student/Desktop/Neptune_2026/Microfluidics-Benchmarks/Results/tree_full_20260918_100349/artifacts/mint__CIDAR_Lab_Past_Devices__Ring__Ring_fromMINT --time-limit 3600.0 --solver-profile standard --mip-gap 0.0
Reversed 5 connection(s) with opposite-port direction conflicts: channel_1, channel_2, channel_3, channel_4, channel_5.
Finish loading test case: Ring_fromMINT
1/9, Finish initial placement, time spent: 3.504753112792969e-05 s
[0, 4060, 4860, 'mixer_1', 0] [[2030, 0], [2030, 4860]]
[1, 4060, 4860, 'mixer_2', 0] [[2030, 0], [2030, 4860]]
[2, 1400, 1400, 'port_1', 0] [[700, 0], [1400, 700], [700, 1400], [0, 700]]
[3, 1400, 1400, 'port_2', 0] [[700, 0], [1400, 700], [700, 1400], [0, 700]]
[4, 1400, 1400, 'port_3', 0] [[700, 0], [1400, 700], [700, 1400], [0, 700]]
[5, 1400, 1400, 'port_4', 0] [[700, 0], [1400, 700], [700, 1400], [0, 700]]
2/9, Finish initial placement with rotation, time spent: 0.00012087821960449219 s
3/9, Finish symmetricalization, time spent: 1.5020370483398438e-05 s
4/9, Finish routing, time spent: 0.0001354217529296875 s
****************************************************
New valid order that can lead to planar graph found:
[[0, 1], [0, 1], [0], [0]]
****************************************************
--Finish applying new order
--Finish mirroring related components
5/9, Finish initialization of new orders, time spent: 0.0004966259002685547 s
6/9, Finish shortening wirelength, time spent: 5.8650970458984375e-05 s
Skip stage7 LP according to user's need
8/9, Finish routing, time spent: 0.0001647472381591797 s
9/9, Finish compaction and connecting ports, time spent: 0.024107694625854492 s
<<<<<<<<<<<<<<<<<<<<<<<<<<<<<< All P&R Done >>>>>>>>>>>>>>>>>>>>>>>>>>>>>>
Total Timeusage: 0.02513408660888672 s
Reordering Timeusage: 0.0004966259002685547 s
LP-based Optimization Timeusage: 0 s
P&R for the new orders: 0.02482771873474121 s
Fan 2 shared-hinge MIXER mixer_1 pads by pitch 4000
Fit canvas to [20730.0, 36220.0] and center by [970.0, 200.0]
Done. Combined PR JSON: /home/student/Desktop/Neptune_2026/Microfluidics-Benchmarks/Results/tree_full_20260918_100349/artifacts/mint__CIDAR_Lab_Past_Devices__Ring__Ring_fromMINT/result.json
