$ systemd-run --user --scope -q -p MemoryMax=64.0G -p MemorySwapMax=0 /home/student/anaconda3/envs/neptune2026/bin/python /home/student/Desktop/Neptune_2026/scripts/run_all_synthesize_timeout_report.py --_worker --algorithm tree --input /home/student/Desktop/Neptune_2026/Microfluidics-Benchmarks/Results/MINT_TestCases/Primitive/Curved_Mixer/Curved_Mixer_fromMINT.json --case-output /home/student/Desktop/Neptune_2026/Microfluidics-Benchmarks/Results/tree_full_20260918_100349/artifacts/mint__Primitive__Curved_Mixer__Curved_Mixer_fromMINT --time-limit 3600.0 --solver-profile standard --mip-gap 0.0
Reversed 2 connection(s) with opposite-port direction conflicts: c1, c2.
Finish loading test case: Curved_Mixer_fromMINT
1/9, Finish initial placement, time spent: 1.4066696166992188e-05 s
[0, 2000, 2000, 'p1', 0] [[1000, 0], [2000, 1000], [1000, 2000], [0, 1000]]
[1, 2000, 2000, 'p2', 0] [[1000, 0], [2000, 1000], [1000, 2000], [0, 1000]]
[2, 5290, 4860, 'm1', 0] [[2645, 0], [2645, 4860]]
2/9, Finish initial placement with rotation, time spent: 6.651878356933594e-05 s
3/9, Finish symmetricalization, time spent: 1.3113021850585938e-05 s
4/9, Finish routing, time spent: 7.915496826171875e-05 s
****************************************************
New valid order that can lead to planar graph found:
[[0], [0], [0]]
****************************************************
--Finish applying new order
--Finish mirroring related components
5/9, Finish initialization of new orders, time spent: 0.0003437995910644531 s
6/9, Finish shortening wirelength, time spent: 3.838539123535156e-05 s
Skip stage7 LP according to user's need
8/9, Finish routing, time spent: 0.00010466575622558594 s
9/9, Finish compaction and connecting ports, time spent: 0.01474142074584961 s
<<<<<<<<<<<<<<<<<<<<<<<<<<<<<< All P&R Done >>>>>>>>>>>>>>>>>>>>>>>>>>>>>>
Total Timeusage: 0.015401124954223633 s
Reordering Timeusage: 0.0003437995910644531 s
LP-based Optimization Timeusage: 0 s
P&R for the new orders: 0.015228271484375 s
Fit canvas to [15290.0, 40860.0] and center by [0.0, 6600.0]
Done. Combined PR JSON: /home/student/Desktop/Neptune_2026/Microfluidics-Benchmarks/Results/tree_full_20260918_100349/artifacts/mint__Primitive__Curved_Mixer__Curved_Mixer_fromMINT/result.json
