$ systemd-run --user --scope -q -p MemoryMax=64.0G -p MemorySwapMax=0 /home/student/anaconda3/envs/neptune2026/bin/python /home/student/Desktop/Neptune_2026/scripts/run_all_synthesize_timeout_report.py --_worker --algorithm tree --input /home/student/Desktop/Neptune_2026/Microfluidics-Benchmarks/Results/MINT_TestCases/Primitive/Pump/Pump_fromMINT.json --case-output /home/student/Desktop/Neptune_2026/Microfluidics-Benchmarks/Results/tree_full_20260918_100349/artifacts/mint__Primitive__Pump__Pump_fromMINT --time-limit 3600.0 --solver-profile standard --mip-gap 0.0
Reversed 1 connection(s) with opposite-port direction conflicts: c1.
Finish loading test case: Pump_fromMINT
1/9, Finish initial placement, time spent: 1.5974044799804688e-05 s
[0, 2000, 2000, 'p1', 0] [[1000, 0], [2000, 1000], [1000, 2000], [0, 1000]]
[1, 2000, 2000, 'p2', 0] [[1000, 0], [2000, 1000], [1000, 2000], [0, 1000]]
[2, 600, 2300, 'pump', 0] [[300, 0], [300, 2300], [300, 150], [300, 1150], [300, 2150]]
2/9, Finish initial placement with rotation, time spent: 6.794929504394531e-05 s
3/9, Finish symmetricalization, time spent: 1.2874603271484375e-05 s
4/9, Finish routing, time spent: 9.393692016601562e-05 s
****************************************************
New valid order that can lead to planar graph found:
[[0], [0], [0]]
****************************************************
--Finish applying new order
--Finish mirroring related components
5/9, Finish initialization of new orders, time spent: 0.00041294097900390625 s
6/9, Finish shortening wirelength, time spent: 3.790855407714844e-05 s
Skip stage7 LP according to user's need
8/9, Finish routing, time spent: 0.00011134147644042969 s
9/9, Finish compaction and connecting ports, time spent: 0.015685319900512695 s
<<<<<<<<<<<<<<<<<<<<<<<<<<<<<< All P&R Done >>>>>>>>>>>>>>>>>>>>>>>>>>>>>>
Total Timeusage: 0.01643824577331543 s
Reordering Timeusage: 0.00041294097900390625 s
LP-based Optimization Timeusage: 0 s
P&R for the new orders: 0.01624751091003418 s
Fan 2 shared-hinge PUMP pump pads by pitch 2400
Fit canvas to [14400.0, 38300.0] and center by [1200.0, 6600.0]
Done. Combined PR JSON: /home/student/Desktop/Neptune_2026/Microfluidics-Benchmarks/Results/tree_full_20260918_100349/artifacts/mint__Primitive__Pump__Pump_fromMINT/result.json
