$ systemd-run --user --scope -q -p MemoryMax=64.0G -p MemorySwapMax=0 /home/student/anaconda3/envs/neptune2026/bin/python /home/student/Desktop/Neptune_2026/scripts/run_all_synthesize_timeout_report.py --_worker --algorithm tree --input /home/student/Desktop/Neptune_2026/Microfluidics-Benchmarks/Results/MINT_TestCases/Primitive/Tree/Tree_fromMINT.json --case-output /home/student/Desktop/Neptune_2026/Microfluidics-Benchmarks/Results/tree_full_20260918_100349/artifacts/mint__Primitive__Tree__Tree_fromMINT --time-limit 3600.0 --solver-profile standard --mip-gap 0.0
Reversed 5 connection(s) with opposite-port direction conflicts: ci1, co1, co2, co3, c04.
Finish loading test case: Tree_fromMINT
1/9, Finish initial placement, time spent: 1.7404556274414062e-05 s
[0, 2000, 2000, 'p_in', 0] [[1000, 0], [2000, 1000], [1000, 2000], [0, 1000]]
[1, 2000, 2000, 'p_out1', 0] [[1000, 0], [2000, 1000], [1000, 2000], [0, 1000]]
[2, 2000, 2000, 'p_out2', 0] [[1000, 0], [2000, 1000], [1000, 2000], [0, 1000]]
[3, 2000, 2000, 'p_out3', 0] [[1000, 0], [2000, 1000], [1000, 2000], [0, 1000]]
[4, 2000, 2000, 'p_out4', 0] [[1000, 0], [2000, 1000], [1000, 2000], [0, 1000]]
[5, 18800, 13600, 't', 0] [[9400, 0], [18400, 13600], [12400, 13600], [6400, 13600], [400, 13600]]
2/9, Finish initial placement with rotation, time spent: 0.00010657310485839844 s
3/9, Finish symmetricalization, time spent: 1.4781951904296875e-05 s
4/9, Finish routing, time spent: 0.00014591217041015625 s
****************************************************
New valid order that can lead to planar graph found:
[[0], [0], [0, 1, 2, 3]]
****************************************************
--Finish applying new order
--Finish mirroring related components
5/9, Finish initialization of new orders, time spent: 0.0004756450653076172 s
6/9, Finish shortening wirelength, time spent: 5.269050598144531e-05 s
Skip stage7 LP according to user's need
8/9, Finish routing, time spent: 0.00017333030700683594 s
9/9, Finish compaction and connecting ports, time spent: 0.026210308074951172 s
<<<<<<<<<<<<<<<<<<<<<<<<<<<<<< All P&R Done >>>>>>>>>>>>>>>>>>>>>>>>>>>>>>
Total Timeusage: 0.027196645736694336 s
Reordering Timeusage: 0.0004756450653076172 s
LP-based Optimization Timeusage: 0 s
P&R for the new orders: 0.02691197395324707 s
Fit canvas to [54000.0, 49600.0] and center by [12000.0, 6800.0]
Done. Combined PR JSON: /home/student/Desktop/Neptune_2026/Microfluidics-Benchmarks/Results/tree_full_20260918_100349/artifacts/mint__Primitive__Tree__Tree_fromMINT/result.json
