$ systemd-run --user --scope -q -p MemoryMax=64.0G -p MemorySwapMax=0 /home/student/anaconda3/envs/neptune2026/bin/python /home/student/Desktop/Neptune_2026/scripts/run_all_synthesize_timeout_report.py --_worker --algorithm tree --input /home/student/Desktop/Neptune_2026/Microfluidics-Benchmarks/Results/MINT_TestCases/Base/Super_MUX_512/Super_MUX_512_fromMINT.json --case-output /home/student/Desktop/Neptune_2026/Microfluidics-Benchmarks/Results/tree_full_20260918_100349/artifacts/mint__Base__Super_MUX_512__Super_MUX_512_fromMINT --time-limit 3600.0 --solver-profile standard --mip-gap 0.0
Finish loading test case: Super_MUX_512_fromMINT
1/9, Finish initial placement, time spent: 0.00040531158447265625 s
[0, 2046800, 34500, 'mux_512', 0] [[1023400.0, 0.0], [2045400.0, 34500.0], [2041400.0, 34500.0], [2037400.0, 34500.0], [2033400.0, 34500.0], [2029400.0, 34500.0], [2025400.0, 34500.0], [2021400.0, 34500.0], [2017400.0, 34500.0], [2013400.0, 34500.0], [2009400.0, 34500.0], [2005400.0, 34500.0], [2001400.0, 34500.0], [1997400.0, 34500.0], [1993400.0, 34500.0], [1989400.0, 34500.0], [1985400.0, 34500.0], [1981400.0, 34500.0], [1977400.0, 34500.0], [1973400.0, 34500.0], [1969400.0, 34500.0], [1965400.0, 34500.0], [1961400.0, 34500.0], [1957400.0, 34500.0], [1953400.0, 34500.0], [1949400.0, 34500.0], [1945400.0, 34500.0], [1941400.0, 34500.0], [1937400.0, 34500.0], [1933400.0, 34500.0], [1929400.0, 34500.0], [1925400.0, 34500.0], [1921400.0, 34500.0], [1917400.0, 34500.0], [1913400.0, 34500.0], [1909400.0, 34500.0], [1905400.0, 34500.0], [1901400.0, 34500.0], [1897400.0, 34500.0], [1893400.0, 34500.0], [1889400.0, 34500.0], [1885400.0, 34500.0], [1881400.0, 34500.0], [1877400.0, 34500.0], [1873400.0, 34500.0], [1869400.0, 34500.0], [1865400.0, 34500.0], [1861400.0, 34500.0], [1857400.0, 34500.0], [1853400.0, 34500.0], [1849400.0, 34500.0], [1845400.0, 34500.0], [1841400.0, 34500.0], [1837400.0, 34500.0], [1833400.0, 34500.0], [1829400.0, 34500.0], [1825400.0, 34500.0], [1821400.0, 34500.0], [1817400.0, 34500.0], [1813400.0, 34500.0], [1809400.0, 34500.0], [1805400.0, 34500.0], [1801400.0, 34500.0], [1797400.0, 34500.0], [1793400.0, 34500.0], [1789400.0, 34500.0], [1785400.0, 34500.0], [1781400.0, 34500.0], [1777400.0, 34500.0], [1773400.0, 34500.0], [1769400.0, 34500.0], [1765400.0, 34500.0], [1761400.0, 34500.0], [1757400.0, 34500.0], [1753400.0, 34500.0], [1749400.0, 34500.0], [1745400.0, 34500.0], [1741400.0, 34500.0], [1737400.0, 34500.0], [1733400.0, 34500.0], [1729400.0, 34500.0], [1725400.0, 34500.0], [1721400.0, 34500.0], [1717400.0, 34500.0], [1713400.0, 34500.0], [1709400.0, 34500.0], [1705400.0, 34500.0], [1701400.0, 34500.0], [1697400.0, 34500.0], [1693400.0, 34500.0], [1689400.0, 34500.0], [1685400.0, 34500.0], [1681400.0, 34500.0], [1677400.0, 34500.0], [1673400.0, 34500.0], [1669400.0, 34500.0], [1665400.0, 34500.0], [1661400.0, 34500.0], [1657400.0, 34500.0], [1653400.0, 34500.0], [1649400.0, 34500.0], [1645400.0, 34500.0], [1641400.0, 34500.0], [1637400.0, 34500.0], [1633400.0, 34500.0], [1629400.0, 34500.0], [1625400.0, 34500.0], [1621400.0, 34500.0], [1617400.0, 34500.0], [1613400.0, 34500.0], [1609400.0, 34500.0], [1605400.0, 34500.0], [1601400.0, 34500.0], [1597400.0, 34500.0], [1593400.0, 34500.0], [1589400.0, 34500.0], [1585400.0, 34500.0], [1581400.0, 34500.0], [1577400.0, 34500.0], [1573400.0, 34500.0], [1569400.0, 34500.0], [1565400.0, 34500.0], [1561400.0, 34500.0], [1557400.0, 34500.0], [1553400.0, 34500.0], [1549400.0, 34500.0], [1545400.0, 34500.0], [1541400.0, 34500.0], [1537400.0, 34500.0], [1533400.0, 34500.0], [1529400.0, 34500.0], [1525400.0, 34500.0], [1521400.0, 34500.0], [1517400.0, 34500.0], [1513400.0, 34500.0], [1509400.0, 34500.0], [1505400.0, 34500.0], [1501400.0, 34500.0], [1497400.0, 34500.0], [1493400.0, 34500.0], [1489400.0, 34500.0], [1485400.0, 34500.0], [1481400.0, 34500.0], [1477400.0, 34500.0], [1473400.0, 34500.0], [1469400.0, 34500.0], [1465400.0, 34500.0], [1461400.0, 34500.0], [1457400.0, 34500.0], [1453400.0, 34500.0], [1449400.0, 34500.0], [1445400.0, 34500.0], [1441400.0, 34500.0], [1437400.0, 34500.0], [1433400.0, 34500.0], [1429400.0, 34500.0], [1425400.0, 34500.0], [1421400.0, 34500.0], [1417400.0, 34500.0], [1413400.0, 34500.0], [1409400.0, 34500.0], [1405400.0, 34500.0], [1401400.0, 34500.0], [1397400.0, 34500.0], [1393400.0, 34500.0], [1389400.0, 34500.0], [1385400.0, 34500.0], [1381400.0, 34500.0], [1377400.0, 34500.0], [1373400.0, 34500.0], [1369400.0, 34500.0], [1365400.0, 34500.0], [1361400.0, 34500.0], [1357400.0, 34500.0], [1353400.0, 34500.0], [1349400.0, 34500.0], [1345400.0, 34500.0], [1341400.0, 34500.0], [1337400.0, 34500.0], [1333400.0, 34500.0], [1329400.0, 34500.0], [1325400.0, 34500.0], [1321400.0, 34500.0], [1317400.0, 34500.0], [1313400.0, 34500.0], [1309400.0, 34500.0], [1305400.0, 34500.0], [1301400.0, 34500.0], [1297400.0, 34500.0], [1293400.0, 34500.0], [1289400.0, 34500.0], [1285400.0, 34500.0], [1281400.0, 34500.0], [1277400.0, 34500.0], [1273400.0, 34500.0], [1269400.0, 34500.0], [1265400.0, 34500.0], [1261400.0, 34500.0], [1257400.0, 34500.0], [1253400.0, 34500.0], [1249400.0, 34500.0], [1245400.0, 34500.0], [1241400.0, 34500.0], [1237400.0, 34500.0], [1233400.0, 34500.0], [1229400.0, 34500.0], [1225400.0, 34500.0], [1221400.0, 34500.0], [1217400.0, 34500.0], [1213400.0, 34500.0], [1209400.0, 34500.0], [1205400.0, 34500.0], [1201400.0, 34500.0], [1197400.0, 34500.0], [1193400.0, 34500.0], [1189400.0, 34500.0], [1185400.0, 34500.0], [1181400.0, 34500.0], [1177400.0, 34500.0], [1173400.0, 34500.0], [1169400.0, 34500.0], [1165400.0, 34500.0], [1161400.0, 34500.0], [1157400.0, 34500.0], [1153400.0, 34500.0], [1149400.0, 34500.0], [1145400.0, 34500.0], [1141400.0, 34500.0], [1137400.0, 34500.0], [1133400.0, 34500.0], [1129400.0, 34500.0], [1125400.0, 34500.0], [1121400.0, 34500.0], [1117400.0, 34500.0], [1113400.0, 34500.0], [1109400.0, 34500.0], [1105400.0, 34500.0], [1101400.0, 34500.0], [1097400.0, 34500.0], [1093400.0, 34500.0], [1089400.0, 34500.0], [1085400.0, 34500.0], [1081400.0, 34500.0], [1077400.0, 34500.0], [1073400.0, 34500.0], [1069400.0, 34500.0], [1065400.0, 34500.0], [1061400.0, 34500.0], [1057400.0, 34500.0], [1053400.0, 34500.0], [1049400.0, 34500.0], [1045400.0, 34500.0], [1041400.0, 34500.0], [1037400.0, 34500.0], [1033400.0, 34500.0], [1029400.0, 34500.0], [1025400.0, 34500.0], [1021400.0, 34500.0], [1017400.0, 34500.0], [1013400.0, 34500.0], [1009400.0, 34500.0], [1005400.0, 34500.0], [1001400.0, 34500.0], [997400.0, 34500.0], [993400.0, 34500.0], [989400.0, 34500.0], [985400.0, 34500.0], [981400.0, 34500.0], [977400.0, 34500.0], [973400.0, 34500.0], [969400.0, 34500.0], [965400.0, 34500.0], [961400.0, 34500.0], [957400.0, 34500.0], [953400.0, 34500.0], [949400.0, 34500.0], [945400.0, 34500.0], [941400.0, 34500.0], [937400.0, 34500.0], [933400.0, 34500.0], [929400.0, 34500.0], [925400.0, 34500.0], [921400.0, 34500.0], [917400.0, 34500.0], [913400.0, 34500.0], [909400.0, 34500.0], [905400.0, 34500.0], [901400.0, 34500.0], [897400.0, 34500.0], [893400.0, 34500.0], [889400.0, 34500.0], [885400.0, 34500.0], [881400.0, 34500.0], [877400.0, 34500.0], [873400.0, 34500.0], [869400.0, 34500.0], [865400.0, 34500.0], [861400.0, 34500.0], [857400.0, 34500.0], [853400.0, 34500.0], [849400.0, 34500.0], [845400.0, 34500.0], [841400.0, 34500.0], [837400.0, 34500.0], [833400.0, 34500.0], [829400.0, 34500.0], [825400.0, 34500.0], [821400.0, 34500.0], [817400.0, 34500.0], [813400.0, 34500.0], [809400.0, 34500.0], [805400.0, 34500.0], [801400.0, 34500.0], [797400.0, 34500.0], [793400.0, 34500.0], [789400.0, 34500.0], [785400.0, 34500.0], [781400.0, 34500.0], [777400.0, 34500.0], [773400.0, 34500.0], [769400.0, 34500.0], [765400.0, 34500.0], [761400.0, 34500.0], [757400.0, 34500.0], [753400.0, 34500.0], [749400.0, 34500.0], [745400.0, 34500.0], [741400.0, 34500.0], [737400.0, 34500.0], [733400.0, 34500.0], [729400.0, 34500.0], [725400.0, 34500.0], [721400.0, 34500.0], [717400.0, 34500.0], [713400.0, 34500.0], [709400.0, 34500.0], [705400.0, 34500.0], [701400.0, 34500.0], [697400.0, 34500.0], [693400.0, 34500.0], [689400.0, 34500.0], [685400.0, 34500.0], [681400.0, 34500.0], [677400.0, 34500.0], [673400.0, 34500.0], [669400.0, 34500.0], [665400.0, 34500.0], [661400.0, 34500.0], [657400.0, 34500.0], [653400.0, 34500.0], [649400.0, 34500.0], [645400.0, 34500.0], [641400.0, 34500.0], [637400.0, 34500.0], [633400.0, 34500.0], [629400.0, 34500.0], [625400.0, 34500.0], [621400.0, 34500.0], [617400.0, 34500.0], [613400.0, 34500.0], [609400.0, 34500.0], [605400.0, 34500.0], [601400.0, 34500.0], [597400.0, 34500.0], [593400.0, 34500.0], [589400.0, 34500.0], [585400.0, 34500.0], [581400.0, 34500.0], [577400.0, 34500.0], [573400.0, 34500.0], [569400.0, 34500.0], [565400.0, 34500.0], [561400.0, 34500.0], [557400.0, 34500.0], [553400.0, 34500.0], [549400.0, 34500.0], [545400.0, 34500.0], [541400.0, 34500.0], [537400.0, 34500.0], [533400.0, 34500.0], [529400.0, 34500.0], [525400.0, 34500.0], [521400.0, 34500.0], [517400.0, 34500.0], [513400.0, 34500.0], [509400.0, 34500.0], [505400.0, 34500.0], [501400.0, 34500.0], [497400.0, 34500.0], [493400.0, 34500.0], [489400.0, 34500.0], [485400.0, 34500.0], [481400.0, 34500.0], [477400.0, 34500.0], [473400.0, 34500.0], [469400.0, 34500.0], [465400.0, 34500.0], [461400.0, 34500.0], [457400.0, 34500.0], [453400.0, 34500.0], [449400.0, 34500.0], [445400.0, 34500.0], [441400.0, 34500.0], [437400.0, 34500.0], [433400.0, 34500.0], [429400.0, 34500.0], [425400.0, 34500.0], [421400.0, 34500.0], [417400.0, 34500.0], [413400.0, 34500.0], [409400.0, 34500.0], [405400.0, 34500.0], [401400.0, 34500.0], [397400.0, 34500.0], [393400.0, 34500.0], [389400.0, 34500.0], [385400.0, 34500.0], [381400.0, 34500.0], [377400.0, 34500.0], [373400.0, 34500.0], [369400.0, 34500.0], [365400.0, 34500.0], [361400.0, 34500.0], [357400.0, 34500.0], [353400.0, 34500.0], [349400.0, 34500.0], [345400.0, 34500.0], [341400.0, 34500.0], [337400.0, 34500.0], [333400.0, 34500.0], [329400.0, 34500.0], [325400.0, 34500.0], [321400.0, 34500.0], [317400.0, 34500.0], [313400.0, 34500.0], [309400.0, 34500.0], [305400.0, 34500.0], [301400.0, 34500.0], [297400.0, 34500.0], [293400.0, 34500.0], [289400.0, 34500.0], [285400.0, 34500.0], [281400.0, 34500.0], [277400.0, 34500.0], [273400.0, 34500.0], [269400.0, 34500.0], [265400.0, 34500.0], [261400.0, 34500.0], [257400.0, 34500.0], [253400.0, 34500.0], [249400.0, 34500.0], [245400.0, 34500.0], [241400.0, 34500.0], [237400.0, 34500.0], [233400.0, 34500.0], [229400.0, 34500.0], [225400.0, 34500.0], [221400.0, 34500.0], [217400.0, 34500.0], [213400.0, 34500.0], [209400.0, 34500.0], [205400.0, 34500.0], [201400.0, 34500.0], [197400.0, 34500.0], [193400.0, 34500.0], [189400.0, 34500.0], [185400.0, 34500.0], [181400.0, 34500.0], [177400.0, 34500.0], [173400.0, 34500.0], [169400.0, 34500.0], [165400.0, 34500.0], [161400.0, 34500.0], [157400.0, 34500.0], [153400.0, 34500.0], [149400.0, 34500.0], [145400.0, 34500.0], [141400.0, 34500.0], [137400.0, 34500.0], [133400.0, 34500.0], [129400.0, 34500.0], [125400.0, 34500.0], [121400.0, 34500.0], [117400.0, 34500.0], [113400.0, 34500.0], [109400.0, 34500.0], [105400.0, 34500.0], [101400.0, 34500.0], [97400.0, 34500.0], [93400.0, 34500.0], [89400.0, 34500.0], [85400.0, 34500.0], [81400.0, 34500.0], [77400.0, 34500.0], [73400.0, 34500.0], [69400.0, 34500.0], [65400.0, 34500.0], [61400.0, 34500.0], [57400.0, 34500.0], [53400.0, 34500.0], [49400.0, 34500.0], [45400.0, 34500.0], [41400.0, 34500.0], [37400.0, 34500.0], [33400.0, 34500.0], [29400.0, 34500.0], [25400.0, 34500.0], [21400.0, 34500.0], [17400.0, 34500.0], [13400.0, 34500.0], [9400.0, 34500.0], [5400.0, 34500.0], [1400.0, 34500.0], [0.0, 4750.0], [2046800.0, 5250.0], [0.0, 8250.0], [2046800.0, 8750.0], [0.0, 11750.0], [2046800.0, 12250.0], [0.0, 15250.0], [2046800.0, 15750.0], [0.0, 18750.0], [2046800.0, 19250.0], [0.0, 22250.0], [2046800.0, 22750.0], [0.0, 25750.0], [2046800.0, 26250.0], [0.0, 29250.0], [2046800.0, 29750.0], [0.0, 32750.0], [2046800.0, 33250.0]]
[1, 2000, 2000, 'port_out', 0] [[1000, 0], [2000, 1000], [1000, 2000], [0, 1000]]
[2, 2000, 2000, 'port_in_1', 0] [[1000, 0], [2000, 1000], [1000, 2000], [0, 1000]]
[3, 2000, 2000, 'port_in_2', 0] [[1000, 0], [2000, 1000], [1000, 2000], [0, 1000]]
[4, 2000, 2000, 'port_in_3', 0] [[1000, 0], [2000, 1000], [1000, 2000], [0, 1000]]
[5, 2000, 2000, 'port_in_4', 0] [[1000, 0], [2000, 1000], [1000, 2000], [0, 1000]]
[6, 2000, 2000, 'port_in_5', 0] [[1000, 0], [2000, 1000], [1000, 2000], [0, 1000]]
[7, 2000, 2000, 'port_in_6', 0] [[1000, 0], [2000, 1000], [1000, 2000], [0, 1000]]
[8, 2000, 2000, 'port_in_7', 0] [[1000, 0], [2000, 1000], [1000, 2000], [0, 1000]]
[9, 2000, 2000, 'port_in_8', 0] [[1000, 0], [2000, 1000], [1000, 2000], [0, 1000]]
[10, 2000, 2000, 'port_in_9', 0] [[1000, 0], [2000, 1000], [1000, 2000], [0, 1000]]
[11, 2000, 2000, 'port_in_10', 0] [[1000, 0], [2000, 1000], [1000, 2000], [0, 1000]]
[12, 2000, 2000, 'port_in_11', 0] [[1000, 0], [2000, 1000], [1000, 2000], [0, 1000]]
[13, 2000, 2000, 'port_in_12', 0] [[1000, 0], [2000, 1000], [1000, 2000], [0, 1000]]
[14, 2000, 2000, 'port_in_13', 0] [[1000, 0], [2000, 1000], [1000, 2000], [0, 1000]]
[15, 2000, 2000, 'port_in_14', 0] [[1000, 0], [2000, 1000], [1000, 2000], [0, 1000]]
[16, 2000, 2000, 'port_in_15', 0] [[1000, 0], [2000, 1000], [1000, 2000], [0, 1000]]
[17, 2000, 2000, 'port_in_16', 0] [[1000, 0], [2000, 1000], [1000, 2000], [0, 1000]]
[18, 2000, 2000, 'port_in_17', 0] [[1000, 0], [2000, 1000], [1000, 2000], [0, 1000]]
[19, 2000, 2000, 'port_in_18', 0] [[1000, 0], [2000, 1000], [1000, 2000], [0, 1000]]
[20, 2000, 2000, 'port_in_19', 0] [[1000, 0], [2000, 1000], [1000, 2000], [0, 1000]]
[21, 2000, 2000, 'port_in_20', 0] [[1000, 0], [2000, 1000], [1000, 2000], [0, 1000]]
[22, 2000, 2000, 'port_in_21', 0] [[1000, 0], [2000, 1000], [1000, 2000], [0, 1000]]
[23, 2000, 2000, 'port_in_22', 0] [[1000, 0], [2000, 1000], [1000, 2000], [0, 1000]]
[24, 2000, 2000, 'port_in_23', 0] [[1000, 0], [2000, 1000], [1000, 2000], [0, 1000]]
[25, 2000, 2000, 'port_in_24', 0] [[1000, 0], [2000, 1000], [1000, 2000], [0, 1000]]
[26, 2000, 2000, 'port_in_25', 0] [[1000, 0], [2000, 1000], [1000, 2000], [0, 1000]]
[27, 2000, 2000, 'port_in_26', 0] [[1000, 0], [2000, 1000], [1000, 2000], [0, 1000]]
[28, 2000, 2000, 'port_in_27', 0] [[1000, 0], [2000, 1000], [1000, 2000], [0, 1000]]
[29, 2000, 2000, 'port_in_28', 0] [[1000, 0], [2000, 1000], [1000, 2000], [0, 1000]]
[30, 2000, 2000, 'port_in_29', 0] [[1000, 0], [2000, 1000], [1000, 2000], [0, 1000]]
[31, 2000, 2000, 'port_in_30', 0] [[1000, 0], [2000, 1000], [1000, 2000], [0, 1000]]
[32, 2000, 2000, 'port_in_31', 0] [[1000, 0], [2000, 1000], [1000, 2000], [0, 1000]]
[33, 2000, 2000, 'port_in_32', 0] [[1000, 0], [2000, 1000], [1000, 2000], [0, 1000]]
[34, 2000, 2000, 'port_in_33', 0] [[1000, 0], [2000, 1000], [1000, 2000], [0, 1000]]
[35, 2000, 2000, 'port_in_34', 0] [[1000, 0], [2000, 1000], [1000, 2000], [0, 1000]]
[36, 2000, 2000, 'port_in_35', 0] [[1000, 0], [2000, 1000], [1000, 2000], [0, 1000]]
[37, 2000, 2000, 'port_in_36', 0] [[1000, 0], [2000, 1000], [1000, 2000], [0, 1000]]
[38, 2000, 2000, 'port_in_37', 0] [[1000, 0], [2000, 1000], [1000, 2000], [0, 1000]]
[39, 2000, 2000, 'port_in_38', 0] [[1000, 0], [2000, 1000], [1000, 2000], [0, 1000]]
[40, 2000, 2000, 'port_in_39', 0] [[1000, 0], [2000, 1000], [1000, 2000], [0, 1000]]
[41, 2000, 2000, 'port_in_40', 0] [[1000, 0], [2000, 1000], [1000, 2000], [0, 1000]]
[42, 2000, 2000, 'port_in_41', 0] [[1000, 0], [2000, 1000], [1000, 2000], [0, 1000]]
[43, 2000, 2000, 'port_in_42', 0] [[1000, 0], [2000, 1000], [1000, 2000], [0, 1000]]
[44, 2000, 2000, 'port_in_43', 0] [[1000, 0], [2000, 1000], [1000, 2000], [0, 1000]]
[45, 2000, 2000, 'port_in_44', 0] [[1000, 0], [2000, 1000], [1000, 2000], [0, 1000]]
[46, 2000, 2000, 'port_in_45', 0] [[1000, 0], [2000, 1000], [1000, 2000], [0, 1000]]
[47, 2000, 2000, 'port_in_46', 0] [[1000, 0], [2000, 1000], [1000, 2000], [0, 1000]]
[48, 2000, 2000, 'port_in_47', 0] [[1000, 0], [2000, 1000], [1000, 2000], [0, 1000]]
[49, 2000, 2000, 'port_in_48', 0] [[1000, 0], [2000, 1000], [1000, 2000], [0, 1000]]
[50, 2000, 2000, 'port_in_49', 0] [[1000, 0], [2000, 1000], [1000, 2000], [0, 1000]]
[51, 2000, 2000, 'port_in_50', 0] [[1000, 0], [2000, 1000], [1000, 2000], [0, 1000]]
[52, 2000, 2000, 'port_in_51', 0] [[1000, 0], [2000, 1000], [1000, 2000], [0, 1000]]
[53, 2000, 2000, 'port_in_52', 0] [[1000, 0], [2000, 1000], [1000, 2000], [0, 1000]]
[54, 2000, 2000, 'port_in_53', 0] [[1000, 0], [2000, 1000], [1000, 2000], [0, 1000]]
[55, 2000, 2000, 'port_in_54', 0] [[1000, 0], [2000, 1000], [1000, 2000], [0, 1000]]
[56, 2000, 2000, 'port_in_55', 0] [[1000, 0], [2000, 1000], [1000, 2000], [0, 1000]]
[57, 2000, 2000, 'port_in_56', 0] [[1000, 0], [2000, 1000], [1000, 2000], [0, 1000]]
[58, 2000, 2000, 'port_in_57', 0] [[1000, 0], [2000, 1000], [1000, 2000], [0, 1000]]
[59, 2000, 2000, 'port_in_58', 0] [[1000, 0], [2000, 1000], [1000, 2000], [0, 1000]]
[60, 2000, 2000, 'port_in_59', 0] [[1000, 0], [2000, 1000], [1000, 2000], [0, 1000]]
[61, 2000, 2000, 'port_in_60', 0] [[1000, 0], [2000, 1000], [1000, 2000], [0, 1000]]
[62, 2000, 2000, 'port_in_61', 0] [[1000, 0], [2000, 1000], [1000, 2000], [0, 1000]]
[63, 2000, 2000, 'port_in_62', 0] [[1000, 0], [2000, 1000], [1000, 2000], [0, 1000]]
[64, 2000, 2000, 'port_in_63', 0] [[1000, 0], [2000, 1000], [1000, 2000], [0, 1000]]
[65, 2000, 2000, 'port_in_64', 0] [[1000, 0], [2000, 1000], [1000, 2000], [0, 1000]]
[66, 2000, 2000, 'port_in_65', 0] [[1000, 0], [2000, 1000], [1000, 2000], [0, 1000]]
[67, 2000, 2000, 'port_in_66', 0] [[1000, 0], [2000, 1000], [1000, 2000], [0, 1000]]
[68, 2000, 2000, 'port_in_67', 0] [[1000, 0], [2000, 1000], [1000, 2000], [0, 1000]]
[69, 2000, 2000, 'port_in_68', 0] [[1000, 0], [2000, 1000], [1000, 2000], [0, 1000]]
[70, 2000, 2000, 'port_in_69', 0] [[1000, 0], [2000, 1000], [1000, 2000], [0, 1000]]
[71, 2000, 2000, 'port_in_70', 0] [[1000, 0], [2000, 1000], [1000, 2000], [0, 1000]]
[72, 2000, 2000, 'port_in_71', 0] [[1000, 0], [2000, 1000], [1000, 2000], [0, 1000]]
[73, 2000, 2000, 'port_in_72', 0] [[1000, 0], [2000, 1000], [1000, 2000], [0, 1000]]
[74, 2000, 2000, 'port_in_73', 0] [[1000, 0], [2000, 1000], [1000, 2000], [0, 1000]]
[75, 2000, 2000, 'port_in_74', 0] [[1000, 0], [2000, 1000], [1000, 2000], [0, 1000]]
[76, 2000, 2000, 'port_in_75', 0] [[1000, 0], [2000, 1000], [1000, 2000], [0, 1000]]
[77, 2000, 2000, 'port_in_76', 0] [[1000, 0], [2000, 1000], [1000, 2000], [0, 1000]]
[78, 2000, 2000, 'port_in_77', 0] [[1000, 0], [2000, 1000], [1000, 2000], [0, 1000]]
[79, 2000, 2000, 'port_in_78', 0] [[1000, 0], [2000, 1000], [1000, 2000], [0, 1000]]
[80, 2000, 2000, 'port_in_79', 0] [[1000, 0], [2000, 1000], [1000, 2000], [0, 1000]]
[81, 2000, 2000, 'port_in_80', 0] [[1000, 0], [2000, 1000], [1000, 2000], [0, 1000]]
[82, 2000, 2000, 'port_in_81', 0] [[1000, 0], [2000, 1000], [1000, 2000], [0, 1000]]
[83, 2000, 2000, 'port_in_82', 0] [[1000, 0], [2000, 1000], [1000, 2000], [0, 1000]]
[84, 2000, 2000, 'port_in_83', 0] [[1000, 0], [2000, 1000], [1000, 2000], [0, 1000]]
[85, 2000, 2000, 'port_in_84', 0] [[1000, 0], [2000, 1000], [1000, 2000], [0, 1000]]
[86, 2000, 2000, 'port_in_85', 0] [[1000, 0], [2000, 1000], [1000, 2000], [0, 1000]]
[87, 2000, 2000, 'port_in_86', 0] [[1000, 0], [2000, 1000], [1000, 2000], [0, 1000]]
[88, 2000, 2000, 'port_in_87', 0] [[1000, 0], [2000, 1000], [1000, 2000], [0, 1000]]
[89, 2000, 2000, 'port_in_88', 0] [[1000, 0], [2000, 1000], [1000, 2000], [0, 1000]]
[90, 2000, 2000, 'port_in_89', 0] [[1000, 0], [2000, 1000], [1000, 2000], [0, 1000]]
[91, 2000, 2000, 'port_in_90', 0] [[1000, 0], [2000, 1000], [1000, 2000], [0, 1000]]
[92, 2000, 2000, 'port_in_91', 0] [[1000, 0], [2000, 1000], [1000, 2000], [0, 1000]]
[93, 2000, 2000, 'port_in_92', 0] [[1000, 0], [2000, 1000], [1000, 2000], [0, 1000]]
[94, 2000, 2000, 'port_in_93', 0] [[1000, 0], [2000, 1000], [1000, 2000], [0, 1000]]
[95, 2000, 2000, 'port_in_94', 0] [[1000, 0], [2000, 1000], [1000, 2000], [0, 1000]]
[96, 2000, 2000, 'port_in_95', 0] [[1000, 0], [2000, 1000], [1000, 2000], [0, 1000]]
[97, 2000, 2000, 'port_in_96', 0] [[1000, 0], [2000, 1000], [1000, 2000], [0, 1000]]
[98, 2000, 2000, 'port_in_97', 0] [[1000, 0], [2000, 1000], [1000, 2000], [0, 1000]]
[99, 2000, 2000, 'port_in_98', 0] [[1000, 0], [2000, 1000], [1000, 2000], [0, 1000]]
[100, 2000, 2000, 'port_in_99', 0] [[1000, 0], [2000, 1000], [1000, 2000], [0, 1000]]
[101, 2000, 2000, 'port_in_100', 0] [[1000, 0], [2000, 1000], [1000, 2000], [0, 1000]]
[102, 2000, 2000, 'port_in_101', 0] [[1000, 0], [2000, 1000], [1000, 2000], [0, 1000]]
[103, 2000, 2000, 'port_in_102', 0] [[1000, 0], [2000, 1000], [1000, 2000], [0, 1000]]
[104, 2000, 2000, 'port_in_103', 0] [[1000, 0], [2000, 1000], [1000, 2000], [0, 1000]]
[105, 2000, 2000, 'port_in_104', 0] [[1000, 0], [2000, 1000], [1000, 2000], [0, 1000]]
[106, 2000, 2000, 'port_in_105', 0] [[1000, 0], [2000, 1000], [1000, 2000], [0, 1000]]
[107, 2000, 2000, 'port_in_106', 0] [[1000, 0], [2000, 1000], [1000, 2000], [0, 1000]]
[108, 2000, 2000, 'port_in_107', 0] [[1000, 0], [2000, 1000], [1000, 2000], [0, 1000]]
[109, 2000, 2000, 'port_in_108', 0] [[1000, 0], [2000, 1000], [1000, 2000], [0, 1000]]
[110, 2000, 2000, 'port_in_109', 0] [[1000, 0], [2000, 1000], [1000, 2000], [0, 1000]]
[111, 2000, 2000, 'port_in_110', 0] [[1000, 0], [2000, 1000], [1000, 2000], [0, 1000]]
[112, 2000, 2000, 'port_in_111', 0] [[1000, 0], [2000, 1000], [1000, 2000], [0, 1000]]
[113, 2000, 2000, 'port_in_112', 0] [[1000, 0], [2000, 1000], [1000, 2000], [0, 1000]]
[114, 2000, 2000, 'port_in_113', 0] [[1000, 0], [2000, 1000], [1000, 2000], [0, 1000]]
[115, 2000, 2000, 'port_in_114', 0] [[1000, 0], [2000, 1000], [1000, 2000], [0, 1000]]
[116, 2000, 2000, 'port_in_115', 0] [[1000, 0], [2000, 1000], [1000, 2000], [0, 1000]]
[117, 2000, 2000, 'port_in_116', 0] [[1000, 0], [2000, 1000], [1000, 2000], [0, 1000]]
[118, 2000, 2000, 'port_in_117', 0] [[1000, 0], [2000, 1000], [1000, 2000], [0, 1000]]
[119, 2000, 2000, 'port_in_118', 0] [[1000, 0], [2000, 1000], [1000, 2000], [0, 1000]]
[120, 2000, 2000, 'port_in_119', 0] [[1000, 0], [2000, 1000], [1000, 2000], [0, 1000]]
[121, 2000, 2000, 'port_in_120', 0] [[1000, 0], [2000, 1000], [1000, 2000], [0, 1000]]
[122, 2000, 2000, 'port_in_121', 0] [[1000, 0], [2000, 1000], [1000, 2000], [0, 1000]]
[123, 2000, 2000, 'port_in_122', 0] [[1000, 0], [2000, 1000], [1000, 2000], [0, 1000]]
[124, 2000, 2000, 'port_in_123', 0] [[1000, 0], [2000, 1000], [1000, 2000], [0, 1000]]
[125, 2000, 2000, 'port_in_124', 0] [[1000, 0], [2000, 1000], [1000, 2000], [0, 1000]]
[126, 2000, 2000, 'port_in_125', 0] [[1000, 0], [2000, 1000], [1000, 2000], [0, 1000]]
[127, 2000, 2000, 'port_in_126', 0] [[1000, 0], [2000, 1000], [1000, 2000], [0, 1000]]
[128, 2000, 2000, 'port_in_127', 0] [[1000, 0], [2000, 1000], [1000, 2000], [0, 1000]]
[129, 2000, 2000, 'port_in_128', 0] [[1000, 0], [2000, 1000], [1000, 2000], [0, 1000]]
[130, 2000, 2000, 'port_in_129', 0] [[1000, 0], [2000, 1000], [1000, 2000], [0, 1000]]
[131, 2000, 2000, 'port_in_130', 0] [[1000, 0], [2000, 1000], [1000, 2000], [0, 1000]]
[132, 2000, 2000, 'port_in_131', 0] [[1000, 0], [2000, 1000], [1000, 2000], [0, 1000]]
[133, 2000, 2000, 'port_in_132', 0] [[1000, 0], [2000, 1000], [1000, 2000], [0, 1000]]
[134, 2000, 2000, 'port_in_133', 0] [[1000, 0], [2000, 1000], [1000, 2000], [0, 1000]]
[135, 2000, 2000, 'port_in_134', 0] [[1000, 0], [2000, 1000], [1000, 2000], [0, 1000]]
[136, 2000, 2000, 'port_in_135', 0] [[1000, 0], [2000, 1000], [1000, 2000], [0, 1000]]
[137, 2000, 2000, 'port_in_136', 0] [[1000, 0], [2000, 1000], [1000, 2000], [0, 1000]]
[138, 2000, 2000, 'port_in_137', 0] [[1000, 0], [2000, 1000], [1000, 2000], [0, 1000]]
[139, 2000, 2000, 'port_in_138', 0] [[1000, 0], [2000, 1000], [1000, 2000], [0, 1000]]
[140, 2000, 2000, 'port_in_139', 0] [[1000, 0], [2000, 1000], [1000, 2000], [0, 1000]]
[141, 2000, 2000, 'port_in_140', 0] [[1000, 0], [2000, 1000], [1000, 2000], [0, 1000]]
[142, 2000, 2000, 'port_in_141', 0] [[1000, 0], [2000, 1000], [1000, 2000], [0, 1000]]
[143, 2000, 2000, 'port_in_142', 0] [[1000, 0], [2000, 1000], [1000, 2000], [0, 1000]]
[144, 2000, 2000, 'port_in_143', 0] [[1000, 0], [2000, 1000], [1000, 2000], [0, 1000]]
[145, 2000, 2000, 'port_in_144', 0] [[1000, 0], [2000, 1000], [1000, 2000], [0, 1000]]
[146, 2000, 2000, 'port_in_145', 0] [[1000, 0], [2000, 1000], [1000, 2000], [0, 1000]]
[147, 2000, 2000, 'port_in_146', 0] [[1000, 0], [2000, 1000], [1000, 2000], [0, 1000]]
[148, 2000, 2000, 'port_in_147', 0] [[1000, 0], [2000, 1000], [1000, 2000], [0, 1000]]
[149, 2000, 2000, 'port_in_148', 0] [[1000, 0], [2000, 1000], [1000, 2000], [0, 1000]]
[150, 2000, 2000, 'port_in_149', 0] [[1000, 0], [2000, 1000], [1000, 2000], [0, 1000]]
[151, 2000, 2000, 'port_in_150', 0] [[1000, 0], [2000, 1000], [1000, 2000], [0, 1000]]
[152, 2000, 2000, 'port_in_151', 0] [[1000, 0], [2000, 1000], [1000, 2000], [0, 1000]]
[153, 2000, 2000, 'port_in_152', 0] [[1000, 0], [2000, 1000], [1000, 2000], [0, 1000]]
[154, 2000, 2000, 'port_in_153', 0] [[1000, 0], [2000, 1000], [1000, 2000], [0, 1000]]
[155, 2000, 2000, 'port_in_154', 0] [[1000, 0], [2000, 1000], [1000, 2000], [0, 1000]]
[156, 2000, 2000, 'port_in_155', 0] [[1000, 0], [2000, 1000], [1000, 2000], [0, 1000]]
[157, 2000, 2000, 'port_in_156', 0] [[1000, 0], [2000, 1000], [1000, 2000], [0, 1000]]
[158, 2000, 2000, 'port_in_157', 0] [[1000, 0], [2000, 1000], [1000, 2000], [0, 1000]]
[159, 2000, 2000, 'port_in_158', 0] [[1000, 0], [2000, 1000], [1000, 2000], [0, 1000]]
[160, 2000, 2000, 'port_in_159', 0] [[1000, 0], [2000, 1000], [1000, 2000], [0, 1000]]
[161, 2000, 2000, 'port_in_160', 0] [[1000, 0], [2000, 1000], [1000, 2000], [0, 1000]]
[162, 2000, 2000, 'port_in_161', 0] [[1000, 0], [2000, 1000], [1000, 2000], [0, 1000]]
[163, 2000, 2000, 'port_in_162', 0] [[1000, 0], [2000, 1000], [1000, 2000], [0, 1000]]
[164, 2000, 2000, 'port_in_163', 0] [[1000, 0], [2000, 1000], [1000, 2000], [0, 1000]]
[165, 2000, 2000, 'port_in_164', 0] [[1000, 0], [2000, 1000], [1000, 2000], [0, 1000]]
[166, 2000, 2000, 'port_in_165', 0] [[1000, 0], [2000, 1000], [1000, 2000], [0, 1000]]
[167, 2000, 2000, 'port_in_166', 0] [[1000, 0], [2000, 1000], [1000, 2000], [0, 1000]]
[168, 2000, 2000, 'port_in_167', 0] [[1000, 0], [2000, 1000], [1000, 2000], [0, 1000]]
[169, 2000, 2000, 'port_in_168', 0] [[1000, 0], [2000, 1000], [1000, 2000], [0, 1000]]
[170, 2000, 2000, 'port_in_169', 0] [[1000, 0], [2000, 1000], [1000, 2000], [0, 1000]]
[171, 2000, 2000, 'port_in_170', 0] [[1000, 0], [2000, 1000], [1000, 2000], [0, 1000]]
[172, 2000, 2000, 'port_in_171', 0] [[1000, 0], [2000, 1000], [1000, 2000], [0, 1000]]
[173, 2000, 2000, 'port_in_172', 0] [[1000, 0], [2000, 1000], [1000, 2000], [0, 1000]]
[174, 2000, 2000, 'port_in_173', 0] [[1000, 0], [2000, 1000], [1000, 2000], [0, 1000]]
[175, 2000, 2000, 'port_in_174', 0] [[1000, 0], [2000, 1000], [1000, 2000], [0, 1000]]
[176, 2000, 2000, 'port_in_175', 0] [[1000, 0], [2000, 1000], [1000, 2000], [0, 1000]]
[177, 2000, 2000, 'port_in_176', 0] [[1000, 0], [2000, 1000], [1000, 2000], [0, 1000]]
[178, 2000, 2000, 'port_in_177', 0] [[1000, 0], [2000, 1000], [1000, 2000], [0, 1000]]
[179, 2000, 2000, 'port_in_178', 0] [[1000, 0], [2000, 1000], [1000, 2000], [0, 1000]]
[180, 2000, 2000, 'port_in_179', 0] [[1000, 0], [2000, 1000], [1000, 2000], [0, 1000]]
[181, 2000, 2000, 'port_in_180', 0] [[1000, 0], [2000, 1000], [1000, 2000], [0, 1000]]
[182, 2000, 2000, 'port_in_181', 0] [[1000, 0], [2000, 1000], [1000, 2000], [0, 1000]]
[183, 2000, 2000, 'port_in_182', 0] [[1000, 0], [2000, 1000], [1000, 2000], [0, 1000]]
[184, 2000, 2000, 'port_in_183', 0] [[1000, 0], [2000, 1000], [1000, 2000], [0, 1000]]
[185, 2000, 2000, 'port_in_184', 0] [[1000, 0], [2000, 1000], [1000, 2000], [0, 1000]]
[186, 2000, 2000, 'port_in_185', 0] [[1000, 0], [2000, 1000], [1000, 2000], [0, 1000]]
[187, 2000, 2000, 'port_in_186', 0] [[1000, 0], [2000, 1000], [1000, 2000], [0, 1000]]
[188, 2000, 2000, 'port_in_187', 0] [[1000, 0], [2000, 1000], [1000, 2000], [0, 1000]]
[189, 2000, 2000, 'port_in_188', 0] [[1000, 0], [2000, 1000], [1000, 2000], [0, 1000]]
[190, 2000, 2000, 'port_in_189', 0] [[1000, 0], [2000, 1000], [1000, 2000], [0, 1000]]
[191, 2000, 2000, 'port_in_190', 0] [[1000, 0], [2000, 1000], [1000, 2000], [0, 1000]]
[192, 2000, 2000, 'port_in_191', 0] [[1000, 0], [2000, 1000], [1000, 2000], [0, 1000]]
[193, 2000, 2000, 'port_in_192', 0] [[1000, 0], [2000, 1000], [1000, 2000], [0, 1000]]
[194, 2000, 2000, 'port_in_193', 0] [[1000, 0], [2000, 1000], [1000, 2000], [0, 1000]]
[195, 2000, 2000, 'port_in_194', 0] [[1000, 0], [2000, 1000], [1000, 2000], [0, 1000]]
[196, 2000, 2000, 'port_in_195', 0] [[1000, 0], [2000, 1000], [1000, 2000], [0, 1000]]
[197, 2000, 2000, 'port_in_196', 0] [[1000, 0], [2000, 1000], [1000, 2000], [0, 1000]]
[198, 2000, 2000, 'port_in_197', 0] [[1000, 0], [2000, 1000], [1000, 2000], [0, 1000]]
[199, 2000, 2000, 'port_in_198', 0] [[1000, 0], [2000, 1000], [1000, 2000], [0, 1000]]
[200, 2000, 2000, 'port_in_199', 0] [[1000, 0], [2000, 1000], [1000, 2000], [0, 1000]]
[201, 2000, 2000, 'port_in_200', 0] [[1000, 0], [2000, 1000], [1000, 2000], [0, 1000]]
[202, 2000, 2000, 'port_in_201', 0] [[1000, 0], [2000, 1000], [1000, 2000], [0, 1000]]
[203, 2000, 2000, 'port_in_202', 0] [[1000, 0], [2000, 1000], [1000, 2000], [0, 1000]]
[204, 2000, 2000, 'port_in_203', 0] [[1000, 0], [2000, 1000], [1000, 2000], [0, 1000]]
[205, 2000, 2000, 'port_in_204', 0] [[1000, 0], [2000, 1000], [1000, 2000], [0, 1000]]
[206, 2000, 2000, 'port_in_205', 0] [[1000, 0], [2000, 1000], [1000, 2000], [0, 1000]]
[207, 2000, 2000, 'port_in_206', 0] [[1000, 0], [2000, 1000], [1000, 2000], [0, 1000]]
[208, 2000, 2000, 'port_in_207', 0] [[1000, 0], [2000, 1000], [1000, 2000], [0, 1000]]
[209, 2000, 2000, 'port_in_208', 0] [[1000, 0], [2000, 1000], [1000, 2000], [0, 1000]]
[210, 2000, 2000, 'port_in_209', 0] [[1000, 0], [2000, 1000], [1000, 2000], [0, 1000]]
[211, 2000, 2000, 'port_in_210', 0] [[1000, 0], [2000, 1000], [1000, 2000], [0, 1000]]
[212, 2000, 2000, 'port_in_211', 0] [[1000, 0], [2000, 1000], [1000, 2000], [0, 1000]]
[213, 2000, 2000, 'port_in_212', 0] [[1000, 0], [2000, 1000], [1000, 2000], [0, 1000]]
[214, 2000, 2000, 'port_in_213', 0] [[1000, 0], [2000, 1000], [1000, 2000], [0, 1000]]
[215, 2000, 2000, 'port_in_214', 0] [[1000, 0], [2000, 1000], [1000, 2000], [0, 1000]]
[216, 2000, 2000, 'port_in_215', 0] [[1000, 0], [2000, 1000], [1000, 2000], [0, 1000]]
[217, 2000, 2000, 'port_in_216', 0] [[1000, 0], [2000, 1000], [1000, 2000], [0, 1000]]
[218, 2000, 2000, 'port_in_217', 0] [[1000, 0], [2000, 1000], [1000, 2000], [0, 1000]]
[219, 2000, 2000, 'port_in_218', 0] [[1000, 0], [2000, 1000], [1000, 2000], [0, 1000]]
[220, 2000, 2000, 'port_in_219', 0] [[1000, 0], [2000, 1000], [1000, 2000], [0, 1000]]
[221, 2000, 2000, 'port_in_220', 0] [[1000, 0], [2000, 1000], [1000, 2000], [0, 1000]]
[222, 2000, 2000, 'port_in_221', 0] [[1000, 0], [2000, 1000], [1000, 2000], [0, 1000]]
[223, 2000, 2000, 'port_in_222', 0] [[1000, 0], [2000, 1000], [1000, 2000], [0, 1000]]
[224, 2000, 2000, 'port_in_223', 0] [[1000, 0], [2000, 1000], [1000, 2000], [0, 1000]]
[225, 2000, 2000, 'port_in_224', 0] [[1000, 0], [2000, 1000], [1000, 2000], [0, 1000]]
[226, 2000, 2000, 'port_in_225', 0] [[1000, 0], [2000, 1000], [1000, 2000], [0, 1000]]
[227, 2000, 2000, 'port_in_226', 0] [[1000, 0], [2000, 1000], [1000, 2000], [0, 1000]]
[228, 2000, 2000, 'port_in_227', 0] [[1000, 0], [2000, 1000], [1000, 2000], [0, 1000]]
[229, 2000, 2000, 'port_in_228', 0] [[1000, 0], [2000, 1000], [1000, 2000], [0, 1000]]
[230, 2000, 2000, 'port_in_229', 0] [[1000, 0], [2000, 1000], [1000, 2000], [0, 1000]]
[231, 2000, 2000, 'port_in_230', 0] [[1000, 0], [2000, 1000], [1000, 2000], [0, 1000]]
[232, 2000, 2000, 'port_in_231', 0] [[1000, 0], [2000, 1000], [1000, 2000], [0, 1000]]
[233, 2000, 2000, 'port_in_232', 0] [[1000, 0], [2000, 1000], [1000, 2000], [0, 1000]]
[234, 2000, 2000, 'port_in_233', 0] [[1000, 0], [2000, 1000], [1000, 2000], [0, 1000]]
[235, 2000, 2000, 'port_in_234', 0] [[1000, 0], [2000, 1000], [1000, 2000], [0, 1000]]
[236, 2000, 2000, 'port_in_235', 0] [[1000, 0], [2000, 1000], [1000, 2000], [0, 1000]]
[237, 2000, 2000, 'port_in_236', 0] [[1000, 0], [2000, 1000], [1000, 2000], [0, 1000]]
[238, 2000, 2000, 'port_in_237', 0] [[1000, 0], [2000, 1000], [1000, 2000], [0, 1000]]
[239, 2000, 2000, 'port_in_238', 0] [[1000, 0], [2000, 1000], [1000, 2000], [0, 1000]]
[240, 2000, 2000, 'port_in_239', 0] [[1000, 0], [2000, 1000], [1000, 2000], [0, 1000]]
[241, 2000, 2000, 'port_in_240', 0] [[1000, 0], [2000, 1000], [1000, 2000], [0, 1000]]
[242, 2000, 2000, 'port_in_241', 0] [[1000, 0], [2000, 1000], [1000, 2000], [0, 1000]]
[243, 2000, 2000, 'port_in_242', 0] [[1000, 0], [2000, 1000], [1000, 2000], [0, 1000]]
[244, 2000, 2000, 'port_in_243', 0] [[1000, 0], [2000, 1000], [1000, 2000], [0, 1000]]
[245, 2000, 2000, 'port_in_244', 0] [[1000, 0], [2000, 1000], [1000, 2000], [0, 1000]]
[246, 2000, 2000, 'port_in_245', 0] [[1000, 0], [2000, 1000], [1000, 2000], [0, 1000]]
[247, 2000, 2000, 'port_in_246', 0] [[1000, 0], [2000, 1000], [1000, 2000], [0, 1000]]
[248, 2000, 2000, 'port_in_247', 0] [[1000, 0], [2000, 1000], [1000, 2000], [0, 1000]]
[249, 2000, 2000, 'port_in_248', 0] [[1000, 0], [2000, 1000], [1000, 2000], [0, 1000]]
[250, 2000, 2000, 'port_in_249', 0] [[1000, 0], [2000, 1000], [1000, 2000], [0, 1000]]
[251, 2000, 2000, 'port_in_250', 0] [[1000, 0], [2000, 1000], [1000, 2000], [0, 1000]]
[252, 2000, 2000, 'port_in_251', 0] [[1000, 0], [2000, 1000], [1000, 2000], [0, 1000]]
[253, 2000, 2000, 'port_in_252', 0] [[1000, 0], [2000, 1000], [1000, 2000], [0, 1000]]
[254, 2000, 2000, 'port_in_253', 0] [[1000, 0], [2000, 1000], [1000, 2000], [0, 1000]]
[255, 2000, 2000, 'port_in_254', 0] [[1000, 0], [2000, 1000], [1000, 2000], [0, 1000]]
[256, 2000, 2000, 'port_in_255', 0] [[1000, 0], [2000, 1000], [1000, 2000], [0, 1000]]
[257, 2000, 2000, 'port_in_256', 0] [[1000, 0], [2000, 1000], [1000, 2000], [0, 1000]]
[258, 2000, 2000, 'port_in_257', 0] [[1000, 0], [2000, 1000], [1000, 2000], [0, 1000]]
[259, 2000, 2000, 'port_in_258', 0] [[1000, 0], [2000, 1000], [1000, 2000], [0, 1000]]
[260, 2000, 2000, 'port_in_259', 0] [[1000, 0], [2000, 1000], [1000, 2000], [0, 1000]]
[261, 2000, 2000, 'port_in_260', 0] [[1000, 0], [2000, 1000], [1000, 2000], [0, 1000]]
[262, 2000, 2000, 'port_in_261', 0] [[1000, 0], [2000, 1000], [1000, 2000], [0, 1000]]
[263, 2000, 2000, 'port_in_262', 0] [[1000, 0], [2000, 1000], [1000, 2000], [0, 1000]]
[264, 2000, 2000, 'port_in_263', 0] [[1000, 0], [2000, 1000], [1000, 2000], [0, 1000]]
[265, 2000, 2000, 'port_in_264', 0] [[1000, 0], [2000, 1000], [1000, 2000], [0, 1000]]
[266, 2000, 2000, 'port_in_265', 0] [[1000, 0], [2000, 1000], [1000, 2000], [0, 1000]]
[267, 2000, 2000, 'port_in_266', 0] [[1000, 0], [2000, 1000], [1000, 2000], [0, 1000]]
[268, 2000, 2000, 'port_in_267', 0] [[1000, 0], [2000, 1000], [1000, 2000], [0, 1000]]
[269, 2000, 2000, 'port_in_268', 0] [[1000, 0], [2000, 1000], [1000, 2000], [0, 1000]]
[270, 2000, 2000, 'port_in_269', 0] [[1000, 0], [2000, 1000], [1000, 2000], [0, 1000]]
[271, 2000, 2000, 'port_in_270', 0] [[1000, 0], [2000, 1000], [1000, 2000], [0, 1000]]
[272, 2000, 2000, 'port_in_271', 0] [[1000, 0], [2000, 1000], [1000, 2000], [0, 1000]]
[273, 2000, 2000, 'port_in_272', 0] [[1000, 0], [2000, 1000], [1000, 2000], [0, 1000]]
[274, 2000, 2000, 'port_in_273', 0] [[1000, 0], [2000, 1000], [1000, 2000], [0, 1000]]
[275, 2000, 2000, 'port_in_274', 0] [[1000, 0], [2000, 1000], [1000, 2000], [0, 1000]]
[276, 2000, 2000, 'port_in_275', 0] [[1000, 0], [2000, 1000], [1000, 2000], [0, 1000]]
[277, 2000, 2000, 'port_in_276', 0] [[1000, 0], [2000, 1000], [1000, 2000], [0, 1000]]
[278, 2000, 2000, 'port_in_277', 0] [[1000, 0], [2000, 1000], [1000, 2000], [0, 1000]]
[279, 2000, 2000, 'port_in_278', 0] [[1000, 0], [2000, 1000], [1000, 2000], [0, 1000]]
[280, 2000, 2000, 'port_in_279', 0] [[1000, 0], [2000, 1000], [1000, 2000], [0, 1000]]
[281, 2000, 2000, 'port_in_280', 0] [[1000, 0], [2000, 1000], [1000, 2000], [0, 1000]]
[282, 2000, 2000, 'port_in_281', 0] [[1000, 0], [2000, 1000], [1000, 2000], [0, 1000]]
[283, 2000, 2000, 'port_in_282', 0] [[1000, 0], [2000, 1000], [1000, 2000], [0, 1000]]
[284, 2000, 2000, 'port_in_283', 0] [[1000, 0], [2000, 1000], [1000, 2000], [0, 1000]]
[285, 2000, 2000, 'port_in_284', 0] [[1000, 0], [2000, 1000], [1000, 2000], [0, 1000]]
[286, 2000, 2000, 'port_in_285', 0] [[1000, 0], [2000, 1000], [1000, 2000], [0, 1000]]
[287, 2000, 2000, 'port_in_286', 0] [[1000, 0], [2000, 1000], [1000, 2000], [0, 1000]]
[288, 2000, 2000, 'port_in_287', 0] [[1000, 0], [2000, 1000], [1000, 2000], [0, 1000]]
[289, 2000, 2000, 'port_in_288', 0] [[1000, 0], [2000, 1000], [1000, 2000], [0, 1000]]
[290, 2000, 2000, 'port_in_289', 0] [[1000, 0], [2000, 1000], [1000, 2000], [0, 1000]]
[291, 2000, 2000, 'port_in_290', 0] [[1000, 0], [2000, 1000], [1000, 2000], [0, 1000]]
[292, 2000, 2000, 'port_in_291', 0] [[1000, 0], [2000, 1000], [1000, 2000], [0, 1000]]
[293, 2000, 2000, 'port_in_292', 0] [[1000, 0], [2000, 1000], [1000, 2000], [0, 1000]]
[294, 2000, 2000, 'port_in_293', 0] [[1000, 0], [2000, 1000], [1000, 2000], [0, 1000]]
[295, 2000, 2000, 'port_in_294', 0] [[1000, 0], [2000, 1000], [1000, 2000], [0, 1000]]
[296, 2000, 2000, 'port_in_295', 0] [[1000, 0], [2000, 1000], [1000, 2000], [0, 1000]]
[297, 2000, 2000, 'port_in_296', 0] [[1000, 0], [2000, 1000], [1000, 2000], [0, 1000]]
[298, 2000, 2000, 'port_in_297', 0] [[1000, 0], [2000, 1000], [1000, 2000], [0, 1000]]
[299, 2000, 2000, 'port_in_298', 0] [[1000, 0], [2000, 1000], [1000, 2000], [0, 1000]]
[300, 2000, 2000, 'port_in_299', 0] [[1000, 0], [2000, 1000], [1000, 2000], [0, 1000]]
[301, 2000, 2000, 'port_in_300', 0] [[1000, 0], [2000, 1000], [1000, 2000], [0, 1000]]
[302, 2000, 2000, 'port_in_301', 0] [[1000, 0], [2000, 1000], [1000, 2000], [0, 1000]]
[303, 2000, 2000, 'port_in_302', 0] [[1000, 0], [2000, 1000], [1000, 2000], [0, 1000]]
[304, 2000, 2000, 'port_in_303', 0] [[1000, 0], [2000, 1000], [1000, 2000], [0, 1000]]
[305, 2000, 2000, 'port_in_304', 0] [[1000, 0], [2000, 1000], [1000, 2000], [0, 1000]]
[306, 2000, 2000, 'port_in_305', 0] [[1000, 0], [2000, 1000], [1000, 2000], [0, 1000]]
[307, 2000, 2000, 'port_in_306', 0] [[1000, 0], [2000, 1000], [1000, 2000], [0, 1000]]
[308, 2000, 2000, 'port_in_307', 0] [[1000, 0], [2000, 1000], [1000, 2000], [0, 1000]]
[309, 2000, 2000, 'port_in_308', 0] [[1000, 0], [2000, 1000], [1000, 2000], [0, 1000]]
[310, 2000, 2000, 'port_in_309', 0] [[1000, 0], [2000, 1000], [1000, 2000], [0, 1000]]
[311, 2000, 2000, 'port_in_310', 0] [[1000, 0], [2000, 1000], [1000, 2000], [0, 1000]]
[312, 2000, 2000, 'port_in_311', 0] [[1000, 0], [2000, 1000], [1000, 2000], [0, 1000]]
[313, 2000, 2000, 'port_in_312', 0] [[1000, 0], [2000, 1000], [1000, 2000], [0, 1000]]
[314, 2000, 2000, 'port_in_313', 0] [[1000, 0], [2000, 1000], [1000, 2000], [0, 1000]]
[315, 2000, 2000, 'port_in_314', 0] [[1000, 0], [2000, 1000], [1000, 2000], [0, 1000]]
[316, 2000, 2000, 'port_in_315', 0] [[1000, 0], [2000, 1000], [1000, 2000], [0, 1000]]
[317, 2000, 2000, 'port_in_316', 0] [[1000, 0], [2000, 1000], [1000, 2000], [0, 1000]]
[318, 2000, 2000, 'port_in_317', 0] [[1000, 0], [2000, 1000], [1000, 2000], [0, 1000]]
[319, 2000, 2000, 'port_in_318', 0] [[1000, 0], [2000, 1000], [1000, 2000], [0, 1000]]
[320, 2000, 2000, 'port_in_319', 0] [[1000, 0], [2000, 1000], [1000, 2000], [0, 1000]]
[321, 2000, 2000, 'port_in_320', 0] [[1000, 0], [2000, 1000], [1000, 2000], [0, 1000]]
[322, 2000, 2000, 'port_in_321', 0] [[1000, 0], [2000, 1000], [1000, 2000], [0, 1000]]
[323, 2000, 2000, 'port_in_322', 0] [[1000, 0], [2000, 1000], [1000, 2000], [0, 1000]]
[324, 2000, 2000, 'port_in_323', 0] [[1000, 0], [2000, 1000], [1000, 2000], [0, 1000]]
[325, 2000, 2000, 'port_in_324', 0] [[1000, 0], [2000, 1000], [1000, 2000], [0, 1000]]
[326, 2000, 2000, 'port_in_325', 0] [[1000, 0], [2000, 1000], [1000, 2000], [0, 1000]]
[327, 2000, 2000, 'port_in_326', 0] [[1000, 0], [2000, 1000], [1000, 2000], [0, 1000]]
[328, 2000, 2000, 'port_in_327', 0] [[1000, 0], [2000, 1000], [1000, 2000], [0, 1000]]
[329, 2000, 2000, 'port_in_328', 0] [[1000, 0], [2000, 1000], [1000, 2000], [0, 1000]]
[330, 2000, 2000, 'port_in_329', 0] [[1000, 0], [2000, 1000], [1000, 2000], [0, 1000]]
[331, 2000, 2000, 'port_in_330', 0] [[1000, 0], [2000, 1000], [1000, 2000], [0, 1000]]
[332, 2000, 2000, 'port_in_331', 0] [[1000, 0], [2000, 1000], [1000, 2000], [0, 1000]]
[333, 2000, 2000, 'port_in_332', 0] [[1000, 0], [2000, 1000], [1000, 2000], [0, 1000]]
[334, 2000, 2000, 'port_in_333', 0] [[1000, 0], [2000, 1000], [1000, 2000], [0, 1000]]
[335, 2000, 2000, 'port_in_334', 0] [[1000, 0], [2000, 1000], [1000, 2000], [0, 1000]]
[336, 2000, 2000, 'port_in_335', 0] [[1000, 0], [2000, 1000], [1000, 2000], [0, 1000]]
[337, 2000, 2000, 'port_in_336', 0] [[1000, 0], [2000, 1000], [1000, 2000], [0, 1000]]
[338, 2000, 2000, 'port_in_337', 0] [[1000, 0], [2000, 1000], [1000, 2000], [0, 1000]]
[339, 2000, 2000, 'port_in_338', 0] [[1000, 0], [2000, 1000], [1000, 2000], [0, 1000]]
[340, 2000, 2000, 'port_in_339', 0] [[1000, 0], [2000, 1000], [1000, 2000], [0, 1000]]
[341, 2000, 2000, 'port_in_340', 0] [[1000, 0], [2000, 1000], [1000, 2000], [0, 1000]]
[342, 2000, 2000, 'port_in_341', 0] [[1000, 0], [2000, 1000], [1000, 2000], [0, 1000]]
[343, 2000, 2000, 'port_in_342', 0] [[1000, 0], [2000, 1000], [1000, 2000], [0, 1000]]
[344, 2000, 2000, 'port_in_343', 0] [[1000, 0], [2000, 1000], [1000, 2000], [0, 1000]]
[345, 2000, 2000, 'port_in_344', 0] [[1000, 0], [2000, 1000], [1000, 2000], [0, 1000]]
[346, 2000, 2000, 'port_in_345', 0] [[1000, 0], [2000, 1000], [1000, 2000], [0, 1000]]
[347, 2000, 2000, 'port_in_346', 0] [[1000, 0], [2000, 1000], [1000, 2000], [0, 1000]]
[348, 2000, 2000, 'port_in_347', 0] [[1000, 0], [2000, 1000], [1000, 2000], [0, 1000]]
[349, 2000, 2000, 'port_in_348', 0] [[1000, 0], [2000, 1000], [1000, 2000], [0, 1000]]
[350, 2000, 2000, 'port_in_349', 0] [[1000, 0], [2000, 1000], [1000, 2000], [0, 1000]]
[351, 2000, 2000, 'port_in_350', 0] [[1000, 0], [2000, 1000], [1000, 2000], [0, 1000]]
[352, 2000, 2000, 'port_in_351', 0] [[1000, 0], [2000, 1000], [1000, 2000], [0, 1000]]
[353, 2000, 2000, 'port_in_352', 0] [[1000, 0], [2000, 1000], [1000, 2000], [0, 1000]]
[354, 2000, 2000, 'port_in_353', 0] [[1000, 0], [2000, 1000], [1000, 2000], [0, 1000]]
[355, 2000, 2000, 'port_in_354', 0] [[1000, 0], [2000, 1000], [1000, 2000], [0, 1000]]
[356, 2000, 2000, 'port_in_355', 0] [[1000, 0], [2000, 1000], [1000, 2000], [0, 1000]]
[357, 2000, 2000, 'port_in_356', 0] [[1000, 0], [2000, 1000], [1000, 2000], [0, 1000]]
[358, 2000, 2000, 'port_in_357', 0] [[1000, 0], [2000, 1000], [1000, 2000], [0, 1000]]
[359, 2000, 2000, 'port_in_358', 0] [[1000, 0], [2000, 1000], [1000, 2000], [0, 1000]]
[360, 2000, 2000, 'port_in_359', 0] [[1000, 0], [2000, 1000], [1000, 2000], [0, 1000]]
[361, 2000, 2000, 'port_in_360', 0] [[1000, 0], [2000, 1000], [1000, 2000], [0, 1000]]
[362, 2000, 2000, 'port_in_361', 0] [[1000, 0], [2000, 1000], [1000, 2000], [0, 1000]]
[363, 2000, 2000, 'port_in_362', 0] [[1000, 0], [2000, 1000], [1000, 2000], [0, 1000]]
[364, 2000, 2000, 'port_in_363', 0] [[1000, 0], [2000, 1000], [1000, 2000], [0, 1000]]
[365, 2000, 2000, 'port_in_364', 0] [[1000, 0], [2000, 1000], [1000, 2000], [0, 1000]]
[366, 2000, 2000, 'port_in_365', 0] [[1000, 0], [2000, 1000], [1000, 2000], [0, 1000]]
[367, 2000, 2000, 'port_in_366', 0] [[1000, 0], [2000, 1000], [1000, 2000], [0, 1000]]
[368, 2000, 2000, 'port_in_367', 0] [[1000, 0], [2000, 1000], [1000, 2000], [0, 1000]]
[369, 2000, 2000, 'port_in_368', 0] [[1000, 0], [2000, 1000], [1000, 2000], [0, 1000]]
[370, 2000, 2000, 'port_in_369', 0] [[1000, 0], [2000, 1000], [1000, 2000], [0, 1000]]
[371, 2000, 2000, 'port_in_370', 0] [[1000, 0], [2000, 1000], [1000, 2000], [0, 1000]]
[372, 2000, 2000, 'port_in_371', 0] [[1000, 0], [2000, 1000], [1000, 2000], [0, 1000]]
[373, 2000, 2000, 'port_in_372', 0] [[1000, 0], [2000, 1000], [1000, 2000], [0, 1000]]
[374, 2000, 2000, 'port_in_373', 0] [[1000, 0], [2000, 1000], [1000, 2000], [0, 1000]]
[375, 2000, 2000, 'port_in_374', 0] [[1000, 0], [2000, 1000], [1000, 2000], [0, 1000]]
[376, 2000, 2000, 'port_in_375', 0] [[1000, 0], [2000, 1000], [1000, 2000], [0, 1000]]
[377, 2000, 2000, 'port_in_376', 0] [[1000, 0], [2000, 1000], [1000, 2000], [0, 1000]]
[378, 2000, 2000, 'port_in_377', 0] [[1000, 0], [2000, 1000], [1000, 2000], [0, 1000]]
[379, 2000, 2000, 'port_in_378', 0] [[1000, 0], [2000, 1000], [1000, 2000], [0, 1000]]
[380, 2000, 2000, 'port_in_379', 0] [[1000, 0], [2000, 1000], [1000, 2000], [0, 1000]]
[381, 2000, 2000, 'port_in_380', 0] [[1000, 0], [2000, 1000], [1000, 2000], [0, 1000]]
[382, 2000, 2000, 'port_in_381', 0] [[1000, 0], [2000, 1000], [1000, 2000], [0, 1000]]
[383, 2000, 2000, 'port_in_382', 0] [[1000, 0], [2000, 1000], [1000, 2000], [0, 1000]]
[384, 2000, 2000, 'port_in_383', 0] [[1000, 0], [2000, 1000], [1000, 2000], [0, 1000]]
[385, 2000, 2000, 'port_in_384', 0] [[1000, 0], [2000, 1000], [1000, 2000], [0, 1000]]
[386, 2000, 2000, 'port_in_385', 0] [[1000, 0], [2000, 1000], [1000, 2000], [0, 1000]]
[387, 2000, 2000, 'port_in_386', 0] [[1000, 0], [2000, 1000], [1000, 2000], [0, 1000]]
[388, 2000, 2000, 'port_in_387', 0] [[1000, 0], [2000, 1000], [1000, 2000], [0, 1000]]
[389, 2000, 2000, 'port_in_388', 0] [[1000, 0], [2000, 1000], [1000, 2000], [0, 1000]]
[390, 2000, 2000, 'port_in_389', 0] [[1000, 0], [2000, 1000], [1000, 2000], [0, 1000]]
[391, 2000, 2000, 'port_in_390', 0] [[1000, 0], [2000, 1000], [1000, 2000], [0, 1000]]
[392, 2000, 2000, 'port_in_391', 0] [[1000, 0], [2000, 1000], [1000, 2000], [0, 1000]]
[393, 2000, 2000, 'port_in_392', 0] [[1000, 0], [2000, 1000], [1000, 2000], [0, 1000]]
[394, 2000, 2000, 'port_in_393', 0] [[1000, 0], [2000, 1000], [1000, 2000], [0, 1000]]
[395, 2000, 2000, 'port_in_394', 0] [[1000, 0], [2000, 1000], [1000, 2000], [0, 1000]]
[396, 2000, 2000, 'port_in_395', 0] [[1000, 0], [2000, 1000], [1000, 2000], [0, 1000]]
[397, 2000, 2000, 'port_in_396', 0] [[1000, 0], [2000, 1000], [1000, 2000], [0, 1000]]
[398, 2000, 2000, 'port_in_397', 0] [[1000, 0], [2000, 1000], [1000, 2000], [0, 1000]]
[399, 2000, 2000, 'port_in_398', 0] [[1000, 0], [2000, 1000], [1000, 2000], [0, 1000]]
[400, 2000, 2000, 'port_in_399', 0] [[1000, 0], [2000, 1000], [1000, 2000], [0, 1000]]
[401, 2000, 2000, 'port_in_400', 0] [[1000, 0], [2000, 1000], [1000, 2000], [0, 1000]]
[402, 2000, 2000, 'port_in_401', 0] [[1000, 0], [2000, 1000], [1000, 2000], [0, 1000]]
[403, 2000, 2000, 'port_in_402', 0] [[1000, 0], [2000, 1000], [1000, 2000], [0, 1000]]
[404, 2000, 2000, 'port_in_403', 0] [[1000, 0], [2000, 1000], [1000, 2000], [0, 1000]]
[405, 2000, 2000, 'port_in_404', 0] [[1000, 0], [2000, 1000], [1000, 2000], [0, 1000]]
[406, 2000, 2000, 'port_in_405', 0] [[1000, 0], [2000, 1000], [1000, 2000], [0, 1000]]
[407, 2000, 2000, 'port_in_406', 0] [[1000, 0], [2000, 1000], [1000, 2000], [0, 1000]]
[408, 2000, 2000, 'port_in_407', 0] [[1000, 0], [2000, 1000], [1000, 2000], [0, 1000]]
[409, 2000, 2000, 'port_in_408', 0] [[1000, 0], [2000, 1000], [1000, 2000], [0, 1000]]
[410, 2000, 2000, 'port_in_409', 0] [[1000, 0], [2000, 1000], [1000, 2000], [0, 1000]]
[411, 2000, 2000, 'port_in_410', 0] [[1000, 0], [2000, 1000], [1000, 2000], [0, 1000]]
[412, 2000, 2000, 'port_in_411', 0] [[1000, 0], [2000, 1000], [1000, 2000], [0, 1000]]
[413, 2000, 2000, 'port_in_412', 0] [[1000, 0], [2000, 1000], [1000, 2000], [0, 1000]]
[414, 2000, 2000, 'port_in_413', 0] [[1000, 0], [2000, 1000], [1000, 2000], [0, 1000]]
[415, 2000, 2000, 'port_in_414', 0] [[1000, 0], [2000, 1000], [1000, 2000], [0, 1000]]
[416, 2000, 2000, 'port_in_415', 0] [[1000, 0], [2000, 1000], [1000, 2000], [0, 1000]]
[417, 2000, 2000, 'port_in_416', 0] [[1000, 0], [2000, 1000], [1000, 2000], [0, 1000]]
[418, 2000, 2000, 'port_in_417', 0] [[1000, 0], [2000, 1000], [1000, 2000], [0, 1000]]
[419, 2000, 2000, 'port_in_418', 0] [[1000, 0], [2000, 1000], [1000, 2000], [0, 1000]]
[420, 2000, 2000, 'port_in_419', 0] [[1000, 0], [2000, 1000], [1000, 2000], [0, 1000]]
[421, 2000, 2000, 'port_in_420', 0] [[1000, 0], [2000, 1000], [1000, 2000], [0, 1000]]
[422, 2000, 2000, 'port_in_421', 0] [[1000, 0], [2000, 1000], [1000, 2000], [0, 1000]]
[423, 2000, 2000, 'port_in_422', 0] [[1000, 0], [2000, 1000], [1000, 2000], [0, 1000]]
[424, 2000, 2000, 'port_in_423', 0] [[1000, 0], [2000, 1000], [1000, 2000], [0, 1000]]
[425, 2000, 2000, 'port_in_424', 0] [[1000, 0], [2000, 1000], [1000, 2000], [0, 1000]]
[426, 2000, 2000, 'port_in_425', 0] [[1000, 0], [2000, 1000], [1000, 2000], [0, 1000]]
[427, 2000, 2000, 'port_in_426', 0] [[1000, 0], [2000, 1000], [1000, 2000], [0, 1000]]
[428, 2000, 2000, 'port_in_427', 0] [[1000, 0], [2000, 1000], [1000, 2000], [0, 1000]]
[429, 2000, 2000, 'port_in_428', 0] [[1000, 0], [2000, 1000], [1000, 2000], [0, 1000]]
[430, 2000, 2000, 'port_in_429', 0] [[1000, 0], [2000, 1000], [1000, 2000], [0, 1000]]
[431, 2000, 2000, 'port_in_430', 0] [[1000, 0], [2000, 1000], [1000, 2000], [0, 1000]]
[432, 2000, 2000, 'port_in_431', 0] [[1000, 0], [2000, 1000], [1000, 2000], [0, 1000]]
[433, 2000, 2000, 'port_in_432', 0] [[1000, 0], [2000, 1000], [1000, 2000], [0, 1000]]
[434, 2000, 2000, 'port_in_433', 0] [[1000, 0], [2000, 1000], [1000, 2000], [0, 1000]]
[435, 2000, 2000, 'port_in_434', 0] [[1000, 0], [2000, 1000], [1000, 2000], [0, 1000]]
[436, 2000, 2000, 'port_in_435', 0] [[1000, 0], [2000, 1000], [1000, 2000], [0, 1000]]
[437, 2000, 2000, 'port_in_436', 0] [[1000, 0], [2000, 1000], [1000, 2000], [0, 1000]]
[438, 2000, 2000, 'port_in_437', 0] [[1000, 0], [2000, 1000], [1000, 2000], [0, 1000]]
[439, 2000, 2000, 'port_in_438', 0] [[1000, 0], [2000, 1000], [1000, 2000], [0, 1000]]
[440, 2000, 2000, 'port_in_439', 0] [[1000, 0], [2000, 1000], [1000, 2000], [0, 1000]]
[441, 2000, 2000, 'port_in_440', 0] [[1000, 0], [2000, 1000], [1000, 2000], [0, 1000]]
[442, 2000, 2000, 'port_in_441', 0] [[1000, 0], [2000, 1000], [1000, 2000], [0, 1000]]
[443, 2000, 2000, 'port_in_442', 0] [[1000, 0], [2000, 1000], [1000, 2000], [0, 1000]]
[444, 2000, 2000, 'port_in_443', 0] [[1000, 0], [2000, 1000], [1000, 2000], [0, 1000]]
[445, 2000, 2000, 'port_in_444', 0] [[1000, 0], [2000, 1000], [1000, 2000], [0, 1000]]
[446, 2000, 2000, 'port_in_445', 0] [[1000, 0], [2000, 1000], [1000, 2000], [0, 1000]]
[447, 2000, 2000, 'port_in_446', 0] [[1000, 0], [2000, 1000], [1000, 2000], [0, 1000]]
[448, 2000, 2000, 'port_in_447', 0] [[1000, 0], [2000, 1000], [1000, 2000], [0, 1000]]
[449, 2000, 2000, 'port_in_448', 0] [[1000, 0], [2000, 1000], [1000, 2000], [0, 1000]]
[450, 2000, 2000, 'port_in_449', 0] [[1000, 0], [2000, 1000], [1000, 2000], [0, 1000]]
[451, 2000, 2000, 'port_in_450', 0] [[1000, 0], [2000, 1000], [1000, 2000], [0, 1000]]
[452, 2000, 2000, 'port_in_451', 0] [[1000, 0], [2000, 1000], [1000, 2000], [0, 1000]]
[453, 2000, 2000, 'port_in_452', 0] [[1000, 0], [2000, 1000], [1000, 2000], [0, 1000]]
[454, 2000, 2000, 'port_in_453', 0] [[1000, 0], [2000, 1000], [1000, 2000], [0, 1000]]
[455, 2000, 2000, 'port_in_454', 0] [[1000, 0], [2000, 1000], [1000, 2000], [0, 1000]]
[456, 2000, 2000, 'port_in_455', 0] [[1000, 0], [2000, 1000], [1000, 2000], [0, 1000]]
[457, 2000, 2000, 'port_in_456', 0] [[1000, 0], [2000, 1000], [1000, 2000], [0, 1000]]
[458, 2000, 2000, 'port_in_457', 0] [[1000, 0], [2000, 1000], [1000, 2000], [0, 1000]]
[459, 2000, 2000, 'port_in_458', 0] [[1000, 0], [2000, 1000], [1000, 2000], [0, 1000]]
[460, 2000, 2000, 'port_in_459', 0] [[1000, 0], [2000, 1000], [1000, 2000], [0, 1000]]
[461, 2000, 2000, 'port_in_460', 0] [[1000, 0], [2000, 1000], [1000, 2000], [0, 1000]]
[462, 2000, 2000, 'port_in_461', 0] [[1000, 0], [2000, 1000], [1000, 2000], [0, 1000]]
[463, 2000, 2000, 'port_in_462', 0] [[1000, 0], [2000, 1000], [1000, 2000], [0, 1000]]
[464, 2000, 2000, 'port_in_463', 0] [[1000, 0], [2000, 1000], [1000, 2000], [0, 1000]]
[465, 2000, 2000, 'port_in_464', 0] [[1000, 0], [2000, 1000], [1000, 2000], [0, 1000]]
[466, 2000, 2000, 'port_in_465', 0] [[1000, 0], [2000, 1000], [1000, 2000], [0, 1000]]
[467, 2000, 2000, 'port_in_466', 0] [[1000, 0], [2000, 1000], [1000, 2000], [0, 1000]]
[468, 2000, 2000, 'port_in_467', 0] [[1000, 0], [2000, 1000], [1000, 2000], [0, 1000]]
[469, 2000, 2000, 'port_in_468', 0] [[1000, 0], [2000, 1000], [1000, 2000], [0, 1000]]
[470, 2000, 2000, 'port_in_469', 0] [[1000, 0], [2000, 1000], [1000, 2000], [0, 1000]]
[471, 2000, 2000, 'port_in_470', 0] [[1000, 0], [2000, 1000], [1000, 2000], [0, 1000]]
[472, 2000, 2000, 'port_in_471', 0] [[1000, 0], [2000, 1000], [1000, 2000], [0, 1000]]
[473, 2000, 2000, 'port_in_472', 0] [[1000, 0], [2000, 1000], [1000, 2000], [0, 1000]]
[474, 2000, 2000, 'port_in_473', 0] [[1000, 0], [2000, 1000], [1000, 2000], [0, 1000]]
[475, 2000, 2000, 'port_in_474', 0] [[1000, 0], [2000, 1000], [1000, 2000], [0, 1000]]
[476, 2000, 2000, 'port_in_475', 0] [[1000, 0], [2000, 1000], [1000, 2000], [0, 1000]]
[477, 2000, 2000, 'port_in_476', 0] [[1000, 0], [2000, 1000], [1000, 2000], [0, 1000]]
[478, 2000, 2000, 'port_in_477', 0] [[1000, 0], [2000, 1000], [1000, 2000], [0, 1000]]
[479, 2000, 2000, 'port_in_478', 0] [[1000, 0], [2000, 1000], [1000, 2000], [0, 1000]]
[480, 2000, 2000, 'port_in_479', 0] [[1000, 0], [2000, 1000], [1000, 2000], [0, 1000]]
[481, 2000, 2000, 'port_in_480', 0] [[1000, 0], [2000, 1000], [1000, 2000], [0, 1000]]
[482, 2000, 2000, 'port_in_481', 0] [[1000, 0], [2000, 1000], [1000, 2000], [0, 1000]]
[483, 2000, 2000, 'port_in_482', 0] [[1000, 0], [2000, 1000], [1000, 2000], [0, 1000]]
[484, 2000, 2000, 'port_in_483', 0] [[1000, 0], [2000, 1000], [1000, 2000], [0, 1000]]
[485, 2000, 2000, 'port_in_484', 0] [[1000, 0], [2000, 1000], [1000, 2000], [0, 1000]]
[486, 2000, 2000, 'port_in_485', 0] [[1000, 0], [2000, 1000], [1000, 2000], [0, 1000]]
[487, 2000, 2000, 'port_in_486', 0] [[1000, 0], [2000, 1000], [1000, 2000], [0, 1000]]
[488, 2000, 2000, 'port_in_487', 0] [[1000, 0], [2000, 1000], [1000, 2000], [0, 1000]]
[489, 2000, 2000, 'port_in_488', 0] [[1000, 0], [2000, 1000], [1000, 2000], [0, 1000]]
[490, 2000, 2000, 'port_in_489', 0] [[1000, 0], [2000, 1000], [1000, 2000], [0, 1000]]
[491, 2000, 2000, 'port_in_490', 0] [[1000, 0], [2000, 1000], [1000, 2000], [0, 1000]]
[492, 2000, 2000, 'port_in_491', 0] [[1000, 0], [2000, 1000], [1000, 2000], [0, 1000]]
[493, 2000, 2000, 'port_in_492', 0] [[1000, 0], [2000, 1000], [1000, 2000], [0, 1000]]
[494, 2000, 2000, 'port_in_493', 0] [[1000, 0], [2000, 1000], [1000, 2000], [0, 1000]]
[495, 2000, 2000, 'port_in_494', 0] [[1000, 0], [2000, 1000], [1000, 2000], [0, 1000]]
[496, 2000, 2000, 'port_in_495', 0] [[1000, 0], [2000, 1000], [1000, 2000], [0, 1000]]
[497, 2000, 2000, 'port_in_496', 0] [[1000, 0], [2000, 1000], [1000, 2000], [0, 1000]]
[498, 2000, 2000, 'port_in_497', 0] [[1000, 0], [2000, 1000], [1000, 2000], [0, 1000]]
[499, 2000, 2000, 'port_in_498', 0] [[1000, 0], [2000, 1000], [1000, 2000], [0, 1000]]
[500, 2000, 2000, 'port_in_499', 0] [[1000, 0], [2000, 1000], [1000, 2000], [0, 1000]]
[501, 2000, 2000, 'port_in_500', 0] [[1000, 0], [2000, 1000], [1000, 2000], [0, 1000]]
[502, 2000, 2000, 'port_in_501', 0] [[1000, 0], [2000, 1000], [1000, 2000], [0, 1000]]
[503, 2000, 2000, 'port_in_502', 0] [[1000, 0], [2000, 1000], [1000, 2000], [0, 1000]]
[504, 2000, 2000, 'port_in_503', 0] [[1000, 0], [2000, 1000], [1000, 2000], [0, 1000]]
[505, 2000, 2000, 'port_in_504', 0] [[1000, 0], [2000, 1000], [1000, 2000], [0, 1000]]
[506, 2000, 2000, 'port_in_505', 0] [[1000, 0], [2000, 1000], [1000, 2000], [0, 1000]]
[507, 2000, 2000, 'port_in_506', 0] [[1000, 0], [2000, 1000], [1000, 2000], [0, 1000]]
[508, 2000, 2000, 'port_in_507', 0] [[1000, 0], [2000, 1000], [1000, 2000], [0, 1000]]
[509, 2000, 2000, 'port_in_508', 0] [[1000, 0], [2000, 1000], [1000, 2000], [0, 1000]]
[510, 2000, 2000, 'port_in_509', 0] [[1000, 0], [2000, 1000], [1000, 2000], [0, 1000]]
[511, 2000, 2000, 'port_in_510', 0] [[1000, 0], [2000, 1000], [1000, 2000], [0, 1000]]
[512, 2000, 2000, 'port_in_511', 0] [[1000, 0], [2000, 1000], [1000, 2000], [0, 1000]]
[513, 2000, 2000, 'port_in_512', 0] [[1000, 0], [2000, 1000], [1000, 2000], [0, 1000]]
2/9, Finish initial placement with rotation, time spent: 0.02152109146118164 s
3/9, Finish symmetricalization, time spent: 0.00017762184143066406 s
4/9, Finish routing, time spent: 0.18572163581848145 s
****************************************************
New valid order that can lead to planar graph found:
[[0], [0], [0, 1, 2, 3, 4, 5, 6, 7, 8, 9, 10, 11, 12, 13, 14, 15, 16, 17, 18, 19, 20, 21, 22, 23, 24, 25, 26, 27, 28, 29, 30, 31, 32, 33, 34, 35, 36, 37, 38, 39, 40, 41, 42, 43, 44, 45, 46, 47, 48, 49, 50, 51, 52, 53, 54, 55, 56, 57, 58, 59, 60, 61, 62, 63, 64, 65, 66, 67, 68, 69, 70, 71, 72, 73, 74, 75, 76, 77, 78, 79, 80, 81, 82, 83, 84, 85, 86, 87, 88, 89, 90, 91, 92, 93, 94, 95, 96, 97, 98, 99, 100, 101, 102, 103, 104, 105, 106, 107, 108, 109, 110, 111, 112, 113, 114, 115, 116, 117, 118, 119, 120, 121, 122, 123, 124, 125, 126, 127, 128, 129, 130, 131, 132, 133, 134, 135, 136, 137, 138, 139, 140, 141, 142, 143, 144, 145, 146, 147, 148, 149, 150, 151, 152, 153, 154, 155, 156, 157, 158, 159, 160, 161, 162, 163, 164, 165, 166, 167, 168, 169, 170, 171, 172, 173, 174, 175, 176, 177, 178, 179, 180, 181, 182, 183, 184, 185, 186, 187, 188, 189, 190, 191, 192, 193, 194, 195, 196, 197, 198, 199, 200, 201, 202, 203, 204, 205, 206, 207, 208, 209, 210, 211, 212, 213, 214, 215, 216, 217, 218, 219, 220, 221, 222, 223, 224, 225, 226, 227, 228, 229, 230, 231, 232, 233, 234, 235, 236, 237, 238, 239, 240, 241, 242, 243, 244, 245, 246, 247, 248, 249, 250, 251, 252, 253, 254, 255, 256, 257, 258, 259, 260, 261, 262, 263, 264, 265, 266, 267, 268, 269, 270, 271, 272, 273, 274, 275, 276, 277, 278, 279, 280, 281, 282, 283, 284, 285, 286, 287, 288, 289, 290, 291, 292, 293, 294, 295, 296, 297, 298, 299, 300, 301, 302, 303, 304, 305, 306, 307, 308, 309, 310, 311, 312, 313, 314, 315, 316, 317, 318, 319, 320, 321, 322, 323, 324, 325, 326, 327, 328, 329, 330, 331, 332, 333, 334, 335, 336, 337, 338, 339, 340, 341, 342, 343, 344, 345, 346, 347, 348, 349, 350, 351, 352, 353, 354, 355, 356, 357, 358, 359, 360, 361, 362, 363, 364, 365, 366, 367, 368, 369, 370, 371, 372, 373, 374, 375, 376, 377, 378, 379, 380, 381, 382, 383, 384, 385, 386, 387, 388, 389, 390, 391, 392, 393, 394, 395, 396, 397, 398, 399, 400, 401, 402, 403, 404, 405, 406, 407, 408, 409, 410, 411, 412, 413, 414, 415, 416, 417, 418, 419, 420, 421, 422, 423, 424, 425, 426, 427, 428, 429, 430, 431, 432, 433, 434, 435, 436, 437, 438, 439, 440, 441, 442, 443, 444, 445, 446, 447, 448, 449, 450, 451, 452, 453, 454, 455, 456, 457, 458, 459, 460, 461, 462, 463, 464, 465, 466, 467, 468, 469, 470, 471, 472, 473, 474, 475, 476, 477, 478, 479, 480, 481, 482, 483, 484, 485, 486, 487, 488, 489, 490, 491, 492, 493, 494, 495, 496, 497, 498, 499, 500, 501, 502, 503, 504, 505, 506, 507, 508, 509, 510, 511]]
****************************************************
--Finish applying new order
--Finish mirroring related components
5/9, Finish initialization of new orders, time spent: 0.06588387489318848 s
6/9, Finish shortening wirelength, time spent: 0.0013225078582763672 s
Skip stage7 LP according to user's need
8/9, Finish routing, time spent: 0.11541914939880371 s
9/9, Finish compaction and connecting ports, time spent: 2.387139081954956 s
<<<<<<<<<<<<<<<<<<<<<<<<<<<<<< All P&R Done >>>>>>>>>>>>>>>>>>>>>>>>>>>>>>
Total Timeusage: 2.777590274810791 s
Reordering Timeusage: 0.06588387489318848 s
LP-based Optimization Timeusage: 0 s
P&R for the new orders: 2.5697646141052246 s
Nudge MUX mux_512 by [0.0, 4500.0] -> [1539000.0, 33250.0]
Fit canvas to [2130800.0, 70500.0] and center by [-473600.0, 2000.0]
Done. Combined PR JSON: /home/student/Desktop/Neptune_2026/Microfluidics-Benchmarks/Results/tree_full_20260918_100349/artifacts/mint__Base__Super_MUX_512__Super_MUX_512_fromMINT/result.json
