$ systemd-run --user --scope -q -p MemoryMax=64.0G -p MemorySwapMax=0 /home/student/anaconda3/envs/neptune2026/bin/python /home/student/Desktop/Neptune_2026/scripts/run_all_synthesize_timeout_report.py --_worker --algorithm tree --input /home/student/Desktop/Neptune_2026/Microfluidics-Benchmarks/Results/MINT_TestCases/Primitive/Droplet_Sorter/Droplet_Sorter_fromMINT.json --case-output /home/student/Desktop/Neptune_2026/Microfluidics-Benchmarks/Results/tree_full_20260918_100349/artifacts/mint__Primitive__Droplet_Sorter__Droplet_Sorter_fromMINT --time-limit 3600.0 --solver-profile standard --mip-gap 0.0
Finish loading test case: Droplet_Sorter_fromMINT
1/9, Finish initial placement, time spent: 1.430511474609375e-05 s
[0, 2000, 2000, 'p1', 0] [[1000, 0], [2000, 1000], [1000, 2000], [0, 1000]]
[1, 2000, 2000, 'p2', 0] [[1000, 0], [2000, 1000], [1000, 2000], [0, 1000]]
[2, 2000, 2000, 'p3', 0] [[1000, 0], [2000, 1000], [1000, 2000], [0, 1000]]
[3, 18450, 11426, 's', 0] [[0, 4845], [18450, 600], [18450, 9091]]
2/9, Finish initial placement with rotation, time spent: 9.369850158691406e-05 s
3/9, Finish symmetricalization, time spent: 1.2874603271484375e-05 s
4/9, Finish routing, time spent: 9.179115295410156e-05 s
****************************************************
New valid order that can lead to planar graph found:
[[0], [2, 0, 1]]
****************************************************
--Finish applying new order
--Finish mirroring related components
5/9, Finish initialization of new orders, time spent: 0.0004024505615234375 s
6/9, Finish shortening wirelength, time spent: 3.695487976074219e-05 s
Skip stage7 LP according to user's need
8/9, Finish routing, time spent: 0.00013518333435058594 s
9/9, Finish compaction and connecting ports, time spent: 0.018406152725219727 s
<<<<<<<<<<<<<<<<<<<<<<<<<<<<<< All P&R Done >>>>>>>>>>>>>>>>>>>>>>>>>>>>>>
Total Timeusage: 0.019193410873413086 s
Reordering Timeusage: 0.0004024505615234375 s
LP-based Optimization Timeusage: 0 s
P&R for the new orders: 0.018980741500854492 s
Fit canvas to [21826.0, 54450.0] and center by [-78800.0, 10600.0]
Done. Combined PR JSON: /home/student/Desktop/Neptune_2026/Microfluidics-Benchmarks/Results/tree_full_20260918_100349/artifacts/mint__Primitive__Droplet_Sorter__Droplet_Sorter_fromMINT/result.json
