$ systemd-run --user --scope -q -p MemoryMax=64.0G -p MemorySwapMax=0 /home/student/anaconda3/envs/neptune2026/bin/python /home/student/Desktop/Neptune_2026/scripts/run_all_synthesize_timeout_report.py --_worker --algorithm tree --input /home/student/Desktop/Neptune_2026/Microfluidics-Benchmarks/Results/MINT_TestCases/Primitive/Transposer/Transposer_fromMINT.json --case-output /home/student/Desktop/Neptune_2026/Microfluidics-Benchmarks/Results/tree_full_20260918_100349/artifacts/mint__Primitive__Transposer__Transposer_fromMINT --time-limit 3600.0 --solver-profile standard --mip-gap 0.0
Finish loading test case: Transposer_fromMINT
1/9, Finish initial placement, time spent: 1.6450881958007812e-05 s
[0, 2000, 2000, 'p1', 0] [[1000, 0], [2000, 1000], [1000, 2000], [0, 1000]]
[1, 2000, 2000, 'p2', 0] [[1000, 0], [2000, 1000], [1000, 2000], [0, 1000]]
[2, 2000, 2000, 'p3', 0] [[1000, 0], [2000, 1000], [1000, 2000], [0, 1000]]
[3, 2000, 2000, 'p4', 0] [[1000, 0], [2000, 1000], [1000, 2000], [0, 1000]]
[4, 14350, 13500, 't', 0] [[2650, 2650], [12550, 2650], [2650, 10850], [12550, 10850], [0, 6750], [14350, 6750]]
2/9, Finish initial placement with rotation, time spent: 0.00011038780212402344 s
3/9, Finish symmetricalization, time spent: 1.3113021850585938e-05 s
4/9, Finish routing, time spent: 9.679794311523438e-05 s
****************************************************
New valid order that can lead to planar graph found:
[[0], [0, 1, 2, 3]]
****************************************************
--Finish applying new order
--Finish mirroring related components
5/9, Finish initialization of new orders, time spent: 0.0005216598510742188 s
6/9, Finish shortening wirelength, time spent: 4.100799560546875e-05 s
Skip stage7 LP according to user's need
8/9, Finish routing, time spent: 0.00014209747314453125 s
9/9, Finish compaction and connecting ports, time spent: 0.0230100154876709 s
<<<<<<<<<<<<<<<<<<<<<<<<<<<<<< All P&R Done >>>>>>>>>>>>>>>>>>>>>>>>>>>>>>
Total Timeusage: 0.02395153045654297 s
Reordering Timeusage: 0.0005216598510742188 s
LP-based Optimization Timeusage: 0 s
P&R for the new orders: 0.023714780807495117 s
Fit canvas to [23500.0, 50350.0] and center by [-79200.0, 13000.0]
Done. Combined PR JSON: /home/student/Desktop/Neptune_2026/Microfluidics-Benchmarks/Results/tree_full_20260918_100349/artifacts/mint__Primitive__Transposer__Transposer_fromMINT/result.json
