$ systemd-run --user --scope -q -p MemoryMax=64.0G -p MemorySwapMax=0 /home/student/anaconda3/envs/neptune2026/bin/python /home/student/Desktop/Neptune_2026/scripts/run_all_synthesize_timeout_report.py --_worker --algorithm tree --input /home/student/Desktop/Neptune_2026/Microfluidics-Benchmarks/Results/MINT_TestCases/COVID/Gel_Electrophoresis/Gel_Electrophoresis_fromMINT.json --case-output /home/student/Desktop/Neptune_2026/Microfluidics-Benchmarks/Results/tree_full_20260918_100349/artifacts/mint__COVID__Gel_Electrophoresis__Gel_Electrophoresis_fromMINT --time-limit 3600.0 --solver-profile standard --mip-gap 0.0
Reversed 14 connection(s) with opposite-port direction conflicts: channel_1, channel_2, channel_3, channel_4, channel_5, channel_6, channel_7, channel_8, channel_9, channel_10, channel_11, channel_12, channel_13, channel_14.
Finish loading test case: Gel_Electrophoresis_fromMINT
1/9, Finish initial placement, time spent: 3.743171691894531e-05 s
[0, 4060, 4860, 'mixer_1', 0] [[2030, 0], [2030, 4860]]
[1, 4060, 4860, 'mixer_2', 0] [[2030, 0], [2030, 4860]]
[2, 1400, 1400, 'port_1', 0] [[700, 0], [1400, 700], [700, 1400], [0, 700]]
[3, 4060, 4860, 'mixer_3', 0] [[2030, 0], [2030, 4860]]
[4, 4060, 4860, 'mixer_4', 0] [[2030, 0], [2030, 4860]]
[5, 4060, 4860, 'mixer_5', 0] [[2030, 0], [2030, 4860]]
[6, 4060, 4860, 'mixer_6', 0] [[2030, 0], [2030, 4860]]
[7, 1400, 1400, 'port_2', 0] [[700, 0], [1400, 700], [700, 1400], [0, 700]]
[8, 1400, 1400, 'port_3', 0] [[700, 0], [1400, 700], [700, 1400], [0, 700]]
[9, 1400, 1400, 'port_4', 0] [[700, 0], [1400, 700], [700, 1400], [0, 700]]
[10, 1400, 1400, 'port_5', 0] [[700, 0], [1400, 700], [700, 1400], [0, 700]]
[11, 1400, 1400, 'port_6', 0] [[700, 0], [1400, 700], [700, 1400], [0, 700]]
2/9, Finish initial placement with rotation, time spent: 0.00020170211791992188 s
3/9, Finish symmetricalization, time spent: 3.4332275390625e-05 s
4/9, Finish routing, time spent: 0.00026679039001464844 s
****************************************************
Fail to find valid order; keeping the initial row order
****************************************************
--Finish applying new order
--Finish mirroring related components
5/9, Finish initialization of new orders, time spent: 0.0013875961303710938 s
6/9, Finish shortening wirelength, time spent: 9.894371032714844e-05 s
Skip stage7 LP according to user's need
8/9, Finish routing, time spent: 0.00031757354736328125 s
9/9, Finish compaction and connecting ports, time spent: 0.046658992767333984 s
<<<<<<<<<<<<<<<<<<<<<<<<<<<<<< All P&R Done >>>>>>>>>>>>>>>>>>>>>>>>>>>>>>
Total Timeusage: 0.04900336265563965 s
Reordering Timeusage: 0.0013875961303710938 s
LP-based Optimization Timeusage: 0 s
P&R for the new orders: 0.04846310615539551 s
Fan 2 shared-hinge MIXER mixer_3 pads by pitch 4000
Fan 2 shared-hinge MIXER mixer_4 pads by pitch 4000
Fit canvas to [32880.0, 46680.0] and center by [0.0, -1000.0]
Done. Combined PR JSON: /home/student/Desktop/Neptune_2026/Microfluidics-Benchmarks/Results/tree_full_20260918_100349/artifacts/mint__COVID__Gel_Electrophoresis__Gel_Electrophoresis_fromMINT/result.json
