$ systemd-run --user --scope -q -p MemoryMax=64.0G -p MemorySwapMax=0 /home/student/anaconda3/envs/neptune2026/bin/python /home/student/Desktop/Neptune_2026/scripts/run_all_synthesize_timeout_report.py --_worker --algorithm tree --input /home/student/Desktop/Neptune_2026/Microfluidics-Benchmarks/Results/MINT_TestCases/Primitive/Nozzle_Droplet_Generator/Nozzle_Droplet_Generator_fromMINT.json --case-output /home/student/Desktop/Neptune_2026/Microfluidics-Benchmarks/Results/tree_full_20260918_100349/artifacts/mint__Primitive__Nozzle_Droplet_Generator__Nozzle_Droplet_Generator_fromMINT --time-limit 3600.0 --solver-profile standard --mip-gap 0.0
Reversed 1 connection(s) with opposite-port direction conflicts: co3.
Finish loading test case: Nozzle_Droplet_Generator_fromMINT
1/9, Finish initial placement, time spent: 1.6927719116210938e-05 s
[0, 2000, 2000, 'p1', 0] [[1000, 0], [2000, 1000], [1000, 2000], [0, 1000]]
[1, 2000, 2000, 'p2', 0] [[1000, 0], [2000, 1000], [1000, 2000], [0, 1000]]
[2, 2000, 2000, 'p3', 0] [[1000, 0], [2000, 1000], [1000, 2000], [0, 1000]]
[3, 2000, 2000, 'p4', 0] [[1000, 0], [2000, 1000], [1000, 2000], [0, 1000]]
[4, 1800, 600, 'g', 0] [[400, 0], [1800, 300], [400, 600], [0, 300]]
2/9, Finish initial placement with rotation, time spent: 9.393692016601562e-05 s
3/9, Finish symmetricalization, time spent: 1.3828277587890625e-05 s
4/9, Finish routing, time spent: 8.487701416015625e-05 s
****************************************************
New valid order that can lead to planar graph found:
[[0], [1, 0, 2], [0]]
****************************************************
--Finish applying new order
--Finish mirroring related components
5/9, Finish initialization of new orders, time spent: 0.0004699230194091797 s
6/9, Finish shortening wirelength, time spent: 3.695487976074219e-05 s
Skip stage7 LP according to user's need
8/9, Finish routing, time spent: 0.00012826919555664062 s
9/9, Finish compaction and connecting ports, time spent: 0.019437789916992188 s
<<<<<<<<<<<<<<<<<<<<<<<<<<<<<< All P&R Done >>>>>>>>>>>>>>>>>>>>>>>>>>>>>>
Total Timeusage: 0.020282506942749023 s
Reordering Timeusage: 0.0004699230194091797 s
LP-based Optimization Timeusage: 0 s
P&R for the new orders: 0.02007293701171875 s
Fan 3 shared-hinge NOZZLE DROPLET GENERATOR g pads by pitch 2400
Fit canvas to [37800.0, 16200.0] and center by [7000.0, -3400.0]
Done. Combined PR JSON: /home/student/Desktop/Neptune_2026/Microfluidics-Benchmarks/Results/tree_full_20260918_100349/artifacts/mint__Primitive__Nozzle_Droplet_Generator__Nozzle_Droplet_Generator_fromMINT/result.json
