$ systemd-run --user --scope -q -p MemoryMax=64.0G -p MemorySwapMax=0 /home/student/anaconda3/envs/neptune2026/bin/python /home/student/Desktop/Neptune_2026/scripts/run_all_synthesize_timeout_report.py --_worker --algorithm tree --input /home/student/Desktop/Neptune_2026/Microfluidics-Benchmarks/Results/MINT_TestCases/CIDAR_Lab_Past_Devices/Mixer_Trap_Simple/Mixer_Trap_Simple_fromMINT.json --case-output /home/student/Desktop/Neptune_2026/Microfluidics-Benchmarks/Results/tree_full_20260918_100349/artifacts/mint__CIDAR_Lab_Past_Devices__Mixer_Trap_Simple__Mixer_Trap_Simple_fromMINT --time-limit 3600.0 --solver-profile standard --mip-gap 0.0
Reversed 3 connection(s) with opposite-port direction conflicts: channel_1, channel_2, channel_3.
Finish loading test case: Mixer_Trap_Simple_fromMINT
1/9, Finish initial placement, time spent: 1.5735626220703125e-05 s
[0, 2000, 2000, 'port_in', 0] [[1000, 0], [2000, 1000], [1000, 2000], [0, 1000]]
[1, 1600, 7600, 'mixer_1', 0] [[800, 0], [800, 7600]]
[2, 2000, 2000, 'cell_trapper_1', 0] [[0, 1000], [2000, 1000], [1000, 0], [1000, 2000]]
[3, 2000, 2000, 'port_out', 0] [[1000, 0], [2000, 1000], [1000, 2000], [0, 1000]]
2/9, Finish initial placement with rotation, time spent: 0.00011944770812988281 s
3/9, Finish symmetricalization, time spent: 1.3589859008789062e-05 s
4/9, Finish routing, time spent: 0.00012040138244628906 s
****************************************************
New valid order that can lead to planar graph found:
[[0], [0], [0], [0]]
****************************************************
--Finish applying new order
--Finish mirroring related components
5/9, Finish initialization of new orders, time spent: 0.0004038810729980469 s
6/9, Finish shortening wirelength, time spent: 5.078315734863281e-05 s
Skip stage7 LP according to user's need
8/9, Finish routing, time spent: 0.0001251697540283203 s
9/9, Finish compaction and connecting ports, time spent: 0.01789259910583496 s
<<<<<<<<<<<<<<<<<<<<<<<<<<<<<< All P&R Done >>>>>>>>>>>>>>>>>>>>>>>>>>>>>>
Total Timeusage: 0.018741607666015625 s
Reordering Timeusage: 0.0004038810729980469 s
LP-based Optimization Timeusage: 0 s
P&R for the new orders: 0.01847243309020996 s
Fit canvas to [12000.0, 43400.0] and center by [0.0, 0.0]
Done. Combined PR JSON: /home/student/Desktop/Neptune_2026/Microfluidics-Benchmarks/Results/tree_full_20260918_100349/artifacts/mint__CIDAR_Lab_Past_Devices__Mixer_Trap_Simple__Mixer_Trap_Simple_fromMINT/result.json
