$ systemd-run --user --scope -q -p MemoryMax=64.0G -p MemorySwapMax=0 /home/student/anaconda3/envs/neptune2026/bin/python /home/student/Desktop/Neptune_2026/scripts/run_all_synthesize_timeout_report.py --_worker --algorithm tree --input /home/student/Desktop/Neptune_2026/Microfluidics-Benchmarks/Results/MINT_TestCases/Technology_Mapping/N_Less_M_Map/N_Less_M_Map_fromMINT.json --case-output /home/student/Desktop/Neptune_2026/Microfluidics-Benchmarks/Results/tree_full_20260918_100349/artifacts/mint__Technology_Mapping__N_Less_M_Map__N_Less_M_Map_fromMINT --time-limit 3600.0 --solver-profile standard --mip-gap 0.0
Finish loading test case: N_Less_M_Map_fromMINT
1/9, Finish initial placement, time spent: 1.9788742065429688e-05 s
[0, 5000, 5000, 'reaction_chamber_1', 0] [[2500, 0], [5000, 2500], [2500, 5000], [0, 2500]]
[1, 1400, 1400, 'port_1', 0] [[700, 0], [1400, 700], [700, 1400], [0, 700]]
[2, 1400, 1400, 'port_2', 0] [[700, 0], [1400, 700], [700, 1400], [0, 700]]
[3, 1400, 1400, 'port_3', 0] [[700, 0], [1400, 700], [700, 1400], [0, 700]]
[4, 1400, 1400, 'port_4', 0] [[700, 0], [1400, 700], [700, 1400], [0, 700]]
[5, 1400, 1400, 'port_5', 0] [[700, 0], [1400, 700], [700, 1400], [0, 700]]
[6, 1400, 1400, 'port_6', 0] [[700, 0], [1400, 700], [700, 1400], [0, 700]]
[7, 1400, 1400, 'port_7', 0] [[700, 0], [1400, 700], [700, 1400], [0, 700]]
[8, 1400, 1400, 'port_8', 0] [[700, 0], [1400, 700], [700, 1400], [0, 700]]
[9, 1400, 1400, 'port_9', 0] [[700, 0], [1400, 700], [700, 1400], [0, 700]]
2/9, Finish initial placement with rotation, time spent: 0.00017452239990234375 s
3/9, Finish symmetricalization, time spent: 1.5497207641601562e-05 s
4/9, Finish routing, time spent: 0.00022220611572265625 s
****************************************************
New valid order that can lead to planar graph found:
[[0, 1, 2, 3, 4], [0], [0, 1, 2, 3]]
****************************************************
--Finish applying new order
--Finish mirroring related components
5/9, Finish initialization of new orders, time spent: 0.0007085800170898438 s
6/9, Finish shortening wirelength, time spent: 7.081031799316406e-05 s
Skip stage7 LP according to user's need
8/9, Finish routing, time spent: 0.00022459030151367188 s
9/9, Finish compaction and connecting ports, time spent: 0.06268048286437988 s
<<<<<<<<<<<<<<<<<<<<<<<<<<<<<< All P&R Done >>>>>>>>>>>>>>>>>>>>>>>>>>>>>>
Total Timeusage: 0.0641164779663086 s
Reordering Timeusage: 0.0007085800170898438 s
LP-based Optimization Timeusage: 0 s
P&R for the new orders: 0.06368446350097656 s
Fit canvas to [21600.0, 41000.0] and center by [-5700.0, 7200.0]
Done. Combined PR JSON: /home/student/Desktop/Neptune_2026/Microfluidics-Benchmarks/Results/tree_full_20260918_100349/artifacts/mint__Technology_Mapping__N_Less_M_Map__N_Less_M_Map_fromMINT/result.json
