$ systemd-run --user --scope -q -p MemoryMax=64.0G -p MemorySwapMax=0 /home/student/anaconda3/envs/neptune2026/bin/python /home/student/Desktop/Neptune_2026/scripts/run_all_synthesize_timeout_report.py --_worker --algorithm tree --input /home/student/Desktop/Neptune_2026/Microfluidics-Benchmarks/Results/MINT_TestCases/Primitive/Flow_Focus_Droplet_Generator/Flow_Focus_Droplet_Generator_fromMINT.json --case-output /home/student/Desktop/Neptune_2026/Microfluidics-Benchmarks/Results/tree_full_20260918_100349/artifacts/mint__Primitive__Flow_Focus_Droplet_Generator__Flow_Focus_Droplet_Generator_fromMINT --time-limit 3600.0 --solver-profile standard --mip-gap 0.0
Finish loading test case: Flow_Focus_Droplet_Generator_fromMINT
1/9, Finish initial placement, time spent: 1.2636184692382812e-05 s
[0, 2000, 2000, 'p1', 0] [[1000, 0], [2000, 1000], [1000, 2000], [0, 1000]]
[1, 7500, 10200, 'd', 0] [[7500, 5100]]
2/9, Finish initial placement with rotation, time spent: 4.792213439941406e-05 s
3/9, Finish symmetricalization, time spent: 1.1682510375976562e-05 s
4/9, Finish routing, time spent: 5.14984130859375e-05 s
****************************************************
New valid order that can lead to planar graph found:
[[0], [0]]
****************************************************
--Finish applying new order
--Finish mirroring related components
5/9, Finish initialization of new orders, time spent: 0.0002684593200683594 s
6/9, Finish shortening wirelength, time spent: 2.4557113647460938e-05 s
Skip stage7 LP according to user's need
8/9, Finish routing, time spent: 7.605552673339844e-05 s
9/9, Finish compaction and connecting ports, time spent: 0.010801076889038086 s
<<<<<<<<<<<<<<<<<<<<<<<<<<<<<< All P&R Done >>>>>>>>>>>>>>>>>>>>>>>>>>>>>>
Total Timeusage: 0.011293888092041016 s
Reordering Timeusage: 0.0002684593200683594 s
LP-based Optimization Timeusage: 0 s
P&R for the new orders: 0.011170148849487305 s
Fit canvas to [28100.0, 18500.0] and center by [0.0, 0.0]
Done. Combined PR JSON: /home/student/Desktop/Neptune_2026/Microfluidics-Benchmarks/Results/tree_full_20260918_100349/artifacts/mint__Primitive__Flow_Focus_Droplet_Generator__Flow_Focus_Droplet_Generator_fromMINT/result.json
