$ systemd-run --user --scope -q -p MemoryMax=64.0G -p MemorySwapMax=0 /home/student/anaconda3/envs/neptune2026/bin/python /home/student/Desktop/Neptune_2026/scripts/run_all_synthesize_timeout_report.py --_worker --algorithm tree --input /home/student/Desktop/Neptune_2026/Microfluidics-Benchmarks/Results/MINT_TestCases/Grid/Grid_09/Grid_09_fromMINT.json --case-output /home/student/Desktop/Neptune_2026/Microfluidics-Benchmarks/Results/tree_full_20260918_100349/artifacts/mint__Grid__Grid_09__Grid_09_fromMINT --time-limit 3600.0 --solver-profile standard --mip-gap 0.0
Reversed 11 connection(s) with opposite-port direction conflicts: c1, c2, c3, c4, c5, c6, c7, c8, c9, c10, c164.
Finish loading test case: Grid_09_fromMINT
1/9, Finish initial placement, time spent: 0.0008037090301513672 s
[0, 12475, 20400, 'm1', 0] [[6237, 0], [9537, 20400], [8712, 20400], [7887, 20400], [7062, 20400], [6237, 20400], [5412, 20400], [4587, 20400], [3762, 20400], [2937, 20400]]
[1, 12475, 20400, 'm2', 0] [[6237, 0], [9537, 20400], [8712, 20400], [7887, 20400], [7062, 20400], [6237, 20400], [5412, 20400], [4587, 20400], [3762, 20400], [2937, 20400]]
[2, 200, 200, 'p1', 0] [[100, 0], [200, 100], [100, 200], [0, 100]]
[3, 200, 200, 'p2', 0] [[100, 0], [200, 100], [100, 200], [0, 100]]
[4, 4000, 4000, 'ct1', 0] [[0, 2000], [4000, 2000], [2000, 0], [2000, 4000]]
[5, 4000, 4000, 'ct2', 0] [[0, 2000], [4000, 2000], [2000, 0], [2000, 4000]]
[6, 4000, 4000, 'ct3', 0] [[0, 2000], [4000, 2000], [2000, 0], [2000, 4000]]
[7, 4000, 4000, 'ct4', 0] [[0, 2000], [4000, 2000], [2000, 0], [2000, 4000]]
[8, 4000, 4000, 'ct5', 0] [[0, 2000], [4000, 2000], [2000, 0], [2000, 4000]]
[9, 4000, 4000, 'ct6', 0] [[0, 2000], [4000, 2000], [2000, 0], [2000, 4000]]
[10, 4000, 4000, 'ct7', 0] [[0, 2000], [4000, 2000], [2000, 0], [2000, 4000]]
[11, 4000, 4000, 'ct8', 0] [[0, 2000], [4000, 2000], [2000, 0], [2000, 4000]]
[12, 4000, 4000, 'ct9', 0] [[0, 2000], [4000, 2000], [2000, 0], [2000, 4000]]
[13, 4000, 4000, 'ct10', 0] [[0, 2000], [4000, 2000], [2000, 0], [2000, 4000]]
[14, 4000, 4000, 'ct11', 0] [[0, 2000], [4000, 2000], [2000, 0], [2000, 4000]]
[15, 4000, 4000, 'ct12', 0] [[0, 2000], [4000, 2000], [2000, 0], [2000, 4000]]
[16, 4000, 4000, 'ct13', 0] [[0, 2000], [4000, 2000], [2000, 0], [2000, 4000]]
[17, 4000, 4000, 'ct14', 0] [[0, 2000], [4000, 2000], [2000, 0], [2000, 4000]]
[18, 4000, 4000, 'ct15', 0] [[0, 2000], [4000, 2000], [2000, 0], [2000, 4000]]
[19, 4000, 4000, 'ct16', 0] [[0, 2000], [4000, 2000], [2000, 0], [2000, 4000]]
[20, 4000, 4000, 'ct17', 0] [[0, 2000], [4000, 2000], [2000, 0], [2000, 4000]]
[21, 4000, 4000, 'ct18', 0] [[0, 2000], [4000, 2000], [2000, 0], [2000, 4000]]
[22, 4000, 4000, 'ct19', 0] [[0, 2000], [4000, 2000], [2000, 0], [2000, 4000]]
[23, 4000, 4000, 'ct20', 0] [[0, 2000], [4000, 2000], [2000, 0], [2000, 4000]]
[24, 4000, 4000, 'ct21', 0] [[0, 2000], [4000, 2000], [2000, 0], [2000, 4000]]
[25, 4000, 4000, 'ct22', 0] [[0, 2000], [4000, 2000], [2000, 0], [2000, 4000]]
[26, 4000, 4000, 'ct23', 0] [[0, 2000], [4000, 2000], [2000, 0], [2000, 4000]]
[27, 4000, 4000, 'ct24', 0] [[0, 2000], [4000, 2000], [2000, 0], [2000, 4000]]
[28, 4000, 4000, 'ct25', 0] [[0, 2000], [4000, 2000], [2000, 0], [2000, 4000]]
[29, 4000, 4000, 'ct26', 0] [[0, 2000], [4000, 2000], [2000, 0], [2000, 4000]]
[30, 4000, 4000, 'ct27', 0] [[0, 2000], [4000, 2000], [2000, 0], [2000, 4000]]
[31, 4000, 4000, 'ct28', 0] [[0, 2000], [4000, 2000], [2000, 0], [2000, 4000]]
[32, 4000, 4000, 'ct29', 0] [[0, 2000], [4000, 2000], [2000, 0], [2000, 4000]]
[33, 4000, 4000, 'ct30', 0] [[0, 2000], [4000, 2000], [2000, 0], [2000, 4000]]
[34, 4000, 4000, 'ct31', 0] [[0, 2000], [4000, 2000], [2000, 0], [2000, 4000]]
[35, 4000, 4000, 'ct32', 0] [[0, 2000], [4000, 2000], [2000, 0], [2000, 4000]]
[36, 4000, 4000, 'ct33', 0] [[0, 2000], [4000, 2000], [2000, 0], [2000, 4000]]
[37, 4000, 4000, 'ct34', 0] [[0, 2000], [4000, 2000], [2000, 0], [2000, 4000]]
[38, 4000, 4000, 'ct35', 0] [[0, 2000], [4000, 2000], [2000, 0], [2000, 4000]]
[39, 4000, 4000, 'ct36', 0] [[0, 2000], [4000, 2000], [2000, 0], [2000, 4000]]
[40, 4000, 4000, 'ct37', 0] [[0, 2000], [4000, 2000], [2000, 0], [2000, 4000]]
[41, 4000, 4000, 'ct38', 0] [[0, 2000], [4000, 2000], [2000, 0], [2000, 4000]]
[42, 4000, 4000, 'ct39', 0] [[0, 2000], [4000, 2000], [2000, 0], [2000, 4000]]
[43, 4000, 4000, 'ct40', 0] [[0, 2000], [4000, 2000], [2000, 0], [2000, 4000]]
[44, 4000, 4000, 'ct41', 0] [[0, 2000], [4000, 2000], [2000, 0], [2000, 4000]]
[45, 4000, 4000, 'ct42', 0] [[0, 2000], [4000, 2000], [2000, 0], [2000, 4000]]
[46, 4000, 4000, 'ct43', 0] [[0, 2000], [4000, 2000], [2000, 0], [2000, 4000]]
[47, 4000, 4000, 'ct44', 0] [[0, 2000], [4000, 2000], [2000, 0], [2000, 4000]]
[48, 4000, 4000, 'ct45', 0] [[0, 2000], [4000, 2000], [2000, 0], [2000, 4000]]
[49, 4000, 4000, 'ct46', 0] [[0, 2000], [4000, 2000], [2000, 0], [2000, 4000]]
[50, 4000, 4000, 'ct47', 0] [[0, 2000], [4000, 2000], [2000, 0], [2000, 4000]]
[51, 4000, 4000, 'ct48', 0] [[0, 2000], [4000, 2000], [2000, 0], [2000, 4000]]
[52, 4000, 4000, 'ct49', 0] [[0, 2000], [4000, 2000], [2000, 0], [2000, 4000]]
[53, 4000, 4000, 'ct50', 0] [[0, 2000], [4000, 2000], [2000, 0], [2000, 4000]]
[54, 4000, 4000, 'ct51', 0] [[0, 2000], [4000, 2000], [2000, 0], [2000, 4000]]
[55, 4000, 4000, 'ct52', 0] [[0, 2000], [4000, 2000], [2000, 0], [2000, 4000]]
[56, 4000, 4000, 'ct53', 0] [[0, 2000], [4000, 2000], [2000, 0], [2000, 4000]]
[57, 4000, 4000, 'ct54', 0] [[0, 2000], [4000, 2000], [2000, 0], [2000, 4000]]
[58, 4000, 4000, 'ct55', 0] [[0, 2000], [4000, 2000], [2000, 0], [2000, 4000]]
[59, 4000, 4000, 'ct56', 0] [[0, 2000], [4000, 2000], [2000, 0], [2000, 4000]]
[60, 4000, 4000, 'ct57', 0] [[0, 2000], [4000, 2000], [2000, 0], [2000, 4000]]
[61, 4000, 4000, 'ct58', 0] [[0, 2000], [4000, 2000], [2000, 0], [2000, 4000]]
[62, 4000, 4000, 'ct59', 0] [[0, 2000], [4000, 2000], [2000, 0], [2000, 4000]]
[63, 4000, 4000, 'ct60', 0] [[0, 2000], [4000, 2000], [2000, 0], [2000, 4000]]
[64, 4000, 4000, 'ct61', 0] [[0, 2000], [4000, 2000], [2000, 0], [2000, 4000]]
[65, 4000, 4000, 'ct62', 0] [[0, 2000], [4000, 2000], [2000, 0], [2000, 4000]]
[66, 4000, 4000, 'ct63', 0] [[0, 2000], [4000, 2000], [2000, 0], [2000, 4000]]
[67, 4000, 4000, 'ct64', 0] [[0, 2000], [4000, 2000], [2000, 0], [2000, 4000]]
[68, 4000, 4000, 'ct65', 0] [[0, 2000], [4000, 2000], [2000, 0], [2000, 4000]]
[69, 4000, 4000, 'ct66', 0] [[0, 2000], [4000, 2000], [2000, 0], [2000, 4000]]
[70, 4000, 4000, 'ct67', 0] [[0, 2000], [4000, 2000], [2000, 0], [2000, 4000]]
[71, 4000, 4000, 'ct68', 0] [[0, 2000], [4000, 2000], [2000, 0], [2000, 4000]]
[72, 4000, 4000, 'ct69', 0] [[0, 2000], [4000, 2000], [2000, 0], [2000, 4000]]
[73, 4000, 4000, 'ct70', 0] [[0, 2000], [4000, 2000], [2000, 0], [2000, 4000]]
[74, 4000, 4000, 'ct71', 0] [[0, 2000], [4000, 2000], [2000, 0], [2000, 4000]]
[75, 4000, 4000, 'ct72', 0] [[0, 2000], [4000, 2000], [2000, 0], [2000, 4000]]
[76, 4000, 4000, 'ct73', 0] [[0, 2000], [4000, 2000], [2000, 0], [2000, 4000]]
[77, 4000, 4000, 'ct74', 0] [[0, 2000], [4000, 2000], [2000, 0], [2000, 4000]]
[78, 4000, 4000, 'ct75', 0] [[0, 2000], [4000, 2000], [2000, 0], [2000, 4000]]
[79, 4000, 4000, 'ct76', 0] [[0, 2000], [4000, 2000], [2000, 0], [2000, 4000]]
[80, 4000, 4000, 'ct77', 0] [[0, 2000], [4000, 2000], [2000, 0], [2000, 4000]]
[81, 4000, 4000, 'ct78', 0] [[0, 2000], [4000, 2000], [2000, 0], [2000, 4000]]
[82, 4000, 4000, 'ct79', 0] [[0, 2000], [4000, 2000], [2000, 0], [2000, 4000]]
[83, 4000, 4000, 'ct80', 0] [[0, 2000], [4000, 2000], [2000, 0], [2000, 4000]]
[84, 4000, 4000, 'ct81', 0] [[0, 2000], [4000, 2000], [2000, 0], [2000, 4000]]
2/9, Finish initial placement with rotation, time spent: 0.0019922256469726562 s
3/9, Finish symmetricalization, time spent: 6.127357482910156e-05 s
4/9, Finish routing, time spent: 0.0022673606872558594 s
****************************************************
Fail to find valid order; keeping the initial row order
****************************************************
--Finish applying new order
--Finish mirroring related components
5/9, Finish initialization of new orders, time spent: 0.015026569366455078 s
6/9, Finish shortening wirelength, time spent: 0.0005066394805908203 s
Skip stage7 LP according to user's need
8/9, Finish routing, time spent: 0.0029671192169189453 s
9/9, Finish compaction and connecting ports, time spent: 0.41037869453430176 s
<<<<<<<<<<<<<<<<<<<<<<<<<<<<<< All P&R Done >>>>>>>>>>>>>>>>>>>>>>>>>>>>>>
Total Timeusage: 0.4340035915374756 s
Reordering Timeusage: 0.015026569366455078 s
LP-based Optimization Timeusage: 0 s
P&R for the new orders: 0.4288790225982666 s
