$ systemd-run --user --scope -q -p MemoryMax=64.0G -p MemorySwapMax=0 /home/student/anaconda3/envs/neptune2026/bin/python /home/student/Desktop/Neptune_2026/scripts/run_all_synthesize_timeout_report.py --_worker --algorithm tree --input /home/student/Desktop/Neptune_2026/Microfluidics-Benchmarks/Results/MINT_TestCases/Protocols/Cell_Sorting/Cell_Sorting_fromMINT.json --case-output /home/student/Desktop/Neptune_2026/Microfluidics-Benchmarks/Results/tree_full_20260918_100349/artifacts/mint__Protocols__Cell_Sorting__Cell_Sorting_fromMINT --time-limit 3600.0 --solver-profile standard --mip-gap 0.0
Finish loading test case: Cell_Sorting_fromMINT
1/9, Finish initial placement, time spent: 3.5762786865234375e-05 s
[0, 1400, 1400, 'port_1', 0] [[700, 0], [1400, 700], [700, 1400], [0, 700]]
[1, 1400, 1400, 'port_2', 0] [[700, 0], [1400, 700], [700, 1400], [0, 700]]
[2, 1400, 1400, 'port_3', 0] [[700, 0], [1400, 700], [700, 1400], [0, 700]]
[3, 1400, 1400, 'port_4', 0] [[700, 0], [1400, 700], [700, 1400], [0, 700]]
2/9, Finish initial placement with rotation, time spent: 8.058547973632812e-05 s
3/9, Finish symmetricalization, time spent: 1.2874603271484375e-05 s
4/9, Finish routing, time spent: 8.320808410644531e-05 s
****************************************************
New valid order that can lead to planar graph found:
[[0, 1, 2], [0]]
****************************************************
--Finish applying new order
--Finish mirroring related components
5/9, Finish initialization of new orders, time spent: 0.0003414154052734375 s
6/9, Finish shortening wirelength, time spent: 3.838539123535156e-05 s
Skip stage7 LP according to user's need
8/9, Finish routing, time spent: 0.00012040138244628906 s
9/9, Finish compaction and connecting ports, time spent: 0.018917083740234375 s
<<<<<<<<<<<<<<<<<<<<<<<<<<<<<< All P&R Done >>>>>>>>>>>>>>>>>>>>>>>>>>>>>>
Total Timeusage: 0.019629716873168945 s
Reordering Timeusage: 0.0003414154052734375 s
LP-based Optimization Timeusage: 0 s
P&R for the new orders: 0.019417285919189453 s
Fit canvas to [22800.0, 17800.0] and center by [300.0, 300.0]
Done. Combined PR JSON: /home/student/Desktop/Neptune_2026/Microfluidics-Benchmarks/Results/tree_full_20260918_100349/artifacts/mint__Protocols__Cell_Sorting__Cell_Sorting_fromMINT/result.json
