$ systemd-run --user --scope -q -p MemoryMax=64.0G -p MemorySwapMax=0 /home/student/anaconda3/envs/neptune2026/bin/python /home/student/Desktop/Neptune_2026/scripts/run_all_synthesize_timeout_report.py --_worker --algorithm tree --input /home/student/Desktop/Neptune_2026/Microfluidics-Benchmarks/Results/MINT_TestCases/Primitive/MUX/MUX_fromMINT.json --case-output /home/student/Desktop/Neptune_2026/Microfluidics-Benchmarks/Results/tree_full_20260918_100349/artifacts/mint__Primitive__MUX__MUX_fromMINT --time-limit 3600.0 --solver-profile standard --mip-gap 0.0
Reversed 5 connection(s) with opposite-port direction conflicts: ci1, co1, co2, co3, co4.
Finish loading test case: MUX_fromMINT
1/9, Finish initial placement, time spent: 1.71661376953125e-05 s
[0, 2000, 2000, 'p_in', 0] [[1000, 0], [2000, 1000], [1000, 2000], [0, 1000]]
[1, 2000, 2000, 'p_out1', 0] [[1000, 0], [2000, 1000], [1000, 2000], [0, 1000]]
[2, 2000, 2000, 'p_out2', 0] [[1000, 0], [2000, 1000], [1000, 2000], [0, 1000]]
[3, 2000, 2000, 'p_out3', 0] [[1000, 0], [2000, 1000], [1000, 2000], [0, 1000]]
[4, 2000, 2000, 'p_out4', 0] [[1000, 0], [2000, 1000], [1000, 2000], [0, 1000]]
[5, 15400, 13600, 'm', 0] [[7700.0, 0.0], [13700.0, 13600.0], [9700.0, 13600.0], [5700.0, 13600.0], [1700.0, 13600.0], [0.0, 6450.0], [15400.0, 7150.0], [0.0, 11250.0], [15400.0, 11950.0]]
2/9, Finish initial placement with rotation, time spent: 0.00011563301086425781 s
3/9, Finish symmetricalization, time spent: 1.4781951904296875e-05 s
4/9, Finish routing, time spent: 0.00014495849609375 s
****************************************************
New valid order that can lead to planar graph found:
[[0], [0], [0, 1, 2, 3]]
****************************************************
--Finish applying new order
--Finish mirroring related components
5/9, Finish initialization of new orders, time spent: 0.0005602836608886719 s
6/9, Finish shortening wirelength, time spent: 5.340576171875e-05 s
Skip stage7 LP according to user's need
8/9, Finish routing, time spent: 0.0001609325408935547 s
9/9, Finish compaction and connecting ports, time spent: 0.026754379272460938 s
<<<<<<<<<<<<<<<<<<<<<<<<<<<<<< All P&R Done >>>>>>>>>>>>>>>>>>>>>>>>>>>>>>
Total Timeusage: 0.02782154083251953 s
Reordering Timeusage: 0.0005602836608886719 s
LP-based Optimization Timeusage: 0 s
P&R for the new orders: 0.027529001235961914 s
Nudge MUX m by [8700.0, 4800.0] -> [23700.0, 22800.0]
Fit canvas to [57400.0, 49600.0] and center by [5000.0, 2000.0]
Done. Combined PR JSON: /home/student/Desktop/Neptune_2026/Microfluidics-Benchmarks/Results/tree_full_20260918_100349/artifacts/mint__Primitive__MUX__MUX_fromMINT/result.json
