$ systemd-run --user --scope -q -p MemoryMax=64.0G -p MemorySwapMax=0 /home/student/anaconda3/envs/neptune2026/bin/python /home/student/Desktop/Neptune_2026/scripts/run_all_synthesize_timeout_report.py --_worker --algorithm tree --input /home/student/Desktop/Neptune_2026/Microfluidics-Benchmarks/Results/MINT_TestCases/Expressions/Expression_11/Expression_11_fromMINT.json --case-output /home/student/Desktop/Neptune_2026/Microfluidics-Benchmarks/Results/tree_full_20260918_100349/artifacts/mint__Expressions__Expression_11__Expression_11_fromMINT --time-limit 3600.0 --solver-profile standard --mip-gap 0.0
Reversed 3 connection(s) with opposite-port direction conflicts: channel_1, channel_2, channel_3.
Finish loading test case: Expression_11_fromMINT
1/9, Finish initial placement, time spent: 1.52587890625e-05 s
[0, 4060, 4860, 'mixer_1', 0] [[2030, 0], [2030, 4860]]
[1, 1400, 1400, 'port_1', 0] [[700, 0], [1400, 700], [700, 1400], [0, 700]]
[2, 1400, 1400, 'port_2', 0] [[700, 0], [1400, 700], [700, 1400], [0, 700]]
[3, 1400, 1400, 'port_3', 0] [[700, 0], [1400, 700], [700, 1400], [0, 700]]
2/9, Finish initial placement with rotation, time spent: 9.918212890625e-05 s
3/9, Finish symmetricalization, time spent: 1.239776611328125e-05 s
4/9, Finish routing, time spent: 9.870529174804688e-05 s
****************************************************
New valid order that can lead to planar graph found:
[[0, 1], [0], [0]]
****************************************************
--Finish applying new order
--Finish mirroring related components
5/9, Finish initialization of new orders, time spent: 0.0004105567932128906 s
6/9, Finish shortening wirelength, time spent: 4.76837158203125e-05 s
Skip stage7 LP according to user's need
8/9, Finish routing, time spent: 0.0001289844512939453 s
9/9, Finish compaction and connecting ports, time spent: 0.01799917221069336 s
<<<<<<<<<<<<<<<<<<<<<<<<<<<<<< All P&R Done >>>>>>>>>>>>>>>>>>>>>>>>>>>>>>
Total Timeusage: 0.018811941146850586 s
Reordering Timeusage: 0.0004105567932128906 s
LP-based Optimization Timeusage: 0 s
P&R for the new orders: 0.018586397171020508 s
Fan 2 shared-hinge MIXER mixer_1 pads by pitch 4000
Fit canvas to [16000.0, 26960.0] and center by [-400.0, 200.0]
Done. Combined PR JSON: /home/student/Desktop/Neptune_2026/Microfluidics-Benchmarks/Results/tree_full_20260918_100349/artifacts/mint__Expressions__Expression_11__Expression_11_fromMINT/result.json
