$ systemd-run --user --scope -q -p MemoryMax=64.0G -p MemorySwapMax=0 /home/student/anaconda3/envs/neptune2026/bin/python /home/student/Desktop/Neptune_2026/scripts/run_all_synthesize_timeout_report.py --_worker --algorithm tree --input /home/student/Desktop/Neptune_2026/Microfluidics-Benchmarks/Results/MINT_TestCases/Distribute_Library/MUX_04_Out/MUX_04_Out_fromMINT.json --case-output /home/student/Desktop/Neptune_2026/Microfluidics-Benchmarks/Results/tree_full_20260918_100349/artifacts/mint__Distribute_Library__MUX_04_Out__MUX_04_Out_fromMINT --time-limit 3600.0 --solver-profile standard --mip-gap 0.0
Finish loading test case: MUX_04_Out_fromMINT
1/9, Finish initial placement, time spent: 8.940696716308594e-05 s
[0, 1400, 1400, 'port_1', 0] [[700, 0], [1400, 700], [700, 1400], [0, 700]]
[1, 1400, 1400, 'port_2', 0] [[700, 0], [1400, 700], [700, 1400], [0, 700]]
[2, 1400, 1400, 'port_3', 0] [[700, 0], [1400, 700], [700, 1400], [0, 700]]
[3, 1400, 1400, 'port_4', 0] [[700, 0], [1400, 700], [700, 1400], [0, 700]]
[4, 1400, 1400, 'port_5', 0] [[700, 0], [1400, 700], [700, 1400], [0, 700]]
2/9, Finish initial placement with rotation, time spent: 0.0001647472381591797 s
3/9, Finish symmetricalization, time spent: 1.3113021850585938e-05 s
4/9, Finish routing, time spent: 0.00010156631469726562 s
****************************************************
New valid order that can lead to planar graph found:
[[0, 1, 2, 3], [0]]
****************************************************
--Finish applying new order
--Finish mirroring related components
5/9, Finish initialization of new orders, time spent: 0.0009377002716064453 s
6/9, Finish shortening wirelength, time spent: 4.1961669921875e-05 s
Skip stage7 LP according to user's need
8/9, Finish routing, time spent: 0.00017118453979492188 s
9/9, Finish compaction and connecting ports, time spent: 0.022749662399291992 s
<<<<<<<<<<<<<<<<<<<<<<<<<<<<<< All P&R Done >>>>>>>>>>>>>>>>>>>>>>>>>>>>>>
Total Timeusage: 0.02426934242248535 s
Reordering Timeusage: 0.0009377002716064453 s
LP-based Optimization Timeusage: 0 s
P&R for the new orders: 0.023900508880615234 s
Cannot finish valid layer-1 synthesis for:
- reason=placement valve=valve_0 flow_connection=channel_4 control_port=Cport_0
- reason=placement valve=valve_2 flow_connection=channel_1 control_port=Cport_2
Fit canvas to [33000.0, 22400.0] and center by [-200.0, 300.0]
Done. Combined PR JSON: /home/student/Desktop/Neptune_2026/Microfluidics-Benchmarks/Results/tree_full_20260918_100349/artifacts/mint__Distribute_Library__MUX_04_Out__MUX_04_Out_fromMINT/result.json
