$ systemd-run --user --scope -q -p MemoryMax=64.0G -p MemorySwapMax=0 /home/student/anaconda3/envs/neptune2026/bin/python /home/student/Desktop/Neptune_2026/scripts/run_all_synthesize_timeout_report.py --_worker --algorithm tree --input /home/student/Desktop/Neptune_2026/Microfluidics-Benchmarks/Results/MINT_TestCases/Base/Super_MUX_4/Super_MUX_4_fromMINT.json --case-output /home/student/Desktop/Neptune_2026/Microfluidics-Benchmarks/Results/tree_full_20260918_100349/artifacts/mint__Base__Super_MUX_4__Super_MUX_4_fromMINT --time-limit 3600.0 --solver-profile standard --mip-gap 0.0
Finish loading test case: Super_MUX_4_fromMINT
1/9, Finish initial placement, time spent: 3.2901763916015625e-05 s
[0, 14800, 10000, 'mux_4', 0] [[7400.0, 0.0], [13400.0, 10000.0], [9400.0, 10000.0], [5400.0, 10000.0], [1400.0, 10000.0], [0.0, 4750.0], [14800.0, 5250.0], [0.0, 8250.0], [14800.0, 8750.0]]
[1, 2000, 2000, 'port_out', 0] [[1000, 0], [2000, 1000], [1000, 2000], [0, 1000]]
[2, 2000, 2000, 'port_in_1', 0] [[1000, 0], [2000, 1000], [1000, 2000], [0, 1000]]
[3, 2000, 2000, 'port_in_2', 0] [[1000, 0], [2000, 1000], [1000, 2000], [0, 1000]]
[4, 2000, 2000, 'port_in_3', 0] [[1000, 0], [2000, 1000], [1000, 2000], [0, 1000]]
[5, 2000, 2000, 'port_in_4', 0] [[1000, 0], [2000, 1000], [1000, 2000], [0, 1000]]
2/9, Finish initial placement with rotation, time spent: 0.00011849403381347656 s
3/9, Finish symmetricalization, time spent: 3.0517578125e-05 s
4/9, Finish routing, time spent: 0.0001456737518310547 s
****************************************************
New valid order that can lead to planar graph found:
[[0], [0], [0, 1, 2, 3]]
****************************************************
--Finish applying new order
--Finish mirroring related components
5/9, Finish initialization of new orders, time spent: 0.0006227493286132812 s
6/9, Finish shortening wirelength, time spent: 5.078315734863281e-05 s
Skip stage7 LP according to user's need
8/9, Finish routing, time spent: 0.00017404556274414062 s
9/9, Finish compaction and connecting ports, time spent: 0.02689838409423828 s
<<<<<<<<<<<<<<<<<<<<<<<<<<<<<< All P&R Done >>>>>>>>>>>>>>>>>>>>>>>>>>>>>>
Total Timeusage: 0.028073549270629883 s
Reordering Timeusage: 0.0006227493286132812 s
LP-based Optimization Timeusage: 0 s
P&R for the new orders: 0.027745962142944336 s
Nudge MUX mux_4 by [8400.0, 4500.0] -> [23400.0, 21000.0]
Fit canvas to [56800.0, 46000.0] and center by [5000.0, 2000.0]
Done. Combined PR JSON: /home/student/Desktop/Neptune_2026/Microfluidics-Benchmarks/Results/tree_full_20260918_100349/artifacts/mint__Base__Super_MUX_4__Super_MUX_4_fromMINT/result.json
