$ systemd-run --user --scope -q -p MemoryMax=64.0G -p MemorySwapMax=0 /home/student/anaconda3/envs/neptune2026/bin/python /home/student/Desktop/Neptune_2026/scripts/run_all_synthesize_timeout_report.py --_worker --algorithm tree --input /home/student/Desktop/Neptune_2026/Microfluidics-Benchmarks/Results/MINT_TestCases/Graph_Coverage/Tree_Fanout/Tree_Fanout_fromMINT.json --case-output /home/student/Desktop/Neptune_2026/Microfluidics-Benchmarks/Results/tree_full_20260918_100349/artifacts/mint__Graph_Coverage__Tree_Fanout__Tree_Fanout_fromMINT --time-limit 3600.0 --solver-profile standard --mip-gap 0.0
Finish loading test case: Tree_Fanout_fromMINT
1/9, Finish initial placement, time spent: 2.1457672119140625e-05 s
[0, 1400, 1400, 'port_1', 0] [[700, 0], [1400, 700], [700, 1400], [0, 700]]
[1, 1400, 1400, 'port_2', 0] [[700, 0], [1400, 700], [700, 1400], [0, 700]]
[2, 1400, 1400, 'port_3', 0] [[700, 0], [1400, 700], [700, 1400], [0, 700]]
[3, 1400, 1400, 'port_4', 0] [[700, 0], [1400, 700], [700, 1400], [0, 700]]
[4, 1400, 1400, 'port_5', 0] [[700, 0], [1400, 700], [700, 1400], [0, 700]]
[5, 1400, 1400, 'port_6', 0] [[700, 0], [1400, 700], [700, 1400], [0, 700]]
[6, 1400, 1400, 'port_7', 0] [[700, 0], [1400, 700], [700, 1400], [0, 700]]
[7, 1400, 1400, 'port_8', 0] [[700, 0], [1400, 700], [700, 1400], [0, 700]]
[8, 1400, 1400, 'port_9', 0] [[700, 0], [1400, 700], [700, 1400], [0, 700]]
[9, 1400, 1400, 'port_10', 0] [[700, 0], [1400, 700], [700, 1400], [0, 700]]
2/9, Finish initial placement with rotation, time spent: 0.0001728534698486328 s
3/9, Finish symmetricalization, time spent: 1.5735626220703125e-05 s
4/9, Finish routing, time spent: 0.00019049644470214844 s
****************************************************
New valid order that can lead to planar graph found:
[[0, 1, 2, 3, 4, 5, 6, 7, 8], [0]]
****************************************************
--Finish applying new order
--Finish mirroring related components
5/9, Finish initialization of new orders, time spent: 0.0006616115570068359 s
6/9, Finish shortening wirelength, time spent: 5.221366882324219e-05 s
Skip stage7 LP according to user's need
8/9, Finish routing, time spent: 0.0002262592315673828 s
9/9, Finish compaction and connecting ports, time spent: 0.06439971923828125 s
<<<<<<<<<<<<<<<<<<<<<<<<<<<<<< All P&R Done >>>>>>>>>>>>>>>>>>>>>>>>>>>>>>
Total Timeusage: 0.06574034690856934 s
Reordering Timeusage: 0.0006616115570068359 s
LP-based Optimization Timeusage: 0 s
P&R for the new orders: 0.06533980369567871 s
Fit canvas to [55200.0, 17800.0] and center by [300.0, 300.0]
Done. Combined PR JSON: /home/student/Desktop/Neptune_2026/Microfluidics-Benchmarks/Results/tree_full_20260918_100349/artifacts/mint__Graph_Coverage__Tree_Fanout__Tree_Fanout_fromMINT/result.json
