$ systemd-run --user --scope -q -p MemoryMax=64.0G -p MemorySwapMax=0 /home/student/anaconda3/envs/neptune2026/bin/python /home/student/Desktop/Neptune_2026/scripts/run_all_synthesize_timeout_report.py --_worker --algorithm tree --input /home/student/Desktop/Neptune_2026/Microfluidics-Benchmarks/Results/MINT_TestCases/CIDAR_Lab_Past_Devices/Single_Port/Single_Port_fromMINT.json --case-output /home/student/Desktop/Neptune_2026/Microfluidics-Benchmarks/Results/tree_full_20260918_100349/artifacts/mint__CIDAR_Lab_Past_Devices__Single_Port__Single_Port_fromMINT --time-limit 3600.0 --solver-profile standard --mip-gap 0.0
Finish loading test case: Single_Port_fromMINT
1/9, Finish initial placement, time spent: 9.059906005859375e-06 s
[0, 200, 200, 'p1', 0] [[100, 0], [200, 100], [100, 200], [0, 100]]
2/9, Finish initial placement with rotation, time spent: 3.409385681152344e-05 s
3/9, Finish symmetricalization, time spent: 8.106231689453125e-06 s
4/9, Finish routing, time spent: 5.0067901611328125e-06 s
****************************************************
New valid order that can lead to planar graph found:
[[0]]
****************************************************
--Finish applying new order
--Finish mirroring related components
5/9, Finish initialization of new orders, time spent: 0.00017905235290527344 s
6/9, Finish shortening wirelength, time spent: 1.0251998901367188e-05 s
Skip stage7 LP according to user's need
8/9, Finish routing, time spent: 2.8848648071289062e-05 s
9/9, Finish compaction and connecting ports, time spent: 0.007974863052368164 s
<<<<<<<<<<<<<<<<<<<<<<<<<<<<<< All P&R Done >>>>>>>>>>>>>>>>>>>>>>>>>>>>>>
Total Timeusage: 0.008249282836914062 s
Reordering Timeusage: 0.00017905235290527344 s
LP-based Optimization Timeusage: 0 s
P&R for the new orders: 0.008193016052246094 s
Fit canvas to [12000.0, 12000.0] and center by [900.0, 900.0]
Done. Combined PR JSON: /home/student/Desktop/Neptune_2026/Microfluidics-Benchmarks/Results/tree_full_20260918_100349/artifacts/mint__CIDAR_Lab_Past_Devices__Single_Port__Single_Port_fromMINT/result.json
