$ systemd-run --user --scope -q -p MemoryMax=64.0G -p MemorySwapMax=0 /home/student/anaconda3/envs/neptune2026/bin/python /home/student/Desktop/Neptune_2026/scripts/run_all_synthesize_timeout_report.py --_worker --algorithm tree --input /home/student/Desktop/Neptune_2026/Microfluidics-Benchmarks/Results/MINT_TestCases/Primitive/Rotary_Mixer/Rotary_Mixer_fromMINT.json --case-output /home/student/Desktop/Neptune_2026/Microfluidics-Benchmarks/Results/tree_full_20260918_100349/artifacts/mint__Primitive__Rotary_Mixer__Rotary_Mixer_fromMINT --time-limit 3600.0 --solver-profile standard --mip-gap 0.0
Finish loading test case: Rotary_Mixer_fromMINT
1/9, Finish initial placement, time spent: 1.4066696166992188e-05 s
[0, 2000, 2000, 'p1', 0] [[1000, 0], [2000, 1000], [1000, 2000], [0, 1000]]
[1, 2000, 2000, 'p2', 0] [[1000, 0], [2000, 1000], [1000, 2000], [0, 1000]]
[2, 9500, 9800, 'r1', 0] [[9200, 2400], [0, 7400], [8400, 0], [4600, 0], [9500, 4900], [4600, 9800], [800, 9800]]
2/9, Finish initial placement with rotation, time spent: 6.67572021484375e-05 s
3/9, Finish symmetricalization, time spent: 1.33514404296875e-05 s
4/9, Finish routing, time spent: 8.344650268554688e-05 s
****************************************************
New valid order that can lead to planar graph found:
[[0], [0], [0]]
****************************************************
--Finish applying new order
--Finish mirroring related components
5/9, Finish initialization of new orders, time spent: 0.0003514289855957031 s
6/9, Finish shortening wirelength, time spent: 3.695487976074219e-05 s
Skip stage7 LP according to user's need
8/9, Finish routing, time spent: 0.00010323524475097656 s
9/9, Finish compaction and connecting ports, time spent: 0.015923738479614258 s
<<<<<<<<<<<<<<<<<<<<<<<<<<<<<< All P&R Done >>>>>>>>>>>>>>>>>>>>>>>>>>>>>>
Total Timeusage: 0.016592979431152344 s
Reordering Timeusage: 0.0003514289855957031 s
LP-based Optimization Timeusage: 0 s
P&R for the new orders: 0.01641535758972168 s
Fit canvas to [19800.0, 45200.0] and center by [0.0, 6400.0]
Done. Combined PR JSON: /home/student/Desktop/Neptune_2026/Microfluidics-Benchmarks/Results/tree_full_20260918_100349/artifacts/mint__Primitive__Rotary_Mixer__Rotary_Mixer_fromMINT/result.json
