$ systemd-run --user --scope -q -p MemoryMax=64.0G -p MemorySwapMax=0 /home/student/anaconda3/envs/neptune2026/bin/python /home/student/Desktop/Neptune_2026/scripts/run_all_synthesize_timeout_report.py --_worker --algorithm tree --input /home/student/Desktop/Neptune_2026/Microfluidics-Benchmarks/Results/MINT_TestCases/Drop_Ref/Dx_15_Ref/Dx_15_Ref_fromMINT.json --case-output /home/student/Desktop/Neptune_2026/Microfluidics-Benchmarks/Results/tree_full_20260918_100349/artifacts/mint__Drop_Ref__Dx_15_Ref__Dx_15_Ref_fromMINT --time-limit 3600.0 --solver-profile standard --mip-gap 0.0
Reversed 4 connection(s) with opposite-port direction conflicts: c1, c2, c3, c4.
Finish loading test case: Dx_15_Ref_fromMINT
1/9, Finish initial placement, time spent: 1.71661376953125e-05 s
[0, 4000, 4000, 'port_in1', 0] [[2000, 0], [4000, 2000], [2000, 4000], [0, 2000]]
[1, 4000, 4000, 'port_in2', 0] [[2000, 0], [4000, 2000], [2000, 4000], [0, 2000]]
[2, 4000, 4000, 'port_in3', 0] [[2000, 0], [4000, 2000], [2000, 4000], [0, 2000]]
[3, 2600, 9300, 'mixer1', 0] [[1300, 0], [1300, 9300]]
[4, 21750, 12414, 'droplet_sorter1', 0] [[0, 5834], [21750, 345], [21750, 11322]]
[5, 4000, 4000, 'port_out_keep', 0] [[2000, 0], [4000, 2000], [2000, 4000], [0, 2000]]
[6, 4000, 4000, 'port_out_waste', 0] [[2000, 0], [4000, 2000], [2000, 4000], [0, 2000]]
2/9, Finish initial placement with rotation, time spent: 0.0001480579376220703 s
3/9, Finish symmetricalization, time spent: 1.4781951904296875e-05 s
4/9, Finish routing, time spent: 0.0001392364501953125 s
****************************************************
New valid order that can lead to planar graph found:
[[0, 1, 2], [2, 0, 1], [0]]
****************************************************
--Finish applying new order
--Finish mirroring related components
5/9, Finish initialization of new orders, time spent: 0.0005702972412109375 s
6/9, Finish shortening wirelength, time spent: 6.008148193359375e-05 s
Skip stage7 LP according to user's need
8/9, Finish routing, time spent: 0.0001685619354248047 s
9/9, Finish compaction and connecting ports, time spent: 0.02800440788269043 s
<<<<<<<<<<<<<<<<<<<<<<<<<<<<<< All P&R Done >>>>>>>>>>>>>>>>>>>>>>>>>>>>>>
Total Timeusage: 0.029122591018676758 s
Reordering Timeusage: 0.0005702972412109375 s
LP-based Optimization Timeusage: 0 s
P&R for the new orders: 0.028803348541259766 s
Fan 3 shared-hinge MIXER mixer1 pads by pitch 4000
Fit canvas to [23069.0, 51350.0] and center by [-4166.3, -2300.0]
Done. Combined PR JSON: /home/student/Desktop/Neptune_2026/Microfluidics-Benchmarks/Results/tree_full_20260918_100349/artifacts/mint__Drop_Ref__Dx_15_Ref__Dx_15_Ref_fromMINT/result.json
