$ systemd-run --user --scope -q -p MemoryMax=64.0G -p MemorySwapMax=0 /home/student/anaconda3/envs/neptune2026/bin/python /home/student/Desktop/Neptune_2026/scripts/run_all_synthesize_timeout_report.py --_worker --algorithm tree --input /home/student/Desktop/Neptune_2026/Microfluidics-Benchmarks/Results/MINT_TestCases/Distribute_Library/Single_Storage_Grid_02/Single_Storage_Grid_02_fromMINT.json --case-output /home/student/Desktop/Neptune_2026/Microfluidics-Benchmarks/Results/tree_full_20260918_100349/artifacts/mint__Distribute_Library__Single_Storage_Grid_02__Single_Storage_Grid_02_fromMINT --time-limit 3600.0 --solver-profile standard --mip-gap 0.0
Finish loading test case: Single_Storage_Grid_02_fromMINT
1/9, Finish initial placement, time spent: 2.9802322387695312e-05 s
[0, 1400, 1400, 'port_1', 0] [[700, 0], [1400, 700], [700, 1400], [0, 700]]
[1, 1400, 1400, 'port_2', 0] [[700, 0], [1400, 700], [700, 1400], [0, 700]]
2/9, Finish initial placement with rotation, time spent: 6.699562072753906e-05 s
3/9, Finish symmetricalization, time spent: 1.2159347534179688e-05 s
4/9, Finish routing, time spent: 5.14984130859375e-05 s
****************************************************
New valid order that can lead to planar graph found:
[[0], [0]]
****************************************************
--Finish applying new order
--Finish mirroring related components
5/9, Finish initialization of new orders, time spent: 0.00030040740966796875 s
6/9, Finish shortening wirelength, time spent: 2.6702880859375e-05 s
Skip stage7 LP according to user's need
8/9, Finish routing, time spent: 8.225440979003906e-05 s
9/9, Finish compaction and connecting ports, time spent: 0.0116729736328125 s
<<<<<<<<<<<<<<<<<<<<<<<<<<<<<< All P&R Done >>>>>>>>>>>>>>>>>>>>>>>>>>>>>>
Total Timeusage: 0.012242794036865234 s
Reordering Timeusage: 0.00030040740966796875 s
LP-based Optimization Timeusage: 0 s
P&R for the new orders: 0.012082338333129883 s
Fit canvas to [12000.0, 17800.0] and center by [300.0, 300.0]
Done. Combined PR JSON: /home/student/Desktop/Neptune_2026/Microfluidics-Benchmarks/Results/tree_full_20260918_100349/artifacts/mint__Distribute_Library__Single_Storage_Grid_02__Single_Storage_Grid_02_fromMINT/result.json
