$ systemd-run --user --scope -q -p MemoryMax=64.0G -p MemorySwapMax=0 /home/student/anaconda3/envs/neptune2026/bin/python /home/student/Desktop/Neptune_2026/scripts/run_all_synthesize_timeout_report.py --_worker --algorithm tree --input /home/student/Desktop/Neptune_2026/Microfluidics-Benchmarks/Results/Quick_Examples/flow_only_demo/flow_only_demo_fromLFR.json --case-output /home/student/Desktop/Neptune_2026/Microfluidics-Benchmarks/Results/tree_full_20260918_100349/artifacts/quick__flow_only_demo__flow_only_demo_fromLFR --time-limit 3600.0 --solver-profile standard --mip-gap 0.0
Reversed 3 connection(s) with opposite-port direction conflicts: channel_1, channel_2, channel_3.
Finish loading test case: flow_only_demo_fromLFR
1/9, Finish initial placement, time spent: 3.218650817871094e-05 s
[0, 4060, 4860, 'mixer_1', 0] [[2030, 0], [2030, 4860]]
[1, 2000, 2000, 'port_1', 0] [[1000, 0], [2000, 1000], [1000, 2000], [0, 1000]]
[2, 2000, 2000, 'port_2', 0] [[1000, 0], [2000, 1000], [1000, 2000], [0, 1000]]
[3, 2000, 2000, 'port_3', 0] [[1000, 0], [2000, 1000], [1000, 2000], [0, 1000]]
2/9, Finish initial placement with rotation, time spent: 8.702278137207031e-05 s
3/9, Finish symmetricalization, time spent: 1.3589859008789062e-05 s
4/9, Finish routing, time spent: 0.00010061264038085938 s
****************************************************
New valid order that can lead to planar graph found:
[[0, 1], [0], [0]]
****************************************************
--Finish applying new order
--Finish mirroring related components
5/9, Finish initialization of new orders, time spent: 0.0003864765167236328 s
6/9, Finish shortening wirelength, time spent: 4.410743713378906e-05 s
Skip stage7 LP according to user's need
8/9, Finish routing, time spent: 0.00014662742614746094 s
9/9, Finish compaction and connecting ports, time spent: 0.018079042434692383 s
<<<<<<<<<<<<<<<<<<<<<<<<<<<<<< All P&R Done >>>>>>>>>>>>>>>>>>>>>>>>>>>>>>
Total Timeusage: 0.018889665603637695 s
Reordering Timeusage: 0.0003864765167236328 s
LP-based Optimization Timeusage: 0 s
P&R for the new orders: 0.018656253814697266 s
Fan 2 shared-hinge MIXER mixer_1 pads by pitch 4000
Fit canvas to [16000.0, 27460.0] and center by [-1000.0, -600.0]
Done. Combined PR JSON: /home/student/Desktop/Neptune_2026/Microfluidics-Benchmarks/Results/tree_full_20260918_100349/artifacts/quick__flow_only_demo__flow_only_demo_fromLFR/result.json
