$ systemd-run --user --scope -q -p MemoryMax=64.0G -p MemorySwapMax=0 /home/student/anaconda3/envs/neptune2026/bin/python /home/student/Desktop/Neptune_2026/scripts/run_all_synthesize_timeout_report.py --_worker --algorithm tree --input /home/student/Desktop/Neptune_2026/Microfluidics-Benchmarks/Results/Quick_Examples/droplet_generator/droplet_generator_fromLFR.json --case-output /home/student/Desktop/Neptune_2026/Microfluidics-Benchmarks/Results/tree_full_20260918_100349/artifacts/quick__droplet_generator__droplet_generator_fromLFR --time-limit 3600.0 --solver-profile standard --mip-gap 0.0
Reversed 2 connection(s) with opposite-port direction conflicts: channel_1, channel_3.
Finish loading test case: droplet_generator_fromLFR
1/9, Finish initial placement, time spent: 3.218650817871094e-05 s
[0, 1800, 600, 'nozzle_droplet_generator_1', 0] [[400, 0], [1800, 300], [400, 600], [0, 300]]
[1, 2000, 2000, 'port_1', 0] [[1000, 0], [2000, 1000], [1000, 2000], [0, 1000]]
[2, 2000, 2000, 'port_2', 0] [[1000, 0], [2000, 1000], [1000, 2000], [0, 1000]]
[3, 2000, 2000, 'port_3', 0] [[1000, 0], [2000, 1000], [1000, 2000], [0, 1000]]
[4, 2000, 2000, 'port_4', 0] [[1000, 0], [2000, 1000], [1000, 2000], [0, 1000]]
2/9, Finish initial placement with rotation, time spent: 9.298324584960938e-05 s
3/9, Finish symmetricalization, time spent: 1.4781951904296875e-05 s
4/9, Finish routing, time spent: 9.965896606445312e-05 s
****************************************************
New valid order that can lead to planar graph found:
[[0], [1, 0, 2], [0]]
****************************************************
--Finish applying new order
--Finish mirroring related components
5/9, Finish initialization of new orders, time spent: 0.00046515464782714844 s
6/9, Finish shortening wirelength, time spent: 3.886222839355469e-05 s
Skip stage7 LP according to user's need
8/9, Finish routing, time spent: 0.00013017654418945312 s
9/9, Finish compaction and connecting ports, time spent: 0.019246816635131836 s
<<<<<<<<<<<<<<<<<<<<<<<<<<<<<< All P&R Done >>>>>>>>>>>>>>>>>>>>>>>>>>>>>>
Total Timeusage: 0.020120620727539062 s
Reordering Timeusage: 0.00046515464782714844 s
LP-based Optimization Timeusage: 0 s
P&R for the new orders: 0.019881010055541992 s
Orient DROPLET GENERATOR nozzle_droplet_generator_1 rotation 90 -> 270 (in place)
Fit canvas to [35400.0, 37800.0] and center by [6400.0, 6400.0]
Done. Combined PR JSON: /home/student/Desktop/Neptune_2026/Microfluidics-Benchmarks/Results/tree_full_20260918_100349/artifacts/quick__droplet_generator__droplet_generator_fromLFR/result.json
