$ systemd-run --user --scope -q -p MemoryMax=64.0G -p MemorySwapMax=0 /home/student/anaconda3/envs/neptune2026/bin/python /home/student/Desktop/Neptune_2026/scripts/run_all_synthesize_timeout_report.py --_worker --algorithm tree --input /home/student/Desktop/Neptune_2026/Microfluidics-Benchmarks/Results/Quick_Examples/DIYcomponent/DIYcomponent_fromLFR.json --case-output /home/student/Desktop/Neptune_2026/Microfluidics-Benchmarks/Results/tree_full_20260918_100349/artifacts/quick__DIYcomponent__DIYcomponent_fromLFR --time-limit 3600.0 --solver-profile standard --mip-gap 0.0
Detected 4 disconnected layer-0 cluster(s); running each independently.
Running independent cluster 1/4: ['diycomponent_1', 'port_1', 'port_2']
Finish loading test case: DIYcomponent_fromLFR__cluster_00
1/9, Finish initial placement, time spent: 1.3828277587890625e-05 s
[0, 5000, 5000, 'diycomponent_1', 0] [[2500.0, 0.0], [5000.0, 2500.0], [2500.0, 5000.0], [0.0, 2500.0]]
[1, 2000, 2000, 'port_1', 0] [[1000, 0], [2000, 1000], [1000, 2000], [0, 1000]]
[2, 2000, 2000, 'port_2', 0] [[1000, 0], [2000, 1000], [1000, 2000], [0, 1000]]
2/9, Finish initial placement with rotation, time spent: 6.818771362304688e-05 s
3/9, Finish symmetricalization, time spent: 1.3113021850585938e-05 s
4/9, Finish routing, time spent: 7.987022399902344e-05 s
****************************************************
New valid order that can lead to planar graph found:
[[0], [0], [0]]
****************************************************
--Finish applying new order
--Finish mirroring related components
5/9, Finish initialization of new orders, time spent: 0.00037169456481933594 s
6/9, Finish shortening wirelength, time spent: 3.838539123535156e-05 s
Skip stage7 LP according to user's need
8/9, Finish routing, time spent: 0.00011396408081054688 s
9/9, Finish compaction and connecting ports, time spent: 0.014969825744628906 s
<<<<<<<<<<<<<<<<<<<<<<<<<<<<<< All P&R Done >>>>>>>>>>>>>>>>>>>>>>>>>>>>>>
Total Timeusage: 0.015668869018554688 s
Reordering Timeusage: 0.00037169456481933594 s
LP-based Optimization Timeusage: 0 s
P&R for the new orders: 0.01549386978149414 s
Running independent cluster 2/4: ['port_3']
Running independent cluster 3/4: ['port_4']
Running independent cluster 4/4: ['port_5']
Fit canvas to [28000.0, 29600.0] and center by [11000.0, -6600.0]
Done. Combined PR JSON: /home/student/Desktop/Neptune_2026/Microfluidics-Benchmarks/Results/tree_full_20260918_100349/artifacts/quick__DIYcomponent__DIYcomponent_fromLFR/result.json
