$ systemd-run --user --scope -q -p MemoryMax=64.0G -p MemorySwapMax=0 /home/student/anaconda3/envs/neptune2026/bin/python /home/student/Desktop/Neptune_2026/scripts/run_all_synthesize_timeout_report.py --_worker --algorithm tree --input /home/student/Desktop/Neptune_2026/Microfluidics-Benchmarks/Results/Quick_Examples/flow_only_demo/flow_only_demo_fromMINT.json --case-output /home/student/Desktop/Neptune_2026/Microfluidics-Benchmarks/Results/tree_full_20260918_100349/artifacts/quick__flow_only_demo__flow_only_demo_fromMINT --time-limit 3600.0 --solver-profile standard --mip-gap 0.0
Reversed 3 connection(s) with opposite-port direction conflicts: channel_1, channel_2, channel_3.
Finish loading test case: flow_only_demo_fromMINT
1/9, Finish initial placement, time spent: 3.0994415283203125e-05 s
[0, 3660, 4260, 'mixer_1', 0] [[1830, 0], [1830, 4260]]
[1, 2000, 2000, 'port_1', 0] [[1000, 0], [2000, 1000], [1000, 2000], [0, 1000]]
[2, 2000, 2000, 'port_2', 0] [[1000, 0], [2000, 1000], [1000, 2000], [0, 1000]]
[3, 2000, 2000, 'port_3', 0] [[1000, 0], [2000, 1000], [1000, 2000], [0, 1000]]
2/9, Finish initial placement with rotation, time spent: 9.799003601074219e-05 s
3/9, Finish symmetricalization, time spent: 1.2874603271484375e-05 s
4/9, Finish routing, time spent: 9.989738464355469e-05 s
****************************************************
New valid order that can lead to planar graph found:
[[0, 1], [0], [0]]
****************************************************
--Finish applying new order
--Finish mirroring related components
5/9, Finish initialization of new orders, time spent: 0.00038743019104003906 s
6/9, Finish shortening wirelength, time spent: 4.363059997558594e-05 s
Skip stage7 LP according to user's need
8/9, Finish routing, time spent: 0.0001392364501953125 s
9/9, Finish compaction and connecting ports, time spent: 0.0178067684173584 s
<<<<<<<<<<<<<<<<<<<<<<<<<<<<<< All P&R Done >>>>>>>>>>>>>>>>>>>>>>>>>>>>>>
Total Timeusage: 0.01861882209777832 s
Reordering Timeusage: 0.00038743019104003906 s
LP-based Optimization Timeusage: 0 s
P&R for the new orders: 0.018377065658569336 s
Fan 2 shared-hinge MIXER mixer_1 pads by pitch 4000
Fit canvas to [16000.0, 26860.0] and center by [-1000.0, -600.0]
Done. Combined PR JSON: /home/student/Desktop/Neptune_2026/Microfluidics-Benchmarks/Results/tree_full_20260918_100349/artifacts/quick__flow_only_demo__flow_only_demo_fromMINT/result.json
