$ systemd-run --user --scope -q -p MemoryMax=64.0G -p MemorySwapMax=0 /home/student/anaconda3/envs/neptune2026/bin/python /home/student/Desktop/Neptune_2026/scripts/run_all_synthesize_timeout_report.py --_worker --algorithm tree --input /home/student/Desktop/Neptune_2026/Microfluidics-Benchmarks/Results/Quick_Examples/mux1to4/mux1to4_fromLFR.json --case-output /home/student/Desktop/Neptune_2026/Microfluidics-Benchmarks/Results/tree_full_20260918_100349/artifacts/quick__mux1to4__mux1to4_fromLFR --time-limit 3600.0 --solver-profile standard --mip-gap 0.0
Finish loading test case: mux1to4_fromLFR
1/9, Finish initial placement, time spent: 7.462501525878906e-05 s
[0, 2000, 2000, 'port_1', 0] [[1000, 0], [2000, 1000], [1000, 2000], [0, 1000]]
[1, 2000, 2000, 'port_2', 0] [[1000, 0], [2000, 1000], [1000, 2000], [0, 1000]]
[2, 2000, 2000, 'port_3', 0] [[1000, 0], [2000, 1000], [1000, 2000], [0, 1000]]
[3, 2000, 2000, 'port_4', 0] [[1000, 0], [2000, 1000], [1000, 2000], [0, 1000]]
[4, 2000, 2000, 'port_5', 0] [[1000, 0], [2000, 1000], [1000, 2000], [0, 1000]]
2/9, Finish initial placement with rotation, time spent: 0.00015211105346679688 s
3/9, Finish symmetricalization, time spent: 1.430511474609375e-05 s
4/9, Finish routing, time spent: 0.00012373924255371094 s
****************************************************
New valid order that can lead to planar graph found:
[[0, 1, 2, 3], [0]]
****************************************************
--Finish applying new order
--Finish mirroring related components
5/9, Finish initialization of new orders, time spent: 0.0006155967712402344 s
6/9, Finish shortening wirelength, time spent: 4.1484832763671875e-05 s
Skip stage7 LP according to user's need
8/9, Finish routing, time spent: 0.00017714500427246094 s
9/9, Finish compaction and connecting ports, time spent: 0.022342681884765625 s
<<<<<<<<<<<<<<<<<<<<<<<<<<<<<< All P&R Done >>>>>>>>>>>>>>>>>>>>>>>>>>>>>>
Total Timeusage: 0.023541688919067383 s
Reordering Timeusage: 0.0006155967712402344 s
LP-based Optimization Timeusage: 0 s
P&R for the new orders: 0.023176908493041992 s
Cannot finish valid layer-1 synthesis for:
- reason=placement valve=valve_0 flow_connection=channel_4 control_port=Cport_0
- reason=placement valve=valve_1 flow_connection=channel_1 control_port=Cport_1
Fit canvas to [34200.0, 23200.0] and center by [0.0, 0.0]
Done. Combined PR JSON: /home/student/Desktop/Neptune_2026/Microfluidics-Benchmarks/Results/tree_full_20260918_100349/artifacts/quick__mux1to4__mux1to4_fromLFR/result.json
