$ systemd-run --user --scope -q -p MemoryMax=64.0G -p MemorySwapMax=0 /home/student/anaconda3/envs/neptune2026/bin/python /home/student/Desktop/Neptune_2026/scripts/run_all_synthesize_timeout_report.py --_worker --algorithm tree --input /home/student/Desktop/Neptune_2026/Microfluidics-Benchmarks/Results/Quick_Examples/mux4to1/mux4to1_fromLFR.json --case-output /home/student/Desktop/Neptune_2026/Microfluidics-Benchmarks/Results/tree_full_20260918_100349/artifacts/quick__mux4to1__mux4to1_fromLFR --time-limit 3600.0 --solver-profile standard --mip-gap 0.0
Finish loading test case: mux4to1_fromLFR
1/9, Finish initial placement, time spent: 7.557868957519531e-05 s
[0, 2000, 2000, 'port_1', 0] [[1000, 0], [2000, 1000], [1000, 2000], [0, 1000]]
[1, 2000, 2000, 'port_2', 0] [[1000, 0], [2000, 1000], [1000, 2000], [0, 1000]]
[2, 2000, 2000, 'port_3', 0] [[1000, 0], [2000, 1000], [1000, 2000], [0, 1000]]
[3, 2000, 2000, 'port_4', 0] [[1000, 0], [2000, 1000], [1000, 2000], [0, 1000]]
[4, 2000, 2000, 'port_5', 0] [[1000, 0], [2000, 1000], [1000, 2000], [0, 1000]]
2/9, Finish initial placement with rotation, time spent: 0.0001609325408935547 s
3/9, Finish symmetricalization, time spent: 1.2159347534179688e-05 s
4/9, Finish routing, time spent: 0.00013446807861328125 s
****************************************************
New valid order that can lead to planar graph found:
[[0], [0, 1, 2, 3]]
****************************************************
--Finish applying new order
--Finish mirroring related components
5/9, Finish initialization of new orders, time spent: 0.0005986690521240234 s
6/9, Finish shortening wirelength, time spent: 3.9577484130859375e-05 s
Skip stage7 LP according to user's need
8/9, Finish routing, time spent: 0.00017142295837402344 s
9/9, Finish compaction and connecting ports, time spent: 0.02216625213623047 s
<<<<<<<<<<<<<<<<<<<<<<<<<<<<<< All P&R Done >>>>>>>>>>>>>>>>>>>>>>>>>>>>>>
Total Timeusage: 0.023359060287475586 s
Reordering Timeusage: 0.0005986690521240234 s
LP-based Optimization Timeusage: 0 s
P&R for the new orders: 0.022975921630859375 s
Cannot finish valid layer-1 synthesis for:
- reason=placement valve=valve_1 flow_connection=channel_1 control_port=Cport_1
- reason=placement valve=valve_2 flow_connection=channel_4 control_port=Cport_2
Fit canvas to [34200.0, 23200.0] and center by [0.0, 0.0]
Done. Combined PR JSON: /home/student/Desktop/Neptune_2026/Microfluidics-Benchmarks/Results/tree_full_20260918_100349/artifacts/quick__mux4to1__mux4to1_fromLFR/result.json
