$ /home/student/anaconda3/envs/neptune2026/bin/python /home/student/Desktop/Neptune_2026/scripts/run_all_synthesize_timeout_report.py --_worker --algorithm tree --input /home/student/Desktop/Neptune_2026/Microfluidics-Benchmarks/Results/LFR-TestCases/Ghissues/Issue_2/Issue_2_fromLFR.json --case-output /home/student/Desktop/Neptune_2026/Microfluidics-Benchmarks/Results/tree_full_20260915_040013/artifacts/lfr__Ghissues__Issue_2__Issue_2_fromLFR --time-limit 1800.0 --solver-profile standard --mip-gap 0.0
Finish loading test case: Issue_2_fromLFR
1/9, Finish initial placement, time spent: 1.33514404296875e-05 s
[0, 2000, 2000, 'port_1', 0] [[1000, 0], [2000, 1000], [1000, 2000], [0, 1000]]
[1, 2000, 2000, 'port_2', 0] [[1000, 0], [2000, 1000], [1000, 2000], [0, 1000]]
2/9, Finish initial placement with rotation, time spent: 6.008148193359375e-05 s
3/9, Finish symmetricalization, time spent: 1.2874603271484375e-05 s
4/9, Finish routing, time spent: 0.0002288818359375 s
****************************************************
New valid order that can lead to planar graph found:
[[0], [0]]
****************************************************
--Finish applying new order
--Finish mirroring related components
5/9, Finish initialization of new orders, time spent: 0.0003209114074707031 s
6/9, Finish shortening wirelength, time spent: 2.9802322387695312e-05 s
Skip stage7 LP according to user's need
8/9, Finish routing, time spent: 0.00025844573974609375 s
9/9, Finish compaction and connecting ports, time spent: 0.012079715728759766 s
<<<<<<<<<<<<<<<<<<<<<<<<<<<<<< All P&R Done >>>>>>>>>>>>>>>>>>>>>>>>>>>>>>
Total Timeusage: 0.013004064559936523 s
Reordering Timeusage: 0.0003209114074707031 s
LP-based Optimization Timeusage: 0 s
P&R for the new orders: 0.012688875198364258 s
Done. Combined PR JSON: /home/student/Desktop/Neptune_2026/Microfluidics-Benchmarks/Results/tree_full_20260915_040013/artifacts/lfr__Ghissues__Issue_2__Issue_2_fromLFR/result.json
