$ /home/student/anaconda3/envs/neptune2026/bin/python /home/student/Desktop/Neptune_2026/scripts/run_all_synthesize_timeout_report.py --_worker --algorithm tree --input /home/student/Desktop/Neptune_2026/Microfluidics-Benchmarks/Results/LFR-TestCases/CIDAR_Lab_Past_Devices/Glycoform/Glycoform_fromLFR.json --case-output /home/student/Desktop/Neptune_2026/Microfluidics-Benchmarks/Results/tree_full_20260915_040013/artifacts/lfr__CIDAR_Lab_Past_Devices__Glycoform__Glycoform_fromLFR --time-limit 1800.0 --solver-profile standard --mip-gap 0.0
Reversed 10 connection(s) with opposite-port direction conflicts: channel_1, channel_4, channel_5, channel_6, channel_7, channel_8, channel_9, channel_10, channel_11, channel_12.
Finish loading test case: Glycoform_fromLFR
1/9, Finish initial placement, time spent: 2.4080276489257812e-05 s
[0, 4060, 4860, 'mixer_1', 0] [[2030, 0], [2030, 4860]]
[1, 4000, 4000, 'square_cell_trap_1', 0] [[0, 2000], [4000, 2000], [2000, 0], [2000, 4000]]
[2, 2000, 2000, 'port_1', 0] [[1000, 0], [2000, 1000], [1000, 2000], [0, 1000]]
[3, 2000, 2000, 'port_2', 0] [[1000, 0], [2000, 1000], [1000, 2000], [0, 1000]]
[4, 4060, 4860, 'mixer_2', 0] [[2030, 0], [2030, 4860]]
[5, 4060, 4860, 'mixer_3', 0] [[2030, 0], [2030, 4860]]
[6, 4060, 4860, 'mixer_4', 0] [[2030, 0], [2030, 4860]]
[7, 4060, 4860, 'mixer_5', 0] [[2030, 0], [2030, 4860]]
[8, 2000, 2000, 'port_3', 0] [[1000, 0], [2000, 1000], [1000, 2000], [0, 1000]]
[9, 2000, 2000, 'port_4', 0] [[1000, 0], [2000, 1000], [1000, 2000], [0, 1000]]
[10, 2000, 2000, 'port_5', 0] [[1000, 0], [2000, 1000], [1000, 2000], [0, 1000]]
[11, 2000, 2000, 'port_6', 0] [[1000, 0], [2000, 1000], [1000, 2000], [0, 1000]]
[12, 2000, 2000, 'port_7', 0] [[1000, 0], [2000, 1000], [1000, 2000], [0, 1000]]
2/9, Finish initial placement with rotation, time spent: 0.00021123886108398438 s
3/9, Finish symmetricalization, time spent: 2.002716064453125e-05 s
4/9, Finish routing, time spent: 0.005494117736816406 s
****************************************************
New valid order that can lead to planar graph found:
[[0, 1], [0, 1], [0, 1], [0, 1], [0], [0, 1, 2], [0]]
****************************************************
--Finish applying new order
--Finish mirroring related components
5/9, Finish initialization of new orders, time spent: 0.0008952617645263672 s
6/9, Finish shortening wirelength, time spent: 0.00011587142944335938 s
Skip stage7 LP according to user's need
8/9, Finish routing, time spent: 0.0036792755126953125 s
9/9, Finish compaction and connecting ports, time spent: 0.05015873908996582 s
<<<<<<<<<<<<<<<<<<<<<<<<<<<<<< All P&R Done >>>>>>>>>>>>>>>>>>>>>>>>>>>>>>
Total Timeusage: 0.06059861183166504 s
Reordering Timeusage: 0.0008952617645263672 s
LP-based Optimization Timeusage: 0 s
P&R for the new orders: 0.05484914779663086 s
Done. Combined PR JSON: /home/student/Desktop/Neptune_2026/Microfluidics-Benchmarks/Results/tree_full_20260915_040013/artifacts/lfr__CIDAR_Lab_Past_Devices__Glycoform__Glycoform_fromLFR/result.json
