$ /home/student/anaconda3/envs/neptune2026/bin/python /home/student/Desktop/Neptune_2026/scripts/run_all_synthesize_timeout_report.py --_worker --algorithm tree --input /home/student/Desktop/Neptune_2026/Microfluidics-Benchmarks/Results/LFR-TestCases/Protocols/Directed_Evolution/Directed_Evolution_fromLFR.json --case-output /home/student/Desktop/Neptune_2026/Microfluidics-Benchmarks/Results/tree_full_20260915_040013/artifacts/lfr__Protocols__Directed_Evolution__Directed_Evolution_fromLFR --time-limit 1800.0 --solver-profile standard --mip-gap 0.0
Reversed 42 connection(s) with opposite-port direction conflicts: channel_1, channel_2, channel_3, channel_4, channel_5, channel_6, channel_7, channel_8, channel_9, channel_10, channel_11, channel_12, channel_13, channel_14, channel_15, channel_16, channel_17, channel_18, channel_19, channel_20, channel_21, channel_22, channel_23, channel_24, channel_25, channel_26, channel_27, channel_28, channel_29, channel_30, channel_31, channel_32, channel_33, channel_34, channel_35, channel_36, channel_37, channel_38, channel_39, channel_40, channel_41, channel_42.
Finish loading test case: Directed_Evolution_fromLFR
1/9, Finish initial placement, time spent: 0.0001380443572998047 s
[0, 5000, 5000, 'reaction_chamber_1', 0] [[2500, 0], [5000, 2500], [2500, 5000], [0, 2500]]
[1, 4000, 4000, 'square_cell_trap_1', 0] [[0, 2000], [4000, 2000], [2000, 0], [2000, 4000]]
[2, 4060, 4860, 'mixer_1', 0] [[2030, 0], [2030, 4860]]
[3, 2000, 2000, 'port_1', 0] [[1000, 0], [2000, 1000], [1000, 2000], [0, 1000]]
[4, 4060, 4860, 'mixer_2', 0] [[2030, 0], [2030, 4860]]
[5, 4060, 4860, 'mixer_3', 0] [[2030, 0], [2030, 4860]]
[6, 4060, 4860, 'mixer_4', 0] [[2030, 0], [2030, 4860]]
[7, 2000, 2000, 'port_2', 0] [[1000, 0], [2000, 1000], [1000, 2000], [0, 1000]]
[8, 4060, 4860, 'mixer_5', 0] [[2030, 0], [2030, 4860]]
[9, 4060, 4860, 'mixer_6', 0] [[2030, 0], [2030, 4860]]
[10, 4060, 4860, 'mixer_7', 0] [[2030, 0], [2030, 4860]]
[11, 4060, 4860, 'mixer_8', 0] [[2030, 0], [2030, 4860]]
[12, 4060, 4860, 'mixer_9', 0] [[2030, 0], [2030, 4860]]
[13, 4060, 4860, 'mixer_10', 0] [[2030, 0], [2030, 4860]]
[14, 4060, 4860, 'mixer_11', 0] [[2030, 0], [2030, 4860]]
[15, 4060, 4860, 'mixer_12', 0] [[2030, 0], [2030, 4860]]
[16, 4060, 4860, 'mixer_13', 0] [[2030, 0], [2030, 4860]]
[17, 2000, 2000, 'port_3', 0] [[1000, 0], [2000, 1000], [1000, 2000], [0, 1000]]
[18, 4060, 4860, 'mixer_14', 0] [[2030, 0], [2030, 4860]]
[19, 4060, 4860, 'mixer_15', 0] [[2030, 0], [2030, 4860]]
[20, 4060, 4860, 'mixer_16', 0] [[2030, 0], [2030, 4860]]
[21, 4060, 4860, 'mixer_17', 0] [[2030, 0], [2030, 4860]]
[22, 4060, 4860, 'mixer_18', 0] [[2030, 0], [2030, 4860]]
[23, 2000, 2000, 'port_4', 0] [[1000, 0], [2000, 1000], [1000, 2000], [0, 1000]]
[24, 2000, 2000, 'port_5', 0] [[1000, 0], [2000, 1000], [1000, 2000], [0, 1000]]
[25, 2000, 2000, 'port_6', 0] [[1000, 0], [2000, 1000], [1000, 2000], [0, 1000]]
[26, 2000, 2000, 'port_7', 0] [[1000, 0], [2000, 1000], [1000, 2000], [0, 1000]]
2/9, Finish initial placement with rotation, time spent: 0.0005633831024169922 s
3/9, Finish symmetricalization, time spent: 2.574920654296875e-05 s
4/9, Finish routing, time spent: 0.06378722190856934 s
****************************************************
Fail to find valid order; keeping the initial row order
****************************************************
--Finish applying new order
--Finish mirroring related components
5/9, Finish initialization of new orders, time spent: 0.22956490516662598 s
6/9, Finish shortening wirelength, time spent: 0.00018477439880371094 s
Skip stage7 LP according to user's need
