$ /home/student/anaconda3/envs/neptune2026/bin/python /home/student/Desktop/Neptune_2026/scripts/run_all_synthesize_timeout_report.py --_worker --algorithm tree --input /home/student/Desktop/Neptune_2026/Microfluidics-Benchmarks/Results/LFR-TestCases/Distribute_Library/Transposer_03/Transposer_03_fromLFR.json --case-output /home/student/Desktop/Neptune_2026/Microfluidics-Benchmarks/Results/tree_full_20260915_040013/artifacts/lfr__Distribute_Library__Transposer_03__Transposer_03_fromLFR --time-limit 1800.0 --solver-profile standard --mip-gap 0.0
Finish loading test case: Transposer_03_fromLFR
1/9, Finish initial placement, time spent: 8.130073547363281e-05 s
[0, 2000, 2000, 'port_1', 0] [[1000, 0], [2000, 1000], [1000, 2000], [0, 1000]]
[1, 2000, 2000, 'port_2', 0] [[1000, 0], [2000, 1000], [1000, 2000], [0, 1000]]
[2, 2000, 2000, 'port_3', 0] [[1000, 0], [2000, 1000], [1000, 2000], [0, 1000]]
[3, 2000, 2000, 'port_4', 0] [[1000, 0], [2000, 1000], [1000, 2000], [0, 1000]]
[4, 2000, 2000, 'port_5', 0] [[1000, 0], [2000, 1000], [1000, 2000], [0, 1000]]
[5, 2000, 2000, 'port_6', 0] [[1000, 0], [2000, 1000], [1000, 2000], [0, 1000]]
2/9, Finish initial placement with rotation, time spent: 0.00022101402282714844 s
3/9, Finish symmetricalization, time spent: 1.5020370483398438e-05 s
4/9, Finish routing, time spent: 0.0005617141723632812 s
****************************************************
Fail to find valid order; keeping the initial row order
****************************************************
--Finish applying new order
--Finish mirroring related components
5/9, Finish initialization of new orders, time spent: 0.0011861324310302734 s
6/9, Finish shortening wirelength, time spent: 6.198883056640625e-05 s
Skip stage7 LP according to user's need
8/9, Finish routing, time spent: 0.0006587505340576172 s
9/9, Finish compaction and connecting ports, time spent: 0.031476736068725586 s
<<<<<<<<<<<<<<<<<<<<<<<<<<<<<< All P&R Done >>>>>>>>>>>>>>>>>>>>>>>>>>>>>>
Total Timeusage: 0.034262657165527344 s
Reordering Timeusage: 0.0011861324310302734 s
LP-based Optimization Timeusage: 0 s
P&R for the new orders: 0.03338360786437988 s
Cannot finish valid layer-1 synthesis for:
- reason=routing:fallback_no_compliant_valve_escape valve=valve_0 flow_connection=channel_2 control_port=Cport_0
- reason=routing:fallback_no_compliant_valve_escape valve=valve_1 flow_connection=channel_1 control_port=Cport_1
- reason=routing:fallback_no_compliant_valve_escape valve=valve_2 flow_connection=channel_6 control_port=Cport_2
- reason=routing:fallback_no_compliant_valve_escape valve=valve_3 flow_connection=channel_7 control_port=Cport_3
- reason=routing:fallback_no_compliant_valve_escape valve=valve_4 flow_connection=channel_8 control_port=Cport_4
- reason=routing:fallback_no_compliant_valve_escape valve=valve_5 flow_connection=channel_5 control_port=Cport_5
- reason=routing:fallback_no_compliant_valve_escape valve=valve_6 flow_connection=channel_3 control_port=Cport_6
- reason=routing:fallback_no_compliant_valve_escape valve=valve_7 flow_connection=channel_4 control_port=Cport_7
Done. Combined PR JSON: /home/student/Desktop/Neptune_2026/Microfluidics-Benchmarks/Results/tree_full_20260915_040013/artifacts/lfr__Distribute_Library__Transposer_03__Transposer_03_fromLFR/result.json
