$ /home/student/anaconda3/envs/neptune2026/bin/python /home/student/Desktop/Neptune_2026/scripts/run_all_synthesize_timeout_report.py --_worker --algorithm tree --input /home/student/Desktop/Neptune_2026/Microfluidics-Benchmarks/Results/LFR-TestCases/Distribute_Expressions/Dist_Expression_3/Dist_Expression_3_fromLFR.json --case-output /home/student/Desktop/Neptune_2026/Microfluidics-Benchmarks/Results/tree_full_20260915_040013/artifacts/lfr__Distribute_Expressions__Dist_Expression_3__Dist_Expression_3_fromLFR --time-limit 1800.0 --solver-profile standard --mip-gap 0.0
Finish loading test case: Dist_Expression_3_fromLFR
1/9, Finish initial placement, time spent: 2.765655517578125e-05 s
[0, 2000, 2000, 'port_1', 0] [[1000, 0], [2000, 1000], [1000, 2000], [0, 1000]]
[1, 2000, 2000, 'port_2', 0] [[1000, 0], [2000, 1000], [1000, 2000], [0, 1000]]
[2, 2000, 2000, 'port_3', 0] [[1000, 0], [2000, 1000], [1000, 2000], [0, 1000]]
2/9, Finish initial placement with rotation, time spent: 0.00010228157043457031 s
3/9, Finish symmetricalization, time spent: 1.621246337890625e-05 s
4/9, Finish routing, time spent: 0.0002734661102294922 s
****************************************************
New valid order that can lead to planar graph found:
[[0, 1], [0]]
****************************************************
--Finish applying new order
--Finish mirroring related components
5/9, Finish initialization of new orders, time spent: 0.00045800209045410156 s
6/9, Finish shortening wirelength, time spent: 4.38690185546875e-05 s
Skip stage7 LP according to user's need
8/9, Finish routing, time spent: 0.00032830238342285156 s
9/9, Finish compaction and connecting ports, time spent: 0.01710987091064453 s
<<<<<<<<<<<<<<<<<<<<<<<<<<<<<< All P&R Done >>>>>>>>>>>>>>>>>>>>>>>>>>>>>>
Total Timeusage: 0.018359661102294922 s
Reordering Timeusage: 0.00045800209045410156 s
LP-based Optimization Timeusage: 0 s
P&R for the new orders: 0.017940044403076172 s
Done. Combined PR JSON: /home/student/Desktop/Neptune_2026/Microfluidics-Benchmarks/Results/tree_full_20260915_040013/artifacts/lfr__Distribute_Expressions__Dist_Expression_3__Dist_Expression_3_fromLFR/result.json
