$ /home/student/anaconda3/envs/neptune2026/bin/python /home/student/Desktop/Neptune_2026/scripts/run_all_synthesize_timeout_report.py --_worker --algorithm tree --input /home/student/Desktop/Neptune_2026/Microfluidics-Benchmarks/Results/LFR-TestCases/Literature_Benchmarks/Device_6_Organic_Chemical_Synthesis/Device_6_Organic_Chemical_Synthesis_fromLFR.json --case-output /home/student/Desktop/Neptune_2026/Microfluidics-Benchmarks/Results/tree_full_20260915_040013/artifacts/lfr__Literature_Benchmarks__Device_6_Organic_Chemical_Synthesis__Device_6_Organic_Chemical_Synthesis_fromLFR --time-limit 1800.0 --solver-profile standard --mip-gap 0.0
Reversed 66 connection(s) with opposite-port direction conflicts: channel_1, channel_2, channel_3, channel_4, channel_5, channel_6, channel_7, channel_8, channel_9, channel_10, channel_11, channel_12, channel_13, channel_14, channel_15, channel_16, channel_17, channel_18, channel_19, channel_20, channel_21, channel_22, channel_23, channel_24, channel_25, channel_26, channel_27, channel_28, channel_29, channel_30, channel_31, channel_32, channel_33, channel_34, channel_35, channel_36, channel_37, channel_38, channel_39, channel_40, channel_41, channel_42, channel_43, channel_44, channel_45, channel_46, channel_47, channel_48, channel_49, channel_50, channel_51, channel_52, channel_53, channel_54, channel_55, channel_56, channel_57, channel_58, channel_59, channel_60, channel_61, channel_62, channel_63, channel_64, channel_65, channel_66.
Finish loading test case: Device_6_Organic_Chemical_Synthesis_fromLFR
1/9, Finish initial placement, time spent: 0.0002219676971435547 s
[0, 4060, 4860, 'mixer_1', 0] [[2030, 0], [2030, 4860]]
[1, 4060, 4860, 'mixer_2', 0] [[2030, 0], [2030, 4860]]
[2, 4060, 4860, 'mixer_3', 0] [[2030, 0], [2030, 4860]]
[3, 4060, 4860, 'mixer_4', 0] [[2030, 0], [2030, 4860]]
[4, 4060, 4860, 'mixer_5', 0] [[2030, 0], [2030, 4860]]
[5, 4060, 4860, 'mixer_6', 0] [[2030, 0], [2030, 4860]]
[6, 4060, 4860, 'mixer_7', 0] [[2030, 0], [2030, 4860]]
[7, 4060, 4860, 'mixer_8', 0] [[2030, 0], [2030, 4860]]
[8, 4060, 4860, 'mixer_9', 0] [[2030, 0], [2030, 4860]]
[9, 2000, 2000, 'port_1', 0] [[1000, 0], [2000, 1000], [1000, 2000], [0, 1000]]
[10, 4060, 4860, 'mixer_10', 0] [[2030, 0], [2030, 4860]]
[11, 4060, 4860, 'mixer_11', 0] [[2030, 0], [2030, 4860]]
[12, 4060, 4860, 'mixer_12', 0] [[2030, 0], [2030, 4860]]
[13, 4060, 4860, 'mixer_13', 0] [[2030, 0], [2030, 4860]]
[14, 4060, 4860, 'mixer_14', 0] [[2030, 0], [2030, 4860]]
[15, 4060, 4860, 'mixer_15', 0] [[2030, 0], [2030, 4860]]
[16, 4060, 4860, 'mixer_16', 0] [[2030, 0], [2030, 4860]]
[17, 4060, 4860, 'mixer_17', 0] [[2030, 0], [2030, 4860]]
[18, 4060, 4860, 'mixer_18', 0] [[2030, 0], [2030, 4860]]
[19, 4060, 4860, 'mixer_19', 0] [[2030, 0], [2030, 4860]]
[20, 4060, 4860, 'mixer_20', 0] [[2030, 0], [2030, 4860]]
[21, 4060, 4860, 'mixer_21', 0] [[2030, 0], [2030, 4860]]
[22, 4060, 4860, 'mixer_22', 0] [[2030, 0], [2030, 4860]]
[23, 4060, 4860, 'mixer_23', 0] [[2030, 0], [2030, 4860]]
[24, 4060, 4860, 'mixer_24', 0] [[2030, 0], [2030, 4860]]
[25, 4060, 4860, 'mixer_25', 0] [[2030, 0], [2030, 4860]]
[26, 4060, 4860, 'mixer_26', 0] [[2030, 0], [2030, 4860]]
[27, 4060, 4860, 'mixer_27', 0] [[2030, 0], [2030, 4860]]
[28, 4060, 4860, 'mixer_28', 0] [[2030, 0], [2030, 4860]]
[29, 4060, 4860, 'mixer_29', 0] [[2030, 0], [2030, 4860]]
[30, 4060, 4860, 'mixer_30', 0] [[2030, 0], [2030, 4860]]
[31, 4060, 4860, 'mixer_31', 0] [[2030, 0], [2030, 4860]]
[32, 4060, 4860, 'mixer_32', 0] [[2030, 0], [2030, 4860]]
[33, 2000, 2000, 'port_2', 0] [[1000, 0], [2000, 1000], [1000, 2000], [0, 1000]]
[34, 2000, 2000, 'port_3', 0] [[1000, 0], [2000, 1000], [1000, 2000], [0, 1000]]
[35, 2000, 2000, 'port_4', 0] [[1000, 0], [2000, 1000], [1000, 2000], [0, 1000]]
[36, 2000, 2000, 'port_5', 0] [[1000, 0], [2000, 1000], [1000, 2000], [0, 1000]]
[37, 2000, 2000, 'port_6', 0] [[1000, 0], [2000, 1000], [1000, 2000], [0, 1000]]
[38, 2000, 2000, 'port_7', 0] [[1000, 0], [2000, 1000], [1000, 2000], [0, 1000]]
[39, 2000, 2000, 'port_8', 0] [[1000, 0], [2000, 1000], [1000, 2000], [0, 1000]]
[40, 2000, 2000, 'port_9', 0] [[1000, 0], [2000, 1000], [1000, 2000], [0, 1000]]
[41, 2000, 2000, 'port_10', 0] [[1000, 0], [2000, 1000], [1000, 2000], [0, 1000]]
[42, 2000, 2000, 'port_11', 0] [[1000, 0], [2000, 1000], [1000, 2000], [0, 1000]]
[43, 2000, 2000, 'port_12', 0] [[1000, 0], [2000, 1000], [1000, 2000], [0, 1000]]
[44, 2000, 2000, 'port_13', 0] [[1000, 0], [2000, 1000], [1000, 2000], [0, 1000]]
[45, 2000, 2000, 'port_14', 0] [[1000, 0], [2000, 1000], [1000, 2000], [0, 1000]]
[46, 2000, 2000, 'port_15', 0] [[1000, 0], [2000, 1000], [1000, 2000], [0, 1000]]
[47, 2000, 2000, 'port_16', 0] [[1000, 0], [2000, 1000], [1000, 2000], [0, 1000]]
[48, 2000, 2000, 'port_17', 0] [[1000, 0], [2000, 1000], [1000, 2000], [0, 1000]]
[49, 2000, 2000, 'port_18', 0] [[1000, 0], [2000, 1000], [1000, 2000], [0, 1000]]
2/9, Finish initial placement with rotation, time spent: 0.0008840560913085938 s
3/9, Finish symmetricalization, time spent: 3.790855407714844e-05 s
4/9, Finish routing, time spent: 0.04277324676513672 s
****************************************************
Fail to find valid order; keeping the initial row order
****************************************************
--Finish applying new order
--Finish mirroring related components
5/9, Finish initialization of new orders, time spent: 0.0034799575805664062 s
6/9, Finish shortening wirelength, time spent: 0.000274658203125 s
Skip stage7 LP according to user's need
8/9, Finish routing, time spent: 0.12189102172851562 s
9/9, Finish compaction and connecting ports, time spent: 0.1904904842376709 s
<<<<<<<<<<<<<<<<<<<<<<<<<<<<<< All P&R Done >>>>>>>>>>>>>>>>>>>>>>>>>>>>>>
Total Timeusage: 0.36005330085754395 s
Reordering Timeusage: 0.0034799575805664062 s
LP-based Optimization Timeusage: 0 s
P&R for the new orders: 0.31613612174987793 s
Cannot finish valid layer-1 synthesis for:
- reason=routing:fallback_no_compliant_valve_escape valve=valve_0 flow_connection=channel_18 control_port=Cport_0
- reason=routing:fallback_no_compliant_valve_escape valve=valve_1 flow_connection=channel_18 control_port=Cport_1
- reason=routing:fallback_no_compliant_valve_escape valve=valve_2 flow_connection=channel_18 control_port=Cport_2
- reason=routing:fallback_no_compliant_valve_escape valve=valve_3 flow_connection=channel_18 control_port=Cport_3
- reason=routing:fallback_no_compliant_valve_escape valve=valve_4 flow_connection=channel_18 control_port=Cport_4
- reason=routing:fallback_no_compliant_valve_escape valve=valve_5 flow_connection=channel_18 control_port=Cport_5
Done. Combined PR JSON: /home/student/Desktop/Neptune_2026/Microfluidics-Benchmarks/Results/tree_full_20260915_040013/artifacts/lfr__Literature_Benchmarks__Device_6_Organic_Chemical_Synthesis__Device_6_Organic_Chemical_Synthesis_fromLFR/result.json
