$ /home/student/anaconda3/envs/neptune2026/bin/python /home/student/Desktop/Neptune_2026/scripts/run_all_synthesize_timeout_report.py --_worker --algorithm tree --input /home/student/Desktop/Neptune_2026/Microfluidics-Benchmarks/Results/LFR-TestCases/Expressions/Expression_3/Expression_3_fromLFR.json --case-output /home/student/Desktop/Neptune_2026/Microfluidics-Benchmarks/Results/tree_full_20260915_040013/artifacts/lfr__Expressions__Expression_3__Expression_3_fromLFR --time-limit 1800.0 --solver-profile standard --mip-gap 0.0
Reversed 6 connection(s) with opposite-port direction conflicts: channel_2, channel_3, channel_4, channel_5, channel_6, channel_1.
Finish loading test case: Expression_3_fromLFR
1/9, Finish initial placement, time spent: 2.002716064453125e-05 s
[0, 10000, 14000, 'droplet_capacitance_sensor_1', 0] [[0, 7000], [10000, 7000]]
[1, 2000, 2000, 'port_1', 0] [[1000, 0], [2000, 1000], [1000, 2000], [0, 1000]]
[2, 4060, 4860, 'mixer_1', 0] [[2030, 0], [2030, 4860]]
[3, 4060, 4860, 'mixer_2', 0] [[2030, 0], [2030, 4860]]
[4, 2000, 2000, 'port_2', 0] [[1000, 0], [2000, 1000], [1000, 2000], [0, 1000]]
[5, 2000, 2000, 'port_3', 0] [[1000, 0], [2000, 1000], [1000, 2000], [0, 1000]]
[6, 2000, 2000, 'port_4', 0] [[1000, 0], [2000, 1000], [1000, 2000], [0, 1000]]
2/9, Finish initial placement with rotation, time spent: 0.00014090538024902344 s
3/9, Finish symmetricalization, time spent: 1.9073486328125e-05 s
4/9, Finish routing, time spent: 0.004751920700073242 s
****************************************************
New valid order that can lead to planar graph found:
[[0, 1], [0, 1], [0], [0], [0]]
****************************************************
--Finish applying new order
--Finish mirroring related components
5/9, Finish initialization of new orders, time spent: 0.0007710456848144531 s
6/9, Finish shortening wirelength, time spent: 8.082389831542969e-05 s
Skip stage7 LP according to user's need
8/9, Finish routing, time spent: 0.0054950714111328125 s
9/9, Finish compaction and connecting ports, time spent: 0.029901981353759766 s
<<<<<<<<<<<<<<<<<<<<<<<<<<<<<< All P&R Done >>>>>>>>>>>>>>>>>>>>>>>>>>>>>>
Total Timeusage: 0.04118084907531738 s
Reordering Timeusage: 0.0007710456848144531 s
LP-based Optimization Timeusage: 0 s
P&R for the new orders: 0.03624892234802246 s
Done. Combined PR JSON: /home/student/Desktop/Neptune_2026/Microfluidics-Benchmarks/Results/tree_full_20260915_040013/artifacts/lfr__Expressions__Expression_3__Expression_3_fromLFR/result.json
