$ /home/student/anaconda3/envs/neptune2026/bin/python /home/student/Desktop/Neptune_2026/scripts/run_all_synthesize_timeout_report.py --_worker --algorithm tree --input /home/student/Desktop/Neptune_2026/Microfluidics-Benchmarks/Results/LFR-TestCases/COVID/Crispr/Crispr_fromLFR.json --case-output /home/student/Desktop/Neptune_2026/Microfluidics-Benchmarks/Results/tree_full_20260915_040013/artifacts/lfr__COVID__Crispr__Crispr_fromLFR --time-limit 1800.0 --solver-profile standard --mip-gap 0.0
Reversed 11 connection(s) with opposite-port direction conflicts: channel_2, channel_3, channel_4, channel_5, channel_6, channel_7, channel_8, channel_9, channel_10, channel_11, channel_1.
Finish loading test case: Crispr_fromLFR
1/9, Finish initial placement, time spent: 2.4557113647460938e-05 s
[0, 10000, 14000, 'droplet_capacitance_sensor_1', 0] [[0, 7000], [10000, 7000]]
[1, 2000, 2000, 'port_1', 0] [[1000, 0], [2000, 1000], [1000, 2000], [0, 1000]]
[2, 10000, 14000, 'droplet_capacitance_sensor_2', 0] [[0, 7000], [10000, 7000]]
[3, 4060, 4860, 'mixer_1', 0] [[2030, 0], [2030, 4860]]
[4, 4060, 4860, 'mixer_2', 0] [[2030, 0], [2030, 4860]]
[5, 4060, 4860, 'mixer_3', 0] [[2030, 0], [2030, 4860]]
[6, 4060, 4860, 'mixer_4', 0] [[2030, 0], [2030, 4860]]
[7, 2000, 2000, 'port_2', 0] [[1000, 0], [2000, 1000], [1000, 2000], [0, 1000]]
[8, 2000, 2000, 'port_3', 0] [[1000, 0], [2000, 1000], [1000, 2000], [0, 1000]]
[9, 2000, 2000, 'port_4', 0] [[1000, 0], [2000, 1000], [1000, 2000], [0, 1000]]
[10, 2000, 2000, 'port_5', 0] [[1000, 0], [2000, 1000], [1000, 2000], [0, 1000]]
[11, 2000, 2000, 'port_6', 0] [[1000, 0], [2000, 1000], [1000, 2000], [0, 1000]]
2/9, Finish initial placement with rotation, time spent: 0.0001952648162841797 s
3/9, Finish symmetricalization, time spent: 2.5510787963867188e-05 s
4/9, Finish routing, time spent: 0.01037454605102539 s
****************************************************
New valid order that can lead to planar graph found:
[[0, 1], [0, 1], [0, 1], [0], [0, 1], [0], [0], [0]]
****************************************************
--Finish applying new order
--Finish mirroring related components
5/9, Finish initialization of new orders, time spent: 0.0009546279907226562 s
6/9, Finish shortening wirelength, time spent: 0.00010657310485839844 s
Skip stage7 LP according to user's need
8/9, Finish routing, time spent: 0.01100611686706543 s
9/9, Finish compaction and connecting ports, time spent: 0.07940554618835449 s
<<<<<<<<<<<<<<<<<<<<<<<<<<<<<< All P&R Done >>>>>>>>>>>>>>>>>>>>>>>>>>>>>>
Total Timeusage: 0.10209274291992188 s
Reordering Timeusage: 0.0009546279907226562 s
LP-based Optimization Timeusage: 0 s
P&R for the new orders: 0.09147286415100098 s
Done. Combined PR JSON: /home/student/Desktop/Neptune_2026/Microfluidics-Benchmarks/Results/tree_full_20260915_040013/artifacts/lfr__COVID__Crispr__Crispr_fromLFR/result.json
