$ /home/student/anaconda3/envs/neptune2026/bin/python /home/student/Desktop/Neptune_2026/scripts/run_all_synthesize_timeout_report.py --_worker --algorithm tree --input /home/student/Desktop/Neptune_2026/Microfluidics-Benchmarks/Results/LFR-TestCases/Distribute_Library/Mux_08_Out/Mux_08_Out_fromLFR.json --case-output /home/student/Desktop/Neptune_2026/Microfluidics-Benchmarks/Results/tree_full_20260915_040013/artifacts/lfr__Distribute_Library__Mux_08_Out__Mux_08_Out_fromLFR --time-limit 1800.0 --solver-profile standard --mip-gap 0.0
Finish loading test case: Mux_08_Out_fromLFR
1/9, Finish initial placement, time spent: 8.988380432128906e-05 s
[0, 2000, 2000, 'port_1', 0] [[1000, 0], [2000, 1000], [1000, 2000], [0, 1000]]
[1, 2000, 2000, 'port_2', 0] [[1000, 0], [2000, 1000], [1000, 2000], [0, 1000]]
[2, 2000, 2000, 'port_3', 0] [[1000, 0], [2000, 1000], [1000, 2000], [0, 1000]]
[3, 2000, 2000, 'port_4', 0] [[1000, 0], [2000, 1000], [1000, 2000], [0, 1000]]
[4, 2000, 2000, 'port_5', 0] [[1000, 0], [2000, 1000], [1000, 2000], [0, 1000]]
[5, 2000, 2000, 'port_6', 0] [[1000, 0], [2000, 1000], [1000, 2000], [0, 1000]]
[6, 2000, 2000, 'port_7', 0] [[1000, 0], [2000, 1000], [1000, 2000], [0, 1000]]
[7, 2000, 2000, 'port_8', 0] [[1000, 0], [2000, 1000], [1000, 2000], [0, 1000]]
[8, 2000, 2000, 'port_9', 0] [[1000, 0], [2000, 1000], [1000, 2000], [0, 1000]]
2/9, Finish initial placement with rotation, time spent: 0.0002536773681640625 s
3/9, Finish symmetricalization, time spent: 1.71661376953125e-05 s
4/9, Finish routing, time spent: 0.0005507469177246094 s
****************************************************
New valid order that can lead to planar graph found:
[[0, 1, 2, 3, 4, 5, 6, 7], [0]]
****************************************************
--Finish applying new order
--Finish mirroring related components
5/9, Finish initialization of new orders, time spent: 0.0009052753448486328 s
6/9, Finish shortening wirelength, time spent: 6.175041198730469e-05 s
Skip stage7 LP according to user's need
8/9, Finish routing, time spent: 0.0006568431854248047 s
9/9, Finish compaction and connecting ports, time spent: 0.03812217712402344 s
<<<<<<<<<<<<<<<<<<<<<<<<<<<<<< All P&R Done >>>>>>>>>>>>>>>>>>>>>>>>>>>>>>
Total Timeusage: 0.04065752029418945 s
Reordering Timeusage: 0.0009052753448486328 s
LP-based Optimization Timeusage: 0 s
P&R for the new orders: 0.03974604606628418 s
Cannot finish valid layer-1 synthesis for:
- reason=routing:fallback_no_compliant_valve_escape valve=valve_1 flow_connection=channel_3 control_port=Cport_1
- reason=routing:fallback_no_compliant_valve_escape valve=valve_4 flow_connection=channel_6 control_port=Cport_4
Done. Combined PR JSON: /home/student/Desktop/Neptune_2026/Microfluidics-Benchmarks/Results/tree_full_20260915_040013/artifacts/lfr__Distribute_Library__Mux_08_Out__Mux_08_Out_fromLFR/result.json
