$ /home/student/anaconda3/envs/neptune2026/bin/python /home/student/Desktop/Neptune_2026/scripts/run_all_synthesize_timeout_report.py --_worker --algorithm tree --input /home/student/Desktop/Neptune_2026/Microfluidics-Benchmarks/Results/LFR-TestCases/CIDAR_Lab_Past_Devices/Nine_To_One_Mux/Nine_To_One_Mux_fromLFR.json --case-output /home/student/Desktop/Neptune_2026/Microfluidics-Benchmarks/Results/tree_full_20260915_040013/artifacts/lfr__CIDAR_Lab_Past_Devices__Nine_To_One_Mux__Nine_To_One_Mux_fromLFR --time-limit 1800.0 --solver-profile standard --mip-gap 0.0
Reversed 34 connection(s) with opposite-port direction conflicts: channel_1, channel_2, channel_3, channel_4, channel_5, channel_6, channel_7, channel_8, channel_9, channel_11, channel_12, channel_13, channel_14, channel_15, channel_16, channel_17, channel_18, channel_19, channel_20, channel_21, channel_22, channel_23, channel_24, channel_25, channel_26, channel_27, channel_28, channel_29, channel_30, channel_31, channel_32, channel_33, channel_34, channel_35.
Finish loading test case: Nine_To_One_Mux_fromLFR
1/9, Finish initial placement, time spent: 0.00015091896057128906 s
[0, 4060, 4860, 'mixer_1', 0] [[2030, 0], [2030, 4860]]
[1, 4000, 4000, 'square_cell_trap_1', 0] [[0, 2000], [4000, 2000], [2000, 0], [2000, 4000]]
[2, 2000, 2000, 'port_1', 0] [[1000, 0], [2000, 1000], [1000, 2000], [0, 1000]]
[3, 4060, 4860, 'mixer_2', 0] [[2030, 0], [2030, 4860]]
[4, 4060, 4860, 'mixer_3', 0] [[2030, 0], [2030, 4860]]
[5, 4060, 4860, 'mixer_4', 0] [[2030, 0], [2030, 4860]]
[6, 4060, 4860, 'mixer_5', 0] [[2030, 0], [2030, 4860]]
[7, 4060, 4860, 'mixer_6', 0] [[2030, 0], [2030, 4860]]
[8, 4060, 4860, 'mixer_7', 0] [[2030, 0], [2030, 4860]]
[9, 4060, 4860, 'mixer_8', 0] [[2030, 0], [2030, 4860]]
[10, 4060, 4860, 'mixer_9', 0] [[2030, 0], [2030, 4860]]
[11, 4060, 4860, 'mixer_10', 0] [[2030, 0], [2030, 4860]]
[12, 4060, 4860, 'mixer_11', 0] [[2030, 0], [2030, 4860]]
[13, 4060, 4860, 'mixer_12', 0] [[2030, 0], [2030, 4860]]
[14, 4060, 4860, 'mixer_13', 0] [[2030, 0], [2030, 4860]]
[15, 4060, 4860, 'mixer_14', 0] [[2030, 0], [2030, 4860]]
[16, 4060, 4860, 'mixer_15', 0] [[2030, 0], [2030, 4860]]
[17, 4060, 4860, 'mixer_16', 0] [[2030, 0], [2030, 4860]]
[18, 4060, 4860, 'mixer_17', 0] [[2030, 0], [2030, 4860]]
[19, 2000, 2000, 'port_2', 0] [[1000, 0], [2000, 1000], [1000, 2000], [0, 1000]]
[20, 2000, 2000, 'port_3', 0] [[1000, 0], [2000, 1000], [1000, 2000], [0, 1000]]
[21, 2000, 2000, 'port_4', 0] [[1000, 0], [2000, 1000], [1000, 2000], [0, 1000]]
[22, 2000, 2000, 'port_5', 0] [[1000, 0], [2000, 1000], [1000, 2000], [0, 1000]]
[23, 2000, 2000, 'port_6', 0] [[1000, 0], [2000, 1000], [1000, 2000], [0, 1000]]
[24, 2000, 2000, 'port_7', 0] [[1000, 0], [2000, 1000], [1000, 2000], [0, 1000]]
[25, 2000, 2000, 'port_8', 0] [[1000, 0], [2000, 1000], [1000, 2000], [0, 1000]]
[26, 2000, 2000, 'port_9', 0] [[1000, 0], [2000, 1000], [1000, 2000], [0, 1000]]
[27, 2000, 2000, 'port_10', 0] [[1000, 0], [2000, 1000], [1000, 2000], [0, 1000]]
2/9, Finish initial placement with rotation, time spent: 0.0005066394805908203 s
3/9, Finish symmetricalization, time spent: 2.765655517578125e-05 s
4/9, Finish routing, time spent: 0.07848620414733887 s
****************************************************
New valid order that can lead to planar graph found:
[[0], [0], [2, 8, 7, 9, 5, 3, 1, 4, 6, 0], [0, 1, 2, 3, 4, 5, 6, 7, 8, 9], [0, 1], [0], [0], [0], [0]]
****************************************************
--Finish applying new order
--Finish mirroring related components
5/9, Finish initialization of new orders, time spent: 28.87441635131836 s
6/9, Finish shortening wirelength, time spent: 0.00017786026000976562 s
Skip stage7 LP according to user's need
8/9, Finish routing, time spent: 0.1408843994140625 s
9/9, Finish compaction and connecting ports, time spent: 0.1000969409942627 s
<<<<<<<<<<<<<<<<<<<<<<<<<<<<<< All P&R Done >>>>>>>>>>>>>>>>>>>>>>>>>>>>>>
Total Timeusage: 29.19474697113037 s
Reordering Timeusage: 28.87441635131836 s
LP-based Optimization Timeusage: 0 s
P&R for the new orders: 29.115575551986694 s
Cannot finish valid layer-1 synthesis for:
- reason=routing:fallback_no_compliant_valve_escape valve=valve_0 flow_connection=channel_17 control_port=Cport_0
- reason=routing:fallback_no_compliant_valve_escape valve=valve_1 flow_connection=channel_17 control_port=Cport_1
- reason=routing:fallback_no_compliant_valve_escape valve=valve_2 flow_connection=channel_17 control_port=Cport_2
- reason=routing:fallback_no_compliant_valve_escape valve=valve_3 flow_connection=channel_17 control_port=Cport_3
- reason=routing:fallback_no_compliant_valve_escape valve=valve_4 flow_connection=channel_17 control_port=Cport_4
- reason=routing:fallback_no_compliant_valve_escape valve=valve_5 flow_connection=channel_17 control_port=Cport_5
Done. Combined PR JSON: /home/student/Desktop/Neptune_2026/Microfluidics-Benchmarks/Results/tree_full_20260915_040013/artifacts/lfr__CIDAR_Lab_Past_Devices__Nine_To_One_Mux__Nine_To_One_Mux_fromLFR/result.json
