$ /home/student/anaconda3/envs/neptune2026/bin/python /home/student/Desktop/Neptune_2026/scripts/run_all_synthesize_timeout_report.py --_worker --algorithm tree --input /home/student/Desktop/Neptune_2026/Microfluidics-Benchmarks/Results/LFR-TestCases/Distribute_Expressions/Dist_Expression_1/Dist_Expression_1_fromLFR.json --case-output /home/student/Desktop/Neptune_2026/Microfluidics-Benchmarks/Results/tree_full_20260915_040013/artifacts/lfr__Distribute_Expressions__Dist_Expression_1__Dist_Expression_1_fromLFR --time-limit 1800.0 --solver-profile standard --mip-gap 0.0
Finish loading test case: Dist_Expression_1_fromLFR
1/9, Finish initial placement, time spent: 1.2874603271484375e-05 s
[0, 2000, 2000, 'port_1', 0] [[1000, 0], [2000, 1000], [1000, 2000], [0, 1000]]
[1, 2000, 2000, 'port_2', 0] [[1000, 0], [2000, 1000], [1000, 2000], [0, 1000]]
2/9, Finish initial placement with rotation, time spent: 6.365776062011719e-05 s
3/9, Finish symmetricalization, time spent: 1.4543533325195312e-05 s
4/9, Finish routing, time spent: 0.00021791458129882812 s
****************************************************
New valid order that can lead to planar graph found:
[[0], [0]]
****************************************************
--Finish applying new order
--Finish mirroring related components
5/9, Finish initialization of new orders, time spent: 0.00037407875061035156 s
6/9, Finish shortening wirelength, time spent: 3.361701965332031e-05 s
Skip stage7 LP according to user's need
8/9, Finish routing, time spent: 0.0002713203430175781 s
9/9, Finish compaction and connecting ports, time spent: 0.013308286666870117 s
<<<<<<<<<<<<<<<<<<<<<<<<<<<<<< All P&R Done >>>>>>>>>>>>>>>>>>>>>>>>>>>>>>
Total Timeusage: 0.014296293258666992 s
Reordering Timeusage: 0.00037407875061035156 s
LP-based Optimization Timeusage: 0 s
P&R for the new orders: 0.013987302780151367 s
Done. Combined PR JSON: /home/student/Desktop/Neptune_2026/Microfluidics-Benchmarks/Results/tree_full_20260915_040013/artifacts/lfr__Distribute_Expressions__Dist_Expression_1__Dist_Expression_1_fromLFR/result.json
