$ /home/student/anaconda3/envs/neptune2026/bin/python /home/student/Desktop/Neptune_2026/scripts/run_all_synthesize_timeout_report.py --_worker --algorithm tree --input /home/student/Desktop/Neptune_2026/Microfluidics-Benchmarks/Results/LFR-TestCases/Drop_Ref/Droplet_Generator_1/Droplet_Generator_1_fromLFR.json --case-output /home/student/Desktop/Neptune_2026/Microfluidics-Benchmarks/Results/tree_full_20260915_040013/artifacts/lfr__Drop_Ref__Droplet_Generator_1__Droplet_Generator_1_fromLFR --time-limit 1800.0 --solver-profile standard --mip-gap 0.0
Reversed 2 connection(s) with opposite-port direction conflicts: channel_3, channel_4.
Finish loading test case: Droplet_Generator_1_fromLFR
1/9, Finish initial placement, time spent: 1.71661376953125e-05 s
[0, 4000, 4000, 'port_1', 0] [[2000, 0], [4000, 2000], [2000, 4000], [0, 2000]]
[1, 4000, 4000, 'port_2', 0] [[2000, 0], [4000, 2000], [2000, 4000], [0, 2000]]
[2, 1800, 600, 'nozzle_droplet_generator_1', 0] [[400, 0], [1800, 300], [400, 600], [0, 300]]
[3, 2000, 2000, 'port_3', 0] [[1000, 0], [2000, 1000], [1000, 2000], [0, 1000]]
[4, 2000, 2000, 'port_4', 0] [[1000, 0], [2000, 1000], [1000, 2000], [0, 1000]]
2/9, Finish initial placement with rotation, time spent: 0.00011110305786132812 s
3/9, Finish symmetricalization, time spent: 1.6689300537109375e-05 s
4/9, Finish routing, time spent: 0.0023636817932128906 s
****************************************************
New valid order that can lead to planar graph found:
[[0], [1, 0, 2], [0]]
****************************************************
--Finish applying new order
--Finish mirroring related components
5/9, Finish initialization of new orders, time spent: 0.0005543231964111328 s
6/9, Finish shortening wirelength, time spent: 4.6253204345703125e-05 s
Skip stage7 LP according to user's need
8/9, Finish routing, time spent: 0.0023376941680908203 s
9/9, Finish compaction and connecting ports, time spent: 0.02143239974975586 s
<<<<<<<<<<<<<<<<<<<<<<<<<<<<<< All P&R Done >>>>>>>>>>>>>>>>>>>>>>>>>>>>>>
Total Timeusage: 0.026879310607910156 s
Reordering Timeusage: 0.0005543231964111328 s
LP-based Optimization Timeusage: 0 s
P&R for the new orders: 0.024370670318603516 s
Done. Combined PR JSON: /home/student/Desktop/Neptune_2026/Microfluidics-Benchmarks/Results/tree_full_20260915_040013/artifacts/lfr__Drop_Ref__Droplet_Generator_1__Droplet_Generator_1_fromLFR/result.json
