$ /home/student/anaconda3/envs/neptune2026/bin/python /home/student/Desktop/Neptune_2026/scripts/run_all_synthesize_timeout_report.py --_worker --algorithm tree --input /home/student/Desktop/Neptune_2026/Microfluidics-Benchmarks/Results/LFR-TestCases/Technology_Mapping/Tree_Fanout_Mapping_1/Tree_Fanout_Mapping_1_fromLFR.json --case-output /home/student/Desktop/Neptune_2026/Microfluidics-Benchmarks/Results/tree_full_20260915_040013/artifacts/lfr__Technology_Mapping__Tree_Fanout_Mapping_1__Tree_Fanout_Mapping_1_fromLFR --time-limit 1800.0 --solver-profile standard --mip-gap 0.0
Reversed 8 connection(s) with opposite-port direction conflicts: channel_1, channel_2, channel_3, channel_4, channel_5, channel_6, channel_8, channel_9.
Finish loading test case: Tree_Fanout_Mapping_1_fromLFR
1/9, Finish initial placement, time spent: 2.1696090698242188e-05 s
[0, 49, 20, 'ytree_1', 0] [[24, 0], [46, 20], [40, 20], [33, 20], [27, 20], [21, 20], [15, 20], [8, 20], [2, 20]]
[1, 2000, 2000, 'port_1', 0] [[1000, 0], [2000, 1000], [1000, 2000], [0, 1000]]
[2, 2000, 2000, 'port_2', 0] [[1000, 0], [2000, 1000], [1000, 2000], [0, 1000]]
[3, 2000, 2000, 'port_3', 0] [[1000, 0], [2000, 1000], [1000, 2000], [0, 1000]]
[4, 2000, 2000, 'port_4', 0] [[1000, 0], [2000, 1000], [1000, 2000], [0, 1000]]
[5, 2000, 2000, 'port_5', 0] [[1000, 0], [2000, 1000], [1000, 2000], [0, 1000]]
[6, 2000, 2000, 'port_6', 0] [[1000, 0], [2000, 1000], [1000, 2000], [0, 1000]]
[7, 2000, 2000, 'port_7', 0] [[1000, 0], [2000, 1000], [1000, 2000], [0, 1000]]
[8, 2000, 2000, 'port_8', 0] [[1000, 0], [2000, 1000], [1000, 2000], [0, 1000]]
[9, 2000, 2000, 'port_9', 0] [[1000, 0], [2000, 1000], [1000, 2000], [0, 1000]]
2/9, Finish initial placement with rotation, time spent: 0.0001659393310546875 s
3/9, Finish symmetricalization, time spent: 1.621246337890625e-05 s
4/9, Finish routing, time spent: 0.002756357192993164 s
****************************************************
New valid order that can lead to planar graph found:
[[0, 1, 2, 3, 4, 5, 6, 7], [0], [0]]
****************************************************
--Finish applying new order
--Finish mirroring related components
5/9, Finish initialization of new orders, time spent: 0.0008099079132080078 s
6/9, Finish shortening wirelength, time spent: 8.249282836914062e-05 s
Skip stage7 LP according to user's need
8/9, Finish routing, time spent: 0.0028390884399414062 s
9/9, Finish compaction and connecting ports, time spent: 0.07846617698669434 s
<<<<<<<<<<<<<<<<<<<<<<<<<<<<<< All P&R Done >>>>>>>>>>>>>>>>>>>>>>>>>>>>>>
Total Timeusage: 0.08515787124633789 s
Reordering Timeusage: 0.0008099079132080078 s
LP-based Optimization Timeusage: 0 s
P&R for the new orders: 0.08219766616821289 s
Done. Combined PR JSON: /home/student/Desktop/Neptune_2026/Microfluidics-Benchmarks/Results/tree_full_20260915_040013/artifacts/lfr__Technology_Mapping__Tree_Fanout_Mapping_1__Tree_Fanout_Mapping_1_fromLFR/result.json
