$ /home/student/anaconda3/envs/neptune2026/bin/python /home/student/Desktop/Neptune_2026/scripts/run_all_synthesize_timeout_report.py --_worker --algorithm tree --input /home/student/Desktop/Neptune_2026/Microfluidics-Benchmarks/Results/LFR-TestCases/Drop_Ref/Droplet_Generator_3/Droplet_Generator_3_fromLFR.json --case-output /home/student/Desktop/Neptune_2026/Microfluidics-Benchmarks/Results/tree_full_20260915_040013/artifacts/lfr__Drop_Ref__Droplet_Generator_3__Droplet_Generator_3_fromLFR --time-limit 1800.0 --solver-profile standard --mip-gap 0.0
Reversed 24 connection(s) with opposite-port direction conflicts: channel_3, channel_4, channel_5, channel_6, channel_7, channel_8, channel_9, channel_10, channel_11, channel_12, channel_13, channel_14, channel_15, channel_16, channel_17, channel_18, channel_19, channel_20, channel_21, channel_22, channel_23, channel_24, channel_25, channel_26.
Finish loading test case: Droplet_Generator_3_fromLFR
1/9, Finish initial placement, time spent: 3.266334533691406e-05 s
[0, 5000, 5000, 'reaction_chamber_1', 0] [[2500, 0], [5000, 2500], [2500, 5000], [0, 2500]]
[1, 4060, 4860, 'mixer_1', 0] [[2030, 0], [2030, 4860]]
[2, 4060, 4860, 'mixer_2', 0] [[2030, 0], [2030, 4860]]
[3, 4060, 4860, 'mixer_3', 0] [[2030, 0], [2030, 4860]]
[4, 4060, 4860, 'mixer_4', 0] [[2030, 0], [2030, 4860]]
[5, 4060, 4860, 'mixer_5', 0] [[2030, 0], [2030, 4860]]
[6, 2000, 2000, 'port_1', 0] [[1000, 0], [2000, 1000], [1000, 2000], [0, 1000]]
[7, 4000, 4000, 'port_2', 0] [[2000, 0], [4000, 2000], [2000, 4000], [0, 2000]]
[8, 4000, 4000, 'port_3', 0] [[2000, 0], [4000, 2000], [2000, 4000], [0, 2000]]
[9, 1800, 600, 'nozzle_droplet_generator_1', 0] [[400, 0], [1800, 300], [400, 600], [0, 300]]
[10, 4060, 4860, 'mixer_6', 0] [[2030, 0], [2030, 4860]]
[11, 4060, 4860, 'mixer_7', 0] [[2030, 0], [2030, 4860]]
[12, 4060, 4860, 'mixer_8', 0] [[2030, 0], [2030, 4860]]
[13, 4060, 4860, 'mixer_9', 0] [[2030, 0], [2030, 4860]]
[14, 4060, 4860, 'mixer_10', 0] [[2030, 0], [2030, 4860]]
[15, 2000, 2000, 'port_4', 0] [[1000, 0], [2000, 1000], [1000, 2000], [0, 1000]]
[16, 2000, 2000, 'port_5', 0] [[1000, 0], [2000, 1000], [1000, 2000], [0, 1000]]
[17, 2000, 2000, 'port_6', 0] [[1000, 0], [2000, 1000], [1000, 2000], [0, 1000]]
[18, 2000, 2000, 'port_7', 0] [[1000, 0], [2000, 1000], [1000, 2000], [0, 1000]]
[19, 2000, 2000, 'port_8', 0] [[1000, 0], [2000, 1000], [1000, 2000], [0, 1000]]
[20, 2000, 2000, 'port_9', 0] [[1000, 0], [2000, 1000], [1000, 2000], [0, 1000]]
[21, 2000, 2000, 'port_10', 0] [[1000, 0], [2000, 1000], [1000, 2000], [0, 1000]]
2/9, Finish initial placement with rotation, time spent: 0.00029778480529785156 s
3/9, Finish symmetricalization, time spent: 2.5272369384765625e-05 s
4/9, Finish routing, time spent: 0.01810145378112793 s
****************************************************
New valid order that can lead to planar graph found:
[[0], [1, 3, 0, 2], [0, 1], [0, 1], [0, 1], [1, 0], [0, 1], [0, 1], [0], [0], [0], [0], [0]]
****************************************************
--Finish applying new order
--Finish mirroring related components
5/9, Finish initialization of new orders, time spent: 0.0014679431915283203 s
6/9, Finish shortening wirelength, time spent: 0.00012683868408203125 s
Skip stage7 LP according to user's need
8/9, Finish routing, time spent: 0.022034406661987305 s
9/9, Finish compaction and connecting ports, time spent: 0.0731205940246582 s
<<<<<<<<<<<<<<<<<<<<<<<<<<<<<< All P&R Done >>>>>>>>>>>>>>>>>>>>>>>>>>>>>>
Total Timeusage: 0.11520695686340332 s
Reordering Timeusage: 0.0014679431915283203 s
LP-based Optimization Timeusage: 0 s
P&R for the new orders: 0.09674978256225586 s
Done. Combined PR JSON: /home/student/Desktop/Neptune_2026/Microfluidics-Benchmarks/Results/tree_full_20260915_040013/artifacts/lfr__Drop_Ref__Droplet_Generator_3__Droplet_Generator_3_fromLFR/result.json
