$ /home/student/anaconda3/envs/neptune2026/bin/python /home/student/Desktop/Neptune_2026/scripts/run_all_synthesize_timeout_report.py --_worker --algorithm tree --input /home/student/Desktop/Neptune_2026/Microfluidics-Benchmarks/Results/LFR-TestCases/Drop_Ref/Droplet_Generator_4/Droplet_Generator_4_fromLFR.json --case-output /home/student/Desktop/Neptune_2026/Microfluidics-Benchmarks/Results/tree_full_20260915_040013/artifacts/lfr__Drop_Ref__Droplet_Generator_4__Droplet_Generator_4_fromLFR --time-limit 1800.0 --solver-profile standard --mip-gap 0.0
Reversed 12 connection(s) with opposite-port direction conflicts: channel_5, channel_6, channel_7, channel_8, channel_9, channel_10, channel_11, channel_12, channel_13, channel_14, channel_15, channel_16.
Finish loading test case: Droplet_Generator_4_fromLFR
1/9, Finish initial placement, time spent: 2.574920654296875e-05 s
[0, 4000, 4000, 'port_1', 0] [[2000, 0], [4000, 2000], [2000, 4000], [0, 2000]]
[1, 4000, 4000, 'port_2', 0] [[2000, 0], [4000, 2000], [2000, 4000], [0, 2000]]
[2, 1800, 600, 'nozzle_droplet_generator_1', 0] [[400, 0], [1800, 300], [400, 600], [0, 300]]
[3, 4060, 4860, 'mixer_1', 0] [[2030, 0], [2030, 4860]]
[4, 4060, 4860, 'mixer_2', 0] [[2030, 0], [2030, 4860]]
[5, 2000, 2000, 'port_3', 0] [[1000, 0], [2000, 1000], [1000, 2000], [0, 1000]]
[6, 4000, 4000, 'port_4', 0] [[2000, 0], [4000, 2000], [2000, 4000], [0, 2000]]
[7, 4000, 4000, 'port_5', 0] [[2000, 0], [4000, 2000], [2000, 4000], [0, 2000]]
[8, 1800, 600, 'nozzle_droplet_generator_2', 0] [[400, 0], [1800, 300], [400, 600], [0, 300]]
[9, 4060, 4860, 'mixer_3', 0] [[2030, 0], [2030, 4860]]
[10, 4060, 4860, 'mixer_4', 0] [[2030, 0], [2030, 4860]]
[11, 2000, 2000, 'port_6', 0] [[1000, 0], [2000, 1000], [1000, 2000], [0, 1000]]
[12, 2000, 2000, 'port_7', 0] [[1000, 0], [2000, 1000], [1000, 2000], [0, 1000]]
[13, 2000, 2000, 'port_8', 0] [[1000, 0], [2000, 1000], [1000, 2000], [0, 1000]]
[14, 2000, 2000, 'port_9', 0] [[1000, 0], [2000, 1000], [1000, 2000], [0, 1000]]
[15, 2000, 2000, 'port_10', 0] [[1000, 0], [2000, 1000], [1000, 2000], [0, 1000]]
2/9, Finish initial placement with rotation, time spent: 0.0002307891845703125 s
3/9, Finish symmetricalization, time spent: 1.9788742065429688e-05 s
4/9, Finish routing, time spent: 0.014125823974609375 s
****************************************************
Fail to find valid order; keeping the initial row order
****************************************************
--Finish applying new order
--Finish mirroring related components
5/9, Finish initialization of new orders, time spent: 0.0018787384033203125 s
6/9, Finish shortening wirelength, time spent: 9.560585021972656e-05 s
Skip stage7 LP according to user's need
8/9, Finish routing, time spent: 0.01521444320678711 s
9/9, Finish compaction and connecting ports, time spent: 0.05477476119995117 s
<<<<<<<<<<<<<<<<<<<<<<<<<<<<<< All P&R Done >>>>>>>>>>>>>>>>>>>>>>>>>>>>>>
Total Timeusage: 0.0863656997680664 s
Reordering Timeusage: 0.0018787384033203125 s
LP-based Optimization Timeusage: 0 s
P&R for the new orders: 0.07196354866027832 s
Done. Combined PR JSON: /home/student/Desktop/Neptune_2026/Microfluidics-Benchmarks/Results/tree_full_20260915_040013/artifacts/lfr__Drop_Ref__Droplet_Generator_4__Droplet_Generator_4_fromLFR/result.json
