$ /home/student/anaconda3/envs/neptune2026/bin/python /home/student/Desktop/Neptune_2026/scripts/run_all_synthesize_timeout_report.py --_worker --algorithm tree --input /home/student/Desktop/Neptune_2026/Microfluidics-Benchmarks/Results/LFR-TestCases/Distribute_Library/Mux_02_Out/Mux_02_Out_fromLFR.json --case-output /home/student/Desktop/Neptune_2026/Microfluidics-Benchmarks/Results/tree_full_20260915_040013/artifacts/lfr__Distribute_Library__Mux_02_Out__Mux_02_Out_fromLFR --time-limit 1800.0 --solver-profile standard --mip-gap 0.0
Finish loading test case: Mux_02_Out_fromLFR
1/9, Finish initial placement, time spent: 3.075599670410156e-05 s
[0, 2000, 2000, 'port_1', 0] [[1000, 0], [2000, 1000], [1000, 2000], [0, 1000]]
[1, 2000, 2000, 'port_2', 0] [[1000, 0], [2000, 1000], [1000, 2000], [0, 1000]]
[2, 2000, 2000, 'port_3', 0] [[1000, 0], [2000, 1000], [1000, 2000], [0, 1000]]
2/9, Finish initial placement with rotation, time spent: 9.584426879882812e-05 s
3/9, Finish symmetricalization, time spent: 1.3589859008789062e-05 s
4/9, Finish routing, time spent: 0.00026702880859375 s
****************************************************
New valid order that can lead to planar graph found:
[[0, 1], [0]]
****************************************************
--Finish applying new order
--Finish mirroring related components
5/9, Finish initialization of new orders, time spent: 0.0004820823669433594 s
6/9, Finish shortening wirelength, time spent: 4.029273986816406e-05 s
Skip stage7 LP according to user's need
8/9, Finish routing, time spent: 0.00032591819763183594 s
9/9, Finish compaction and connecting ports, time spent: 0.016481637954711914 s
<<<<<<<<<<<<<<<<<<<<<<<<<<<<<< All P&R Done >>>>>>>>>>>>>>>>>>>>>>>>>>>>>>
Total Timeusage: 0.017737150192260742 s
Reordering Timeusage: 0.0004820823669433594 s
LP-based Optimization Timeusage: 0 s
P&R for the new orders: 0.017329931259155273 s
Done. Combined PR JSON: /home/student/Desktop/Neptune_2026/Microfluidics-Benchmarks/Results/tree_full_20260915_040013/artifacts/lfr__Distribute_Library__Mux_02_Out__Mux_02_Out_fromLFR/result.json
