$ /home/student/anaconda3/envs/neptune2026/bin/python /home/student/Desktop/Neptune_2026/scripts/run_all_synthesize_timeout_report.py --_worker --algorithm tree --input /home/student/Desktop/Neptune_2026/Microfluidics-Benchmarks/Results/LFR-TestCases/COVID/Hybri_Detect/Hybri_Detect_fromLFR.json --case-output /home/student/Desktop/Neptune_2026/Microfluidics-Benchmarks/Results/tree_full_20260915_040013/artifacts/lfr__COVID__Hybri_Detect__Hybri_Detect_fromLFR --time-limit 1800.0 --solver-profile standard --mip-gap 0.0
Reversed 9 connection(s) with opposite-port direction conflicts: channel_1, channel_2, channel_3, channel_4, channel_5, channel_6, channel_7, channel_8, channel_9.
Finish loading test case: Hybri_Detect_fromLFR
1/9, Finish initial placement, time spent: 2.2411346435546875e-05 s
[0, 4060, 4860, 'mixer_1', 0] [[2030, 0], [2030, 4860]]
[1, 4060, 4860, 'mixer_2', 0] [[2030, 0], [2030, 4860]]
[2, 4060, 4860, 'mixer_3', 0] [[2030, 0], [2030, 4860]]
[3, 4060, 4860, 'mixer_4', 0] [[2030, 0], [2030, 4860]]
[4, 2000, 2000, 'port_1', 0] [[1000, 0], [2000, 1000], [1000, 2000], [0, 1000]]
[5, 2000, 2000, 'port_2', 0] [[1000, 0], [2000, 1000], [1000, 2000], [0, 1000]]
[6, 2000, 2000, 'port_3', 0] [[1000, 0], [2000, 1000], [1000, 2000], [0, 1000]]
[7, 2000, 2000, 'port_4', 0] [[1000, 0], [2000, 1000], [1000, 2000], [0, 1000]]
[8, 2000, 2000, 'port_5', 0] [[1000, 0], [2000, 1000], [1000, 2000], [0, 1000]]
[9, 2000, 2000, 'port_6', 0] [[1000, 0], [2000, 1000], [1000, 2000], [0, 1000]]
2/9, Finish initial placement with rotation, time spent: 0.00018453598022460938 s
3/9, Finish symmetricalization, time spent: 2.2649765014648438e-05 s
4/9, Finish routing, time spent: 0.003134012222290039 s
****************************************************
New valid order that can lead to planar graph found:
[[0, 1], [0, 1], [0, 1], [0, 1], [0], [0]]
****************************************************
--Finish applying new order
--Finish mirroring related components
5/9, Finish initialization of new orders, time spent: 0.0008265972137451172 s
6/9, Finish shortening wirelength, time spent: 0.00010132789611816406 s
Skip stage7 LP according to user's need
8/9, Finish routing, time spent: 0.0057904720306396484 s
9/9, Finish compaction and connecting ports, time spent: 0.04094219207763672 s
<<<<<<<<<<<<<<<<<<<<<<<<<<<<<< All P&R Done >>>>>>>>>>>>>>>>>>>>>>>>>>>>>>
Total Timeusage: 0.05102419853210449 s
Reordering Timeusage: 0.0008265972137451172 s
LP-based Optimization Timeusage: 0 s
P&R for the new orders: 0.04766058921813965 s
Done. Combined PR JSON: /home/student/Desktop/Neptune_2026/Microfluidics-Benchmarks/Results/tree_full_20260915_040013/artifacts/lfr__COVID__Hybri_Detect__Hybri_Detect_fromLFR/result.json
