$ /home/student/anaconda3/envs/neptune2026/bin/python /home/student/Desktop/Neptune_2026/scripts/run_all_synthesize_timeout_report.py --_worker --algorithm tree --input /home/student/Desktop/Neptune_2026/Microfluidics-Benchmarks/Results/LFR-TestCases/Expressions/Expression_6/Expression_6_fromLFR.json --case-output /home/student/Desktop/Neptune_2026/Microfluidics-Benchmarks/Results/tree_full_20260915_040013/artifacts/lfr__Expressions__Expression_6__Expression_6_fromLFR --time-limit 1800.0 --solver-profile standard --mip-gap 0.0
Reversed 10 connection(s) with opposite-port direction conflicts: channel_1, channel_2, channel_3, channel_4, channel_5, channel_6, channel_7, channel_8, channel_9, channel_10.
Finish loading test case: Expression_6_fromLFR
1/9, Finish initial placement, time spent: 2.3365020751953125e-05 s
[0, 10000, 14000, 'droplet_capacitance_sensor_1', 0] [[0, 7000], [10000, 7000]]
[1, 4060, 4860, 'mixer_1', 0] [[2030, 0], [2030, 4860]]
[2, 4060, 4860, 'mixer_2', 0] [[2030, 0], [2030, 4860]]
[3, 4060, 4860, 'mixer_3', 0] [[2030, 0], [2030, 4860]]
[4, 2000, 2000, 'port_1', 0] [[1000, 0], [2000, 1000], [1000, 2000], [0, 1000]]
[5, 4060, 4860, 'mixer_4', 0] [[2030, 0], [2030, 4860]]
[6, 2000, 2000, 'port_2', 0] [[1000, 0], [2000, 1000], [1000, 2000], [0, 1000]]
[7, 2000, 2000, 'port_3', 0] [[1000, 0], [2000, 1000], [1000, 2000], [0, 1000]]
[8, 2000, 2000, 'port_4', 0] [[1000, 0], [2000, 1000], [1000, 2000], [0, 1000]]
[9, 2000, 2000, 'port_5', 0] [[1000, 0], [2000, 1000], [1000, 2000], [0, 1000]]
[10, 2000, 2000, 'port_6', 0] [[1000, 0], [2000, 1000], [1000, 2000], [0, 1000]]
2/9, Finish initial placement with rotation, time spent: 0.0001976490020751953 s
3/9, Finish symmetricalization, time spent: 2.0503997802734375e-05 s
4/9, Finish routing, time spent: 0.008722066879272461 s
****************************************************
New valid order that can lead to planar graph found:
[[0, 1], [0], [0, 1], [0, 1], [0, 1], [0], [0]]
****************************************************
--Finish applying new order
--Finish mirroring related components
5/9, Finish initialization of new orders, time spent: 0.0007832050323486328 s
6/9, Finish shortening wirelength, time spent: 0.00010275840759277344 s
Skip stage7 LP according to user's need
8/9, Finish routing, time spent: 0.012396812438964844 s
9/9, Finish compaction and connecting ports, time spent: 0.08333659172058105 s
<<<<<<<<<<<<<<<<<<<<<<<<<<<<<< All P&R Done >>>>>>>>>>>>>>>>>>>>>>>>>>>>>>
Total Timeusage: 0.10558295249938965 s
Reordering Timeusage: 0.0007832050323486328 s
LP-based Optimization Timeusage: 0 s
P&R for the new orders: 0.0966193675994873 s
Done. Combined PR JSON: /home/student/Desktop/Neptune_2026/Microfluidics-Benchmarks/Results/tree_full_20260915_040013/artifacts/lfr__Expressions__Expression_6__Expression_6_fromLFR/result.json
