$ /home/student/anaconda3/envs/neptune2026/bin/python /home/student/Desktop/Neptune_2026/scripts/run_all_synthesize_timeout_report.py --_worker --algorithm tree --input /home/student/Desktop/Neptune_2026/Microfluidics-Benchmarks/Results/MINT-TestCases/Literature_Benchmarks/Device_2_Artificial_Cells/Device_2_Artificial_Cells_fromMINT.json --case-output /home/student/Desktop/Neptune_2026/Microfluidics-Benchmarks/Results/tree_full_20260915_040013/artifacts/mint__Literature_Benchmarks__Device_2_Artificial_Cells__Device_2_Artificial_Cells_fromMINT --time-limit 1800.0 --solver-profile standard --mip-gap 0.0
Reversed 35 connection(s) with opposite-port direction conflicts: channel_1, channel_9, channel_10, channel_11, channel_12, channel_13, channel_14, channel_15, channel_16, channel_17, channel_18, channel_19, channel_20, channel_21, channel_22, channel_23, channel_24, channel_25, channel_26, channel_27, channel_28, channel_29, channel_30, channel_31, channel_32, channel_33, channel_34, channel_35, channel_2, channel_3, channel_4, channel_5, channel_6, channel_7, channel_8.
Finish loading test case: Device_2_Artificial_Cells_fromMINT
1/9, Finish initial placement, time spent: 5.888938903808594e-05 s
[0, 4060, 4860, 'mixer_1', 0] [[2030, 0], [2030, 4860]]
[1, 1400, 1400, 'port_1', 0] [[700, 0], [1400, 700], [700, 1400], [0, 700]]
[2, 10000, 14000, 'droplet_capacitance_sensor_1', 0] [[0, 7000], [10000, 7000]]
[3, 1400, 1400, 'port_2', 0] [[700, 0], [1400, 700], [700, 1400], [0, 700]]
[4, 10000, 14000, 'droplet_capacitance_sensor_2', 0] [[0, 7000], [10000, 7000]]
[5, 1400, 1400, 'port_3', 0] [[700, 0], [1400, 700], [700, 1400], [0, 700]]
[6, 10000, 14000, 'droplet_capacitance_sensor_3', 0] [[0, 7000], [10000, 7000]]
[7, 1400, 1400, 'port_4', 0] [[700, 0], [1400, 700], [700, 1400], [0, 700]]
[8, 10000, 14000, 'droplet_capacitance_sensor_4', 0] [[0, 7000], [10000, 7000]]
[9, 1400, 1400, 'port_5', 0] [[700, 0], [1400, 700], [700, 1400], [0, 700]]
[10, 10000, 14000, 'droplet_capacitance_sensor_5', 0] [[0, 7000], [10000, 7000]]
[11, 1400, 1400, 'port_6', 0] [[700, 0], [1400, 700], [700, 1400], [0, 700]]
[12, 10000, 14000, 'droplet_capacitance_sensor_6', 0] [[0, 7000], [10000, 7000]]
[13, 1400, 1400, 'port_7', 0] [[700, 0], [1400, 700], [700, 1400], [0, 700]]
[14, 10000, 14000, 'droplet_capacitance_sensor_7', 0] [[0, 7000], [10000, 7000]]
[15, 1400, 1400, 'port_8', 0] [[700, 0], [1400, 700], [700, 1400], [0, 700]]
[16, 4060, 4860, 'mixer_2', 0] [[2030, 0], [2030, 4860]]
[17, 4060, 4860, 'mixer_3', 0] [[2030, 0], [2030, 4860]]
[18, 4060, 4860, 'mixer_4', 0] [[2030, 0], [2030, 4860]]
[19, 4060, 4860, 'mixer_5', 0] [[2030, 0], [2030, 4860]]
[20, 4060, 4860, 'mixer_6', 0] [[2030, 0], [2030, 4860]]
[21, 4060, 4860, 'mixer_7', 0] [[2030, 0], [2030, 4860]]
[22, 4060, 4860, 'mixer_8', 0] [[2030, 0], [2030, 4860]]
[23, 4060, 4860, 'mixer_9', 0] [[2030, 0], [2030, 4860]]
[24, 4060, 4860, 'mixer_10', 0] [[2030, 0], [2030, 4860]]
[25, 1400, 1400, 'port_9', 0] [[700, 0], [1400, 700], [700, 1400], [0, 700]]
[26, 1400, 1400, 'port_10', 0] [[700, 0], [1400, 700], [700, 1400], [0, 700]]
2/9, Finish initial placement with rotation, time spent: 0.0004611015319824219 s
3/9, Finish symmetricalization, time spent: 2.2172927856445312e-05 s
4/9, Finish routing, time spent: 0.09851956367492676 s
****************************************************
