$ /home/student/anaconda3/envs/neptune2026/bin/python /home/student/Desktop/Neptune_2026/scripts/run_all_synthesize_timeout_report.py --_worker --algorithm tree --input /home/student/Desktop/Neptune_2026/Microfluidics-Benchmarks/Results/MINT-TestCases/Primitive/Tree/Tree_fromMINT.json --case-output /home/student/Desktop/Neptune_2026/Microfluidics-Benchmarks/Results/tree_full_20260915_040013/artifacts/mint__Primitive__Tree__Tree_fromMINT --time-limit 1800.0 --solver-profile standard --mip-gap 0.0
Reversed 5 connection(s) with opposite-port direction conflicts: ci1, co1, co2, co3, c04.
Finish loading test case: Tree_fromMINT
1/9, Finish initial placement, time spent: 1.7642974853515625e-05 s
[0, 2000, 2000, 'p_in', 0] [[1000, 0], [2000, 1000], [1000, 2000], [0, 1000]]
[1, 2000, 2000, 'p_out1', 0] [[1000, 0], [2000, 1000], [1000, 2000], [0, 1000]]
[2, 2000, 2000, 'p_out2', 0] [[1000, 0], [2000, 1000], [1000, 2000], [0, 1000]]
[3, 2000, 2000, 'p_out3', 0] [[1000, 0], [2000, 1000], [1000, 2000], [0, 1000]]
[4, 2000, 2000, 'p_out4', 0] [[1000, 0], [2000, 1000], [1000, 2000], [0, 1000]]
[5, 18800, 13600, 't', 0] [[9400, 0], [18400, 13600], [12400, 13600], [6400, 13600], [400, 13600]]
2/9, Finish initial placement with rotation, time spent: 0.00013113021850585938 s
3/9, Finish symmetricalization, time spent: 1.4543533325195312e-05 s
4/9, Finish routing, time spent: 0.0020394325256347656 s
****************************************************
New valid order that can lead to planar graph found:
[[0], [0], [0, 1, 2, 3]]
****************************************************
--Finish applying new order
--Finish mirroring related components
5/9, Finish initialization of new orders, time spent: 0.0005495548248291016 s
6/9, Finish shortening wirelength, time spent: 5.7697296142578125e-05 s
Skip stage7 LP according to user's need
8/9, Finish routing, time spent: 0.002068042755126953 s
9/9, Finish compaction and connecting ports, time spent: 0.02649545669555664 s
<<<<<<<<<<<<<<<<<<<<<<<<<<<<<< All P&R Done >>>>>>>>>>>>>>>>>>>>>>>>>>>>>>
Total Timeusage: 0.03137350082397461 s
Reordering Timeusage: 0.0005495548248291016 s
LP-based Optimization Timeusage: 0 s
P&R for the new orders: 0.029170751571655273 s
Done. Combined PR JSON: /home/student/Desktop/Neptune_2026/Microfluidics-Benchmarks/Results/tree_full_20260915_040013/artifacts/mint__Primitive__Tree__Tree_fromMINT/result.json
