$ /home/student/anaconda3/envs/neptune2026/bin/python /home/student/Desktop/Neptune_2026/scripts/run_all_synthesize_timeout_report.py --_worker --algorithm tree --input /home/student/Desktop/Neptune_2026/Microfluidics-Benchmarks/Results/MINT-TestCases/Distribute_Library/Hv_Storage_Grid_04/Hv_Storage_Grid_04_fromMINT.json --case-output /home/student/Desktop/Neptune_2026/Microfluidics-Benchmarks/Results/tree_full_20260915_040013/artifacts/mint__Distribute_Library__Hv_Storage_Grid_04__Hv_Storage_Grid_04_fromMINT --time-limit 1800.0 --solver-profile standard --mip-gap 0.0
Finish loading test case: Hv_Storage_Grid_04_fromMINT
1/9, Finish initial placement, time spent: 1.5497207641601562e-05 s
[0, 1400, 1400, 'port_1', 0] [[700, 0], [1400, 700], [700, 1400], [0, 700]]
[1, 1400, 1400, 'port_2', 0] [[700, 0], [1400, 700], [700, 1400], [0, 700]]
2/9, Finish initial placement with rotation, time spent: 5.650520324707031e-05 s
3/9, Finish symmetricalization, time spent: 1.430511474609375e-05 s
4/9, Finish routing, time spent: 0.00019311904907226562 s
****************************************************
New valid order that can lead to planar graph found:
[[0], [0]]
****************************************************
--Finish applying new order
--Finish mirroring related components
5/9, Finish initialization of new orders, time spent: 0.0003609657287597656 s
6/9, Finish shortening wirelength, time spent: 3.4332275390625e-05 s
Skip stage7 LP according to user's need
8/9, Finish routing, time spent: 0.0002281665802001953 s
9/9, Finish compaction and connecting ports, time spent: 0.013491153717041016 s
<<<<<<<<<<<<<<<<<<<<<<<<<<<<<< All P&R Done >>>>>>>>>>>>>>>>>>>>>>>>>>>>>>
Total Timeusage: 0.014394044876098633 s
Reordering Timeusage: 0.0003609657287597656 s
LP-based Optimization Timeusage: 0 s
P&R for the new orders: 0.014114618301391602 s
Done. Combined PR JSON: /home/student/Desktop/Neptune_2026/Microfluidics-Benchmarks/Results/tree_full_20260915_040013/artifacts/mint__Distribute_Library__Hv_Storage_Grid_04__Hv_Storage_Grid_04_fromMINT/result.json
