$ /home/student/anaconda3/envs/neptune2026/bin/python /home/student/Desktop/Neptune_2026/scripts/run_all_synthesize_timeout_report.py --_worker --algorithm tree --input /home/student/Desktop/Neptune_2026/Microfluidics-Benchmarks/Results/MINT-TestCases/Primitive/Square_Cell_Trap/Square_Cell_Trap_fromMINT.json --case-output /home/student/Desktop/Neptune_2026/Microfluidics-Benchmarks/Results/tree_full_20260915_040013/artifacts/mint__Primitive__Square_Cell_Trap__Square_Cell_Trap_fromMINT --time-limit 1800.0 --solver-profile standard --mip-gap 0.0
Reversed 1 connection(s) with opposite-port direction conflicts: c3.
Finish loading test case: Square_Cell_Trap_fromMINT
1/9, Finish initial placement, time spent: 1.5735626220703125e-05 s
[0, 2000, 2000, 'p1', 0] [[1000, 0], [2000, 1000], [1000, 2000], [0, 1000]]
[1, 2000, 2000, 'p2', 0] [[1000, 0], [2000, 1000], [1000, 2000], [0, 1000]]
[2, 2000, 2000, 'p3', 0] [[1000, 0], [2000, 1000], [1000, 2000], [0, 1000]]
[3, 2000, 2000, 'p4', 0] [[1000, 0], [2000, 1000], [1000, 2000], [0, 1000]]
[4, 4000, 4000, 's', 0] [[0, 2000], [4000, 2000], [2000, 0], [2000, 4000]]
2/9, Finish initial placement with rotation, time spent: 9.942054748535156e-05 s
3/9, Finish symmetricalization, time spent: 1.5020370483398438e-05 s
4/9, Finish routing, time spent: 0.0015959739685058594 s
****************************************************
New valid order that can lead to planar graph found:
[[0], [0], [0, 2, 1]]
****************************************************
--Finish applying new order
--Finish mirroring related components
5/9, Finish initialization of new orders, time spent: 0.0005931854248046875 s
6/9, Finish shortening wirelength, time spent: 5.14984130859375e-05 s
Skip stage7 LP according to user's need
8/9, Finish routing, time spent: 0.0015919208526611328 s
9/9, Finish compaction and connecting ports, time spent: 0.02336907386779785 s
<<<<<<<<<<<<<<<<<<<<<<<<<<<<<< All P&R Done >>>>>>>>>>>>>>>>>>>>>>>>>>>>>>
Total Timeusage: 0.027331829071044922 s
Reordering Timeusage: 0.0005931854248046875 s
LP-based Optimization Timeusage: 0 s
P&R for the new orders: 0.02560567855834961 s
Done. Combined PR JSON: /home/student/Desktop/Neptune_2026/Microfluidics-Benchmarks/Results/tree_full_20260915_040013/artifacts/mint__Primitive__Square_Cell_Trap__Square_Cell_Trap_fromMINT/result.json
