$ /home/student/anaconda3/envs/neptune2026/bin/python /home/student/Desktop/Neptune_2026/scripts/run_all_synthesize_timeout_report.py --_worker --algorithm tree --input /home/student/Desktop/Neptune_2026/Microfluidics-Benchmarks/Results/MINT-TestCases/Drop_Ref/Dx_3_Ref/Dx_3_Ref_fromMINT.json --case-output /home/student/Desktop/Neptune_2026/Microfluidics-Benchmarks/Results/tree_full_20260915_040013/artifacts/mint__Drop_Ref__Dx_3_Ref__Dx_3_Ref_fromMINT --time-limit 1800.0 --solver-profile standard --mip-gap 0.0
Reversed 5 connection(s) with opposite-port direction conflicts: connection_1, connection_6, connection_7, connection_8, connection_10.
Finish loading test case: Dx_3_Ref_fromMINT
1/9, Finish initial placement, time spent: 2.3126602172851562e-05 s
[0, 4000, 4000, 'port_oil1', 0] [[2000, 0], [4000, 2000], [2000, 4000], [0, 2000]]
[1, 4000, 4000, 'port_oil2', 0] [[2000, 0], [4000, 2000], [2000, 4000], [0, 2000]]
[2, 4000, 4000, 'port_water', 0] [[2000, 0], [4000, 2000], [2000, 4000], [0, 2000]]
[3, 5975, 375, 'nozzle_droplet_generator_1', 0] [[300, 0], [5975, 187], [300, 375], [0, 187]]
[4, 2000, 4300, 'droplet_splitter_1', 0] [[0, 2150], [1850, 0], [1850, 4300]]
[5, 4000, 4000, 'port_injector1', 0] [[2000, 0], [4000, 2000], [2000, 4000], [0, 2000]]
[6, 4000, 4000, 'port_injector2', 0] [[2000, 0], [4000, 2000], [2000, 4000], [0, 2000]]
[7, 10000, 9050, 'picoinjector_1', 0] [[0, 5550], [10000, 5550], [5000, 0]]
[8, 10000, 9050, 'picoinjector_2', 0] [[0, 5550], [10000, 5550], [5000, 0]]
[9, 4000, 4000, 'port_out1', 0] [[2000, 0], [4000, 2000], [2000, 4000], [0, 2000]]
[10, 4000, 4000, 'port_out2', 0] [[2000, 0], [4000, 2000], [2000, 4000], [0, 2000]]
2/9, Finish initial placement with rotation, time spent: 0.0001957416534423828 s
3/9, Finish symmetricalization, time spent: 1.9550323486328125e-05 s
4/9, Finish routing, time spent: 0.013160943984985352 s
****************************************************
Fail to find valid order; keeping the initial row order
****************************************************
--Finish applying new order
--Finish mirroring related components
5/9, Finish initialization of new orders, time spent: 0.0026082992553710938 s
6/9, Finish shortening wirelength, time spent: 9.632110595703125e-05 s
Skip stage7 LP according to user's need
8/9, Finish routing, time spent: 0.012848377227783203 s
9/9, Finish compaction and connecting ports, time spent: 0.07222342491149902 s
<<<<<<<<<<<<<<<<<<<<<<<<<<<<<< All P&R Done >>>>>>>>>>>>>>>>>>>>>>>>>>>>>>
Total Timeusage: 0.10117578506469727 s
Reordering Timeusage: 0.0026082992553710938 s
LP-based Optimization Timeusage: 0 s
P&R for the new orders: 0.08777642250061035 s
Done. Combined PR JSON: /home/student/Desktop/Neptune_2026/Microfluidics-Benchmarks/Results/tree_full_20260915_040013/artifacts/mint__Drop_Ref__Dx_3_Ref__Dx_3_Ref_fromMINT/result.json
