$ /home/student/anaconda3/envs/neptune2026/bin/python /home/student/Desktop/Neptune_2026/scripts/run_all_synthesize_timeout_report.py --_worker --algorithm tree --input /home/student/Desktop/Neptune_2026/Microfluidics-Benchmarks/Results/MINT-TestCases/Ghissues/Issue_9/Issue_9_fromMINT.json --case-output /home/student/Desktop/Neptune_2026/Microfluidics-Benchmarks/Results/tree_full_20260915_040013/artifacts/mint__Ghissues__Issue_9__Issue_9_fromMINT --time-limit 1800.0 --solver-profile standard --mip-gap 0.0
Reversed 62 connection(s) with opposite-port direction conflicts: channel_1, channel_2, channel_3, channel_4, channel_5, channel_6, channel_7, channel_8, channel_9, channel_10, channel_11, channel_12, channel_13, channel_14, channel_15, channel_16, channel_17, channel_18, channel_19, channel_20, channel_21, channel_22, channel_23, channel_24, channel_25, channel_26, channel_27, channel_28, channel_29, channel_30, channel_31, channel_32, channel_33, channel_34, channel_35, channel_36, channel_37, channel_38, channel_39, channel_40, channel_41, channel_42, channel_43, channel_44, channel_45, channel_46, channel_47, channel_48, channel_49, channel_50, channel_51, channel_52, channel_53, channel_54, channel_55, channel_56, channel_57, channel_58, channel_59, channel_60, channel_61, channel_62.
Finish loading test case: Issue_9_fromMINT
1/9, Finish initial placement, time spent: 0.00010156631469726562 s
[0, 4060, 4860, 'mixer_1', 0] [[2030, 0], [2030, 4860]]
[1, 4060, 4860, 'mixer_2', 0] [[2030, 0], [2030, 4860]]
[2, 4060, 4860, 'mixer_3', 0] [[2030, 0], [2030, 4860]]
[3, 4060, 4860, 'mixer_4', 0] [[2030, 0], [2030, 4860]]
[4, 4060, 4860, 'mixer_5', 0] [[2030, 0], [2030, 4860]]
[5, 4060, 4860, 'mixer_6', 0] [[2030, 0], [2030, 4860]]
[6, 4060, 4860, 'mixer_7', 0] [[2030, 0], [2030, 4860]]
[7, 4060, 4860, 'mixer_8', 0] [[2030, 0], [2030, 4860]]
[8, 4060, 4860, 'mixer_9', 0] [[2030, 0], [2030, 4860]]
[9, 4060, 4860, 'mixer_10', 0] [[2030, 0], [2030, 4860]]
[10, 4060, 4860, 'mixer_11', 0] [[2030, 0], [2030, 4860]]
[11, 4060, 4860, 'mixer_12', 0] [[2030, 0], [2030, 4860]]
[12, 4060, 4860, 'mixer_13', 0] [[2030, 0], [2030, 4860]]
[13, 1400, 1400, 'port_1', 0] [[700, 0], [1400, 700], [700, 1400], [0, 700]]
[14, 4060, 4860, 'mixer_14', 0] [[2030, 0], [2030, 4860]]
[15, 4060, 4860, 'mixer_15', 0] [[2030, 0], [2030, 4860]]
[16, 4060, 4860, 'mixer_16', 0] [[2030, 0], [2030, 4860]]
[17, 4060, 4860, 'mixer_17', 0] [[2030, 0], [2030, 4860]]
[18, 4060, 4860, 'mixer_18', 0] [[2030, 0], [2030, 4860]]
[19, 4060, 4860, 'mixer_19', 0] [[2030, 0], [2030, 4860]]
[20, 4060, 4860, 'mixer_20', 0] [[2030, 0], [2030, 4860]]
[21, 4060, 4860, 'mixer_21', 0] [[2030, 0], [2030, 4860]]
[22, 4060, 4860, 'mixer_22', 0] [[2030, 0], [2030, 4860]]
[23, 4060, 4860, 'mixer_23', 0] [[2030, 0], [2030, 4860]]
[24, 4060, 4860, 'mixer_24', 0] [[2030, 0], [2030, 4860]]
[25, 4060, 4860, 'mixer_25', 0] [[2030, 0], [2030, 4860]]
[26, 4060, 4860, 'mixer_26', 0] [[2030, 0], [2030, 4860]]
[27, 4060, 4860, 'mixer_27', 0] [[2030, 0], [2030, 4860]]
[28, 4060, 4860, 'mixer_28', 0] [[2030, 0], [2030, 4860]]
[29, 4060, 4860, 'mixer_29', 0] [[2030, 0], [2030, 4860]]
[30, 4060, 4860, 'mixer_30', 0] [[2030, 0], [2030, 4860]]
[31, 1400, 1400, 'port_2', 0] [[700, 0], [1400, 700], [700, 1400], [0, 700]]
[32, 1400, 1400, 'port_3', 0] [[700, 0], [1400, 700], [700, 1400], [0, 700]]
[33, 1400, 1400, 'port_4', 0] [[700, 0], [1400, 700], [700, 1400], [0, 700]]
[34, 1400, 1400, 'port_5', 0] [[700, 0], [1400, 700], [700, 1400], [0, 700]]
[35, 1400, 1400, 'port_6', 0] [[700, 0], [1400, 700], [700, 1400], [0, 700]]
[36, 1400, 1400, 'port_7', 0] [[700, 0], [1400, 700], [700, 1400], [0, 700]]
[37, 1400, 1400, 'port_8', 0] [[700, 0], [1400, 700], [700, 1400], [0, 700]]
[38, 1400, 1400, 'port_9', 0] [[700, 0], [1400, 700], [700, 1400], [0, 700]]
[39, 1400, 1400, 'port_10', 0] [[700, 0], [1400, 700], [700, 1400], [0, 700]]
[40, 1400, 1400, 'port_11', 0] [[700, 0], [1400, 700], [700, 1400], [0, 700]]
[41, 1400, 1400, 'port_12', 0] [[700, 0], [1400, 700], [700, 1400], [0, 700]]
[42, 1400, 1400, 'port_13', 0] [[700, 0], [1400, 700], [700, 1400], [0, 700]]
[43, 1400, 1400, 'port_14', 0] [[700, 0], [1400, 700], [700, 1400], [0, 700]]
[44, 1400, 1400, 'port_15', 0] [[700, 0], [1400, 700], [700, 1400], [0, 700]]
[45, 1400, 1400, 'port_16', 0] [[700, 0], [1400, 700], [700, 1400], [0, 700]]
[46, 1400, 1400, 'port_17', 0] [[700, 0], [1400, 700], [700, 1400], [0, 700]]
2/9, Finish initial placement with rotation, time spent: 0.000690460205078125 s
3/9, Finish symmetricalization, time spent: 3.814697265625e-05 s
4/9, Finish routing, time spent: 0.03982114791870117 s
****************************************************
Fail to find valid order; keeping the initial row order
****************************************************
--Finish applying new order
--Finish mirroring related components
5/9, Finish initialization of new orders, time spent: 0.003828287124633789 s
6/9, Finish shortening wirelength, time spent: 0.00028014183044433594 s
Skip stage7 LP according to user's need
8/9, Finish routing, time spent: 0.10543560981750488 s
9/9, Finish compaction and connecting ports, time spent: 0.17998385429382324 s
<<<<<<<<<<<<<<<<<<<<<<<<<<<<<< All P&R Done >>>>>>>>>>>>>>>>>>>>>>>>>>>>>>
Total Timeusage: 0.33017921447753906 s
Reordering Timeusage: 0.003828287124633789 s
LP-based Optimization Timeusage: 0 s
P&R for the new orders: 0.28952789306640625 s
Cannot finish valid layer-1 synthesis for:
- reason=routing:fallback_no_compliant_valve_escape valve=valve_0 flow_connection=channel_12 control_port=Cport_1
- reason=routing:fallback_no_compliant_valve_escape valve=valve_0 flow_connection=channel_12 control_port=Cport_2
Done. Combined PR JSON: /home/student/Desktop/Neptune_2026/Microfluidics-Benchmarks/Results/tree_full_20260915_040013/artifacts/mint__Ghissues__Issue_9__Issue_9_fromMINT/result.json
