$ /home/student/anaconda3/envs/neptune2026/bin/python /home/student/Desktop/Neptune_2026/scripts/run_all_synthesize_timeout_report.py --_worker --algorithm tree --input /home/student/Desktop/Neptune_2026/Microfluidics-Benchmarks/Results/MINT-TestCases/Grid/Grid_03/Grid_03_fromMINT.json --case-output /home/student/Desktop/Neptune_2026/Microfluidics-Benchmarks/Results/tree_full_20260915_040013/artifacts/mint__Grid__Grid_03__Grid_03_fromMINT --time-limit 1800.0 --solver-profile standard --mip-gap 0.0
Reversed 5 connection(s) with opposite-port direction conflicts: c1, c2, c3, c4, c20.
Finish loading test case: Grid_03_fromMINT
1/9, Finish initial placement, time spent: 0.00011754035949707031 s
[0, 4600, 12200, 'm1', 0] [[2300, 0], [3800, 12200], [2300, 12200], [800, 12200]]
[1, 4600, 12200, 'm2', 0] [[2300, 0], [3800, 12200], [2300, 12200], [800, 12200]]
[2, 200, 200, 'p1', 0] [[100, 0], [200, 100], [100, 200], [0, 100]]
[3, 200, 200, 'p2', 0] [[100, 0], [200, 100], [100, 200], [0, 100]]
[4, 4000, 4000, 'ct1', 0] [[0, 2000], [4000, 2000], [2000, 0], [2000, 4000]]
[5, 4000, 4000, 'ct2', 0] [[0, 2000], [4000, 2000], [2000, 0], [2000, 4000]]
[6, 4000, 4000, 'ct3', 0] [[0, 2000], [4000, 2000], [2000, 0], [2000, 4000]]
[7, 4000, 4000, 'ct4', 0] [[0, 2000], [4000, 2000], [2000, 0], [2000, 4000]]
[8, 4000, 4000, 'ct5', 0] [[0, 2000], [4000, 2000], [2000, 0], [2000, 4000]]
[9, 4000, 4000, 'ct6', 0] [[0, 2000], [4000, 2000], [2000, 0], [2000, 4000]]
[10, 4000, 4000, 'ct7', 0] [[0, 2000], [4000, 2000], [2000, 0], [2000, 4000]]
[11, 4000, 4000, 'ct8', 0] [[0, 2000], [4000, 2000], [2000, 0], [2000, 4000]]
[12, 4000, 4000, 'ct9', 0] [[0, 2000], [4000, 2000], [2000, 0], [2000, 4000]]
2/9, Finish initial placement with rotation, time spent: 0.0003535747528076172 s
3/9, Finish symmetricalization, time spent: 2.002716064453125e-05 s
4/9, Finish routing, time spent: 0.019224882125854492 s
****************************************************
Fail to find valid order; keeping the initial row order
****************************************************
--Finish applying new order
--Finish mirroring related components
5/9, Finish initialization of new orders, time spent: 0.004408836364746094 s
6/9, Finish shortening wirelength, time spent: 0.00013136863708496094 s
Skip stage7 LP according to user's need
8/9, Finish routing, time spent: 0.028744220733642578 s
9/9, Finish compaction and connecting ports, time spent: 0.060373783111572266 s
<<<<<<<<<<<<<<<<<<<<<<<<<<<<<< All P&R Done >>>>>>>>>>>>>>>>>>>>>>>>>>>>>>
Total Timeusage: 0.11337423324584961 s
Reordering Timeusage: 0.004408836364746094 s
LP-based Optimization Timeusage: 0 s
P&R for the new orders: 0.0936582088470459 s
Done. Combined PR JSON: /home/student/Desktop/Neptune_2026/Microfluidics-Benchmarks/Results/tree_full_20260915_040013/artifacts/mint__Grid__Grid_03__Grid_03_fromMINT/result.json
