$ /home/student/anaconda3/envs/neptune2026/bin/python /home/student/Desktop/Neptune_2026/scripts/run_all_synthesize_timeout_report.py --_worker --algorithm tree --input /home/student/Desktop/Neptune_2026/Microfluidics-Benchmarks/Results/MINT-TestCases/Distribute_Library/Mux_04_In/Mux_04_In_fromMINT.json --case-output /home/student/Desktop/Neptune_2026/Microfluidics-Benchmarks/Results/tree_full_20260915_040013/artifacts/mint__Distribute_Library__Mux_04_In__Mux_04_In_fromMINT --time-limit 1800.0 --solver-profile standard --mip-gap 0.0
Finish loading test case: Mux_04_In_fromMINT
1/9, Finish initial placement, time spent: 6.794929504394531e-05 s
[0, 1400, 1400, 'port_1', 0] [[700, 0], [1400, 700], [700, 1400], [0, 700]]
[1, 1400, 1400, 'port_2', 0] [[700, 0], [1400, 700], [700, 1400], [0, 700]]
[2, 1400, 1400, 'port_3', 0] [[700, 0], [1400, 700], [700, 1400], [0, 700]]
[3, 1400, 1400, 'port_4', 0] [[700, 0], [1400, 700], [700, 1400], [0, 700]]
[4, 1400, 1400, 'port_5', 0] [[700, 0], [1400, 700], [700, 1400], [0, 700]]
2/9, Finish initial placement with rotation, time spent: 0.0001533031463623047 s
3/9, Finish symmetricalization, time spent: 1.6689300537109375e-05 s
4/9, Finish routing, time spent: 0.0018570423126220703 s
****************************************************
New valid order that can lead to planar graph found:
[[0], [0, 1, 2, 3]]
****************************************************
--Finish applying new order
--Finish mirroring related components
5/9, Finish initialization of new orders, time spent: 0.0006930828094482422 s
6/9, Finish shortening wirelength, time spent: 5.3882598876953125e-05 s
Skip stage7 LP according to user's need
8/9, Finish routing, time spent: 0.001905679702758789 s
9/9, Finish compaction and connecting ports, time spent: 0.0251007080078125 s
<<<<<<<<<<<<<<<<<<<<<<<<<<<<<< All P&R Done >>>>>>>>>>>>>>>>>>>>>>>>>>>>>>
Total Timeusage: 0.029848337173461914 s
Reordering Timeusage: 0.0006930828094482422 s
LP-based Optimization Timeusage: 0 s
P&R for the new orders: 0.027753353118896484 s
Done. Combined PR JSON: /home/student/Desktop/Neptune_2026/Microfluidics-Benchmarks/Results/tree_full_20260915_040013/artifacts/mint__Distribute_Library__Mux_04_In__Mux_04_In_fromMINT/result.json
