$ /home/student/anaconda3/envs/neptune2026/bin/python /home/student/Desktop/Neptune_2026/scripts/run_all_synthesize_timeout_report.py --_worker --algorithm tree --input /home/student/Desktop/Neptune_2026/Microfluidics-Benchmarks/Results/MINT-TestCases/Primitive/Nozzle_Droplet_Generator/Nozzle_Droplet_Generator_fromMINT.json --case-output /home/student/Desktop/Neptune_2026/Microfluidics-Benchmarks/Results/tree_full_20260915_040013/artifacts/mint__Primitive__Nozzle_Droplet_Generator__Nozzle_Droplet_Generator_fromMINT --time-limit 1800.0 --solver-profile standard --mip-gap 0.0
Reversed 1 connection(s) with opposite-port direction conflicts: co3.
Finish loading test case: Nozzle_Droplet_Generator_fromMINT
1/9, Finish initial placement, time spent: 1.71661376953125e-05 s
[0, 2000, 2000, 'p1', 0] [[1000, 0], [2000, 1000], [1000, 2000], [0, 1000]]
[1, 2000, 2000, 'p2', 0] [[1000, 0], [2000, 1000], [1000, 2000], [0, 1000]]
[2, 2000, 2000, 'p3', 0] [[1000, 0], [2000, 1000], [1000, 2000], [0, 1000]]
[3, 2000, 2000, 'p4', 0] [[1000, 0], [2000, 1000], [1000, 2000], [0, 1000]]
[4, 1800, 600, 'g', 0] [[400, 0], [1800, 300], [400, 600], [0, 300]]
2/9, Finish initial placement with rotation, time spent: 0.00011086463928222656 s
3/9, Finish symmetricalization, time spent: 1.5974044799804688e-05 s
4/9, Finish routing, time spent: 0.0018050670623779297 s
****************************************************
New valid order that can lead to planar graph found:
[[0], [1, 0, 2], [0]]
****************************************************
--Finish applying new order
--Finish mirroring related components
5/9, Finish initialization of new orders, time spent: 0.0005013942718505859 s
6/9, Finish shortening wirelength, time spent: 4.0531158447265625e-05 s
Skip stage7 LP according to user's need
8/9, Finish routing, time spent: 0.0017244815826416016 s
9/9, Finish compaction and connecting ports, time spent: 0.02016615867614746 s
<<<<<<<<<<<<<<<<<<<<<<<<<<<<<< All P&R Done >>>>>>>>>>>>>>>>>>>>>>>>>>>>>>
Total Timeusage: 0.024381637573242188 s
Reordering Timeusage: 0.0005013942718505859 s
LP-based Optimization Timeusage: 0 s
P&R for the new orders: 0.022432565689086914 s
Done. Combined PR JSON: /home/student/Desktop/Neptune_2026/Microfluidics-Benchmarks/Results/tree_full_20260915_040013/artifacts/mint__Primitive__Nozzle_Droplet_Generator__Nozzle_Droplet_Generator_fromMINT/result.json
