$ /home/student/anaconda3/envs/neptune2026/bin/python /home/student/Desktop/Neptune_2026/scripts/run_all_synthesize_timeout_report.py --_worker --algorithm tree --input /home/student/Desktop/Neptune_2026/Microfluidics-Benchmarks/Results/MINT-TestCases/Base/Square_Cell_Trap_Chambers/Square_Cell_Trap_Chambers_fromMINT.json --case-output /home/student/Desktop/Neptune_2026/Microfluidics-Benchmarks/Results/tree_full_20260915_040013/artifacts/mint__Base__Square_Cell_Trap_Chambers__Square_Cell_Trap_Chambers_fromMINT --time-limit 1800.0 --solver-profile standard --mip-gap 0.0
Reversed 6 connection(s) with opposite-port direction conflicts: c6, c7, c11, c16, c19, c2.
Finish loading test case: Square_Cell_Trap_Chambers_fromMINT
1/9, Finish initial placement, time spent: 0.0001232624053955078 s
[0, 200, 200, 'p1', 0] [[100, 0], [200, 100], [100, 200], [0, 100]]
[1, 200, 200, 'p2', 0] [[100, 0], [200, 100], [100, 200], [0, 100]]
[2, 200, 200, 'p3', 0] [[100, 0], [200, 100], [100, 200], [0, 100]]
[3, 200, 200, 'p4', 0] [[100, 0], [200, 100], [100, 200], [0, 100]]
[4, 200, 200, 'p5', 0] [[100, 0], [200, 100], [100, 200], [0, 100]]
[5, 200, 200, 'p6', 0] [[100, 0], [200, 100], [100, 200], [0, 100]]
[6, 200, 200, 'p7', 0] [[100, 0], [200, 100], [100, 200], [0, 100]]
[7, 200, 200, 'p8', 0] [[100, 0], [200, 100], [100, 200], [0, 100]]
[8, 4000, 4000, 'ct1', 0] [[0, 2000], [4000, 2000], [2000, 0], [2000, 4000]]
[9, 4000, 4000, 'ct2', 0] [[0, 2000], [4000, 2000], [2000, 0], [2000, 4000]]
[10, 4000, 4000, 'ct3', 0] [[0, 2000], [4000, 2000], [2000, 0], [2000, 4000]]
[11, 4000, 4000, 'ct4', 0] [[0, 2000], [4000, 2000], [2000, 0], [2000, 4000]]
[12, 50, 50, 'n1', 0] [[25.0, 0.0], [50.0, 25.0], [25.0, 50.0], [0.0, 25.0]]
[13, 50, 50, 'n2', 0] [[25.0, 0.0], [50.0, 25.0], [25.0, 50.0], [0.0, 25.0]]
[14, 50, 50, 'n3', 0] [[25.0, 0.0], [50.0, 25.0], [25.0, 50.0], [0.0, 25.0]]
[15, 50, 50, 'n4', 0] [[25.0, 0.0], [50.0, 25.0], [25.0, 50.0], [0.0, 25.0]]
[16, 50, 50, 'n5', 0] [[25.0, 0.0], [50.0, 25.0], [25.0, 50.0], [0.0, 25.0]]
2/9, Finish initial placement with rotation, time spent: 0.00038313865661621094 s
3/9, Finish symmetricalization, time spent: 2.3603439331054688e-05 s
4/9, Finish routing, time spent: 0.013276100158691406 s
****************************************************
Fail to find valid order; keeping the initial row order
****************************************************
--Finish applying new order
--Finish mirroring related components
5/9, Finish initialization of new orders, time spent: 0.0017991065979003906 s
6/9, Finish shortening wirelength, time spent: 0.00015211105346679688 s
Skip stage7 LP according to user's need
8/9, Finish routing, time spent: 0.012310981750488281 s
9/9, Finish compaction and connecting ports, time spent: 0.07479715347290039 s
<<<<<<<<<<<<<<<<<<<<<<<<<<<<<< All P&R Done >>>>>>>>>>>>>>>>>>>>>>>>>>>>>>
Total Timeusage: 0.10286545753479004 s
Reordering Timeusage: 0.0017991065979003906 s
LP-based Optimization Timeusage: 0 s
P&R for the new orders: 0.08905935287475586 s
Done. Combined PR JSON: /home/student/Desktop/Neptune_2026/Microfluidics-Benchmarks/Results/tree_full_20260915_040013/artifacts/mint__Base__Square_Cell_Trap_Chambers__Square_Cell_Trap_Chambers_fromMINT/result.json
