$ /home/student/anaconda3/envs/neptune2026/bin/python /home/student/Desktop/Neptune_2026/scripts/run_all_synthesize_timeout_report.py --_worker --algorithm tree --input /home/student/Desktop/Neptune_2026/Microfluidics-Benchmarks/Results/MINT-TestCases/Expressions/Expression_5/Expression_5_fromMINT.json --case-output /home/student/Desktop/Neptune_2026/Microfluidics-Benchmarks/Results/tree_full_20260915_040013/artifacts/mint__Expressions__Expression_5__Expression_5_fromMINT --time-limit 1800.0 --solver-profile standard --mip-gap 0.0
Reversed 8 connection(s) with opposite-port direction conflicts: channel_1, channel_2, channel_3, channel_4, channel_5, channel_6, channel_8, channel_7.
Finish loading test case: Expression_5_fromMINT
1/9, Finish initial placement, time spent: 2.002716064453125e-05 s
[0, 10000, 14000, 'droplet_capacitance_sensor_1', 0] [[0, 7000], [10000, 7000]]
[1, 4060, 4860, 'mixer_1', 0] [[2030, 0], [2030, 4860]]
[2, 4060, 4860, 'mixer_2', 0] [[2030, 0], [2030, 4860]]
[3, 4060, 4860, 'mixer_3', 0] [[2030, 0], [2030, 4860]]
[4, 1400, 1400, 'port_1', 0] [[700, 0], [1400, 700], [700, 1400], [0, 700]]
[5, 1400, 1400, 'port_2', 0] [[700, 0], [1400, 700], [700, 1400], [0, 700]]
[6, 1400, 1400, 'port_3', 0] [[700, 0], [1400, 700], [700, 1400], [0, 700]]
[7, 1400, 1400, 'port_4', 0] [[700, 0], [1400, 700], [700, 1400], [0, 700]]
[8, 1400, 1400, 'port_5', 0] [[700, 0], [1400, 700], [700, 1400], [0, 700]]
2/9, Finish initial placement with rotation, time spent: 0.000148773193359375 s
3/9, Finish symmetricalization, time spent: 1.8358230590820312e-05 s
4/9, Finish routing, time spent: 0.007258892059326172 s
****************************************************
New valid order that can lead to planar graph found:
[[0], [0, 1], [0, 1], [0, 1], [0], [0]]
****************************************************
--Finish applying new order
--Finish mirroring related components
5/9, Finish initialization of new orders, time spent: 0.0007097721099853516 s
6/9, Finish shortening wirelength, time spent: 8.344650268554688e-05 s
Skip stage7 LP according to user's need
8/9, Finish routing, time spent: 0.01076650619506836 s
9/9, Finish compaction and connecting ports, time spent: 0.03482532501220703 s
<<<<<<<<<<<<<<<<<<<<<<<<<<<<<< All P&R Done >>>>>>>>>>>>>>>>>>>>>>>>>>>>>>
Total Timeusage: 0.05383110046386719 s
Reordering Timeusage: 0.0007097721099853516 s
LP-based Optimization Timeusage: 0 s
P&R for the new orders: 0.04638504981994629 s
Done. Combined PR JSON: /home/student/Desktop/Neptune_2026/Microfluidics-Benchmarks/Results/tree_full_20260915_040013/artifacts/mint__Expressions__Expression_5__Expression_5_fromMINT/result.json
