$ /home/student/anaconda3/envs/neptune2026/bin/python /home/student/Desktop/Neptune_2026/scripts/run_all_synthesize_timeout_report.py --_worker --algorithm tree --input /home/student/Desktop/Neptune_2026/Microfluidics-Benchmarks/Results/MINT-TestCases/Constraints/Tree_Constraint/Tree_Constraint_fromMINT.json --case-output /home/student/Desktop/Neptune_2026/Microfluidics-Benchmarks/Results/tree_full_20260915_040013/artifacts/mint__Constraints__Tree_Constraint__Tree_Constraint_fromMINT --time-limit 1800.0 --solver-profile standard --mip-gap 0.0
Reversed 5 connection(s) with opposite-port direction conflicts: c1, c2, c3, c4, c5.
Finish loading test case: Tree_Constraint_fromMINT
1/9, Finish initial placement, time spent: 1.8596649169921875e-05 s
[0, 2000, 2000, 'p1', 0] [[1000, 0], [2000, 1000], [1000, 2000], [0, 1000]]
[1, 2000, 2000, 'b1', 0] [[1000, 0], [2000, 1000], [1000, 2000], [0, 1000]]
[2, 2000, 2000, 'b2', 0] [[1000, 0], [2000, 1000], [1000, 2000], [0, 1000]]
[3, 2000, 2000, 'b3', 0] [[1000, 0], [2000, 1000], [1000, 2000], [0, 1000]]
[4, 2000, 2000, 'b4', 0] [[1000, 0], [2000, 1000], [1000, 2000], [0, 1000]]
[5, 18800, 13600, 't1', 0] [[9400, 0], [18400, 13600], [12400, 13600], [6400, 13600], [400, 13600]]
2/9, Finish initial placement with rotation, time spent: 0.00012493133544921875 s
3/9, Finish symmetricalization, time spent: 1.7642974853515625e-05 s
4/9, Finish routing, time spent: 0.002021312713623047 s
****************************************************
New valid order that can lead to planar graph found:
[[0], [0], [0, 1, 2, 3]]
****************************************************
--Finish applying new order
--Finish mirroring related components
5/9, Finish initialization of new orders, time spent: 0.0005927085876464844 s
6/9, Finish shortening wirelength, time spent: 7.200241088867188e-05 s
Skip stage7 LP according to user's need
8/9, Finish routing, time spent: 0.002056121826171875 s
9/9, Finish compaction and connecting ports, time spent: 0.027903079986572266 s
<<<<<<<<<<<<<<<<<<<<<<<<<<<<<< All P&R Done >>>>>>>>>>>>>>>>>>>>>>>>>>>>>>
Total Timeusage: 0.032806396484375 s
Reordering Timeusage: 0.0005927085876464844 s
LP-based Optimization Timeusage: 0 s
P&R for the new orders: 0.030623912811279297 s
Done. Combined PR JSON: /home/student/Desktop/Neptune_2026/Microfluidics-Benchmarks/Results/tree_full_20260915_040013/artifacts/mint__Constraints__Tree_Constraint__Tree_Constraint_fromMINT/result.json
