$ /home/student/anaconda3/envs/neptune2026/bin/python /home/student/Desktop/Neptune_2026/scripts/run_all_synthesize_timeout_report.py --_worker --algorithm tree --input /home/student/Desktop/Neptune_2026/Microfluidics-Benchmarks/Results/MINT-TestCases/Ghissues/Issue_8/Issue_8_fromMINT.json --case-output /home/student/Desktop/Neptune_2026/Microfluidics-Benchmarks/Results/tree_full_20260915_040013/artifacts/mint__Ghissues__Issue_8__Issue_8_fromMINT --time-limit 1800.0 --solver-profile standard --mip-gap 0.0
Reversed 56 connection(s) with opposite-port direction conflicts: channel_1, channel_2, channel_3, channel_4, channel_5, channel_6, channel_7, channel_8, channel_9, channel_10, channel_11, channel_12, channel_13, channel_14, channel_15, channel_16, channel_17, channel_18, channel_19, channel_20, channel_21, channel_22, channel_23, channel_24, channel_25, channel_26, channel_27, channel_28, channel_29, channel_30, channel_31, channel_32, channel_33, channel_34, channel_35, channel_36, channel_37, channel_38, channel_39, channel_40, channel_41, channel_42, channel_44, channel_45, channel_46, channel_47, channel_48, channel_49, channel_50, channel_51, channel_52, channel_53, channel_54, channel_55, channel_56, channel_57.
Finish loading test case: Issue_8_fromMINT
1/9, Finish initial placement, time spent: 4.982948303222656e-05 s
[0, 4060, 4860, 'mixer_1', 0] [[2030, 0], [2030, 4860]]
[1, 4060, 4860, 'mixer_2', 0] [[2030, 0], [2030, 4860]]
[2, 4060, 4860, 'mixer_3', 0] [[2030, 0], [2030, 4860]]
[3, 4060, 4860, 'mixer_4', 0] [[2030, 0], [2030, 4860]]
[4, 1400, 1400, 'port_1', 0] [[700, 0], [1400, 700], [700, 1400], [0, 700]]
[5, 4060, 4860, 'mixer_5', 0] [[2030, 0], [2030, 4860]]
[6, 4060, 4860, 'mixer_6', 0] [[2030, 0], [2030, 4860]]
[7, 4060, 4860, 'mixer_7', 0] [[2030, 0], [2030, 4860]]
[8, 1400, 1400, 'port_2', 0] [[700, 0], [1400, 700], [700, 1400], [0, 700]]
[9, 4060, 4860, 'mixer_8', 0] [[2030, 0], [2030, 4860]]
[10, 1400, 1400, 'port_3', 0] [[700, 0], [1400, 700], [700, 1400], [0, 700]]
[11, 4060, 4860, 'mixer_9', 0] [[2030, 0], [2030, 4860]]
[12, 4060, 4860, 'mixer_10', 0] [[2030, 0], [2030, 4860]]
[13, 4060, 4860, 'mixer_11', 0] [[2030, 0], [2030, 4860]]
[14, 4060, 4860, 'mixer_12', 0] [[2030, 0], [2030, 4860]]
[15, 1400, 1400, 'port_4', 0] [[700, 0], [1400, 700], [700, 1400], [0, 700]]
[16, 4060, 4860, 'mixer_13', 0] [[2030, 0], [2030, 4860]]
[17, 4060, 4860, 'mixer_14', 0] [[2030, 0], [2030, 4860]]
[18, 4060, 4860, 'mixer_15', 0] [[2030, 0], [2030, 4860]]
[19, 4060, 4860, 'mixer_16', 0] [[2030, 0], [2030, 4860]]
[20, 4060, 4860, 'mixer_17', 0] [[2030, 0], [2030, 4860]]
[21, 4060, 4860, 'mixer_18', 0] [[2030, 0], [2030, 4860]]
[22, 4060, 4860, 'mixer_19', 0] [[2030, 0], [2030, 4860]]
[23, 1400, 1400, 'port_5', 0] [[700, 0], [1400, 700], [700, 1400], [0, 700]]
[24, 4060, 4860, 'mixer_20', 0] [[2030, 0], [2030, 4860]]
[25, 4060, 4860, 'mixer_21', 0] [[2030, 0], [2030, 4860]]
[26, 1400, 1400, 'port_6', 0] [[700, 0], [1400, 700], [700, 1400], [0, 700]]
[27, 4060, 4860, 'mixer_22', 0] [[2030, 0], [2030, 4860]]
[28, 4060, 4860, 'mixer_23', 0] [[2030, 0], [2030, 4860]]
[29, 1400, 1400, 'port_7', 0] [[700, 0], [1400, 700], [700, 1400], [0, 700]]
[30, 4060, 4860, 'mixer_24', 0] [[2030, 0], [2030, 4860]]
[31, 1400, 1400, 'port_8', 0] [[700, 0], [1400, 700], [700, 1400], [0, 700]]
[32, 4060, 4860, 'mixer_25', 0] [[2030, 0], [2030, 4860]]
[33, 4060, 4860, 'mixer_26', 0] [[2030, 0], [2030, 4860]]
[34, 4060, 4860, 'mixer_27', 0] [[2030, 0], [2030, 4860]]
[35, 4060, 4860, 'mixer_28', 0] [[2030, 0], [2030, 4860]]
[36, 4060, 4860, 'mixer_29', 0] [[2030, 0], [2030, 4860]]
[37, 4060, 4860, 'mixer_30', 0] [[2030, 0], [2030, 4860]]
[38, 4060, 4860, 'mixer_31', 0] [[2030, 0], [2030, 4860]]
[39, 4060, 4860, 'mixer_32', 0] [[2030, 0], [2030, 4860]]
[40, 4060, 4860, 'mixer_33', 0] [[2030, 0], [2030, 4860]]
[41, 4060, 4860, 'mixer_34', 0] [[2030, 0], [2030, 4860]]
[42, 4060, 4860, 'mixer_35', 0] [[2030, 0], [2030, 4860]]
[43, 4060, 4860, 'mixer_36', 0] [[2030, 0], [2030, 4860]]
[44, 1400, 1400, 'port_9', 0] [[700, 0], [1400, 700], [700, 1400], [0, 700]]
[45, 1400, 1400, 'port_10', 0] [[700, 0], [1400, 700], [700, 1400], [0, 700]]
[46, 1400, 1400, 'port_11', 0] [[700, 0], [1400, 700], [700, 1400], [0, 700]]
[47, 1400, 1400, 'port_12', 0] [[700, 0], [1400, 700], [700, 1400], [0, 700]]
2/9, Finish initial placement with rotation, time spent: 0.0006487369537353516 s
3/9, Finish symmetricalization, time spent: 3.147125244140625e-05 s
4/9, Finish routing, time spent: 0.15979266166687012 s
****************************************************
