$ /home/student/anaconda3/envs/neptune2026/bin/python /home/student/Desktop/Neptune_2026/scripts/run_all_synthesize_timeout_report.py --_worker --algorithm tree --input /home/student/Desktop/Neptune_2026/Microfluidics-Benchmarks/Results/MINT-TestCases/Constraints/Array_Constraint/Array_Constraint_fromMINT.json --case-output /home/student/Desktop/Neptune_2026/Microfluidics-Benchmarks/Results/tree_full_20260915_040013/artifacts/mint__Constraints__Array_Constraint__Array_Constraint_fromMINT --time-limit 1800.0 --solver-profile standard --mip-gap 0.0
Reversed 56 connection(s) with opposite-port direction conflicts: c_in1, c_in2, c_in3, c_in4, c_in5, c_in6, c_in7, c_in8, c_g_1_2_1, c_g_1_2_2, c_g_1_2_3, c_g_1_2_4, c_g_1_2_5, c_g_1_2_6, c_g_1_2_7, c_g_1_2_8, c_g_2_3_1, c_g_2_3_2, c_g_2_3_3, c_g_2_3_4, c_g_2_3_5, c_g_2_3_6, c_g_2_3_7, c_g_2_3_8, c_g_3_4_1, c_g_3_4_2, c_g_3_4_3, c_g_3_4_4, c_g_3_4_5, c_g_3_4_6, c_g_3_4_7, c_g_3_4_8, c_g_4_5_1, c_g_4_5_2, c_g_4_5_3, c_g_4_5_4, c_g_4_5_5, c_g_4_5_6, c_g_4_5_7, c_g_4_5_8, c_g_5_6_1, c_g_5_6_2, c_g_5_6_3, c_g_5_6_4, c_g_5_6_5, c_g_5_6_6, c_g_5_6_7, c_g_5_6_8, c_g_6_7_1, c_g_6_7_2, c_g_6_7_3, c_g_6_7_4, c_g_6_7_5, c_g_6_7_6, c_g_6_7_7, c_g_6_7_8.
Detected 8 disconnected layer-0 cluster(s); running each independently.
Running independent cluster 1/8: ['ct1_1', 'ct2_1', 'ct3_1', 'ct4_1', 'ct5_1', 'ct6_1', 'ct7_1', 'ct8_1', 'p_in1', 'p_out1']
Finish loading test case: Array_Constraint_fromMINT__cluster_00
1/9, Finish initial placement, time spent: 2.3126602172851562e-05 s
[0, 4000, 4000, 'p_in1', 0] [[2000, 0], [4000, 2000], [2000, 4000], [0, 2000]]
[1, 4000, 4000, 'p_out1', 0] [[2000, 0], [4000, 2000], [2000, 4000], [0, 2000]]
[2, 250, 250, 'ct1_1', 0] [[125, 0], [250, 125], [125, 250], [0, 125]]
[3, 250, 250, 'ct2_1', 0] [[125, 0], [250, 125], [125, 250], [0, 125]]
[4, 250, 250, 'ct3_1', 0] [[125, 0], [250, 125], [125, 250], [0, 125]]
[5, 250, 250, 'ct4_1', 0] [[125, 0], [250, 125], [125, 250], [0, 125]]
[6, 250, 250, 'ct5_1', 0] [[125, 0], [250, 125], [125, 250], [0, 125]]
[7, 250, 250, 'ct6_1', 0] [[125, 0], [250, 125], [125, 250], [0, 125]]
[8, 250, 250, 'ct7_1', 0] [[125, 0], [250, 125], [125, 250], [0, 125]]
[9, 250, 250, 'ct8_1', 0] [[125, 0], [250, 125], [125, 250], [0, 125]]
2/9, Finish initial placement with rotation, time spent: 0.000171661376953125 s
3/9, Finish symmetricalization, time spent: 2.0503997802734375e-05 s
4/9, Finish routing, time spent: 0.004148244857788086 s
****************************************************
New valid order that can lead to planar graph found:
[[0], [0], [0], [0], [0], [1, 0], [0, 1], [0]]
****************************************************
--Finish applying new order
--Finish mirroring related components
5/9, Finish initialization of new orders, time spent: 0.0010411739349365234 s
6/9, Finish shortening wirelength, time spent: 9.226799011230469e-05 s
Skip stage7 LP according to user's need
8/9, Finish routing, time spent: 0.006170034408569336 s
9/9, Finish compaction and connecting ports, time spent: 0.07068824768066406 s
<<<<<<<<<<<<<<<<<<<<<<<<<<<<<< All P&R Done >>>>>>>>>>>>>>>>>>>>>>>>>>>>>>
Total Timeusage: 0.08235526084899902 s
Reordering Timeusage: 0.0010411739349365234 s
LP-based Optimization Timeusage: 0 s
P&R for the new orders: 0.07799172401428223 s
Running independent cluster 2/8: ['ct1_2', 'ct2_2', 'ct3_2', 'ct4_2', 'ct5_2', 'ct6_2', 'ct7_2', 'ct8_2', 'p_in2', 'p_out2']
Finish loading test case: Array_Constraint_fromMINT__cluster_01
1/9, Finish initial placement, time spent: 1.8835067749023438e-05 s
[0, 4000, 4000, 'p_in2', 0] [[2000, 0], [4000, 2000], [2000, 4000], [0, 2000]]
[1, 4000, 4000, 'p_out2', 0] [[2000, 0], [4000, 2000], [2000, 4000], [0, 2000]]
[2, 250, 250, 'ct1_2', 0] [[125, 0], [250, 125], [125, 250], [0, 125]]
[3, 250, 250, 'ct2_2', 0] [[125, 0], [250, 125], [125, 250], [0, 125]]
[4, 250, 250, 'ct3_2', 0] [[125, 0], [250, 125], [125, 250], [0, 125]]
[5, 250, 250, 'ct4_2', 0] [[125, 0], [250, 125], [125, 250], [0, 125]]
[6, 250, 250, 'ct5_2', 0] [[125, 0], [250, 125], [125, 250], [0, 125]]
[7, 250, 250, 'ct6_2', 0] [[125, 0], [250, 125], [125, 250], [0, 125]]
[8, 250, 250, 'ct7_2', 0] [[125, 0], [250, 125], [125, 250], [0, 125]]
[9, 250, 250, 'ct8_2', 0] [[125, 0], [250, 125], [125, 250], [0, 125]]
2/9, Finish initial placement with rotation, time spent: 0.00018525123596191406 s
3/9, Finish symmetricalization, time spent: 1.52587890625e-05 s
4/9, Finish routing, time spent: 0.0040416717529296875 s
****************************************************
New valid order that can lead to planar graph found:
[[0], [0], [0], [0], [0], [1, 0], [0, 1], [0]]
****************************************************
--Finish applying new order
--Finish mirroring related components
5/9, Finish initialization of new orders, time spent: 0.0009126663208007812 s
6/9, Finish shortening wirelength, time spent: 7.104873657226562e-05 s
Skip stage7 LP according to user's need
8/9, Finish routing, time spent: 0.006186008453369141 s
9/9, Finish compaction and connecting ports, time spent: 0.04161334037780762 s
<<<<<<<<<<<<<<<<<<<<<<<<<<<<<< All P&R Done >>>>>>>>>>>>>>>>>>>>>>>>>>>>>>
Total Timeusage: 0.05304408073425293 s
Reordering Timeusage: 0.0009126663208007812 s
LP-based Optimization Timeusage: 0 s
P&R for the new orders: 0.048783063888549805 s
Running independent cluster 3/8: ['ct1_3', 'ct2_3', 'ct3_3', 'ct4_3', 'ct5_3', 'ct6_3', 'ct7_3', 'ct8_3', 'p_in3', 'p_out3']
Finish loading test case: Array_Constraint_fromMINT__cluster_02
1/9, Finish initial placement, time spent: 1.811981201171875e-05 s
[0, 4000, 4000, 'p_in3', 0] [[2000, 0], [4000, 2000], [2000, 4000], [0, 2000]]
[1, 4000, 4000, 'p_out3', 0] [[2000, 0], [4000, 2000], [2000, 4000], [0, 2000]]
[2, 250, 250, 'ct1_3', 0] [[125, 0], [250, 125], [125, 250], [0, 125]]
[3, 250, 250, 'ct2_3', 0] [[125, 0], [250, 125], [125, 250], [0, 125]]
[4, 250, 250, 'ct3_3', 0] [[125, 0], [250, 125], [125, 250], [0, 125]]
[5, 250, 250, 'ct4_3', 0] [[125, 0], [250, 125], [125, 250], [0, 125]]
[6, 250, 250, 'ct5_3', 0] [[125, 0], [250, 125], [125, 250], [0, 125]]
[7, 250, 250, 'ct6_3', 0] [[125, 0], [250, 125], [125, 250], [0, 125]]
[8, 250, 250, 'ct7_3', 0] [[125, 0], [250, 125], [125, 250], [0, 125]]
[9, 250, 250, 'ct8_3', 0] [[125, 0], [250, 125], [125, 250], [0, 125]]
2/9, Finish initial placement with rotation, time spent: 0.0001518726348876953 s
3/9, Finish symmetricalization, time spent: 1.6450881958007812e-05 s
4/9, Finish routing, time spent: 0.004028797149658203 s
****************************************************
New valid order that can lead to planar graph found:
[[0], [0], [0], [0], [0], [1, 0], [0, 1], [0]]
****************************************************
--Finish applying new order
--Finish mirroring related components
5/9, Finish initialization of new orders, time spent: 0.0009620189666748047 s
6/9, Finish shortening wirelength, time spent: 7.724761962890625e-05 s
Skip stage7 LP according to user's need
8/9, Finish routing, time spent: 0.006054878234863281 s
9/9, Finish compaction and connecting ports, time spent: 0.043984174728393555 s
<<<<<<<<<<<<<<<<<<<<<<<<<<<<<< All P&R Done >>>>>>>>>>>>>>>>>>>>>>>>>>>>>>
Total Timeusage: 0.05529356002807617 s
Reordering Timeusage: 0.0009620189666748047 s
LP-based Optimization Timeusage: 0 s
P&R for the new orders: 0.05107831954956055 s
Running independent cluster 4/8: ['ct1_4', 'ct2_4', 'ct3_4', 'ct4_4', 'ct5_4', 'ct6_4', 'ct7_4', 'ct8_4', 'p_in4', 'p_out4']
Finish loading test case: Array_Constraint_fromMINT__cluster_03
1/9, Finish initial placement, time spent: 1.9550323486328125e-05 s
[0, 4000, 4000, 'p_in4', 0] [[2000, 0], [4000, 2000], [2000, 4000], [0, 2000]]
[1, 4000, 4000, 'p_out4', 0] [[2000, 0], [4000, 2000], [2000, 4000], [0, 2000]]
[2, 250, 250, 'ct1_4', 0] [[125, 0], [250, 125], [125, 250], [0, 125]]
[3, 250, 250, 'ct2_4', 0] [[125, 0], [250, 125], [125, 250], [0, 125]]
[4, 250, 250, 'ct3_4', 0] [[125, 0], [250, 125], [125, 250], [0, 125]]
[5, 250, 250, 'ct4_4', 0] [[125, 0], [250, 125], [125, 250], [0, 125]]
[6, 250, 250, 'ct5_4', 0] [[125, 0], [250, 125], [125, 250], [0, 125]]
[7, 250, 250, 'ct6_4', 0] [[125, 0], [250, 125], [125, 250], [0, 125]]
[8, 250, 250, 'ct7_4', 0] [[125, 0], [250, 125], [125, 250], [0, 125]]
[9, 250, 250, 'ct8_4', 0] [[125, 0], [250, 125], [125, 250], [0, 125]]
2/9, Finish initial placement with rotation, time spent: 0.00017452239990234375 s
3/9, Finish symmetricalization, time spent: 1.7881393432617188e-05 s
4/9, Finish routing, time spent: 0.004049539566040039 s
****************************************************
New valid order that can lead to planar graph found:
[[0], [0], [0], [0], [0], [1, 0], [0, 1], [0]]
****************************************************
--Finish applying new order
--Finish mirroring related components
5/9, Finish initialization of new orders, time spent: 0.0009930133819580078 s
6/9, Finish shortening wirelength, time spent: 7.390975952148438e-05 s
Skip stage7 LP according to user's need
8/9, Finish routing, time spent: 0.006196498870849609 s
9/9, Finish compaction and connecting ports, time spent: 0.04336142539978027 s
<<<<<<<<<<<<<<<<<<<<<<<<<<<<<< All P&R Done >>>>>>>>>>>>>>>>>>>>>>>>>>>>>>
Total Timeusage: 0.0548863410949707 s
Reordering Timeusage: 0.0009930133819580078 s
LP-based Optimization Timeusage: 0 s
P&R for the new orders: 0.050624847412109375 s
Running independent cluster 5/8: ['ct1_5', 'ct2_5', 'ct3_5', 'ct4_5', 'ct5_5', 'ct6_5', 'ct7_5', 'ct8_5', 'p_in5', 'p_out5']
Finish loading test case: Array_Constraint_fromMINT__cluster_04
1/9, Finish initial placement, time spent: 2.002716064453125e-05 s
[0, 4000, 4000, 'p_in5', 0] [[2000, 0], [4000, 2000], [2000, 4000], [0, 2000]]
[1, 4000, 4000, 'p_out5', 0] [[2000, 0], [4000, 2000], [2000, 4000], [0, 2000]]
[2, 250, 250, 'ct1_5', 0] [[125, 0], [250, 125], [125, 250], [0, 125]]
[3, 250, 250, 'ct2_5', 0] [[125, 0], [250, 125], [125, 250], [0, 125]]
[4, 250, 250, 'ct3_5', 0] [[125, 0], [250, 125], [125, 250], [0, 125]]
[5, 250, 250, 'ct4_5', 0] [[125, 0], [250, 125], [125, 250], [0, 125]]
[6, 250, 250, 'ct5_5', 0] [[125, 0], [250, 125], [125, 250], [0, 125]]
[7, 250, 250, 'ct6_5', 0] [[125, 0], [250, 125], [125, 250], [0, 125]]
[8, 250, 250, 'ct7_5', 0] [[125, 0], [250, 125], [125, 250], [0, 125]]
[9, 250, 250, 'ct8_5', 0] [[125, 0], [250, 125], [125, 250], [0, 125]]
2/9, Finish initial placement with rotation, time spent: 0.0001685619354248047 s
3/9, Finish symmetricalization, time spent: 1.811981201171875e-05 s
4/9, Finish routing, time spent: 0.004058361053466797 s
****************************************************
New valid order that can lead to planar graph found:
[[0], [0], [0], [0], [0], [1, 0], [0, 1], [0]]
****************************************************
--Finish applying new order
--Finish mirroring related components
5/9, Finish initialization of new orders, time spent: 0.0010046958923339844 s
6/9, Finish shortening wirelength, time spent: 7.033348083496094e-05 s
Skip stage7 LP according to user's need
8/9, Finish routing, time spent: 0.006196022033691406 s
9/9, Finish compaction and connecting ports, time spent: 0.04425406455993652 s
<<<<<<<<<<<<<<<<<<<<<<<<<<<<<< All P&R Done >>>>>>>>>>>>>>>>>>>>>>>>>>>>>>
Total Timeusage: 0.05579018592834473 s
Reordering Timeusage: 0.0010046958923339844 s
LP-based Optimization Timeusage: 0 s
P&R for the new orders: 0.051525115966796875 s
Running independent cluster 6/8: ['ct1_6', 'ct2_6', 'ct3_6', 'ct4_6', 'ct5_6', 'ct6_6', 'ct7_6', 'ct8_6', 'p_in6', 'p_out6']
Finish loading test case: Array_Constraint_fromMINT__cluster_05
1/9, Finish initial placement, time spent: 1.7881393432617188e-05 s
[0, 4000, 4000, 'p_in6', 0] [[2000, 0], [4000, 2000], [2000, 4000], [0, 2000]]
[1, 4000, 4000, 'p_out6', 0] [[2000, 0], [4000, 2000], [2000, 4000], [0, 2000]]
[2, 250, 250, 'ct1_6', 0] [[125, 0], [250, 125], [125, 250], [0, 125]]
[3, 250, 250, 'ct2_6', 0] [[125, 0], [250, 125], [125, 250], [0, 125]]
[4, 250, 250, 'ct3_6', 0] [[125, 0], [250, 125], [125, 250], [0, 125]]
[5, 250, 250, 'ct4_6', 0] [[125, 0], [250, 125], [125, 250], [0, 125]]
[6, 250, 250, 'ct5_6', 0] [[125, 0], [250, 125], [125, 250], [0, 125]]
[7, 250, 250, 'ct6_6', 0] [[125, 0], [250, 125], [125, 250], [0, 125]]
[8, 250, 250, 'ct7_6', 0] [[125, 0], [250, 125], [125, 250], [0, 125]]
[9, 250, 250, 'ct8_6', 0] [[125, 0], [250, 125], [125, 250], [0, 125]]
2/9, Finish initial placement with rotation, time spent: 0.00017976760864257812 s
3/9, Finish symmetricalization, time spent: 1.7404556274414062e-05 s
4/9, Finish routing, time spent: 0.004036426544189453 s
****************************************************
New valid order that can lead to planar graph found:
[[0], [0], [0], [0], [0], [1, 0], [0, 1], [0]]
****************************************************
--Finish applying new order
--Finish mirroring related components
5/9, Finish initialization of new orders, time spent: 0.0009648799896240234 s
6/9, Finish shortening wirelength, time spent: 6.604194641113281e-05 s
Skip stage7 LP according to user's need
8/9, Finish routing, time spent: 0.006150484085083008 s
9/9, Finish compaction and connecting ports, time spent: 0.04139566421508789 s
<<<<<<<<<<<<<<<<<<<<<<<<<<<<<< All P&R Done >>>>>>>>>>>>>>>>>>>>>>>>>>>>>>
Total Timeusage: 0.05282855033874512 s
Reordering Timeusage: 0.0009648799896240234 s
LP-based Optimization Timeusage: 0 s
P&R for the new orders: 0.048577070236206055 s
Running independent cluster 7/8: ['ct1_7', 'ct2_7', 'ct3_7', 'ct4_7', 'ct5_7', 'ct6_7', 'ct7_7', 'ct8_7', 'p_in7', 'p_out7']
Finish loading test case: Array_Constraint_fromMINT__cluster_06
1/9, Finish initial placement, time spent: 1.9311904907226562e-05 s
[0, 4000, 4000, 'p_in7', 0] [[2000, 0], [4000, 2000], [2000, 4000], [0, 2000]]
[1, 4000, 4000, 'p_out7', 0] [[2000, 0], [4000, 2000], [2000, 4000], [0, 2000]]
[2, 250, 250, 'ct1_7', 0] [[125, 0], [250, 125], [125, 250], [0, 125]]
[3, 250, 250, 'ct2_7', 0] [[125, 0], [250, 125], [125, 250], [0, 125]]
[4, 250, 250, 'ct3_7', 0] [[125, 0], [250, 125], [125, 250], [0, 125]]
[5, 250, 250, 'ct4_7', 0] [[125, 0], [250, 125], [125, 250], [0, 125]]
[6, 250, 250, 'ct5_7', 0] [[125, 0], [250, 125], [125, 250], [0, 125]]
[7, 250, 250, 'ct6_7', 0] [[125, 0], [250, 125], [125, 250], [0, 125]]
[8, 250, 250, 'ct7_7', 0] [[125, 0], [250, 125], [125, 250], [0, 125]]
[9, 250, 250, 'ct8_7', 0] [[125, 0], [250, 125], [125, 250], [0, 125]]
2/9, Finish initial placement with rotation, time spent: 0.0001678466796875 s
3/9, Finish symmetricalization, time spent: 1.6927719116210938e-05 s
4/9, Finish routing, time spent: 0.0040171146392822266 s
****************************************************
New valid order that can lead to planar graph found:
[[0], [0], [0], [0], [0], [1, 0], [0, 1], [0]]
****************************************************
--Finish applying new order
--Finish mirroring related components
5/9, Finish initialization of new orders, time spent: 0.0009932518005371094 s
6/9, Finish shortening wirelength, time spent: 7.557868957519531e-05 s
Skip stage7 LP according to user's need
8/9, Finish routing, time spent: 0.006196260452270508 s
9/9, Finish compaction and connecting ports, time spent: 0.0429537296295166 s
<<<<<<<<<<<<<<<<<<<<<<<<<<<<<< All P&R Done >>>>>>>>>>>>>>>>>>>>>>>>>>>>>>
Total Timeusage: 0.05444002151489258 s
Reordering Timeusage: 0.0009932518005371094 s
LP-based Optimization Timeusage: 0 s
P&R for the new orders: 0.050218820571899414 s
Running independent cluster 8/8: ['ct1_8', 'ct2_8', 'ct3_8', 'ct4_8', 'ct5_8', 'ct6_8', 'ct7_8', 'ct8_8', 'p_in8', 'p_out8']
Finish loading test case: Array_Constraint_fromMINT__cluster_07
1/9, Finish initial placement, time spent: 1.8596649169921875e-05 s
[0, 4000, 4000, 'p_in8', 0] [[2000, 0], [4000, 2000], [2000, 4000], [0, 2000]]
[1, 4000, 4000, 'p_out8', 0] [[2000, 0], [4000, 2000], [2000, 4000], [0, 2000]]
[2, 250, 250, 'ct1_8', 0] [[125, 0], [250, 125], [125, 250], [0, 125]]
[3, 250, 250, 'ct2_8', 0] [[125, 0], [250, 125], [125, 250], [0, 125]]
[4, 250, 250, 'ct3_8', 0] [[125, 0], [250, 125], [125, 250], [0, 125]]
[5, 250, 250, 'ct4_8', 0] [[125, 0], [250, 125], [125, 250], [0, 125]]
[6, 250, 250, 'ct5_8', 0] [[125, 0], [250, 125], [125, 250], [0, 125]]
[7, 250, 250, 'ct6_8', 0] [[125, 0], [250, 125], [125, 250], [0, 125]]
[8, 250, 250, 'ct7_8', 0] [[125, 0], [250, 125], [125, 250], [0, 125]]
[9, 250, 250, 'ct8_8', 0] [[125, 0], [250, 125], [125, 250], [0, 125]]
2/9, Finish initial placement with rotation, time spent: 0.00018930435180664062 s
3/9, Finish symmetricalization, time spent: 1.5735626220703125e-05 s
4/9, Finish routing, time spent: 0.004011631011962891 s
****************************************************
New valid order that can lead to planar graph found:
[[0], [0], [0], [0], [0], [1, 0], [0, 1], [0]]
****************************************************
--Finish applying new order
--Finish mirroring related components
5/9, Finish initialization of new orders, time spent: 0.0009551048278808594 s
6/9, Finish shortening wirelength, time spent: 6.914138793945312e-05 s
Skip stage7 LP according to user's need
8/9, Finish routing, time spent: 0.006173849105834961 s
9/9, Finish compaction and connecting ports, time spent: 0.0415186882019043 s
<<<<<<<<<<<<<<<<<<<<<<<<<<<<<< All P&R Done >>>>>>>>>>>>>>>>>>>>>>>>>>>>>>
Total Timeusage: 0.05295205116271973 s
Reordering Timeusage: 0.0009551048278808594 s
LP-based Optimization Timeusage: 0 s
P&R for the new orders: 0.04871678352355957 s
Done. Combined PR JSON: /home/student/Desktop/Neptune_2026/Microfluidics-Benchmarks/Results/tree_full_20260915_040013/artifacts/mint__Constraints__Array_Constraint__Array_Constraint_fromMINT/result.json
