$ /home/student/anaconda3/envs/neptune2026/bin/python /home/student/Desktop/Neptune_2026/scripts/run_all_synthesize_timeout_report.py --_worker --algorithm tree --input /home/student/Desktop/Neptune_2026/Microfluidics-Benchmarks/Results/MINT-TestCases/Distribute_Library/Hv_Storage_Grid_32/Hv_Storage_Grid_32_fromMINT.json --case-output /home/student/Desktop/Neptune_2026/Microfluidics-Benchmarks/Results/tree_full_20260915_040013/artifacts/mint__Distribute_Library__Hv_Storage_Grid_32__Hv_Storage_Grid_32_fromMINT --time-limit 1800.0 --solver-profile standard --mip-gap 0.0
Finish loading test case: Hv_Storage_Grid_32_fromMINT
1/9, Finish initial placement, time spent: 1.3828277587890625e-05 s
[0, 1400, 1400, 'port_1', 0] [[700, 0], [1400, 700], [700, 1400], [0, 700]]
[1, 1400, 1400, 'port_2', 0] [[700, 0], [1400, 700], [700, 1400], [0, 700]]
2/9, Finish initial placement with rotation, time spent: 6.103515625e-05 s
3/9, Finish symmetricalization, time spent: 1.2159347534179688e-05 s
4/9, Finish routing, time spent: 0.00016832351684570312 s
****************************************************
New valid order that can lead to planar graph found:
[[0], [0]]
****************************************************
--Finish applying new order
--Finish mirroring related components
5/9, Finish initialization of new orders, time spent: 0.00034165382385253906 s
6/9, Finish shortening wirelength, time spent: 3.2901763916015625e-05 s
Skip stage7 LP according to user's need
8/9, Finish routing, time spent: 0.00021529197692871094 s
9/9, Finish compaction and connecting ports, time spent: 0.013272285461425781 s
<<<<<<<<<<<<<<<<<<<<<<<<<<<<<< All P&R Done >>>>>>>>>>>>>>>>>>>>>>>>>>>>>>
Total Timeusage: 0.01411747932434082 s
Reordering Timeusage: 0.00034165382385253906 s
LP-based Optimization Timeusage: 0 s
P&R for the new orders: 0.013862133026123047 s
Done. Combined PR JSON: /home/student/Desktop/Neptune_2026/Microfluidics-Benchmarks/Results/tree_full_20260915_040013/artifacts/mint__Distribute_Library__Hv_Storage_Grid_32__Hv_Storage_Grid_32_fromMINT/result.json
