$ /home/student/anaconda3/envs/neptune2026/bin/python /home/student/Desktop/Neptune_2026/scripts/run_all_synthesize_timeout_report.py --_worker --algorithm tree --input /home/student/Desktop/Neptune_2026/Microfluidics-Benchmarks/Results/MINT-TestCases/Distribute_Library/Transposer_32/Transposer_32_fromMINT.json --case-output /home/student/Desktop/Neptune_2026/Microfluidics-Benchmarks/Results/tree_full_20260915_040013/artifacts/mint__Distribute_Library__Transposer_32__Transposer_32_fromMINT --time-limit 1800.0 --solver-profile standard --mip-gap 0.0
Finish loading test case: Transposer_32_fromMINT
1/9, Finish initial placement, time spent: 1.3589859008789062e-05 s
[0, 1400, 1400, 'port_1', 0] [[700, 0], [1400, 700], [700, 1400], [0, 700]]
[1, 1400, 1400, 'port_2', 0] [[700, 0], [1400, 700], [700, 1400], [0, 700]]
2/9, Finish initial placement with rotation, time spent: 5.984306335449219e-05 s
3/9, Finish symmetricalization, time spent: 1.4066696166992188e-05 s
4/9, Finish routing, time spent: 0.0001723766326904297 s
****************************************************
New valid order that can lead to planar graph found:
[[0], [0]]
****************************************************
--Finish applying new order
--Finish mirroring related components
5/9, Finish initialization of new orders, time spent: 0.00035119056701660156 s
6/9, Finish shortening wirelength, time spent: 3.4332275390625e-05 s
Skip stage7 LP according to user's need
8/9, Finish routing, time spent: 0.0002071857452392578 s
9/9, Finish compaction and connecting ports, time spent: 0.012492656707763672 s
<<<<<<<<<<<<<<<<<<<<<<<<<<<<<< All P&R Done >>>>>>>>>>>>>>>>>>>>>>>>>>>>>>
Total Timeusage: 0.01334524154663086 s
Reordering Timeusage: 0.00035119056701660156 s
LP-based Optimization Timeusage: 0 s
P&R for the new orders: 0.013085365295410156 s
Done. Combined PR JSON: /home/student/Desktop/Neptune_2026/Microfluidics-Benchmarks/Results/tree_full_20260915_040013/artifacts/mint__Distribute_Library__Transposer_32__Transposer_32_fromMINT/result.json
