$ /home/student/anaconda3/envs/neptune2026/bin/python /home/student/Desktop/Neptune_2026/scripts/run_all_synthesize_timeout_report.py --_worker --algorithm tree --input /home/student/Desktop/Neptune_2026/Microfluidics-Benchmarks/Results/MINT-TestCases/Base/Super_Mux_2/Super_Mux_2_fromMINT.json --case-output /home/student/Desktop/Neptune_2026/Microfluidics-Benchmarks/Results/tree_full_20260915_040013/artifacts/mint__Base__Super_Mux_2__Super_Mux_2_fromMINT --time-limit 1800.0 --solver-profile standard --mip-gap 0.0
Reversed 1 connection(s) with opposite-port direction conflicts: c_out.
Finish loading test case: Super_Mux_2_fromMINT
1/9, Finish initial placement, time spent: 1.621246337890625e-05 s
[0, 6800, 6500, 'mux_2', 0] [[3400.0, 0.0], [5400.0, 6500.0], [1400.0, 6500.0], [0.0, 4750.0], [6800.0, 5250.0]]
[1, 2000, 2000, 'port_out', 0] [[1000, 0], [2000, 1000], [1000, 2000], [0, 1000]]
[2, 2000, 2000, 'port_in_1', 0] [[1000, 0], [2000, 1000], [1000, 2000], [0, 1000]]
[3, 2000, 2000, 'port_in_2', 0] [[1000, 0], [2000, 1000], [1000, 2000], [0, 1000]]
2/9, Finish initial placement with rotation, time spent: 9.1552734375e-05 s
3/9, Finish symmetricalization, time spent: 1.4543533325195312e-05 s
4/9, Finish routing, time spent: 0.0012354850769042969 s
****************************************************
New valid order that can lead to planar graph found:
[[0], [0], [0, 1]]
****************************************************
--Finish applying new order
--Finish mirroring related components
5/9, Finish initialization of new orders, time spent: 0.0004980564117431641 s
6/9, Finish shortening wirelength, time spent: 4.744529724121094e-05 s
Skip stage7 LP according to user's need
8/9, Finish routing, time spent: 0.0012650489807128906 s
9/9, Finish compaction and connecting ports, time spent: 0.019446372985839844 s
<<<<<<<<<<<<<<<<<<<<<<<<<<<<<< All P&R Done >>>>>>>>>>>>>>>>>>>>>>>>>>>>>>
Total Timeusage: 0.022614717483520508 s
Reordering Timeusage: 0.0004980564117431641 s
LP-based Optimization Timeusage: 0 s
P&R for the new orders: 0.02125692367553711 s
Done. Combined PR JSON: /home/student/Desktop/Neptune_2026/Microfluidics-Benchmarks/Results/tree_full_20260915_040013/artifacts/mint__Base__Super_Mux_2__Super_Mux_2_fromMINT/result.json
