$ /home/student/anaconda3/envs/neptune2026/bin/python /home/student/Desktop/Neptune_2026/scripts/run_all_synthesize_timeout_report.py --_worker --algorithm tree --input /home/student/Desktop/Neptune_2026/Microfluidics-Benchmarks/Results/MINT-TestCases/Base/Three_Port_Channel/Three_Port_Channel_fromMINT.json --case-output /home/student/Desktop/Neptune_2026/Microfluidics-Benchmarks/Results/tree_full_20260915_040013/artifacts/mint__Base__Three_Port_Channel__Three_Port_Channel_fromMINT --time-limit 1800.0 --solver-profile standard --mip-gap 0.0
Finish loading test case: Three_Port_Channel_fromMINT
1/9, Finish initial placement, time spent: 1.52587890625e-05 s
[0, 200, 200, 'p1', 0] [[100, 0], [200, 100], [100, 200], [0, 100]]
[1, 200, 200, 'p2', 0] [[100, 0], [200, 100], [100, 200], [0, 100]]
[2, 200, 200, 'p3', 0] [[100, 0], [200, 100], [100, 200], [0, 100]]
2/9, Finish initial placement with rotation, time spent: 7.152557373046875e-05 s
3/9, Finish symmetricalization, time spent: 1.4781951904296875e-05 s
4/9, Finish routing, time spent: 0.00012373924255371094 s
****************************************************
New valid order that can lead to planar graph found:
[[0], [0], [0]]
****************************************************
--Finish applying new order
--Finish mirroring related components
5/9, Finish initialization of new orders, time spent: 0.00042939186096191406 s
6/9, Finish shortening wirelength, time spent: 4.0531158447265625e-05 s
Skip stage7 LP according to user's need
8/9, Finish routing, time spent: 0.0001628398895263672 s
9/9, Finish compaction and connecting ports, time spent: 0.015573740005493164 s
<<<<<<<<<<<<<<<<<<<<<<<<<<<<<< All P&R Done >>>>>>>>>>>>>>>>>>>>>>>>>>>>>>
Total Timeusage: 0.016431808471679688 s
Reordering Timeusage: 0.00042939186096191406 s
LP-based Optimization Timeusage: 0 s
P&R for the new orders: 0.01620650291442871 s
Done. Combined PR JSON: /home/student/Desktop/Neptune_2026/Microfluidics-Benchmarks/Results/tree_full_20260915_040013/artifacts/mint__Base__Three_Port_Channel__Three_Port_Channel_fromMINT/result.json
