$ /home/student/anaconda3/envs/neptune2026/bin/python /home/student/Desktop/Neptune_2026/scripts/run_all_synthesize_timeout_report.py --_worker --algorithm tree --input /home/student/Desktop/Neptune_2026/Microfluidics-Benchmarks/Results/MINT-TestCases/Primitive/Rotary_Mixer/Rotary_Mixer_fromMINT.json --case-output /home/student/Desktop/Neptune_2026/Microfluidics-Benchmarks/Results/tree_full_20260915_040013/artifacts/mint__Primitive__Rotary_Mixer__Rotary_Mixer_fromMINT --time-limit 1800.0 --solver-profile standard --mip-gap 0.0
Finish loading test case: Rotary_Mixer_fromMINT
1/9, Finish initial placement, time spent: 1.33514404296875e-05 s
[0, 2000, 2000, 'p1', 0] [[1000, 0], [2000, 1000], [1000, 2000], [0, 1000]]
[1, 2000, 2000, 'p2', 0] [[1000, 0], [2000, 1000], [1000, 2000], [0, 1000]]
[2, 9500, 9800, 'r1', 0] [[9200, 2400], [0, 7400], [8400, 0], [4600, 0], [9500, 4900], [4600, 9800], [800, 9800]]
2/9, Finish initial placement with rotation, time spent: 8.821487426757812e-05 s
3/9, Finish symmetricalization, time spent: 1.3113021850585938e-05 s
4/9, Finish routing, time spent: 0.0014760494232177734 s
****************************************************
New valid order that can lead to planar graph found:
[[0], [0], [0]]
****************************************************
--Finish applying new order
--Finish mirroring related components
5/9, Finish initialization of new orders, time spent: 0.00039887428283691406 s
6/9, Finish shortening wirelength, time spent: 3.838539123535156e-05 s
Skip stage7 LP according to user's need
8/9, Finish routing, time spent: 0.0018434524536132812 s
9/9, Finish compaction and connecting ports, time spent: 0.016101837158203125 s
<<<<<<<<<<<<<<<<<<<<<<<<<<<<<< All P&R Done >>>>>>>>>>>>>>>>>>>>>>>>>>>>>>
Total Timeusage: 0.019973278045654297 s
Reordering Timeusage: 0.00039887428283691406 s
LP-based Optimization Timeusage: 0 s
P&R for the new orders: 0.018382549285888672 s
Done. Combined PR JSON: /home/student/Desktop/Neptune_2026/Microfluidics-Benchmarks/Results/tree_full_20260915_040013/artifacts/mint__Primitive__Rotary_Mixer__Rotary_Mixer_fromMINT/result.json
