$ /home/student/anaconda3/envs/neptune2026/bin/python /home/student/Desktop/Neptune_2026/scripts/run_all_synthesize_timeout_report.py --_worker --algorithm tree --input /home/student/Desktop/Neptune_2026/Microfluidics-Benchmarks/Results/MINT-TestCases/Drop_Ref/Dx_10_Ref/Dx_10_Ref_fromMINT.json --case-output /home/student/Desktop/Neptune_2026/Microfluidics-Benchmarks/Results/tree_full_20260915_040013/artifacts/mint__Drop_Ref__Dx_10_Ref__Dx_10_Ref_fromMINT --time-limit 1800.0 --solver-profile standard --mip-gap 0.0
Reversed 2 connection(s) with opposite-port direction conflicts: connection_1, connection_5.
Finish loading test case: Dx_10_Ref_fromMINT
1/9, Finish initial placement, time spent: 2.2411346435546875e-05 s
[0, 4000, 4000, 'port_oil1', 0] [[2000, 0], [4000, 2000], [2000, 4000], [0, 2000]]
[1, 4000, 4000, 'port_water1', 0] [[2000, 0], [4000, 2000], [2000, 4000], [0, 2000]]
[2, 4000, 4000, 'port_oil2', 0] [[2000, 0], [4000, 2000], [2000, 4000], [0, 2000]]
[3, 5975, 375, 'nozzle_droplet_generator_1', 0] [[300, 0], [5975, 187], [300, 375], [0, 187]]
[4, 4000, 4000, 'port_injector1', 0] [[2000, 0], [4000, 2000], [2000, 4000], [0, 2000]]
[5, 10000, 9050, 'pico_injector_1', 0] [[0, 5550], [10000, 5550], [5000, 0]]
[6, 21750, 12414, 'droplet_sorter_1', 0] [[0, 5834], [21750, 345], [21750, 11322]]
[7, 4000, 4000, 'port_out_1', 0] [[2000, 0], [4000, 2000], [2000, 4000], [0, 2000]]
[8, 4000, 4000, 'port_out_2', 0] [[2000, 0], [4000, 2000], [2000, 4000], [0, 2000]]
2/9, Finish initial placement with rotation, time spent: 0.0001800060272216797 s
3/9, Finish symmetricalization, time spent: 2.0742416381835938e-05 s
4/9, Finish routing, time spent: 0.006974935531616211 s
****************************************************
New valid order that can lead to planar graph found:
[[0, 1], [0, 1], [0, 1], [1, 0], [0]]
****************************************************
--Finish applying new order
--Finish mirroring related components
5/9, Finish initialization of new orders, time spent: 0.0008559226989746094 s
6/9, Finish shortening wirelength, time spent: 9.202957153320312e-05 s
Skip stage7 LP according to user's need
8/9, Finish routing, time spent: 0.00409388542175293 s
9/9, Finish compaction and connecting ports, time spent: 0.03710460662841797 s
<<<<<<<<<<<<<<<<<<<<<<<<<<<<<< All P&R Done >>>>>>>>>>>>>>>>>>>>>>>>>>>>>>
Total Timeusage: 0.049344539642333984 s
Reordering Timeusage: 0.0008559226989746094 s
LP-based Optimization Timeusage: 0 s
P&R for the new orders: 0.04214644432067871 s
Done. Combined PR JSON: /home/student/Desktop/Neptune_2026/Microfluidics-Benchmarks/Results/tree_full_20260915_040013/artifacts/mint__Drop_Ref__Dx_10_Ref__Dx_10_Ref_fromMINT/result.json
