$ /home/student/anaconda3/envs/neptune2026/bin/python /home/student/Desktop/Neptune_2026/scripts/run_all_synthesize_timeout_report.py --_worker --algorithm tree --input /home/student/Desktop/Neptune_2026/Microfluidics-Benchmarks/Results/MINT-TestCases/Drop_Ref/Droplet_Generator_3/Droplet_Generator_3_fromMINT.json --case-output /home/student/Desktop/Neptune_2026/Microfluidics-Benchmarks/Results/tree_full_20260915_040013/artifacts/mint__Drop_Ref__Droplet_Generator_3__Droplet_Generator_3_fromMINT --time-limit 1800.0 --solver-profile standard --mip-gap 0.0
Reversed 23 connection(s) with opposite-port direction conflicts: channel_3, channel_4, channel_5, channel_6, channel_7, channel_8, channel_9, channel_10, channel_11, channel_12, channel_13, channel_14, channel_15, channel_16, channel_18, channel_19, channel_20, channel_21, channel_22, channel_23, channel_24, channel_25, channel_26.
Finish loading test case: Droplet_Generator_3_fromMINT
1/9, Finish initial placement, time spent: 3.123283386230469e-05 s
[0, 5000, 5000, 'reaction_chamber_1', 0] [[2500, 0], [5000, 2500], [2500, 5000], [0, 2500]]
[1, 4060, 4860, 'mixer_1', 0] [[2030, 0], [2030, 4860]]
[2, 4060, 4860, 'mixer_2', 0] [[2030, 0], [2030, 4860]]
[3, 4060, 4860, 'mixer_3', 0] [[2030, 0], [2030, 4860]]
[4, 4060, 4860, 'mixer_4', 0] [[2030, 0], [2030, 4860]]
[5, 4060, 4860, 'mixer_5', 0] [[2030, 0], [2030, 4860]]
[6, 1400, 1400, 'port_1', 0] [[700, 0], [1400, 700], [700, 1400], [0, 700]]
[7, 4000, 4000, 'port_2', 0] [[2000, 0], [4000, 2000], [2000, 4000], [0, 2000]]
[8, 4000, 4000, 'port_3', 0] [[2000, 0], [4000, 2000], [2000, 4000], [0, 2000]]
[9, 1800, 600, 'nozzle_droplet_generator_1', 0] [[400, 0], [1800, 300], [400, 600], [0, 300]]
[10, 4060, 4860, 'mixer_6', 0] [[2030, 0], [2030, 4860]]
[11, 4060, 4860, 'mixer_7', 0] [[2030, 0], [2030, 4860]]
[12, 4060, 4860, 'mixer_8', 0] [[2030, 0], [2030, 4860]]
[13, 4060, 4860, 'mixer_9', 0] [[2030, 0], [2030, 4860]]
[14, 4060, 4860, 'mixer_10', 0] [[2030, 0], [2030, 4860]]
[15, 1400, 1400, 'port_4', 0] [[700, 0], [1400, 700], [700, 1400], [0, 700]]
[16, 1400, 1400, 'port_5', 0] [[700, 0], [1400, 700], [700, 1400], [0, 700]]
[17, 1400, 1400, 'port_6', 0] [[700, 0], [1400, 700], [700, 1400], [0, 700]]
[18, 1400, 1400, 'port_7', 0] [[700, 0], [1400, 700], [700, 1400], [0, 700]]
[19, 1400, 1400, 'port_8', 0] [[700, 0], [1400, 700], [700, 1400], [0, 700]]
[20, 1400, 1400, 'port_9', 0] [[700, 0], [1400, 700], [700, 1400], [0, 700]]
[21, 1400, 1400, 'port_10', 0] [[700, 0], [1400, 700], [700, 1400], [0, 700]]
2/9, Finish initial placement with rotation, time spent: 0.00032448768615722656 s
3/9, Finish symmetricalization, time spent: 3.147125244140625e-05 s
4/9, Finish routing, time spent: 0.015950918197631836 s
****************************************************
New valid order that can lead to planar graph found:
[[0], [1, 3, 0, 2], [0, 1], [0, 1], [0, 1, 2], [0, 2, 1], [0, 1], [0, 1], [0], [0], [0]]
****************************************************
--Finish applying new order
--Finish mirroring related components
5/9, Finish initialization of new orders, time spent: 0.0014743804931640625 s
6/9, Finish shortening wirelength, time spent: 0.0001430511474609375 s
Skip stage7 LP according to user's need
8/9, Finish routing, time spent: 0.022164106369018555 s
9/9, Finish compaction and connecting ports, time spent: 0.07561588287353516 s
<<<<<<<<<<<<<<<<<<<<<<<<<<<<<< All P&R Done >>>>>>>>>>>>>>>>>>>>>>>>>>>>>>
Total Timeusage: 0.11573553085327148 s
Reordering Timeusage: 0.0014743804931640625 s
LP-based Optimization Timeusage: 0 s
P&R for the new orders: 0.09939742088317871 s
Done. Combined PR JSON: /home/student/Desktop/Neptune_2026/Microfluidics-Benchmarks/Results/tree_full_20260915_040013/artifacts/mint__Drop_Ref__Droplet_Generator_3__Droplet_Generator_3_fromMINT/result.json
