$ /home/student/anaconda3/envs/neptune2026/bin/python /home/student/Desktop/Neptune_2026/scripts/run_all_synthesize_timeout_report.py --_worker --algorithm tree --input /home/student/Desktop/Neptune_2026/Microfluidics-Benchmarks/Results/MINT-TestCases/Primitive/Transposer/Transposer_fromMINT.json --case-output /home/student/Desktop/Neptune_2026/Microfluidics-Benchmarks/Results/tree_full_20260915_040013/artifacts/mint__Primitive__Transposer__Transposer_fromMINT --time-limit 1800.0 --solver-profile standard --mip-gap 0.0
Finish loading test case: Transposer_fromMINT
1/9, Finish initial placement, time spent: 1.5497207641601562e-05 s
[0, 2000, 2000, 'p1', 0] [[1000, 0], [2000, 1000], [1000, 2000], [0, 1000]]
[1, 2000, 2000, 'p2', 0] [[1000, 0], [2000, 1000], [1000, 2000], [0, 1000]]
[2, 2000, 2000, 'p3', 0] [[1000, 0], [2000, 1000], [1000, 2000], [0, 1000]]
[3, 2000, 2000, 'p4', 0] [[1000, 0], [2000, 1000], [1000, 2000], [0, 1000]]
[4, 14350, 13500, 't', 0] [[2650, 2650], [12550, 2650], [2650, 10850], [12550, 10850], [0, 6750], [14350, 6750]]
2/9, Finish initial placement with rotation, time spent: 0.00011467933654785156 s
3/9, Finish symmetricalization, time spent: 1.33514404296875e-05 s
4/9, Finish routing, time spent: 0.0010249614715576172 s
****************************************************
New valid order that can lead to planar graph found:
[[0], [0, 1, 2, 3]]
****************************************************
--Finish applying new order
--Finish mirroring related components
5/9, Finish initialization of new orders, time spent: 0.0005884170532226562 s
6/9, Finish shortening wirelength, time spent: 5.14984130859375e-05 s
Skip stage7 LP according to user's need
8/9, Finish routing, time spent: 0.0013349056243896484 s
9/9, Finish compaction and connecting ports, time spent: 0.023872852325439453 s
<<<<<<<<<<<<<<<<<<<<<<<<<<<<<< All P&R Done >>>>>>>>>>>>>>>>>>>>>>>>>>>>>>
Total Timeusage: 0.027016162872314453 s
Reordering Timeusage: 0.0005884170532226562 s
LP-based Optimization Timeusage: 0 s
P&R for the new orders: 0.025847673416137695 s
Done. Combined PR JSON: /home/student/Desktop/Neptune_2026/Microfluidics-Benchmarks/Results/tree_full_20260915_040013/artifacts/mint__Primitive__Transposer__Transposer_fromMINT/result.json
