$ /home/student/anaconda3/envs/neptune2026/bin/python /home/student/Desktop/Neptune_2026/scripts/run_all_synthesize_timeout_report.py --_worker --algorithm tree --input /home/student/Desktop/Neptune_2026/Microfluidics-Benchmarks/Results/MINT-TestCases/COVID/Covid_Crispr/Covid_Crispr_fromMINT.json --case-output /home/student/Desktop/Neptune_2026/Microfluidics-Benchmarks/Results/tree_full_20260915_040013/artifacts/mint__COVID__Covid_Crispr__Covid_Crispr_fromMINT --time-limit 1800.0 --solver-profile standard --mip-gap 0.0
Reversed 3 connection(s) with opposite-port direction conflicts: channel_1, channel_2, channel_3.
Finish loading test case: Covid_Crispr_fromMINT
1/9, Finish initial placement, time spent: 1.621246337890625e-05 s
[0, 4060, 4860, 'mixer_1', 0] [[2030, 0], [2030, 4860]]
[1, 1400, 1400, 'port_1', 0] [[700, 0], [1400, 700], [700, 1400], [0, 700]]
[2, 1400, 1400, 'port_2', 0] [[700, 0], [1400, 700], [700, 1400], [0, 700]]
[3, 1400, 1400, 'port_3', 0] [[700, 0], [1400, 700], [700, 1400], [0, 700]]
2/9, Finish initial placement with rotation, time spent: 9.870529174804688e-05 s
3/9, Finish symmetricalization, time spent: 1.7404556274414062e-05 s
4/9, Finish routing, time spent: 0.0008103847503662109 s
****************************************************
New valid order that can lead to planar graph found:
[[0, 1], [0], [0]]
****************************************************
--Finish applying new order
--Finish mirroring related components
5/9, Finish initialization of new orders, time spent: 0.00048661231994628906 s
6/9, Finish shortening wirelength, time spent: 5.6743621826171875e-05 s
Skip stage7 LP according to user's need
8/9, Finish routing, time spent: 0.0011696815490722656 s
9/9, Finish compaction and connecting ports, time spent: 0.021094083786010742 s
<<<<<<<<<<<<<<<<<<<<<<<<<<<<<< All P&R Done >>>>>>>>>>>>>>>>>>>>>>>>>>>>>>
Total Timeusage: 0.023749828338623047 s
Reordering Timeusage: 0.00048661231994628906 s
LP-based Optimization Timeusage: 0 s
P&R for the new orders: 0.02280712127685547 s
Done. Combined PR JSON: /home/student/Desktop/Neptune_2026/Microfluidics-Benchmarks/Results/tree_full_20260915_040013/artifacts/mint__COVID__Covid_Crispr__Covid_Crispr_fromMINT/result.json
