$ /home/student/anaconda3/envs/neptune2026/bin/python /home/student/Desktop/Neptune_2026/scripts/run_all_synthesize_timeout_report.py --_worker --algorithm tree --input /home/student/Desktop/Neptune_2026/Microfluidics-Benchmarks/Results/MINT-TestCases/Primitive/Splitter/Splitter_fromMINT.json --case-output /home/student/Desktop/Neptune_2026/Microfluidics-Benchmarks/Results/tree_full_20260915_040013/artifacts/mint__Primitive__Splitter__Splitter_fromMINT --time-limit 1800.0 --solver-profile standard --mip-gap 0.0
Reversed 1 connection(s) with opposite-port direction conflicts: c2.
Finish loading test case: Splitter_fromMINT
1/9, Finish initial placement, time spent: 1.5497207641601562e-05 s
[0, 2000, 2000, 'p1', 0] [[1000, 0], [2000, 1000], [1000, 2000], [0, 1000]]
[1, 2000, 2000, 'p2', 0] [[1000, 0], [2000, 1000], [1000, 2000], [0, 1000]]
[2, 2000, 2000, 'p3', 0] [[1000, 0], [2000, 1000], [1000, 2000], [0, 1000]]
[3, 6000, 8000, 's', 0] [[0, 4000], [5500, 0], [5000, 8000]]
2/9, Finish initial placement with rotation, time spent: 8.487701416015625e-05 s
3/9, Finish symmetricalization, time spent: 1.4066696166992188e-05 s
4/9, Finish routing, time spent: 0.0008988380432128906 s
****************************************************
New valid order that can lead to planar graph found:
[[0], [0], [0, 1]]
****************************************************
--Finish applying new order
--Finish mirroring related components
5/9, Finish initialization of new orders, time spent: 0.0004673004150390625 s
6/9, Finish shortening wirelength, time spent: 4.649162292480469e-05 s
Skip stage7 LP according to user's need
8/9, Finish routing, time spent: 0.0016360282897949219 s
9/9, Finish compaction and connecting ports, time spent: 0.0188596248626709 s
<<<<<<<<<<<<<<<<<<<<<<<<<<<<<< All P&R Done >>>>>>>>>>>>>>>>>>>>>>>>>>>>>>
Total Timeusage: 0.022022724151611328 s
Reordering Timeusage: 0.0004673004150390625 s
LP-based Optimization Timeusage: 0 s
P&R for the new orders: 0.021009445190429688 s
Done. Combined PR JSON: /home/student/Desktop/Neptune_2026/Microfluidics-Benchmarks/Results/tree_full_20260915_040013/artifacts/mint__Primitive__Splitter__Splitter_fromMINT/result.json
