$ /home/student/anaconda3/envs/neptune2026/bin/python /home/student/Desktop/Neptune_2026/scripts/run_all_synthesize_timeout_report.py --_worker --algorithm tree --input /home/student/Desktop/Neptune_2026/Microfluidics-Benchmarks/Results/MINT-TestCases/Technology_Mapping/Tree_Storage_Bus_Mapping/Tree_Storage_Bus_Mapping_fromMINT.json --case-output /home/student/Desktop/Neptune_2026/Microfluidics-Benchmarks/Results/tree_full_20260915_040013/artifacts/mint__Technology_Mapping__Tree_Storage_Bus_Mapping__Tree_Storage_Bus_Mapping_fromMINT --time-limit 1800.0 --solver-profile standard --mip-gap 0.0
Reversed 10 connection(s) with opposite-port direction conflicts: channel_11, channel_12, channel_13, channel_14, channel_15, channel_16, channel_17, channel_18, channel_19, channel_20.
Finish loading test case: Tree_Storage_Bus_Mapping_fromMINT
1/9, Finish initial placement, time spent: 2.384185791015625e-05 s
[0, 49, 20, 'ytree_1', 0] [[24, 0], [46, 20], [40, 20], [33, 20], [27, 20], [21, 20], [15, 20], [8, 20], [2, 20]]
[1, 49, 20, 'ytree_2', 0] [[24, 0], [46, 20], [40, 20], [33, 20], [27, 20], [21, 20], [15, 20], [8, 20], [2, 20]]
[2, 5000, 5000, 'reaction_chamber_1', 0] [[2500, 0], [5000, 2500], [2500, 5000], [0, 2500]]
[3, 1400, 1400, 'port_1', 0] [[700, 0], [1400, 700], [700, 1400], [0, 700]]
[4, 5000, 5000, 'reaction_chamber_2', 0] [[2500, 0], [5000, 2500], [2500, 5000], [0, 2500]]
[5, 5000, 5000, 'reaction_chamber_3', 0] [[2500, 0], [5000, 2500], [2500, 5000], [0, 2500]]
[6, 5000, 5000, 'reaction_chamber_4', 0] [[2500, 0], [5000, 2500], [2500, 5000], [0, 2500]]
[7, 5000, 5000, 'reaction_chamber_5', 0] [[2500, 0], [5000, 2500], [2500, 5000], [0, 2500]]
[8, 5000, 5000, 'reaction_chamber_6', 0] [[2500, 0], [5000, 2500], [2500, 5000], [0, 2500]]
[9, 5000, 5000, 'reaction_chamber_7', 0] [[2500, 0], [5000, 2500], [2500, 5000], [0, 2500]]
[10, 5000, 5000, 'reaction_chamber_8', 0] [[2500, 0], [5000, 2500], [2500, 5000], [0, 2500]]
[11, 1400, 1400, 'port_2', 0] [[700, 0], [1400, 700], [700, 1400], [0, 700]]
2/9, Finish initial placement with rotation, time spent: 0.00022077560424804688 s
3/9, Finish symmetricalization, time spent: 1.7404556274414062e-05 s
4/9, Finish routing, time spent: 0.015196084976196289 s
****************************************************
Fail to find valid order; keeping the initial row order
****************************************************
--Finish applying new order
--Finish mirroring related components
5/9, Finish initialization of new orders, time spent: 0.02753925323486328 s
6/9, Finish shortening wirelength, time spent: 0.00010657310485839844 s
Skip stage7 LP according to user's need
8/9, Finish routing, time spent: 0.013931512832641602 s
9/9, Finish compaction and connecting ports, time spent: 0.07148170471191406 s
<<<<<<<<<<<<<<<<<<<<<<<<<<<<<< All P&R Done >>>>>>>>>>>>>>>>>>>>>>>>>>>>>>
Total Timeusage: 0.12851715087890625 s
Reordering Timeusage: 0.02753925323486328 s
LP-based Optimization Timeusage: 0 s
P&R for the new orders: 0.11305904388427734 s
Done. Combined PR JSON: /home/student/Desktop/Neptune_2026/Microfluidics-Benchmarks/Results/tree_full_20260915_040013/artifacts/mint__Technology_Mapping__Tree_Storage_Bus_Mapping__Tree_Storage_Bus_Mapping_fromMINT/result.json
