$ /home/student/anaconda3/envs/neptune2026/bin/python /home/student/Desktop/Neptune_2026/scripts/run_all_synthesize_timeout_report.py --_worker --algorithm tree --input /home/student/Desktop/Neptune_2026/Microfluidics-Benchmarks/Results/MINT-TestCases/Base/Square_Cell_Trap_Ports/Square_Cell_Trap_Ports_fromMINT.json --case-output /home/student/Desktop/Neptune_2026/Microfluidics-Benchmarks/Results/tree_full_20260915_040013/artifacts/mint__Base__Square_Cell_Trap_Ports__Square_Cell_Trap_Ports_fromMINT --time-limit 1800.0 --solver-profile standard --mip-gap 0.0
Reversed 1 connection(s) with opposite-port direction conflicts: c3.
Finish loading test case: Square_Cell_Trap_Ports_fromMINT
1/9, Finish initial placement, time spent: 7.033348083496094e-05 s
[0, 1000, 1000, 'p1', 0] [[500, 0], [1000, 500], [500, 1000], [0, 500]]
[1, 1000, 1000, 'p2', 0] [[500, 0], [1000, 500], [500, 1000], [0, 500]]
[2, 1000, 1000, 'p3', 0] [[500, 0], [1000, 500], [500, 1000], [0, 500]]
[3, 1000, 1000, 'p4', 0] [[500, 0], [1000, 500], [500, 1000], [0, 500]]
[4, 4000, 4000, 'ct1', 0] [[0, 2000], [4000, 2000], [2000, 0], [2000, 4000]]
2/9, Finish initial placement with rotation, time spent: 0.00013971328735351562 s
3/9, Finish symmetricalization, time spent: 1.4543533325195312e-05 s
4/9, Finish routing, time spent: 0.0010650157928466797 s
****************************************************
New valid order that can lead to planar graph found:
[[0], [0], [0, 2, 1]]
****************************************************
--Finish applying new order
--Finish mirroring related components
5/9, Finish initialization of new orders, time spent: 0.0006997585296630859 s
6/9, Finish shortening wirelength, time spent: 5.269050598144531e-05 s
Skip stage7 LP according to user's need
8/9, Finish routing, time spent: 0.0011315345764160156 s
9/9, Finish compaction and connecting ports, time spent: 0.023061752319335938 s
<<<<<<<<<<<<<<<<<<<<<<<<<<<<<< All P&R Done >>>>>>>>>>>>>>>>>>>>>>>>>>>>>>
Total Timeusage: 0.026235342025756836 s
Reordering Timeusage: 0.0006997585296630859 s
LP-based Optimization Timeusage: 0 s
P&R for the new orders: 0.024945735931396484 s
Cannot finish valid layer-1 synthesis for:
- reason=routing:fallback_no_compliant_valve_escape valve=v3 flow_connection=c3 control_port=cp3
Done. Combined PR JSON: /home/student/Desktop/Neptune_2026/Microfluidics-Benchmarks/Results/tree_full_20260915_040013/artifacts/mint__Base__Square_Cell_Trap_Ports__Square_Cell_Trap_Ports_fromMINT/result.json
