$ /home/student/anaconda3/envs/neptune2026/bin/python /home/student/Desktop/Neptune_2026/scripts/run_all_synthesize_timeout_report.py --_worker --algorithm tree --input /home/student/Desktop/Neptune_2026/Microfluidics-Benchmarks/Results/MINT-TestCases/Base/Grad_Gen_H/Grad_Gen_H_fromMINT.json --case-output /home/student/Desktop/Neptune_2026/Microfluidics-Benchmarks/Results/tree_full_20260915_040013/artifacts/mint__Base__Grad_Gen_H__Grad_Gen_H_fromMINT --time-limit 1800.0 --solver-profile standard --mip-gap 0.0
Reversed 9 connection(s) with opposite-port direction conflicts: c1, c5, c6, c7, c8, c9, c10, c11, c12.
Finish loading test case: Grad_Gen_H_fromMINT
1/9, Finish initial placement, time spent: 2.3126602172851562e-05 s
[0, 200, 200, 'b_1', 0] [[100, 0], [200, 100], [100, 200], [0, 100]]
[1, 200, 200, 'b_2', 0] [[100, 0], [200, 100], [100, 200], [0, 100]]
[2, 200, 200, 'b_3', 0] [[100, 0], [200, 100], [100, 200], [0, 100]]
[3, 200, 200, 'b_4', 0] [[100, 0], [200, 100], [100, 200], [0, 100]]
[4, 100, 100, 'n1', 0] [[50.0, 0.0], [100.0, 50.0], [50.0, 100.0], [0.0, 50.0]]
[5, 100, 100, 'n2', 0] [[50.0, 0.0], [100.0, 50.0], [50.0, 100.0], [0.0, 50.0]]
[6, 100, 100, 'n3', 0] [[50.0, 0.0], [100.0, 50.0], [50.0, 100.0], [0.0, 50.0]]
[7, 100, 100, 'n4', 0] [[50.0, 0.0], [100.0, 50.0], [50.0, 100.0], [0.0, 50.0]]
[8, 100, 100, 'n5', 0] [[50.0, 0.0], [100.0, 50.0], [50.0, 100.0], [0.0, 50.0]]
[9, 60700, 12100, 'g', 0] [[20350, 0], [30350, 0], [40350, 0], [350, 12100], [10350, 12100], [20350, 12100], [30350, 12100], [40350, 12100], [50350, 12100], [60350, 12100]]
[10, 200, 200, 'p1', 0] [[100, 0], [200, 100], [100, 200], [0, 100]]
2/9, Finish initial placement with rotation, time spent: 0.00020885467529296875 s
3/9, Finish symmetricalization, time spent: 2.2649765014648438e-05 s
4/9, Finish routing, time spent: 0.022072553634643555 s
****************************************************
Fail to find valid order; keeping the initial row order
****************************************************
--Finish applying new order
--Finish mirroring related components
5/9, Finish initialization of new orders, time spent: 0.004116535186767578 s
6/9, Finish shortening wirelength, time spent: 0.00011754035949707031 s
Skip stage7 LP according to user's need
8/9, Finish routing, time spent: 0.02056884765625 s
9/9, Finish compaction and connecting ports, time spent: 0.050896406173706055 s
<<<<<<<<<<<<<<<<<<<<<<<<<<<<<< All P&R Done >>>>>>>>>>>>>>>>>>>>>>>>>>>>>>
Total Timeusage: 0.09802651405334473 s
Reordering Timeusage: 0.004116535186767578 s
LP-based Optimization Timeusage: 0 s
P&R for the new orders: 0.0756993293762207 s
Done. Combined PR JSON: /home/student/Desktop/Neptune_2026/Microfluidics-Benchmarks/Results/tree_full_20260915_040013/artifacts/mint__Base__Grad_Gen_H__Grad_Gen_H_fromMINT/result.json
