$ /home/student/anaconda3/envs/neptune2026/bin/python /home/student/Desktop/Neptune_2026/scripts/run_all_synthesize_timeout_report.py --_worker --algorithm tree --input /home/student/Desktop/Neptune_2026/Microfluidics-Benchmarks/Results/MINT-TestCases/CIDAR_Lab_Past_Devices/Dna_Synthesizer/Dna_Synthesizer_fromMINT.json --case-output /home/student/Desktop/Neptune_2026/Microfluidics-Benchmarks/Results/tree_full_20260915_040013/artifacts/mint__CIDAR_Lab_Past_Devices__Dna_Synthesizer__Dna_Synthesizer_fromMINT --time-limit 1800.0 --solver-profile standard --mip-gap 0.0
Reversed 42 connection(s) with opposite-port direction conflicts: channel_1, channel_2, channel_3, channel_4, channel_5, channel_6, channel_7, channel_8, channel_9, channel_10, channel_11, channel_44, channel_45, channel_46, channel_47, channel_48, channel_49, channel_50, channel_51, channel_52, channel_53, channel_54, channel_55, channel_56, channel_57, channel_58, channel_59, channel_60, channel_61, channel_62, channel_63, channel_64, channel_65, channel_66, channel_67, channel_68, channel_69, channel_70, channel_71, channel_72, channel_73, channel_74.
Finish loading test case: Dna_Synthesizer_fromMINT
1/9, Finish initial placement, time spent: 0.0001163482666015625 s
[0, 4060, 4860, 'mixer_1', 0] [[2030, 0], [2030, 4860]]
[1, 4000, 4000, 'square_cell_trap_1', 0] [[0, 2000], [4000, 2000], [2000, 0], [2000, 4000]]
[2, 4000, 4000, 'square_cell_trap_2', 0] [[0, 2000], [4000, 2000], [2000, 0], [2000, 4000]]
[3, 1400, 1400, 'port_1', 0] [[700, 0], [1400, 700], [700, 1400], [0, 700]]
[4, 4000, 4000, 'square_cell_trap_3', 0] [[0, 2000], [4000, 2000], [2000, 0], [2000, 4000]]
[5, 1400, 1400, 'port_2', 0] [[700, 0], [1400, 700], [700, 1400], [0, 700]]
[6, 4000, 4000, 'square_cell_trap_4', 0] [[0, 2000], [4000, 2000], [2000, 0], [2000, 4000]]
[7, 1400, 1400, 'port_3', 0] [[700, 0], [1400, 700], [700, 1400], [0, 700]]
[8, 4000, 4000, 'square_cell_trap_5', 0] [[0, 2000], [4000, 2000], [2000, 0], [2000, 4000]]
[9, 1400, 1400, 'port_4', 0] [[700, 0], [1400, 700], [700, 1400], [0, 700]]
[10, 4000, 4000, 'square_cell_trap_6', 0] [[0, 2000], [4000, 2000], [2000, 0], [2000, 4000]]
[11, 1400, 1400, 'port_5', 0] [[700, 0], [1400, 700], [700, 1400], [0, 700]]
[12, 4000, 4000, 'square_cell_trap_7', 0] [[0, 2000], [4000, 2000], [2000, 0], [2000, 4000]]
[13, 1400, 1400, 'port_6', 0] [[700, 0], [1400, 700], [700, 1400], [0, 700]]
[14, 4000, 4000, 'square_cell_trap_8', 0] [[0, 2000], [4000, 2000], [2000, 0], [2000, 4000]]
[15, 1400, 1400, 'port_7', 0] [[700, 0], [1400, 700], [700, 1400], [0, 700]]
[16, 4000, 4000, 'square_cell_trap_9', 0] [[0, 2000], [4000, 2000], [2000, 0], [2000, 4000]]
[17, 1400, 1400, 'port_8', 0] [[700, 0], [1400, 700], [700, 1400], [0, 700]]
[18, 4000, 4000, 'square_cell_trap_10', 0] [[0, 2000], [4000, 2000], [2000, 0], [2000, 4000]]
[19, 1400, 1400, 'port_9', 0] [[700, 0], [1400, 700], [700, 1400], [0, 700]]
[20, 4000, 4000, 'square_cell_trap_11', 0] [[0, 2000], [4000, 2000], [2000, 0], [2000, 4000]]
[21, 1400, 1400, 'port_10', 0] [[700, 0], [1400, 700], [700, 1400], [0, 700]]
[22, 4000, 4000, 'square_cell_trap_12', 0] [[0, 2000], [4000, 2000], [2000, 0], [2000, 4000]]
[23, 1400, 1400, 'port_11', 0] [[700, 0], [1400, 700], [700, 1400], [0, 700]]
[24, 4000, 4000, 'square_cell_trap_13', 0] [[0, 2000], [4000, 2000], [2000, 0], [2000, 4000]]
[25, 1400, 1400, 'port_12', 0] [[700, 0], [1400, 700], [700, 1400], [0, 700]]
[26, 4000, 4000, 'square_cell_trap_14', 0] [[0, 2000], [4000, 2000], [2000, 0], [2000, 4000]]
[27, 1400, 1400, 'port_13', 0] [[700, 0], [1400, 700], [700, 1400], [0, 700]]
[28, 4000, 4000, 'square_cell_trap_15', 0] [[0, 2000], [4000, 2000], [2000, 0], [2000, 4000]]
[29, 1400, 1400, 'port_14', 0] [[700, 0], [1400, 700], [700, 1400], [0, 700]]
[30, 4000, 4000, 'square_cell_trap_16', 0] [[0, 2000], [4000, 2000], [2000, 0], [2000, 4000]]
[31, 1400, 1400, 'port_15', 0] [[700, 0], [1400, 700], [700, 1400], [0, 700]]
[32, 4000, 4000, 'square_cell_trap_17', 0] [[0, 2000], [4000, 2000], [2000, 0], [2000, 4000]]
[33, 1400, 1400, 'port_16', 0] [[700, 0], [1400, 700], [700, 1400], [0, 700]]
[34, 4060, 4860, 'mixer_2', 0] [[2030, 0], [2030, 4860]]
[35, 4060, 4860, 'mixer_3', 0] [[2030, 0], [2030, 4860]]
[36, 4060, 4860, 'mixer_4', 0] [[2030, 0], [2030, 4860]]
[37, 4060, 4860, 'mixer_5', 0] [[2030, 0], [2030, 4860]]
[38, 4060, 4860, 'mixer_6', 0] [[2030, 0], [2030, 4860]]
[39, 4060, 4860, 'mixer_7', 0] [[2030, 0], [2030, 4860]]
[40, 4060, 4860, 'mixer_8', 0] [[2030, 0], [2030, 4860]]
[41, 4060, 4860, 'mixer_9', 0] [[2030, 0], [2030, 4860]]
[42, 4060, 4860, 'mixer_10', 0] [[2030, 0], [2030, 4860]]
[43, 4060, 4860, 'mixer_11', 0] [[2030, 0], [2030, 4860]]
[44, 4060, 4860, 'mixer_12', 0] [[2030, 0], [2030, 4860]]
[45, 4060, 4860, 'mixer_13', 0] [[2030, 0], [2030, 4860]]
[46, 4060, 4860, 'mixer_14', 0] [[2030, 0], [2030, 4860]]
[47, 4060, 4860, 'mixer_15', 0] [[2030, 0], [2030, 4860]]
[48, 4060, 4860, 'mixer_16', 0] [[2030, 0], [2030, 4860]]
[49, 4060, 4860, 'mixer_17', 0] [[2030, 0], [2030, 4860]]
[50, 4060, 4860, 'mixer_18', 0] [[2030, 0], [2030, 4860]]
[51, 4060, 4860, 'mixer_19', 0] [[2030, 0], [2030, 4860]]
[52, 4060, 4860, 'mixer_20', 0] [[2030, 0], [2030, 4860]]
[53, 4060, 4860, 'mixer_21', 0] [[2030, 0], [2030, 4860]]
[54, 1400, 1400, 'port_17', 0] [[700, 0], [1400, 700], [700, 1400], [0, 700]]
[55, 1400, 1400, 'port_18', 0] [[700, 0], [1400, 700], [700, 1400], [0, 700]]
[56, 1400, 1400, 'port_19', 0] [[700, 0], [1400, 700], [700, 1400], [0, 700]]
[57, 1400, 1400, 'port_20', 0] [[700, 0], [1400, 700], [700, 1400], [0, 700]]
[58, 1400, 1400, 'port_21', 0] [[700, 0], [1400, 700], [700, 1400], [0, 700]]
[59, 1400, 1400, 'port_22', 0] [[700, 0], [1400, 700], [700, 1400], [0, 700]]
[60, 1400, 1400, 'port_23', 0] [[700, 0], [1400, 700], [700, 1400], [0, 700]]
[61, 1400, 1400, 'port_24', 0] [[700, 0], [1400, 700], [700, 1400], [0, 700]]
[62, 1400, 1400, 'port_25', 0] [[700, 0], [1400, 700], [700, 1400], [0, 700]]
[63, 1400, 1400, 'port_26', 0] [[700, 0], [1400, 700], [700, 1400], [0, 700]]
[64, 1400, 1400, 'port_27', 0] [[700, 0], [1400, 700], [700, 1400], [0, 700]]
2/9, Finish initial placement with rotation, time spent: 0.001089334487915039 s
3/9, Finish symmetricalization, time spent: 5.1021575927734375e-05 s
4/9, Finish routing, time spent: 0.4444882869720459 s
****************************************************
New valid order that can lead to planar graph found:
[[20, 22, 0, 1, 2, 3, 4, 5, 6, 7, 8, 9, 10, 11, 12, 13, 14, 21, 17, 24, 16, 25, 23, 15, 19, 18], [26, 25, 0, 1, 2, 3, 4, 5, 6, 7, 8, 9, 10, 11, 12, 13, 14, 15, 16, 17, 18, 19, 20, 21, 22, 23, 24], [1, 0], [0], [0], [0], [0], [0], [0], [0], [0], [0], [0]]
****************************************************
--Finish applying new order
--Finish mirroring related components
5/9, Finish initialization of new orders, time spent: 0.0042955875396728516 s
6/9, Finish shortening wirelength, time spent: 0.000316619873046875 s
Skip stage7 LP according to user's need
8/9, Finish routing, time spent: 0.1980571746826172 s
9/9, Finish compaction and connecting ports, time spent: 0.2708890438079834 s
<<<<<<<<<<<<<<<<<<<<<<<<<<<<<< All P&R Done >>>>>>>>>>>>>>>>>>>>>>>>>>>>>>
Total Timeusage: 0.9193034172058105 s
Reordering Timeusage: 0.0042955875396728516 s
LP-based Optimization Timeusage: 0 s
P&R for the new orders: 0.4735584259033203 s
