$ /home/student/anaconda3/envs/neptune2026/bin/python /home/student/Desktop/Neptune_2026/scripts/run_all_synthesize_timeout_report.py --_worker --algorithm tree --input /home/student/Desktop/Neptune_2026/Microfluidics-Benchmarks/Results/MINT-TestCases/Primitive/Droplet_Merger/Droplet_Merger_fromMINT.json --case-output /home/student/Desktop/Neptune_2026/Microfluidics-Benchmarks/Results/tree_full_20260915_040013/artifacts/mint__Primitive__Droplet_Merger__Droplet_Merger_fromMINT --time-limit 1800.0 --solver-profile standard --mip-gap 0.0
Finish loading test case: Droplet_Merger_fromMINT
1/9, Finish initial placement, time spent: 1.4543533325195312e-05 s
[0, 2000, 2000, 'p1', 0] [[1000, 0], [2000, 1000], [1000, 2000], [0, 1000]]
[1, 2000, 2000, 'p2', 0] [[1000, 0], [2000, 1000], [1000, 2000], [0, 1000]]
[2, 10000, 5000, 'm1', 0] [[0, 2500], [10000, 2500]]
2/9, Finish initial placement with rotation, time spent: 7.2479248046875e-05 s
3/9, Finish symmetricalization, time spent: 1.33514404296875e-05 s
4/9, Finish routing, time spent: 0.0011525154113769531 s
****************************************************
New valid order that can lead to planar graph found:
[[0], [0], [0]]
****************************************************
--Finish applying new order
--Finish mirroring related components
5/9, Finish initialization of new orders, time spent: 0.0003666877746582031 s
6/9, Finish shortening wirelength, time spent: 4.172325134277344e-05 s
Skip stage7 LP according to user's need
8/9, Finish routing, time spent: 0.0011610984802246094 s
9/9, Finish compaction and connecting ports, time spent: 0.015097379684448242 s
<<<<<<<<<<<<<<<<<<<<<<<<<<<<<< All P&R Done >>>>>>>>>>>>>>>>>>>>>>>>>>>>>>
Total Timeusage: 0.01791977882385254 s
Reordering Timeusage: 0.0003666877746582031 s
LP-based Optimization Timeusage: 0 s
P&R for the new orders: 0.016666889190673828 s
Done. Combined PR JSON: /home/student/Desktop/Neptune_2026/Microfluidics-Benchmarks/Results/tree_full_20260915_040013/artifacts/mint__Primitive__Droplet_Merger__Droplet_Merger_fromMINT/result.json
