$ /home/student/anaconda3/envs/neptune2026/bin/python /home/student/Desktop/Neptune_2026/scripts/run_all_synthesize_timeout_report.py --_worker --algorithm tree --input /home/student/Desktop/Neptune_2026/Microfluidics-Benchmarks/Results/MINT-TestCases/Primitive/Gradient_Generator/Gradient_Generator_fromMINT.json --case-output /home/student/Desktop/Neptune_2026/Microfluidics-Benchmarks/Results/tree_full_20260915_040013/artifacts/mint__Primitive__Gradient_Generator__Gradient_Generator_fromMINT --time-limit 1800.0 --solver-profile standard --mip-gap 0.0
Reversed 5 connection(s) with opposite-port direction conflicts: ci1, co1, co2, co3, c04.
Finish loading test case: Gradient_Generator_fromMINT
1/9, Finish initial placement, time spent: 1.6927719116210938e-05 s
[0, 2000, 2000, 'p_in', 0] [[1000, 0], [2000, 1000], [1000, 2000], [0, 1000]]
[1, 2000, 2000, 'p_out1', 0] [[1000, 0], [2000, 1000], [1000, 2000], [0, 1000]]
[2, 2000, 2000, 'p_out2', 0] [[1000, 0], [2000, 1000], [1000, 2000], [0, 1000]]
[3, 2000, 2000, 'p_out3', 0] [[1000, 0], [2000, 1000], [1000, 2000], [0, 1000]]
[4, 2000, 2000, 'p_out4', 0] [[1000, 0], [2000, 1000], [1000, 2000], [0, 1000]]
[5, 34060, 33280, 'g', 0] [[17030, 0], [2030, 33280], [12030, 33280], [22030, 33280], [32030, 33280]]
2/9, Finish initial placement with rotation, time spent: 0.00010561943054199219 s
3/9, Finish symmetricalization, time spent: 1.5735626220703125e-05 s
4/9, Finish routing, time spent: 0.0034873485565185547 s
****************************************************
New valid order that can lead to planar graph found:
[[0], [0], [0, 1, 2, 3]]
****************************************************
--Finish applying new order
--Finish mirroring related components
5/9, Finish initialization of new orders, time spent: 0.0005145072937011719 s
6/9, Finish shortening wirelength, time spent: 5.602836608886719e-05 s
Skip stage7 LP according to user's need
8/9, Finish routing, time spent: 0.0035338401794433594 s
9/9, Finish compaction and connecting ports, time spent: 0.026341915130615234 s
<<<<<<<<<<<<<<<<<<<<<<<<<<<<<< All P&R Done >>>>>>>>>>>>>>>>>>>>>>>>>>>>>>
Total Timeusage: 0.034071922302246094 s
Reordering Timeusage: 0.0005145072937011719 s
LP-based Optimization Timeusage: 0 s
P&R for the new orders: 0.030446290969848633 s
Done. Combined PR JSON: /home/student/Desktop/Neptune_2026/Microfluidics-Benchmarks/Results/tree_full_20260915_040013/artifacts/mint__Primitive__Gradient_Generator__Gradient_Generator_fromMINT/result.json
