$ /home/student/anaconda3/envs/neptune2026/bin/python /home/student/Desktop/Neptune_2026/scripts/run_all_synthesize_timeout_report.py --_worker --algorithm tree --input /home/student/Desktop/Neptune_2026/Microfluidics-Benchmarks/Results/MINT-TestCases/Constraints/Orthogonal_Constraint_Large/Orthogonal_Constraint_Large_fromMINT.json --case-output /home/student/Desktop/Neptune_2026/Microfluidics-Benchmarks/Results/tree_full_20260915_040013/artifacts/mint__Constraints__Orthogonal_Constraint_Large__Orthogonal_Constraint_Large_fromMINT --time-limit 1800.0 --solver-profile standard --mip-gap 0.0
Reversed 10 connection(s) with opposite-port direction conflicts: c_2, c_3, c_4, c_7, c_9, c_10, c_12, c_13, c_17, c_20.
Finish loading test case: Orthogonal_Constraint_Large_fromMINT
1/9, Finish initial placement, time spent: 3.266334533691406e-05 s
[0, 4000, 4000, 'p_6', 0] [[2000, 0], [4000, 2000], [2000, 4000], [0, 2000]]
[1, 4000, 4000, 'p_7', 0] [[2000, 0], [4000, 2000], [2000, 4000], [0, 2000]]
[2, 4000, 4000, 'p_8', 0] [[2000, 0], [4000, 2000], [2000, 4000], [0, 2000]]
[3, 4000, 4000, 'p_9', 0] [[2000, 0], [4000, 2000], [2000, 4000], [0, 2000]]
[4, 4000, 4000, 'p_10', 0] [[2000, 0], [4000, 2000], [2000, 4000], [0, 2000]]
[5, 4000, 4000, 'p_11', 0] [[2000, 0], [4000, 2000], [2000, 4000], [0, 2000]]
[6, 4000, 4000, 'p_15', 0] [[2000, 0], [4000, 2000], [2000, 4000], [0, 2000]]
[7, 4000, 4000, 'p_19', 0] [[2000, 0], [4000, 2000], [2000, 4000], [0, 2000]]
[8, 4000, 4000, 'p_20', 0] [[2000, 0], [4000, 2000], [2000, 4000], [0, 2000]]
[9, 4000, 4000, 'p_21', 0] [[2000, 0], [4000, 2000], [2000, 4000], [0, 2000]]
[10, 4000, 4000, 'p_22', 0] [[2000, 0], [4000, 2000], [2000, 4000], [0, 2000]]
[11, 400, 400, 'n_1', 0] [[200.0, 0.0], [400.0, 200.0], [200.0, 400.0], [0.0, 200.0]]
[12, 400, 400, 'n_2', 0] [[200.0, 0.0], [400.0, 200.0], [200.0, 400.0], [0.0, 200.0]]
[13, 400, 400, 'n_3', 0] [[200.0, 0.0], [400.0, 200.0], [200.0, 400.0], [0.0, 200.0]]
[14, 400, 400, 'n_4', 0] [[200.0, 0.0], [400.0, 200.0], [200.0, 400.0], [0.0, 200.0]]
[15, 400, 400, 'n_5', 0] [[200.0, 0.0], [400.0, 200.0], [200.0, 400.0], [0.0, 200.0]]
[16, 400, 400, 'n_14', 0] [[200.0, 0.0], [400.0, 200.0], [200.0, 400.0], [0.0, 200.0]]
[17, 400, 400, 'n_16', 0] [[200.0, 0.0], [400.0, 200.0], [200.0, 400.0], [0.0, 200.0]]
[18, 400, 400, 'n_18', 0] [[200.0, 0.0], [400.0, 200.0], [200.0, 400.0], [0.0, 200.0]]
[19, 4060, 4860, 'm12', 0] [[2030, 0], [2030, 4860]]
[20, 4060, 4860, 'm13', 0] [[2030, 0], [2030, 4860]]
[21, 4060, 4860, 'm17', 0] [[2030, 0], [2030, 4860]]
2/9, Finish initial placement with rotation, time spent: 0.0003669261932373047 s
3/9, Finish symmetricalization, time spent: 3.2901763916015625e-05 s
4/9, Finish routing, time spent: 0.02215266227722168 s
****************************************************
Fail to find valid order; keeping the initial row order
****************************************************
--Finish applying new order
--Finish mirroring related components
5/9, Finish initialization of new orders, time spent: 0.23993277549743652 s
6/9, Finish shortening wirelength, time spent: 0.0001800060272216797 s
Skip stage7 LP according to user's need
8/9, Finish routing, time spent: 0.02503061294555664 s
9/9, Finish compaction and connecting ports, time spent: 0.09031128883361816 s
<<<<<<<<<<<<<<<<<<<<<<<<<<<<<< All P&R Done >>>>>>>>>>>>>>>>>>>>>>>>>>>>>>
Total Timeusage: 0.3780398368835449 s
Reordering Timeusage: 0.23993277549743652 s
LP-based Optimization Timeusage: 0 s
P&R for the new orders: 0.355454683303833 s
Done. Combined PR JSON: /home/student/Desktop/Neptune_2026/Microfluidics-Benchmarks/Results/tree_full_20260915_040013/artifacts/mint__Constraints__Orthogonal_Constraint_Large__Orthogonal_Constraint_Large_fromMINT/result.json
