$ /home/student/anaconda3/envs/neptune2026/bin/python /home/student/Desktop/Neptune_2026/scripts/run_all_synthesize_timeout_report.py --_worker --algorithm tree --input /home/student/Desktop/Neptune_2026/Microfluidics-Benchmarks/Results/MINT-TestCases/Constraints/Orthogonal_Constraint/Orthogonal_Constraint_fromMINT.json --case-output /home/student/Desktop/Neptune_2026/Microfluidics-Benchmarks/Results/tree_full_20260915_040013/artifacts/mint__Constraints__Orthogonal_Constraint__Orthogonal_Constraint_fromMINT --time-limit 1800.0 --solver-profile standard --mip-gap 0.0
Reversed 1 connection(s) with opposite-port direction conflicts: c_east.
Finish loading test case: Orthogonal_Constraint_fromMINT
1/9, Finish initial placement, time spent: 1.7642974853515625e-05 s
[0, 4000, 4000, 'north', 0] [[2000, 0], [4000, 2000], [2000, 4000], [0, 2000]]
[1, 4000, 4000, 'east', 0] [[2000, 0], [4000, 2000], [2000, 4000], [0, 2000]]
[2, 4000, 4000, 'west', 0] [[2000, 0], [4000, 2000], [2000, 4000], [0, 2000]]
[3, 4000, 4000, 'south', 0] [[2000, 0], [4000, 2000], [2000, 4000], [0, 2000]]
[4, 400, 400, 'n1', 0] [[200.0, 0.0], [400.0, 200.0], [200.0, 400.0], [0.0, 200.0]]
2/9, Finish initial placement with rotation, time spent: 0.0001220703125 s
3/9, Finish symmetricalization, time spent: 1.71661376953125e-05 s
4/9, Finish routing, time spent: 0.002876758575439453 s
****************************************************
New valid order that can lead to planar graph found:
[[2, 0, 1], [0], [0]]
****************************************************
--Finish applying new order
--Finish mirroring related components
5/9, Finish initialization of new orders, time spent: 0.00057220458984375 s
6/9, Finish shortening wirelength, time spent: 6.341934204101562e-05 s
Skip stage7 LP according to user's need
8/9, Finish routing, time spent: 0.001779317855834961 s
9/9, Finish compaction and connecting ports, time spent: 0.026358366012573242 s
<<<<<<<<<<<<<<<<<<<<<<<<<<<<<< All P&R Done >>>>>>>>>>>>>>>>>>>>>>>>>>>>>>
Total Timeusage: 0.03180694580078125 s
Reordering Timeusage: 0.00057220458984375 s
LP-based Optimization Timeusage: 0 s
P&R for the new orders: 0.02877330780029297 s
Done. Combined PR JSON: /home/student/Desktop/Neptune_2026/Microfluidics-Benchmarks/Results/tree_full_20260915_040013/artifacts/mint__Constraints__Orthogonal_Constraint__Orthogonal_Constraint_fromMINT/result.json
