$ /home/student/anaconda3/envs/neptune2026/bin/python /home/student/Desktop/Neptune_2026/scripts/run_all_synthesize_timeout_report.py --_worker --algorithm tree --input /home/student/Desktop/Neptune_2026/Microfluidics-Benchmarks/Results/MINT-TestCases/Literature_Benchmarks/Device_1_Sc_Rna_Seq/Device_1_Sc_Rna_Seq_fromMINT.json --case-output /home/student/Desktop/Neptune_2026/Microfluidics-Benchmarks/Results/tree_full_20260915_040013/artifacts/mint__Literature_Benchmarks__Device_1_Sc_Rna_Seq__Device_1_Sc_Rna_Seq_fromMINT --time-limit 1800.0 --solver-profile standard --mip-gap 0.0
Reversed 7 connection(s) with opposite-port direction conflicts: channel_3, channel_4, channel_5, channel_6, channel_7, channel_8, channel_9.
Finish loading test case: Device_1_Sc_Rna_Seq_fromMINT
1/9, Finish initial placement, time spent: 2.0503997802734375e-05 s
[0, 4000, 4000, 'square_cell_trap_1', 0] [[0, 2000], [4000, 2000], [2000, 0], [2000, 4000]]
[1, 1400, 1400, 'port_1', 0] [[700, 0], [1400, 700], [700, 1400], [0, 700]]
[2, 1400, 1400, 'port_2', 0] [[700, 0], [1400, 700], [700, 1400], [0, 700]]
[3, 4060, 4860, 'mixer_1', 0] [[2030, 0], [2030, 4860]]
[4, 4060, 4860, 'mixer_2', 0] [[2030, 0], [2030, 4860]]
[5, 4060, 4860, 'mixer_3', 0] [[2030, 0], [2030, 4860]]
[6, 1400, 1400, 'port_3', 0] [[700, 0], [1400, 700], [700, 1400], [0, 700]]
[7, 1400, 1400, 'port_4', 0] [[700, 0], [1400, 700], [700, 1400], [0, 700]]
[8, 1400, 1400, 'port_5', 0] [[700, 0], [1400, 700], [700, 1400], [0, 700]]
2/9, Finish initial placement with rotation, time spent: 0.00013375282287597656 s
3/9, Finish symmetricalization, time spent: 1.621246337890625e-05 s
4/9, Finish routing, time spent: 0.0029730796813964844 s
****************************************************
New valid order that can lead to planar graph found:
[[0, 1], [0, 1], [0], [2, 0, 1], [0]]
****************************************************
--Finish applying new order
--Finish mirroring related components
5/9, Finish initialization of new orders, time spent: 0.0006978511810302734 s
6/9, Finish shortening wirelength, time spent: 7.772445678710938e-05 s
Skip stage7 LP according to user's need
8/9, Finish routing, time spent: 0.003557443618774414 s
9/9, Finish compaction and connecting ports, time spent: 0.034659624099731445 s
<<<<<<<<<<<<<<<<<<<<<<<<<<<<<< All P&R Done >>>>>>>>>>>>>>>>>>>>>>>>>>>>>>
Total Timeusage: 0.042136192321777344 s
Reordering Timeusage: 0.0006978511810302734 s
LP-based Optimization Timeusage: 0 s
P&R for the new orders: 0.03899264335632324 s
Done. Combined PR JSON: /home/student/Desktop/Neptune_2026/Microfluidics-Benchmarks/Results/tree_full_20260915_040013/artifacts/mint__Literature_Benchmarks__Device_1_Sc_Rna_Seq__Device_1_Sc_Rna_Seq_fromMINT/result.json
