$ /home/student/anaconda3/envs/neptune2026/bin/python /home/student/Desktop/Neptune_2026/scripts/run_all_synthesize_timeout_report.py --_worker --algorithm tree --input /home/student/Desktop/Neptune_2026/Microfluidics-Benchmarks/Results/MINT-TestCases/Base/Port_Multi_Connection/Port_Multi_Connection_fromMINT.json --case-output /home/student/Desktop/Neptune_2026/Microfluidics-Benchmarks/Results/tree_full_20260915_040013/artifacts/mint__Base__Port_Multi_Connection__Port_Multi_Connection_fromMINT --time-limit 1800.0 --solver-profile standard --mip-gap 0.0
Reversed 4 connection(s) with opposite-port direction conflicts: c1, c2, c3, c4.
Finish loading test case: Port_Multi_Connection_fromMINT
1/9, Finish initial placement, time spent: 1.5974044799804688e-05 s
[0, 2000, 2000, 'p1', 0] [[1000, 0], [2000, 1000], [1000, 2000], [0, 1000]]
[1, 2000, 2000, 'p2', 0] [[1000, 0], [2000, 1000], [1000, 2000], [0, 1000]]
[2, 4060, 4860, 'm1', 0] [[2030, 0], [2030, 4860]]
[3, 4060, 4860, 'm2', 0] [[2030, 0], [2030, 4860]]
2/9, Finish initial placement with rotation, time spent: 9.202957153320312e-05 s
3/9, Finish symmetricalization, time spent: 1.5735626220703125e-05 s
4/9, Finish routing, time spent: 0.001756906509399414 s
****************************************************
New valid order that can lead to planar graph found:
[[0], [0, 1], [0]]
****************************************************
--Finish applying new order
--Finish mirroring related components
5/9, Finish initialization of new orders, time spent: 0.0005042552947998047 s
6/9, Finish shortening wirelength, time spent: 6.127357482910156e-05 s
Skip stage7 LP according to user's need
8/9, Finish routing, time spent: 0.001886606216430664 s
9/9, Finish compaction and connecting ports, time spent: 0.02081584930419922 s
<<<<<<<<<<<<<<<<<<<<<<<<<<<<<< All P&R Done >>>>>>>>>>>>>>>>>>>>>>>>>>>>>>
Total Timeusage: 0.025148630142211914 s
Reordering Timeusage: 0.0005042552947998047 s
LP-based Optimization Timeusage: 0 s
P&R for the new orders: 0.02326798439025879 s
Done. Combined PR JSON: /home/student/Desktop/Neptune_2026/Microfluidics-Benchmarks/Results/tree_full_20260915_040013/artifacts/mint__Base__Port_Multi_Connection__Port_Multi_Connection_fromMINT/result.json
