$ /home/student/anaconda3/envs/neptune2026/bin/python /home/student/Desktop/Neptune_2026/scripts/run_all_synthesize_timeout_report.py --_worker --algorithm tree --input /home/student/Desktop/Neptune_2026/Microfluidics-Benchmarks/Results/MINT-TestCases/Drop_Ref/Dx_1_Ref/Dx_1_Ref_fromMINT.json --case-output /home/student/Desktop/Neptune_2026/Microfluidics-Benchmarks/Results/tree_full_20260915_040013/artifacts/mint__Drop_Ref__Dx_1_Ref__Dx_1_Ref_fromMINT --time-limit 1800.0 --solver-profile standard --mip-gap 0.0
Reversed 4 connection(s) with opposite-port direction conflicts: connection_1, connection_4, connection_6, connection_7.
Finish loading test case: Dx_1_Ref_fromMINT
1/9, Finish initial placement, time spent: 2.1696090698242188e-05 s
[0, 4000, 4000, 'port_oil1', 0] [[2000, 0], [4000, 2000], [2000, 4000], [0, 2000]]
[1, 4000, 4000, 'port_oil2', 0] [[2000, 0], [4000, 2000], [2000, 4000], [0, 2000]]
[2, 4000, 4000, 'port_water', 0] [[2000, 0], [4000, 2000], [2000, 4000], [0, 2000]]
[3, 4000, 4000, 'port_injector', 0] [[2000, 0], [4000, 2000], [2000, 4000], [0, 2000]]
[4, 4000, 4000, 'port_out_waste', 0] [[2000, 0], [4000, 2000], [2000, 4000], [0, 2000]]
[5, 4000, 4000, 'port_out_keep', 0] [[2000, 0], [4000, 2000], [2000, 4000], [0, 2000]]
[6, 5975, 375, 'nozzle_droplet_generator_1', 0] [[300, 0], [5975, 187], [300, 375], [0, 187]]
[7, 10000, 9050, 'picoinjector_1', 0] [[0, 5550], [10000, 5550], [5000, 0]]
[8, 2600, 9300, 'mixer_1', 0] [[1300, 0], [1300, 9300]]
[9, 18450, 11426, 'droplet_sorter_1', 0] [[0, 4845], [18450, 600], [18450, 9091]]
2/9, Finish initial placement with rotation, time spent: 0.00018739700317382812 s
3/9, Finish symmetricalization, time spent: 2.3126602172851562e-05 s
4/9, Finish routing, time spent: 0.011399507522583008 s
****************************************************
Fail to find valid order; keeping the initial row order
****************************************************
--Finish applying new order
--Finish mirroring related components
5/9, Finish initialization of new orders, time spent: 0.002382040023803711 s
6/9, Finish shortening wirelength, time spent: 9.036064147949219e-05 s
Skip stage7 LP according to user's need
8/9, Finish routing, time spent: 0.012601375579833984 s
9/9, Finish compaction and connecting ports, time spent: 0.04069972038269043 s
<<<<<<<<<<<<<<<<<<<<<<<<<<<<<< All P&R Done >>>>>>>>>>>>>>>>>>>>>>>>>>>>>>
Total Timeusage: 0.06740522384643555 s
Reordering Timeusage: 0.002382040023803711 s
LP-based Optimization Timeusage: 0 s
P&R for the new orders: 0.05577349662780762 s
Done. Combined PR JSON: /home/student/Desktop/Neptune_2026/Microfluidics-Benchmarks/Results/tree_full_20260915_040013/artifacts/mint__Drop_Ref__Dx_1_Ref__Dx_1_Ref_fromMINT/result.json
