$ /home/student/anaconda3/envs/neptune2026/bin/python /home/student/Desktop/Neptune_2026/scripts/run_all_synthesize_timeout_report.py --_worker --algorithm tree --input /home/student/Desktop/Neptune_2026/Microfluidics-Benchmarks/Results/MINT-TestCases/Base/Super_Mux_4/Super_Mux_4_fromMINT.json --case-output /home/student/Desktop/Neptune_2026/Microfluidics-Benchmarks/Results/tree_full_20260915_040013/artifacts/mint__Base__Super_Mux_4__Super_Mux_4_fromMINT --time-limit 1800.0 --solver-profile standard --mip-gap 0.0
Reversed 1 connection(s) with opposite-port direction conflicts: c_out.
Finish loading test case: Super_Mux_4_fromMINT
1/9, Finish initial placement, time spent: 1.71661376953125e-05 s
[0, 14800, 10000, 'mux_4', 0] [[7400.0, 0.0], [13400.0, 10000.0], [9400.0, 10000.0], [5400.0, 10000.0], [1400.0, 10000.0], [0.0, 4750.0], [14800.0, 5250.0], [0.0, 8250.0], [14800.0, 8750.0]]
[1, 2000, 2000, 'port_out', 0] [[1000, 0], [2000, 1000], [1000, 2000], [0, 1000]]
[2, 2000, 2000, 'port_in_1', 0] [[1000, 0], [2000, 1000], [1000, 2000], [0, 1000]]
[3, 2000, 2000, 'port_in_2', 0] [[1000, 0], [2000, 1000], [1000, 2000], [0, 1000]]
[4, 2000, 2000, 'port_in_3', 0] [[1000, 0], [2000, 1000], [1000, 2000], [0, 1000]]
[5, 2000, 2000, 'port_in_4', 0] [[1000, 0], [2000, 1000], [1000, 2000], [0, 1000]]
2/9, Finish initial placement with rotation, time spent: 0.00012826919555664062 s
3/9, Finish symmetricalization, time spent: 2.0265579223632812e-05 s
4/9, Finish routing, time spent: 0.001982450485229492 s
****************************************************
New valid order that can lead to planar graph found:
[[0], [0], [0, 1, 2, 3]]
****************************************************
--Finish applying new order
--Finish mirroring related components
5/9, Finish initialization of new orders, time spent: 0.0006728172302246094 s
6/9, Finish shortening wirelength, time spent: 5.4836273193359375e-05 s
Skip stage7 LP according to user's need
8/9, Finish routing, time spent: 0.001989603042602539 s
9/9, Finish compaction and connecting ports, time spent: 0.02709174156188965 s
<<<<<<<<<<<<<<<<<<<<<<<<<<<<<< All P&R Done >>>>>>>>>>>>>>>>>>>>>>>>>>>>>>
Total Timeusage: 0.031957149505615234 s
Reordering Timeusage: 0.0006728172302246094 s
LP-based Optimization Timeusage: 0 s
P&R for the new orders: 0.029808998107910156 s
Done. Combined PR JSON: /home/student/Desktop/Neptune_2026/Microfluidics-Benchmarks/Results/tree_full_20260915_040013/artifacts/mint__Base__Super_Mux_4__Super_Mux_4_fromMINT/result.json
