$ /home/student/anaconda3/envs/neptune2026/bin/python /home/student/Desktop/Neptune_2026/scripts/run_all_synthesize_timeout_report.py --_worker --algorithm tree --input /home/student/Desktop/Neptune_2026/Microfluidics-Benchmarks/Results/MINT-TestCases/COVID/Part_3_Gel/Part_3_Gel_fromMINT.json --case-output /home/student/Desktop/Neptune_2026/Microfluidics-Benchmarks/Results/tree_full_20260915_040013/artifacts/mint__COVID__Part_3_Gel__Part_3_Gel_fromMINT --time-limit 1800.0 --solver-profile standard --mip-gap 0.0
Reversed 11 connection(s) with opposite-port direction conflicts: channel_1, channel_2, channel_3, channel_4, channel_5, channel_6, channel_7, channel_8, channel_9, channel_10, channel_11.
Finish loading test case: Part_3_Gel_fromMINT
1/9, Finish initial placement, time spent: 2.384185791015625e-05 s
[0, 4060, 4860, 'mixer_1', 0] [[2030, 0], [2030, 4860]]
[1, 1400, 1400, 'port_1', 0] [[700, 0], [1400, 700], [700, 1400], [0, 700]]
[2, 4060, 4860, 'mixer_2', 0] [[2030, 0], [2030, 4860]]
[3, 4060, 4860, 'mixer_3', 0] [[2030, 0], [2030, 4860]]
[4, 4060, 4860, 'mixer_4', 0] [[2030, 0], [2030, 4860]]
[5, 4060, 4860, 'mixer_5', 0] [[2030, 0], [2030, 4860]]
[6, 1400, 1400, 'port_2', 0] [[700, 0], [1400, 700], [700, 1400], [0, 700]]
[7, 1400, 1400, 'port_3', 0] [[700, 0], [1400, 700], [700, 1400], [0, 700]]
[8, 1400, 1400, 'port_4', 0] [[700, 0], [1400, 700], [700, 1400], [0, 700]]
[9, 1400, 1400, 'port_5', 0] [[700, 0], [1400, 700], [700, 1400], [0, 700]]
[10, 1400, 1400, 'port_6', 0] [[700, 0], [1400, 700], [700, 1400], [0, 700]]
[11, 1400, 1400, 'port_7', 0] [[700, 0], [1400, 700], [700, 1400], [0, 700]]
2/9, Finish initial placement with rotation, time spent: 0.00021719932556152344 s
3/9, Finish symmetricalization, time spent: 2.2172927856445312e-05 s
4/9, Finish routing, time spent: 0.009467363357543945 s
****************************************************
New valid order that can lead to planar graph found:
[[0, 1, 2, 3], [0, 3, 1, 2], [0, 1], [0], [0]]
****************************************************
--Finish applying new order
--Finish mirroring related components
5/9, Finish initialization of new orders, time spent: 0.0009775161743164062 s
6/9, Finish shortening wirelength, time spent: 0.00010848045349121094 s
Skip stage7 LP according to user's need
8/9, Finish routing, time spent: 0.012383460998535156 s
9/9, Finish compaction and connecting ports, time spent: 0.08390164375305176 s
<<<<<<<<<<<<<<<<<<<<<<<<<<<<<< All P&R Done >>>>>>>>>>>>>>>>>>>>>>>>>>>>>>
Total Timeusage: 0.1071016788482666 s
Reordering Timeusage: 0.0009775161743164062 s
LP-based Optimization Timeusage: 0 s
P&R for the new orders: 0.09737110137939453 s
Done. Combined PR JSON: /home/student/Desktop/Neptune_2026/Microfluidics-Benchmarks/Results/tree_full_20260915_040013/artifacts/mint__COVID__Part_3_Gel__Part_3_Gel_fromMINT/result.json
