$ /home/student/anaconda3/envs/neptune2026/bin/python /home/student/Desktop/Neptune_2026/scripts/run_all_synthesize_timeout_report.py --_worker --algorithm tree --input /home/student/Desktop/Neptune_2026/Microfluidics-Benchmarks/Results/MINT-TestCases/Ghissues/Issue_6/Issue_6_fromMINT.json --case-output /home/student/Desktop/Neptune_2026/Microfluidics-Benchmarks/Results/tree_full_20260915_040013/artifacts/mint__Ghissues__Issue_6__Issue_6_fromMINT --time-limit 1800.0 --solver-profile standard --mip-gap 0.0
Reversed 51 connection(s) with opposite-port direction conflicts: channel_1, channel_2, channel_3, channel_4, channel_5, channel_6, channel_7, channel_8, channel_9, channel_10, channel_11, channel_12, channel_13, channel_14, channel_15, channel_16, channel_17, channel_18, channel_19, channel_20, channel_21, channel_22, channel_23, channel_24, channel_25, channel_26, channel_27, channel_28, channel_29, channel_30, channel_31, channel_32, channel_33, channel_34, channel_35, channel_36, channel_37, channel_38, channel_39, channel_40, channel_41, channel_42, channel_43, channel_44, channel_45, channel_46, channel_47, channel_48, channel_49, channel_50, channel_51.
Finish loading test case: Issue_6_fromMINT
1/9, Finish initial placement, time spent: 7.581710815429688e-05 s
[0, 4060, 4860, 'mixer_1', 0] [[2030, 0], [2030, 4860]]
[1, 4060, 4860, 'mixer_2', 0] [[2030, 0], [2030, 4860]]
[2, 4060, 4860, 'mixer_3', 0] [[2030, 0], [2030, 4860]]
[3, 4060, 4860, 'mixer_4', 0] [[2030, 0], [2030, 4860]]
[4, 4060, 4860, 'mixer_5', 0] [[2030, 0], [2030, 4860]]
[5, 1400, 1400, 'port_1', 0] [[700, 0], [1400, 700], [700, 1400], [0, 700]]
[6, 4060, 4860, 'mixer_6', 0] [[2030, 0], [2030, 4860]]
[7, 4060, 4860, 'mixer_7', 0] [[2030, 0], [2030, 4860]]
[8, 4060, 4860, 'mixer_8', 0] [[2030, 0], [2030, 4860]]
[9, 4060, 4860, 'mixer_9', 0] [[2030, 0], [2030, 4860]]
[10, 4060, 4860, 'mixer_10', 0] [[2030, 0], [2030, 4860]]
[11, 4060, 4860, 'mixer_11', 0] [[2030, 0], [2030, 4860]]
[12, 4060, 4860, 'mixer_12', 0] [[2030, 0], [2030, 4860]]
[13, 4060, 4860, 'mixer_13', 0] [[2030, 0], [2030, 4860]]
[14, 4060, 4860, 'mixer_14', 0] [[2030, 0], [2030, 4860]]
[15, 4060, 4860, 'mixer_15', 0] [[2030, 0], [2030, 4860]]
[16, 4060, 4860, 'mixer_16', 0] [[2030, 0], [2030, 4860]]
[17, 4060, 4860, 'mixer_17', 0] [[2030, 0], [2030, 4860]]
[18, 1400, 1400, 'port_2', 0] [[700, 0], [1400, 700], [700, 1400], [0, 700]]
[19, 4060, 4860, 'mixer_18', 0] [[2030, 0], [2030, 4860]]
[20, 4060, 4860, 'mixer_19', 0] [[2030, 0], [2030, 4860]]
[21, 4060, 4860, 'mixer_20', 0] [[2030, 0], [2030, 4860]]
[22, 4060, 4860, 'mixer_21', 0] [[2030, 0], [2030, 4860]]
[23, 4060, 4860, 'mixer_22', 0] [[2030, 0], [2030, 4860]]
[24, 4060, 4860, 'mixer_23', 0] [[2030, 0], [2030, 4860]]
[25, 4060, 4860, 'mixer_24', 0] [[2030, 0], [2030, 4860]]
[26, 1400, 1400, 'port_3', 0] [[700, 0], [1400, 700], [700, 1400], [0, 700]]
[27, 1400, 1400, 'port_4', 0] [[700, 0], [1400, 700], [700, 1400], [0, 700]]
[28, 1400, 1400, 'port_5', 0] [[700, 0], [1400, 700], [700, 1400], [0, 700]]
[29, 1400, 1400, 'port_6', 0] [[700, 0], [1400, 700], [700, 1400], [0, 700]]
[30, 1400, 1400, 'port_7', 0] [[700, 0], [1400, 700], [700, 1400], [0, 700]]
[31, 1400, 1400, 'port_8', 0] [[700, 0], [1400, 700], [700, 1400], [0, 700]]
[32, 1400, 1400, 'port_9', 0] [[700, 0], [1400, 700], [700, 1400], [0, 700]]
[33, 1400, 1400, 'port_10', 0] [[700, 0], [1400, 700], [700, 1400], [0, 700]]
[34, 1400, 1400, 'port_11', 0] [[700, 0], [1400, 700], [700, 1400], [0, 700]]
2/9, Finish initial placement with rotation, time spent: 0.0004773139953613281 s
3/9, Finish symmetricalization, time spent: 2.7179718017578125e-05 s
4/9, Finish routing, time spent: 0.03798341751098633 s
****************************************************
Fail to find valid order; keeping the initial row order
****************************************************
--Finish applying new order
--Finish mirroring related components
5/9, Finish initialization of new orders, time spent: 0.004246950149536133 s
6/9, Finish shortening wirelength, time spent: 0.00020360946655273438 s
Skip stage7 LP according to user's need
