$ /home/student/anaconda3/envs/neptune2026/bin/python /home/student/Desktop/Neptune_2026/scripts/run_all_synthesize_timeout_report.py --_worker --algorithm tree --input /home/student/Desktop/Neptune_2026/Microfluidics-Benchmarks/Results/MINT-TestCases/Mars/Ligation/Ligation_fromMINT.json --case-output /home/student/Desktop/Neptune_2026/Microfluidics-Benchmarks/Results/tree_full_20260915_040013/artifacts/mint__Mars__Ligation__Ligation_fromMINT --time-limit 1800.0 --solver-profile standard --mip-gap 0.0
Reversed 15 connection(s) with opposite-port direction conflicts: channel_12, channel_13, channel_14, channel_15, channel_16, channel_17, channel_18, channel_19, channel_20, channel_21, channel_22, channel_23, channel_24, channel_25, channel_11.
Finish loading test case: Ligation_fromMINT
1/9, Finish initial placement, time spent: 5.7697296142578125e-05 s
[0, 5000, 5000, 'reaction_chamber_1', 0] [[2500, 0], [5000, 2500], [2500, 5000], [0, 2500]]
[1, 1400, 1400, 'port_1', 0] [[700, 0], [1400, 700], [700, 1400], [0, 700]]
[2, 4000, 4000, 'port_2', 0] [[2000, 0], [4000, 2000], [2000, 4000], [0, 2000]]
[3, 4000, 4000, 'port_3', 0] [[2000, 0], [4000, 2000], [2000, 4000], [0, 2000]]
[4, 1800, 600, 'nozzle_droplet_generator_1', 0] [[400, 0], [1800, 300], [400, 600], [0, 300]]
[5, 4060, 4860, 'mixer_1', 0] [[2030, 0], [2030, 4860]]
[6, 4060, 4860, 'mixer_2', 0] [[2030, 0], [2030, 4860]]
[7, 4060, 4860, 'mixer_3', 0] [[2030, 0], [2030, 4860]]
[8, 4000, 4000, 'port_4', 0] [[2000, 0], [4000, 2000], [2000, 4000], [0, 2000]]
[9, 4000, 4000, 'port_5', 0] [[2000, 0], [4000, 2000], [2000, 4000], [0, 2000]]
[10, 1800, 600, 'nozzle_droplet_generator_2', 0] [[400, 0], [1800, 300], [400, 600], [0, 300]]
[11, 4060, 4860, 'mixer_4', 0] [[2030, 0], [2030, 4860]]
[12, 4000, 4000, 'port_6', 0] [[2000, 0], [4000, 2000], [2000, 4000], [0, 2000]]
[13, 4000, 4000, 'port_7', 0] [[2000, 0], [4000, 2000], [2000, 4000], [0, 2000]]
[14, 1800, 600, 'nozzle_droplet_generator_3', 0] [[400, 0], [1800, 300], [400, 600], [0, 300]]
[15, 4000, 4000, 'port_8', 0] [[2000, 0], [4000, 2000], [2000, 4000], [0, 2000]]
[16, 4000, 4000, 'port_9', 0] [[2000, 0], [4000, 2000], [2000, 4000], [0, 2000]]
[17, 1800, 600, 'nozzle_droplet_generator_4', 0] [[400, 0], [1800, 300], [400, 600], [0, 300]]
[18, 4000, 4000, 'port_10', 0] [[2000, 0], [4000, 2000], [2000, 4000], [0, 2000]]
[19, 4000, 4000, 'port_11', 0] [[2000, 0], [4000, 2000], [2000, 4000], [0, 2000]]
[20, 1800, 600, 'nozzle_droplet_generator_5', 0] [[400, 0], [1800, 300], [400, 600], [0, 300]]
[21, 1400, 1400, 'port_12', 0] [[700, 0], [1400, 700], [700, 1400], [0, 700]]
[22, 1400, 1400, 'port_13', 0] [[700, 0], [1400, 700], [700, 1400], [0, 700]]
[23, 1400, 1400, 'port_14', 0] [[700, 0], [1400, 700], [700, 1400], [0, 700]]
[24, 1400, 1400, 'port_15', 0] [[700, 0], [1400, 700], [700, 1400], [0, 700]]
[25, 1400, 1400, 'port_16', 0] [[700, 0], [1400, 700], [700, 1400], [0, 700]]
2/9, Finish initial placement with rotation, time spent: 0.00042057037353515625 s
3/9, Finish symmetricalization, time spent: 3.409385681152344e-05 s
4/9, Finish routing, time spent: 0.021416425704956055 s
****************************************************
New valid order that can lead to planar graph found:
[[0, 1], [6, 1, 4, 0, 2, 3, 5], [4, 1, 3, 0, 2], [4, 1, 3, 0, 2], [1, 3, 0, 2], [0], [0], [0]]
****************************************************
--Finish applying new order
--Finish mirroring related components
5/9, Finish initialization of new orders, time spent: 0.0016815662384033203 s
6/9, Finish shortening wirelength, time spent: 0.00014901161193847656 s
Skip stage7 LP according to user's need
