$ /home/student/anaconda3/envs/neptune2026/bin/python /home/student/Desktop/Neptune_2026/scripts/run_all_synthesize_timeout_report.py --_worker --algorithm tree --input /home/student/Desktop/Neptune_2026/Microfluidics-Benchmarks/Results/MINT-TestCases/Protocols/Cell_Sorting/Cell_Sorting_fromMINT.json --case-output /home/student/Desktop/Neptune_2026/Microfluidics-Benchmarks/Results/tree_full_20260915_040013/artifacts/mint__Protocols__Cell_Sorting__Cell_Sorting_fromMINT --time-limit 1800.0 --solver-profile standard --mip-gap 0.0
Finish loading test case: Cell_Sorting_fromMINT
1/9, Finish initial placement, time spent: 1.5020370483398438e-05 s
[0, 1400, 1400, 'port_1', 0] [[700, 0], [1400, 700], [700, 1400], [0, 700]]
[1, 1400, 1400, 'port_2', 0] [[700, 0], [1400, 700], [700, 1400], [0, 700]]
[2, 1400, 1400, 'port_3', 0] [[700, 0], [1400, 700], [700, 1400], [0, 700]]
[3, 1400, 1400, 'port_4', 0] [[700, 0], [1400, 700], [700, 1400], [0, 700]]
2/9, Finish initial placement with rotation, time spent: 8.749961853027344e-05 s
3/9, Finish symmetricalization, time spent: 1.3589859008789062e-05 s
4/9, Finish routing, time spent: 0.0002446174621582031 s
****************************************************
New valid order that can lead to planar graph found:
[[0, 1, 2], [0]]
****************************************************
--Finish applying new order
--Finish mirroring related components
5/9, Finish initialization of new orders, time spent: 0.0004134178161621094 s
6/9, Finish shortening wirelength, time spent: 3.981590270996094e-05 s
Skip stage7 LP according to user's need
8/9, Finish routing, time spent: 0.0002703666687011719 s
9/9, Finish compaction and connecting ports, time spent: 0.019454002380371094 s
<<<<<<<<<<<<<<<<<<<<<<<<<<<<<< All P&R Done >>>>>>>>>>>>>>>>>>>>>>>>>>>>>>
Total Timeusage: 0.020538330078125 s
Reordering Timeusage: 0.0004134178161621094 s
LP-based Optimization Timeusage: 0 s
P&R for the new orders: 0.020177602767944336 s
Done. Combined PR JSON: /home/student/Desktop/Neptune_2026/Microfluidics-Benchmarks/Results/tree_full_20260915_040013/artifacts/mint__Protocols__Cell_Sorting__Cell_Sorting_fromMINT/result.json
