$ /home/student/anaconda3/envs/neptune2026/bin/python /home/student/Desktop/Neptune_2026/scripts/run_all_synthesize_timeout_report.py --_worker --algorithm tree --input /home/student/Desktop/Neptune_2026/Microfluidics-Benchmarks/Results/MINT-TestCases/Literature_Benchmarks/Device_7_Enzyme_Screening/Device_7_Enzyme_Screening_fromMINT.json --case-output /home/student/Desktop/Neptune_2026/Microfluidics-Benchmarks/Results/tree_full_20260915_040013/artifacts/mint__Literature_Benchmarks__Device_7_Enzyme_Screening__Device_7_Enzyme_Screening_fromMINT --time-limit 1800.0 --solver-profile standard --mip-gap 0.0
Reversed 31 connection(s) with opposite-port direction conflicts: channel_5, channel_6, channel_7, channel_8, channel_9, channel_10, channel_11, channel_12, channel_13, channel_14, channel_15, channel_16, channel_17, channel_18, channel_19, channel_20, channel_21, channel_22, channel_23, channel_24, channel_25, channel_26, channel_27, channel_28, channel_29, channel_30, channel_31, channel_32, channel_33, channel_34, channel_35.
Finish loading test case: Device_7_Enzyme_Screening_fromMINT
1/9, Finish initial placement, time spent: 7.033348083496094e-05 s
[0, 5000, 5000, 'reaction_chamber_1', 0] [[2500, 0], [5000, 2500], [2500, 5000], [0, 2500]]
[1, 1400, 1400, 'port_1', 0] [[700, 0], [1400, 700], [700, 1400], [0, 700]]
[2, 5000, 5000, 'reaction_chamber_2', 0] [[2500, 0], [5000, 2500], [2500, 5000], [0, 2500]]
[3, 4000, 4000, 'port_2', 0] [[2000, 0], [4000, 2000], [2000, 4000], [0, 2000]]
[4, 4000, 4000, 'port_3', 0] [[2000, 0], [4000, 2000], [2000, 4000], [0, 2000]]
[5, 1800, 600, 'nozzle_droplet_generator_1', 0] [[400, 0], [1800, 300], [400, 600], [0, 300]]
[6, 4060, 4860, 'mixer_1', 0] [[2030, 0], [2030, 4860]]
[7, 4060, 4860, 'mixer_2', 0] [[2030, 0], [2030, 4860]]
[8, 4060, 4860, 'mixer_3', 0] [[2030, 0], [2030, 4860]]
[9, 4060, 4860, 'mixer_4', 0] [[2030, 0], [2030, 4860]]
[10, 4060, 4860, 'mixer_5', 0] [[2030, 0], [2030, 4860]]
[11, 4060, 4860, 'mixer_6', 0] [[2030, 0], [2030, 4860]]
[12, 4060, 4860, 'mixer_7', 0] [[2030, 0], [2030, 4860]]
[13, 4060, 4860, 'mixer_8', 0] [[2030, 0], [2030, 4860]]
[14, 4060, 4860, 'mixer_9', 0] [[2030, 0], [2030, 4860]]
[15, 4060, 4860, 'mixer_10', 0] [[2030, 0], [2030, 4860]]
[16, 4060, 4860, 'mixer_11', 0] [[2030, 0], [2030, 4860]]
[17, 4060, 4860, 'mixer_12', 0] [[2030, 0], [2030, 4860]]
[18, 4060, 4860, 'mixer_13', 0] [[2030, 0], [2030, 4860]]
[19, 4060, 4860, 'mixer_14', 0] [[2030, 0], [2030, 4860]]
[20, 1400, 1400, 'port_4', 0] [[700, 0], [1400, 700], [700, 1400], [0, 700]]
[21, 1400, 1400, 'port_5', 0] [[700, 0], [1400, 700], [700, 1400], [0, 700]]
[22, 1400, 1400, 'port_6', 0] [[700, 0], [1400, 700], [700, 1400], [0, 700]]
[23, 1400, 1400, 'port_7', 0] [[700, 0], [1400, 700], [700, 1400], [0, 700]]
[24, 1400, 1400, 'port_8', 0] [[700, 0], [1400, 700], [700, 1400], [0, 700]]
[25, 1400, 1400, 'port_9', 0] [[700, 0], [1400, 700], [700, 1400], [0, 700]]
[26, 1400, 1400, 'port_10', 0] [[700, 0], [1400, 700], [700, 1400], [0, 700]]
[27, 1400, 1400, 'port_11', 0] [[700, 0], [1400, 700], [700, 1400], [0, 700]]
2/9, Finish initial placement with rotation, time spent: 0.0004742145538330078 s
3/9, Finish symmetricalization, time spent: 3.552436828613281e-05 s
4/9, Finish routing, time spent: 0.027391672134399414 s
****************************************************
Fail to find valid order; keeping the initial row order
****************************************************
--Finish applying new order
--Finish mirroring related components
5/9, Finish initialization of new orders, time spent: 0.3211846351623535 s
6/9, Finish shortening wirelength, time spent: 0.00020051002502441406 s
Skip stage7 LP according to user's need
8/9, Finish routing, time spent: 0.0295257568359375 s
9/9, Finish compaction and connecting ports, time spent: 0.10284638404846191 s
<<<<<<<<<<<<<<<<<<<<<<<<<<<<<< All P&R Done >>>>>>>>>>>>>>>>>>>>>>>>>>>>>>
Total Timeusage: 0.48172903060913086 s
Reordering Timeusage: 0.3211846351623535 s
LP-based Optimization Timeusage: 0 s
P&R for the new orders: 0.45375728607177734 s
Cannot finish valid layer-1 synthesis for:
- reason=routing:fallback_no_compliant_valve_escape valve=valve_0 flow_connection=channel_11 control_port=Cport_7
- reason=routing:fallback_no_compliant_valve_escape valve=valve_0 flow_connection=channel_11 control_port=Cport_8
- reason=routing:fallback_no_compliant_valve_escape valve=valve_0 flow_connection=channel_11 control_port=Cport_9
- reason=routing:fallback_no_compliant_valve_escape valve=valve_0 flow_connection=channel_11 control_port=Cport_10
- reason=routing:fallback_no_compliant_valve_escape valve=valve_0 flow_connection=channel_11 control_port=Cport_11
- reason=routing:fallback_no_compliant_valve_escape valve=valve_0 flow_connection=channel_11 control_port=Cport_13
Done. Combined PR JSON: /home/student/Desktop/Neptune_2026/Microfluidics-Benchmarks/Results/tree_full_20260915_040013/artifacts/mint__Literature_Benchmarks__Device_7_Enzyme_Screening__Device_7_Enzyme_Screening_fromMINT/result.json
