$ /home/student/anaconda3/envs/neptune2026/bin/python /home/student/Desktop/Neptune_2026/scripts/run_all_synthesize_timeout_report.py --_worker --algorithm tree --input /home/student/Desktop/Neptune_2026/Microfluidics-Benchmarks/Results/MINT-TestCases/Primitive/Node/Node_fromMINT.json --case-output /home/student/Desktop/Neptune_2026/Microfluidics-Benchmarks/Results/tree_full_20260915_040013/artifacts/mint__Primitive__Node__Node_fromMINT --time-limit 1800.0 --solver-profile standard --mip-gap 0.0
Reversed 1 connection(s) with opposite-port direction conflicts: c1.
Finish loading test case: Node_fromMINT
1/9, Finish initial placement, time spent: 1.5020370483398438e-05 s
[0, 2000, 2000, 'p1', 0] [[1000, 0], [2000, 1000], [1000, 2000], [0, 1000]]
[1, 2000, 2000, 'p2', 0] [[1000, 0], [2000, 1000], [1000, 2000], [0, 1000]]
[2, 100, 100, 'n', 0] [[50.0, 0.0], [100.0, 50.0], [50.0, 100.0], [0.0, 50.0]]
2/9, Finish initial placement with rotation, time spent: 7.462501525878906e-05 s
3/9, Finish symmetricalization, time spent: 1.5020370483398438e-05 s
4/9, Finish routing, time spent: 0.0002493858337402344 s
****************************************************
New valid order that can lead to planar graph found:
[[0, 1], [0]]
****************************************************
--Finish applying new order
--Finish mirroring related components
5/9, Finish initialization of new orders, time spent: 0.0003440380096435547 s
6/9, Finish shortening wirelength, time spent: 3.743171691894531e-05 s
Skip stage7 LP according to user's need
8/9, Finish routing, time spent: 0.0002875328063964844 s
9/9, Finish compaction and connecting ports, time spent: 0.015463829040527344 s
<<<<<<<<<<<<<<<<<<<<<<<<<<<<<< All P&R Done >>>>>>>>>>>>>>>>>>>>>>>>>>>>>>
Total Timeusage: 0.01648688316345215 s
Reordering Timeusage: 0.0003440380096435547 s
LP-based Optimization Timeusage: 0 s
P&R for the new orders: 0.016132831573486328 s
Done. Combined PR JSON: /home/student/Desktop/Neptune_2026/Microfluidics-Benchmarks/Results/tree_full_20260915_040013/artifacts/mint__Primitive__Node__Node_fromMINT/result.json
