$ /home/student/anaconda3/envs/neptune2026/bin/python /home/student/Desktop/Neptune_2026/scripts/run_all_synthesize_timeout_report.py --_worker --algorithm tree --input /home/student/Desktop/Neptune_2026/Microfluidics-Benchmarks/Results/MINT-TestCases/CIDAR_Lab_Past_Devices/Number_Declarations/Number_Declarations_fromMINT.json --case-output /home/student/Desktop/Neptune_2026/Microfluidics-Benchmarks/Results/tree_full_20260915_040013/artifacts/mint__CIDAR_Lab_Past_Devices__Number_Declarations__Number_Declarations_fromMINT --time-limit 1800.0 --solver-profile standard --mip-gap 0.0
Finish loading test case: Number_Declarations_fromMINT
1/9, Finish initial placement, time spent: 1.3828277587890625e-05 s
[0, 1400, 1400, 'port_1', 0] [[700, 0], [1400, 700], [700, 1400], [0, 700]]
[1, 1400, 1400, 'port_2', 0] [[700, 0], [1400, 700], [700, 1400], [0, 700]]
2/9, Finish initial placement with rotation, time spent: 6.341934204101562e-05 s
3/9, Finish symmetricalization, time spent: 1.3589859008789062e-05 s
4/9, Finish routing, time spent: 0.00017189979553222656 s
****************************************************
New valid order that can lead to planar graph found:
[[0], [0]]
****************************************************
--Finish applying new order
--Finish mirroring related components
5/9, Finish initialization of new orders, time spent: 0.00033664703369140625 s
6/9, Finish shortening wirelength, time spent: 3.1948089599609375e-05 s
Skip stage7 LP according to user's need
8/9, Finish routing, time spent: 0.0002067089080810547 s
9/9, Finish compaction and connecting ports, time spent: 0.012342691421508789 s
<<<<<<<<<<<<<<<<<<<<<<<<<<<<<< All P&R Done >>>>>>>>>>>>>>>>>>>>>>>>>>>>>>
Total Timeusage: 0.013180732727050781 s
Reordering Timeusage: 0.00033664703369140625 s
LP-based Optimization Timeusage: 0 s
P&R for the new orders: 0.01291799545288086 s
Done. Combined PR JSON: /home/student/Desktop/Neptune_2026/Microfluidics-Benchmarks/Results/tree_full_20260915_040013/artifacts/mint__CIDAR_Lab_Past_Devices__Number_Declarations__Number_Declarations_fromMINT/result.json
