$ /home/student/anaconda3/envs/neptune2026/bin/python /home/student/Desktop/Neptune_2026/scripts/run_all_synthesize_timeout_report.py --_worker --algorithm tree --input /home/student/Desktop/Neptune_2026/Microfluidics-Benchmarks/Results/MINT-TestCases/Primitive/Flow_Focus_Droplet_Generator/Flow_Focus_Droplet_Generator_fromMINT.json --case-output /home/student/Desktop/Neptune_2026/Microfluidics-Benchmarks/Results/tree_full_20260915_040013/artifacts/mint__Primitive__Flow_Focus_Droplet_Generator__Flow_Focus_Droplet_Generator_fromMINT --time-limit 1800.0 --solver-profile standard --mip-gap 0.0
Finish loading test case: Flow_Focus_Droplet_Generator_fromMINT
1/9, Finish initial placement, time spent: 1.2636184692382812e-05 s
[0, 2000, 2000, 'p1', 0] [[1000, 0], [2000, 1000], [1000, 2000], [0, 1000]]
[1, 7500, 10200, 'd', 0] [[7500, 5100]]
2/9, Finish initial placement with rotation, time spent: 7.2479248046875e-05 s
3/9, Finish symmetricalization, time spent: 1.1205673217773438e-05 s
4/9, Finish routing, time spent: 0.0009839534759521484 s
****************************************************
New valid order that can lead to planar graph found:
[[0], [0]]
****************************************************
--Finish applying new order
--Finish mirroring related components
5/9, Finish initialization of new orders, time spent: 0.00031304359436035156 s
6/9, Finish shortening wirelength, time spent: 2.5272369384765625e-05 s
Skip stage7 LP according to user's need
8/9, Finish routing, time spent: 0.0010232925415039062 s
9/9, Finish compaction and connecting ports, time spent: 0.01080322265625 s
<<<<<<<<<<<<<<<<<<<<<<<<<<<<<< All P&R Done >>>>>>>>>>>>>>>>>>>>>>>>>>>>>>
Total Timeusage: 0.013245105743408203 s
Reordering Timeusage: 0.00031304359436035156 s
LP-based Optimization Timeusage: 0 s
P&R for the new orders: 0.012164831161499023 s
Done. Combined PR JSON: /home/student/Desktop/Neptune_2026/Microfluidics-Benchmarks/Results/tree_full_20260915_040013/artifacts/mint__Primitive__Flow_Focus_Droplet_Generator__Flow_Focus_Droplet_Generator_fromMINT/result.json
