$ /home/student/anaconda3/envs/neptune2026/bin/python /home/student/Desktop/Neptune_2026/scripts/run_all_synthesize_timeout_report.py --_worker --algorithm tree --input /home/student/Desktop/Neptune_2026/Microfluidics-Benchmarks/Results/MINT-TestCases/Primitive/Pump_3d/Pump_3d_fromMINT.json --case-output /home/student/Desktop/Neptune_2026/Microfluidics-Benchmarks/Results/tree_full_20260915_040013/artifacts/mint__Primitive__Pump_3d__Pump_3d_fromMINT --time-limit 1800.0 --solver-profile standard --mip-gap 0.0
Finish loading test case: Pump_3d_fromMINT
1/9, Finish initial placement, time spent: 1.5020370483398438e-05 s
[0, 2000, 2000, 'p1', 0] [[1000, 0], [2000, 1000], [1000, 2000], [0, 1000]]
[1, 2000, 2000, 'p2', 0] [[1000, 0], [2000, 1000], [1000, 2000], [0, 1000]]
[2, 2400, 12400, 'pump', 0] [[1200, 0], [1200, 12400], [1200, 1200], [1200, 6200], [1200, 11200]]
2/9, Finish initial placement with rotation, time spent: 7.677078247070312e-05 s
3/9, Finish symmetricalization, time spent: 1.4543533325195312e-05 s
4/9, Finish routing, time spent: 0.0006430149078369141 s
****************************************************
New valid order that can lead to planar graph found:
[[0], [0, 1]]
****************************************************
--Finish applying new order
--Finish mirroring related components
5/9, Finish initialization of new orders, time spent: 0.00042510032653808594 s
6/9, Finish shortening wirelength, time spent: 4.267692565917969e-05 s
Skip stage7 LP according to user's need
8/9, Finish routing, time spent: 0.0006651878356933594 s
9/9, Finish compaction and connecting ports, time spent: 0.015720605850219727 s
<<<<<<<<<<<<<<<<<<<<<<<<<<<<<< All P&R Done >>>>>>>>>>>>>>>>>>>>>>>>>>>>>>
Total Timeusage: 0.017602920532226562 s
Reordering Timeusage: 0.00042510032653808594 s
LP-based Optimization Timeusage: 0 s
P&R for the new orders: 0.01685357093811035 s
Done. Combined PR JSON: /home/student/Desktop/Neptune_2026/Microfluidics-Benchmarks/Results/tree_full_20260915_040013/artifacts/mint__Primitive__Pump_3d__Pump_3d_fromMINT/result.json
