$ /home/student/anaconda3/envs/neptune2026/bin/python /home/student/Desktop/Neptune_2026/scripts/run_all_synthesize_timeout_report.py --_worker --algorithm tree --input /home/student/Desktop/Neptune_2026/Microfluidics-Benchmarks/Results/MINT-TestCases/Distribute_Library/Cell_Traps_4/Cell_Traps_4_fromMINT.json --case-output /home/student/Desktop/Neptune_2026/Microfluidics-Benchmarks/Results/tree_full_20260915_040013/artifacts/mint__Distribute_Library__Cell_Traps_4__Cell_Traps_4_fromMINT --time-limit 1800.0 --solver-profile standard --mip-gap 0.0
Finish loading test case: Cell_Traps_4_fromMINT
1/9, Finish initial placement, time spent: 1.33514404296875e-05 s
[0, 1400, 1400, 'port_1', 0] [[700, 0], [1400, 700], [700, 1400], [0, 700]]
[1, 1400, 1400, 'port_2', 0] [[700, 0], [1400, 700], [700, 1400], [0, 700]]
2/9, Finish initial placement with rotation, time spent: 6.580352783203125e-05 s
3/9, Finish symmetricalization, time spent: 1.33514404296875e-05 s
4/9, Finish routing, time spent: 0.00017905235290527344 s
****************************************************
New valid order that can lead to planar graph found:
[[0], [0]]
****************************************************
--Finish applying new order
--Finish mirroring related components
5/9, Finish initialization of new orders, time spent: 0.00034236907958984375 s
6/9, Finish shortening wirelength, time spent: 3.886222839355469e-05 s
Skip stage7 LP according to user's need
8/9, Finish routing, time spent: 0.00021886825561523438 s
9/9, Finish compaction and connecting ports, time spent: 0.01382303237915039 s
<<<<<<<<<<<<<<<<<<<<<<<<<<<<<< All P&R Done >>>>>>>>>>>>>>>>>>>>>>>>>>>>>>
Total Timeusage: 0.014694690704345703 s
Reordering Timeusage: 0.00034236907958984375 s
LP-based Optimization Timeusage: 0 s
P&R for the new orders: 0.014423131942749023 s
Done. Combined PR JSON: /home/student/Desktop/Neptune_2026/Microfluidics-Benchmarks/Results/tree_full_20260915_040013/artifacts/mint__Distribute_Library__Cell_Traps_4__Cell_Traps_4_fromMINT/result.json
