$ /home/student/anaconda3/envs/neptune2026/bin/python /home/student/Desktop/Neptune_2026/scripts/run_all_synthesize_timeout_report.py --_worker --algorithm tree --input /home/student/Desktop/Neptune_2026/Microfluidics-Benchmarks/Results/MINT-TestCases/Expressions/Expression_2/Expression_2_fromMINT.json --case-output /home/student/Desktop/Neptune_2026/Microfluidics-Benchmarks/Results/tree_full_20260915_040013/artifacts/mint__Expressions__Expression_2__Expression_2_fromMINT --time-limit 1800.0 --solver-profile standard --mip-gap 0.0
Reversed 4 connection(s) with opposite-port direction conflicts: channel_3, channel_4, channel_5, channel_6.
Finish loading test case: Expression_2_fromMINT
1/9, Finish initial placement, time spent: 1.9073486328125e-05 s
[0, 4000, 4000, 'port_1', 0] [[2000, 0], [4000, 2000], [2000, 4000], [0, 2000]]
[1, 4000, 4000, 'port_2', 0] [[2000, 0], [4000, 2000], [2000, 4000], [0, 2000]]
[2, 1800, 600, 'nozzle_droplet_generator_1', 0] [[400, 0], [1800, 300], [400, 600], [0, 300]]
[3, 4060, 4860, 'mixer_1', 0] [[2030, 0], [2030, 4860]]
[4, 1400, 1400, 'port_3', 0] [[700, 0], [1400, 700], [700, 1400], [0, 700]]
[5, 1400, 1400, 'port_4', 0] [[700, 0], [1400, 700], [700, 1400], [0, 700]]
[6, 1400, 1400, 'port_5', 0] [[700, 0], [1400, 700], [700, 1400], [0, 700]]
2/9, Finish initial placement with rotation, time spent: 0.0005075931549072266 s
3/9, Finish symmetricalization, time spent: 1.9311904907226562e-05 s
4/9, Finish routing, time spent: 0.004271507263183594 s
****************************************************
New valid order that can lead to planar graph found:
[[0], [1, 3, 0, 2], [0], [0]]
****************************************************
--Finish applying new order
--Finish mirroring related components
5/9, Finish initialization of new orders, time spent: 0.0006568431854248047 s
6/9, Finish shortening wirelength, time spent: 7.319450378417969e-05 s
Skip stage7 LP according to user's need
8/9, Finish routing, time spent: 0.004439830780029297 s
9/9, Finish compaction and connecting ports, time spent: 0.028210878372192383 s
<<<<<<<<<<<<<<<<<<<<<<<<<<<<<< All P&R Done >>>>>>>>>>>>>>>>>>>>>>>>>>>>>>
Total Timeusage: 0.038198232650756836 s
Reordering Timeusage: 0.0006568431854248047 s
LP-based Optimization Timeusage: 0 s
P&R for the new orders: 0.033380746841430664 s
Done. Combined PR JSON: /home/student/Desktop/Neptune_2026/Microfluidics-Benchmarks/Results/tree_full_20260915_040013/artifacts/mint__Expressions__Expression_2__Expression_2_fromMINT/result.json
