$ /home/student/anaconda3/envs/neptune2026/bin/python /home/student/Desktop/Neptune_2026/scripts/run_all_synthesize_timeout_report.py --_worker --algorithm tree --input /home/student/Desktop/Neptune_2026/Microfluidics-Benchmarks/Results/MINT-TestCases/Distribute_Expressions/Dist_Expression_1/Dist_Expression_1_fromMINT.json --case-output /home/student/Desktop/Neptune_2026/Microfluidics-Benchmarks/Results/tree_full_20260915_040013/artifacts/mint__Distribute_Expressions__Dist_Expression_1__Dist_Expression_1_fromMINT --time-limit 1800.0 --solver-profile standard --mip-gap 0.0
Finish loading test case: Dist_Expression_1_fromMINT
1/9, Finish initial placement, time spent: 1.33514404296875e-05 s
[0, 1400, 1400, 'port_1', 0] [[700, 0], [1400, 700], [700, 1400], [0, 700]]
[1, 1400, 1400, 'port_2', 0] [[700, 0], [1400, 700], [700, 1400], [0, 700]]
2/9, Finish initial placement with rotation, time spent: 6.318092346191406e-05 s
3/9, Finish symmetricalization, time spent: 1.4066696166992188e-05 s
4/9, Finish routing, time spent: 0.00017547607421875 s
****************************************************
New valid order that can lead to planar graph found:
[[0], [0]]
****************************************************
--Finish applying new order
--Finish mirroring related components
5/9, Finish initialization of new orders, time spent: 0.0003705024719238281 s
6/9, Finish shortening wirelength, time spent: 3.719329833984375e-05 s
Skip stage7 LP according to user's need
8/9, Finish routing, time spent: 0.00021982192993164062 s
9/9, Finish compaction and connecting ports, time spent: 0.01397085189819336 s
<<<<<<<<<<<<<<<<<<<<<<<<<<<<<< All P&R Done >>>>>>>>>>>>>>>>>>>>>>>>>>>>>>
Total Timeusage: 0.014864444732666016 s
Reordering Timeusage: 0.0003705024719238281 s
LP-based Optimization Timeusage: 0 s
P&R for the new orders: 0.014598369598388672 s
Done. Combined PR JSON: /home/student/Desktop/Neptune_2026/Microfluidics-Benchmarks/Results/tree_full_20260915_040013/artifacts/mint__Distribute_Expressions__Dist_Expression_1__Dist_Expression_1_fromMINT/result.json
