$ /home/student/anaconda3/envs/neptune2026/bin/python /home/student/Desktop/Neptune_2026/scripts/run_all_synthesize_timeout_report.py --_worker --algorithm tree --input /home/student/Desktop/Neptune_2026/Microfluidics-Benchmarks/Results/MINT-TestCases/Base/Mux_8/Mux_8_fromMINT.json --case-output /home/student/Desktop/Neptune_2026/Microfluidics-Benchmarks/Results/tree_full_20260915_040013/artifacts/mint__Base__Mux_8__Mux_8_fromMINT --time-limit 1800.0 --solver-profile standard --mip-gap 0.0
Reversed 2 connection(s) with opposite-port direction conflicts: ca, c1.
Finish loading test case: Mux_8_fromMINT
1/9, Finish initial placement, time spent: 2.2172927856445312e-05 s
[0, 200, 200, 'b1_1', 0] [[100, 0], [200, 100], [100, 200], [0, 100]]
[1, 200, 200, 'b1_2', 0] [[100, 0], [200, 100], [100, 200], [0, 100]]
[2, 200, 200, 'b1_3', 0] [[100, 0], [200, 100], [100, 200], [0, 100]]
[3, 200, 200, 'b1_4', 0] [[100, 0], [200, 100], [100, 200], [0, 100]]
[4, 200, 200, 'b1_5', 0] [[100, 0], [200, 100], [100, 200], [0, 100]]
[5, 200, 200, 'b1_6', 0] [[100, 0], [200, 100], [100, 200], [0, 100]]
[6, 200, 200, 'b1_7', 0] [[100, 0], [200, 100], [100, 200], [0, 100]]
[7, 200, 200, 'b1_8', 0] [[100, 0], [200, 100], [100, 200], [0, 100]]
[8, 30000, 16300, 'm0', 0] [[15000.0, 0.0], [29000.0, 16300.0], [25000.0, 16300.0], [21000.0, 16300.0], [17000.0, 16300.0], [13000.0, 16300.0], [9000.0, 16300.0], [5000.0, 16300.0], [1000.0, 16300.0], [0.0, 5750.0], [30000.0, 6450.0], [0.0, 9850.0], [30000.0, 10550.0], [0.0, 13950.0], [30000.0, 14650.0]]
[9, 200, 200, 'p1', 0] [[100, 0], [200, 100], [100, 200], [0, 100]]
2/9, Finish initial placement with rotation, time spent: 0.0001995563507080078 s
3/9, Finish symmetricalization, time spent: 1.7881393432617188e-05 s
4/9, Finish routing, time spent: 0.0032422542572021484 s
****************************************************
New valid order that can lead to planar graph found:
[[0], [0], [0, 1, 2, 3, 4, 5, 6, 7]]
****************************************************
--Finish applying new order
--Finish mirroring related components
5/9, Finish initialization of new orders, time spent: 0.0009300708770751953 s
6/9, Finish shortening wirelength, time spent: 7.2479248046875e-05 s
Skip stage7 LP according to user's need
8/9, Finish routing, time spent: 0.003308534622192383 s
9/9, Finish compaction and connecting ports, time spent: 0.043363094329833984 s
<<<<<<<<<<<<<<<<<<<<<<<<<<<<<< All P&R Done >>>>>>>>>>>>>>>>>>>>>>>>>>>>>>
Total Timeusage: 0.051156044006347656 s
Reordering Timeusage: 0.0009300708770751953 s
LP-based Optimization Timeusage: 0 s
P&R for the new orders: 0.04767417907714844 s
Done. Combined PR JSON: /home/student/Desktop/Neptune_2026/Microfluidics-Benchmarks/Results/tree_full_20260915_040013/artifacts/mint__Base__Mux_8__Mux_8_fromMINT/result.json
