$ /home/student/anaconda3/envs/neptune2026/bin/python /home/student/Desktop/Neptune_2026/scripts/run_all_synthesize_timeout_report.py --_worker --algorithm tree --input /home/student/Desktop/Neptune_2026/Microfluidics-Benchmarks/Results/MINT-TestCases/CIDAR_Lab_Past_Devices/Inlet_16/Inlet_16_fromMINT.json --case-output /home/student/Desktop/Neptune_2026/Microfluidics-Benchmarks/Results/tree_full_20260915_040013/artifacts/mint__CIDAR_Lab_Past_Devices__Inlet_16__Inlet_16_fromMINT --time-limit 1800.0 --solver-profile standard --mip-gap 0.0
Reversed 39 connection(s) with opposite-port direction conflicts: channel_18, channel_20, channel_21, channel_22, channel_23, channel_24, channel_25, channel_26, channel_27, channel_28, channel_29, channel_30, channel_31, channel_32, channel_33, channel_34, channel_35, channel_36, channel_37, channel_38, channel_41, channel_42, channel_50, channel_51, channel_52, channel_53, channel_54, channel_55, channel_56, channel_57, channel_58, channel_59, channel_60, channel_61, channel_62, channel_63, channel_64, channel_70, channel_71.
Finish loading test case: Inlet_16_fromMINT
1/9, Finish initial placement, time spent: 0.00010991096496582031 s
[0, 5000, 5000, 'reaction_chamber_1', 0] [[2500, 0], [5000, 2500], [2500, 5000], [0, 2500]]
[1, 1400, 1400, 'port_1', 0] [[700, 0], [1400, 700], [700, 1400], [0, 700]]
[2, 5000, 5000, 'reaction_chamber_2', 0] [[2500, 0], [5000, 2500], [2500, 5000], [0, 2500]]
[3, 4000, 4000, 'square_cell_trap_1', 0] [[0, 2000], [4000, 2000], [2000, 0], [2000, 4000]]
[4, 4060, 4860, 'mixer_1', 0] [[2030, 0], [2030, 4860]]
[5, 4060, 4860, 'mixer_2', 0] [[2030, 0], [2030, 4860]]
[6, 4000, 4000, 'square_cell_trap_2', 0] [[0, 2000], [4000, 2000], [2000, 0], [2000, 4000]]
[7, 5000, 5000, 'reaction_chamber_3', 0] [[2500, 0], [5000, 2500], [2500, 5000], [0, 2500]]
[8, 5000, 5000, 'reaction_chamber_4', 0] [[2500, 0], [5000, 2500], [2500, 5000], [0, 2500]]
[9, 5000, 5000, 'reaction_chamber_5', 0] [[2500, 0], [5000, 2500], [2500, 5000], [0, 2500]]
[10, 5000, 5000, 'reaction_chamber_6', 0] [[2500, 0], [5000, 2500], [2500, 5000], [0, 2500]]
[11, 5000, 5000, 'reaction_chamber_7', 0] [[2500, 0], [5000, 2500], [2500, 5000], [0, 2500]]
[12, 5000, 5000, 'reaction_chamber_8', 0] [[2500, 0], [5000, 2500], [2500, 5000], [0, 2500]]
[13, 5000, 5000, 'reaction_chamber_9', 0] [[2500, 0], [5000, 2500], [2500, 5000], [0, 2500]]
[14, 5000, 5000, 'reaction_chamber_10', 0] [[2500, 0], [5000, 2500], [2500, 5000], [0, 2500]]
[15, 5000, 5000, 'reaction_chamber_11', 0] [[2500, 0], [5000, 2500], [2500, 5000], [0, 2500]]
[16, 5000, 5000, 'reaction_chamber_12', 0] [[2500, 0], [5000, 2500], [2500, 5000], [0, 2500]]
[17, 5000, 5000, 'reaction_chamber_13', 0] [[2500, 0], [5000, 2500], [2500, 5000], [0, 2500]]
[18, 5000, 5000, 'reaction_chamber_14', 0] [[2500, 0], [5000, 2500], [2500, 5000], [0, 2500]]
[19, 5000, 5000, 'reaction_chamber_15', 0] [[2500, 0], [5000, 2500], [2500, 5000], [0, 2500]]
[20, 5000, 5000, 'reaction_chamber_16', 0] [[2500, 0], [5000, 2500], [2500, 5000], [0, 2500]]
[21, 5000, 5000, 'reaction_chamber_17', 0] [[2500, 0], [5000, 2500], [2500, 5000], [0, 2500]]
[22, 4060, 4860, 'mixer_3', 0] [[2030, 0], [2030, 4860]]
[23, 4060, 4860, 'mixer_4', 0] [[2030, 0], [2030, 4860]]
[24, 4060, 4860, 'mixer_5', 0] [[2030, 0], [2030, 4860]]
[25, 4060, 4860, 'mixer_6', 0] [[2030, 0], [2030, 4860]]
[26, 4060, 4860, 'mixer_7', 0] [[2030, 0], [2030, 4860]]
[27, 4060, 4860, 'mixer_8', 0] [[2030, 0], [2030, 4860]]
[28, 4060, 4860, 'mixer_9', 0] [[2030, 0], [2030, 4860]]
[29, 4060, 4860, 'mixer_10', 0] [[2030, 0], [2030, 4860]]
[30, 4060, 4860, 'mixer_11', 0] [[2030, 0], [2030, 4860]]
[31, 4060, 4860, 'mixer_12', 0] [[2030, 0], [2030, 4860]]
[32, 4060, 4860, 'mixer_13', 0] [[2030, 0], [2030, 4860]]
[33, 4060, 4860, 'mixer_14', 0] [[2030, 0], [2030, 4860]]
[34, 4060, 4860, 'mixer_15', 0] [[2030, 0], [2030, 4860]]
[35, 4060, 4860, 'mixer_16', 0] [[2030, 0], [2030, 4860]]
[36, 4060, 4860, 'mixer_17', 0] [[2030, 0], [2030, 4860]]
[37, 4060, 4860, 'mixer_18', 0] [[2030, 0], [2030, 4860]]
[38, 4060, 4860, 'mixer_19', 0] [[2030, 0], [2030, 4860]]
[39, 1400, 1400, 'port_2', 0] [[700, 0], [1400, 700], [700, 1400], [0, 700]]
[40, 1400, 1400, 'port_3', 0] [[700, 0], [1400, 700], [700, 1400], [0, 700]]
[41, 1400, 1400, 'port_4', 0] [[700, 0], [1400, 700], [700, 1400], [0, 700]]
[42, 1400, 1400, 'port_5', 0] [[700, 0], [1400, 700], [700, 1400], [0, 700]]
[43, 1400, 1400, 'port_6', 0] [[700, 0], [1400, 700], [700, 1400], [0, 700]]
[44, 1400, 1400, 'port_7', 0] [[700, 0], [1400, 700], [700, 1400], [0, 700]]
[45, 1400, 1400, 'port_8', 0] [[700, 0], [1400, 700], [700, 1400], [0, 700]]
[46, 1400, 1400, 'port_9', 0] [[700, 0], [1400, 700], [700, 1400], [0, 700]]
[47, 1400, 1400, 'port_10', 0] [[700, 0], [1400, 700], [700, 1400], [0, 700]]
[48, 1400, 1400, 'port_11', 0] [[700, 0], [1400, 700], [700, 1400], [0, 700]]
[49, 1400, 1400, 'port_12', 0] [[700, 0], [1400, 700], [700, 1400], [0, 700]]
[50, 1400, 1400, 'port_13', 0] [[700, 0], [1400, 700], [700, 1400], [0, 700]]
[51, 1400, 1400, 'port_14', 0] [[700, 0], [1400, 700], [700, 1400], [0, 700]]
[52, 1400, 1400, 'port_15', 0] [[700, 0], [1400, 700], [700, 1400], [0, 700]]
[53, 1400, 1400, 'port_16', 0] [[700, 0], [1400, 700], [700, 1400], [0, 700]]
[54, 1400, 1400, 'port_17', 0] [[700, 0], [1400, 700], [700, 1400], [0, 700]]
[55, 1400, 1400, 'port_18', 0] [[700, 0], [1400, 700], [700, 1400], [0, 700]]
[56, 1400, 1400, 'port_19', 0] [[700, 0], [1400, 700], [700, 1400], [0, 700]]
2/9, Finish initial placement with rotation, time spent: 0.0008382797241210938 s
3/9, Finish symmetricalization, time spent: 4.76837158203125e-05 s
4/9, Finish routing, time spent: 0.3155033588409424 s
****************************************************
