$ /home/student/anaconda3/envs/neptune2026/bin/python /home/student/Desktop/Neptune_2026/scripts/run_all_synthesize_timeout_report.py --_worker --algorithm tree --input /home/student/Desktop/Neptune_2026/Microfluidics-Benchmarks/Results/MINT-TestCases/Distribute_Library/Single_Storage_Grid_04/Single_Storage_Grid_04_fromMINT.json --case-output /home/student/Desktop/Neptune_2026/Microfluidics-Benchmarks/Results/tree_full_20260915_040013/artifacts/mint__Distribute_Library__Single_Storage_Grid_04__Single_Storage_Grid_04_fromMINT --time-limit 1800.0 --solver-profile standard --mip-gap 0.0
Finish loading test case: Single_Storage_Grid_04_fromMINT
1/9, Finish initial placement, time spent: 1.2159347534179688e-05 s
[0, 1400, 1400, 'port_1', 0] [[700, 0], [1400, 700], [700, 1400], [0, 700]]
[1, 1400, 1400, 'port_2', 0] [[700, 0], [1400, 700], [700, 1400], [0, 700]]
2/9, Finish initial placement with rotation, time spent: 5.14984130859375e-05 s
3/9, Finish symmetricalization, time spent: 1.2159347534179688e-05 s
4/9, Finish routing, time spent: 0.00016546249389648438 s
****************************************************
New valid order that can lead to planar graph found:
[[0], [0]]
****************************************************
--Finish applying new order
--Finish mirroring related components
5/9, Finish initialization of new orders, time spent: 0.00034928321838378906 s
6/9, Finish shortening wirelength, time spent: 2.956390380859375e-05 s
Skip stage7 LP according to user's need
8/9, Finish routing, time spent: 0.00020360946655273438 s
9/9, Finish compaction and connecting ports, time spent: 0.012248039245605469 s
<<<<<<<<<<<<<<<<<<<<<<<<<<<<<< All P&R Done >>>>>>>>>>>>>>>>>>>>>>>>>>>>>>
Total Timeusage: 0.013071775436401367 s
Reordering Timeusage: 0.00034928321838378906 s
LP-based Optimization Timeusage: 0 s
P&R for the new orders: 0.012830495834350586 s
Done. Combined PR JSON: /home/student/Desktop/Neptune_2026/Microfluidics-Benchmarks/Results/tree_full_20260915_040013/artifacts/mint__Distribute_Library__Single_Storage_Grid_04__Single_Storage_Grid_04_fromMINT/result.json
