$ /home/student/anaconda3/envs/neptune2026/bin/python /home/student/Desktop/Neptune_2026/scripts/run_all_synthesize_timeout_report.py --_worker --algorithm tree --input /home/student/Desktop/Neptune_2026/Microfluidics-Benchmarks/Results/MINT-TestCases/Primitive/Mux_3d/Mux_3d_fromMINT.json --case-output /home/student/Desktop/Neptune_2026/Microfluidics-Benchmarks/Results/tree_full_20260915_040013/artifacts/mint__Primitive__Mux_3d__Mux_3d_fromMINT --time-limit 1800.0 --solver-profile standard --mip-gap 0.0
Reversed 2 connection(s) with opposite-port direction conflicts: ci1, co4.
Finish loading test case: Mux_3d_fromMINT
1/9, Finish initial placement, time spent: 1.811981201171875e-05 s
[0, 2000, 2000, 'p_in', 0] [[1000, 0], [2000, 1000], [1000, 2000], [0, 1000]]
[1, 2000, 2000, 'p_out1', 0] [[1000, 0], [2000, 1000], [1000, 2000], [0, 1000]]
[2, 2000, 2000, 'p_out2', 0] [[1000, 0], [2000, 1000], [1000, 2000], [0, 1000]]
[3, 2000, 2000, 'p_out3', 0] [[1000, 0], [2000, 1000], [1000, 2000], [0, 1000]]
[4, 2000, 2000, 'p_out4', 0] [[1000, 0], [2000, 1000], [1000, 2000], [0, 1000]]
[5, 24000, 16000, 'm', 0] [[4000, 0], [9333, 0], [14666, 0], [20000, 0], [12000, 16000], [0, 3000], [24000, 5000], [0, 7000], [24000, 9000]]
2/9, Finish initial placement with rotation, time spent: 0.00011682510375976562 s
3/9, Finish symmetricalization, time spent: 1.5020370483398438e-05 s
4/9, Finish routing, time spent: 0.003598451614379883 s
****************************************************
New valid order that can lead to planar graph found:
[[0, 1, 2, 3], [0], [0]]
****************************************************
--Finish applying new order
--Finish mirroring related components
5/9, Finish initialization of new orders, time spent: 0.0006771087646484375 s
6/9, Finish shortening wirelength, time spent: 5.793571472167969e-05 s
Skip stage7 LP according to user's need
8/9, Finish routing, time spent: 0.003203868865966797 s
9/9, Finish compaction and connecting ports, time spent: 0.026960134506225586 s
<<<<<<<<<<<<<<<<<<<<<<<<<<<<<< All P&R Done >>>>>>>>>>>>>>>>>>>>>>>>>>>>>>
Total Timeusage: 0.034647464752197266 s
Reordering Timeusage: 0.0006771087646484375 s
LP-based Optimization Timeusage: 0 s
P&R for the new orders: 0.0308990478515625 s
Done. Combined PR JSON: /home/student/Desktop/Neptune_2026/Microfluidics-Benchmarks/Results/tree_full_20260915_040013/artifacts/mint__Primitive__Mux_3d__Mux_3d_fromMINT/result.json
