$ /home/student/anaconda3/envs/neptune2026/bin/python /home/student/Desktop/Neptune_2026/scripts/run_all_synthesize_timeout_report.py --_worker --algorithm tree --input /home/student/Desktop/Neptune_2026/Microfluidics-Benchmarks/Results/MINT-TestCases/Transport_Networks/One_To_One/One_To_One_fromMINT.json --case-output /home/student/Desktop/Neptune_2026/Microfluidics-Benchmarks/Results/tree_full_20260915_040013/artifacts/mint__Transport_Networks__One_To_One__One_To_One_fromMINT --time-limit 1800.0 --solver-profile standard --mip-gap 0.0
Finish loading test case: One_To_One_fromMINT
1/9, Finish initial placement, time spent: 2.193450927734375e-05 s
[0, 1400, 1400, 'port_1', 0] [[700, 0], [1400, 700], [700, 1400], [0, 700]]
[1, 1400, 1400, 'port_2', 0] [[700, 0], [1400, 700], [700, 1400], [0, 700]]
2/9, Finish initial placement with rotation, time spent: 8.034706115722656e-05 s
3/9, Finish symmetricalization, time spent: 1.1920928955078125e-05 s
4/9, Finish routing, time spent: 0.00016379356384277344 s
****************************************************
New valid order that can lead to planar graph found:
[[0], [0]]
****************************************************
--Finish applying new order
--Finish mirroring related components
5/9, Finish initialization of new orders, time spent: 0.0003559589385986328 s
6/9, Finish shortening wirelength, time spent: 2.6702880859375e-05 s
Skip stage7 LP according to user's need
8/9, Finish routing, time spent: 0.00021767616271972656 s
9/9, Finish compaction and connecting ports, time spent: 0.011960983276367188 s
<<<<<<<<<<<<<<<<<<<<<<<<<<<<<< All P&R Done >>>>>>>>>>>>>>>>>>>>>>>>>>>>>>
Total Timeusage: 0.012839317321777344 s
Reordering Timeusage: 0.0003559589385986328 s
LP-based Optimization Timeusage: 0 s
P&R for the new orders: 0.012561321258544922 s
Done. Combined PR JSON: /home/student/Desktop/Neptune_2026/Microfluidics-Benchmarks/Results/tree_full_20260915_040013/artifacts/mint__Transport_Networks__One_To_One__One_To_One_fromMINT/result.json
