$ /home/student/anaconda3/envs/neptune2026/bin/python /home/student/Desktop/Neptune_2026/scripts/run_all_synthesize_timeout_report.py --_worker --algorithm tree --input /home/student/Desktop/Neptune_2026/Microfluidics-Benchmarks/Results/MINT-TestCases/Drop_Ref/Dx_6_Ref/Dx_6_Ref_fromMINT.json --case-output /home/student/Desktop/Neptune_2026/Microfluidics-Benchmarks/Results/tree_full_20260915_040013/artifacts/mint__Drop_Ref__Dx_6_Ref__Dx_6_Ref_fromMINT --time-limit 1800.0 --solver-profile standard --mip-gap 0.0
Reversed 5 connection(s) with opposite-port direction conflicts: connection_1, connection_2, connection_3, connection_5, connection_8.
Finish loading test case: Dx_6_Ref_fromMINT
1/9, Finish initial placement, time spent: 2.002716064453125e-05 s
[0, 4000, 4000, 'port_in1', 0] [[2000, 0], [4000, 2000], [2000, 4000], [0, 2000]]
[1, 4000, 4000, 'port_in2', 0] [[2000, 0], [4000, 2000], [2000, 4000], [0, 2000]]
[2, 2600, 9300, 'mixer_1', 0] [[1300, 0], [1300, 9300]]
[3, 4000, 4000, 'port_oil1', 0] [[2000, 0], [4000, 2000], [2000, 4000], [0, 2000]]
[4, 4000, 4000, 'port_oil2', 0] [[2000, 0], [4000, 2000], [2000, 4000], [0, 2000]]
[5, 5975, 375, 'nozzle_droplet_generator_1', 0] [[300, 0], [5975, 187], [300, 375], [0, 187]]
[6, 2000, 4300, 'droplet_splitter_1', 0] [[0, 2150], [1850, 0], [1850, 4300]]
[7, 4000, 4000, 'port_out1', 0] [[2000, 0], [4000, 2000], [2000, 4000], [0, 2000]]
[8, 4000, 4000, 'port_out2', 0] [[2000, 0], [4000, 2000], [2000, 4000], [0, 2000]]
2/9, Finish initial placement with rotation, time spent: 0.00017547607421875 s
3/9, Finish symmetricalization, time spent: 1.7881393432617188e-05 s
4/9, Finish routing, time spent: 0.006384611129760742 s
****************************************************
New valid order that can lead to planar graph found:
[[2, 0, 1], [2, 1, 0], [1, 0], [0]]
****************************************************
--Finish applying new order
--Finish mirroring related components
5/9, Finish initialization of new orders, time spent: 0.001070261001586914 s
6/9, Finish shortening wirelength, time spent: 8.440017700195312e-05 s
Skip stage7 LP according to user's need
8/9, Finish routing, time spent: 0.005051374435424805 s
9/9, Finish compaction and connecting ports, time spent: 0.03682875633239746 s
<<<<<<<<<<<<<<<<<<<<<<<<<<<<<< All P&R Done >>>>>>>>>>>>>>>>>>>>>>>>>>>>>>
Total Timeusage: 0.04963278770446777 s
Reordering Timeusage: 0.001070261001586914 s
LP-based Optimization Timeusage: 0 s
P&R for the new orders: 0.04303479194641113 s
Done. Combined PR JSON: /home/student/Desktop/Neptune_2026/Microfluidics-Benchmarks/Results/tree_full_20260915_040013/artifacts/mint__Drop_Ref__Dx_6_Ref__Dx_6_Ref_fromMINT/result.json
