$ /home/student/anaconda3/envs/neptune2026/bin/python /home/student/Desktop/Neptune_2026/scripts/run_all_synthesize_timeout_report.py --_worker --algorithm tree --input /home/student/Desktop/Neptune_2026/Microfluidics-Benchmarks/Results/MINT-TestCases/Drop_Ref/Dx_6/Dx_6_fromMINT.json --case-output /home/student/Desktop/Neptune_2026/Microfluidics-Benchmarks/Results/tree_full_20260915_040013/artifacts/mint__Drop_Ref__Dx_6__Dx_6_fromMINT --time-limit 1800.0 --solver-profile standard --mip-gap 0.0
Reversed 6 connection(s) with opposite-port direction conflicts: channel_3, channel_4, channel_5, channel_6, channel_7, channel_8.
Finish loading test case: Dx_6_fromMINT
1/9, Finish initial placement, time spent: 2.002716064453125e-05 s
[0, 4000, 4000, 'port_1', 0] [[2000, 0], [4000, 2000], [2000, 4000], [0, 2000]]
[1, 4000, 4000, 'port_2', 0] [[2000, 0], [4000, 2000], [2000, 4000], [0, 2000]]
[2, 1800, 600, 'nozzle_droplet_generator_1', 0] [[400, 0], [1800, 300], [400, 600], [0, 300]]
[3, 6000, 8000, 'droplet_splitter_1', 0] [[0, 4000], [5500, 0], [5000, 8000]]
[4, 1400, 1400, 'port_3', 0] [[700, 0], [1400, 700], [700, 1400], [0, 700]]
[5, 1400, 1400, 'port_4', 0] [[700, 0], [1400, 700], [700, 1400], [0, 700]]
[6, 4060, 4860, 'mixer_1', 0] [[2030, 0], [2030, 4860]]
[7, 1400, 1400, 'port_5', 0] [[700, 0], [1400, 700], [700, 1400], [0, 700]]
[8, 1400, 1400, 'port_6', 0] [[700, 0], [1400, 700], [700, 1400], [0, 700]]
2/9, Finish initial placement with rotation, time spent: 0.0001537799835205078 s
3/9, Finish symmetricalization, time spent: 1.9311904907226562e-05 s
4/9, Finish routing, time spent: 0.005537509918212891 s
****************************************************
New valid order that can lead to planar graph found:
[[0, 1], [0], [1, 0, 2], [0], [0, 1]]
****************************************************
--Finish applying new order
--Finish mirroring related components
5/9, Finish initialization of new orders, time spent: 0.0007596015930175781 s
6/9, Finish shortening wirelength, time spent: 7.510185241699219e-05 s
Skip stage7 LP according to user's need
8/9, Finish routing, time spent: 0.004305839538574219 s
9/9, Finish compaction and connecting ports, time spent: 0.03438758850097656 s
<<<<<<<<<<<<<<<<<<<<<<<<<<<<<< All P&R Done >>>>>>>>>>>>>>>>>>>>>>>>>>>>>>
Total Timeusage: 0.04525876045227051 s
Reordering Timeusage: 0.0007596015930175781 s
LP-based Optimization Timeusage: 0 s
P&R for the new orders: 0.03952813148498535 s
Done. Combined PR JSON: /home/student/Desktop/Neptune_2026/Microfluidics-Benchmarks/Results/tree_full_20260915_040013/artifacts/mint__Drop_Ref__Dx_6__Dx_6_fromMINT/result.json
