$ /home/student/anaconda3/envs/neptune2026/bin/python /home/student/Desktop/Neptune_2026/scripts/run_all_synthesize_timeout_report.py --_worker --algorithm tree --input /home/student/Desktop/Neptune_2026/Microfluidics-Benchmarks/Results/MINT-TestCases/CIDAR_Lab_Past_Devices/Rotary_16/Rotary_16_fromMINT.json --case-output /home/student/Desktop/Neptune_2026/Microfluidics-Benchmarks/Results/tree_full_20260915_040013/artifacts/mint__CIDAR_Lab_Past_Devices__Rotary_16__Rotary_16_fromMINT --time-limit 1800.0 --solver-profile standard --mip-gap 0.0
Reversed 76 connection(s) with opposite-port direction conflicts: channel_17, channel_18, channel_19, channel_20, channel_21, channel_23, channel_24, channel_25, channel_26, channel_27, channel_28, channel_29, channel_30, channel_31, channel_32, channel_33, channel_34, channel_35, channel_36, channel_37, channel_38, channel_39, channel_40, channel_41, channel_42, channel_43, channel_44, channel_45, channel_46, channel_47, channel_48, channel_49, channel_50, channel_51, channel_52, channel_53, channel_54, channel_55, channel_56, channel_57, channel_58, channel_59, channel_60, channel_61, channel_62, channel_63, channel_64, channel_65, channel_66, channel_67, channel_68, channel_69, channel_70, channel_71, channel_72, channel_73, channel_74, channel_75, channel_76, channel_77, channel_78, channel_79, channel_80, channel_81, channel_82, channel_83, channel_84, channel_85, channel_86, channel_87, channel_88, channel_89, channel_90, channel_91, channel_92, channel_93.
Finish loading test case: Rotary_16_fromMINT
1/9, Finish initial placement, time spent: 0.0001354217529296875 s
[0, 89, 25, 'ytree_1', 0] [[44, 0], [86, 25], [81, 25], [75, 25], [70, 25], [64, 25], [58, 25], [53, 25], [47, 25], [41, 25], [36, 25], [30, 25], [25, 25], [19, 25], [13, 25], [8, 25], [2, 25]]
[1, 4060, 4860, 'mixer_1', 0] [[2030, 0], [2030, 4860]]
[2, 4060, 4860, 'mixer_2', 0] [[2030, 0], [2030, 4860]]
[3, 4060, 4860, 'mixer_3', 0] [[2030, 0], [2030, 4860]]
[4, 4060, 4860, 'mixer_4', 0] [[2030, 0], [2030, 4860]]
[5, 1400, 1400, 'port_1', 0] [[700, 0], [1400, 700], [700, 1400], [0, 700]]
[6, 4060, 4860, 'mixer_5', 0] [[2030, 0], [2030, 4860]]
[7, 4060, 4860, 'mixer_6', 0] [[2030, 0], [2030, 4860]]
[8, 4060, 4860, 'mixer_7', 0] [[2030, 0], [2030, 4860]]
[9, 4060, 4860, 'mixer_8', 0] [[2030, 0], [2030, 4860]]
[10, 4060, 4860, 'mixer_9', 0] [[2030, 0], [2030, 4860]]
[11, 4060, 4860, 'mixer_10', 0] [[2030, 0], [2030, 4860]]
[12, 4060, 4860, 'mixer_11', 0] [[2030, 0], [2030, 4860]]
[13, 4060, 4860, 'mixer_12', 0] [[2030, 0], [2030, 4860]]
[14, 4060, 4860, 'mixer_13', 0] [[2030, 0], [2030, 4860]]
[15, 4060, 4860, 'mixer_14', 0] [[2030, 0], [2030, 4860]]
[16, 4060, 4860, 'mixer_15', 0] [[2030, 0], [2030, 4860]]
[17, 4060, 4860, 'mixer_16', 0] [[2030, 0], [2030, 4860]]
[18, 4060, 4860, 'mixer_17', 0] [[2030, 0], [2030, 4860]]
[19, 4060, 4860, 'mixer_18', 0] [[2030, 0], [2030, 4860]]
[20, 4060, 4860, 'mixer_19', 0] [[2030, 0], [2030, 4860]]
[21, 4060, 4860, 'mixer_20', 0] [[2030, 0], [2030, 4860]]
[22, 4060, 4860, 'mixer_21', 0] [[2030, 0], [2030, 4860]]
[23, 4060, 4860, 'mixer_22', 0] [[2030, 0], [2030, 4860]]
[24, 4060, 4860, 'mixer_23', 0] [[2030, 0], [2030, 4860]]
[25, 4060, 4860, 'mixer_24', 0] [[2030, 0], [2030, 4860]]
[26, 4060, 4860, 'mixer_25', 0] [[2030, 0], [2030, 4860]]
[27, 4060, 4860, 'mixer_26', 0] [[2030, 0], [2030, 4860]]
[28, 4060, 4860, 'mixer_27', 0] [[2030, 0], [2030, 4860]]
[29, 4060, 4860, 'mixer_28', 0] [[2030, 0], [2030, 4860]]
[30, 4060, 4860, 'mixer_29', 0] [[2030, 0], [2030, 4860]]
[31, 4060, 4860, 'mixer_30', 0] [[2030, 0], [2030, 4860]]
[32, 1400, 1400, 'port_2', 0] [[700, 0], [1400, 700], [700, 1400], [0, 700]]
[33, 1400, 1400, 'port_3', 0] [[700, 0], [1400, 700], [700, 1400], [0, 700]]
[34, 1400, 1400, 'port_4', 0] [[700, 0], [1400, 700], [700, 1400], [0, 700]]
[35, 1400, 1400, 'port_5', 0] [[700, 0], [1400, 700], [700, 1400], [0, 700]]
[36, 1400, 1400, 'port_6', 0] [[700, 0], [1400, 700], [700, 1400], [0, 700]]
[37, 1400, 1400, 'port_7', 0] [[700, 0], [1400, 700], [700, 1400], [0, 700]]
[38, 1400, 1400, 'port_8', 0] [[700, 0], [1400, 700], [700, 1400], [0, 700]]
[39, 1400, 1400, 'port_9', 0] [[700, 0], [1400, 700], [700, 1400], [0, 700]]
[40, 1400, 1400, 'port_10', 0] [[700, 0], [1400, 700], [700, 1400], [0, 700]]
[41, 1400, 1400, 'port_11', 0] [[700, 0], [1400, 700], [700, 1400], [0, 700]]
[42, 1400, 1400, 'port_12', 0] [[700, 0], [1400, 700], [700, 1400], [0, 700]]
[43, 1400, 1400, 'port_13', 0] [[700, 0], [1400, 700], [700, 1400], [0, 700]]
[44, 1400, 1400, 'port_14', 0] [[700, 0], [1400, 700], [700, 1400], [0, 700]]
[45, 1400, 1400, 'port_15', 0] [[700, 0], [1400, 700], [700, 1400], [0, 700]]
[46, 1400, 1400, 'port_16', 0] [[700, 0], [1400, 700], [700, 1400], [0, 700]]
[47, 1400, 1400, 'port_17', 0] [[700, 0], [1400, 700], [700, 1400], [0, 700]]
[48, 1400, 1400, 'port_18', 0] [[700, 0], [1400, 700], [700, 1400], [0, 700]]
[49, 1400, 1400, 'port_19', 0] [[700, 0], [1400, 700], [700, 1400], [0, 700]]
[50, 1400, 1400, 'port_20', 0] [[700, 0], [1400, 700], [700, 1400], [0, 700]]
[51, 1400, 1400, 'port_21', 0] [[700, 0], [1400, 700], [700, 1400], [0, 700]]
[52, 1400, 1400, 'port_22', 0] [[700, 0], [1400, 700], [700, 1400], [0, 700]]
[53, 1400, 1400, 'port_23', 0] [[700, 0], [1400, 700], [700, 1400], [0, 700]]
[54, 1400, 1400, 'port_24', 0] [[700, 0], [1400, 700], [700, 1400], [0, 700]]
[55, 1400, 1400, 'port_25', 0] [[700, 0], [1400, 700], [700, 1400], [0, 700]]
[56, 1400, 1400, 'port_26', 0] [[700, 0], [1400, 700], [700, 1400], [0, 700]]
[57, 1400, 1400, 'port_27', 0] [[700, 0], [1400, 700], [700, 1400], [0, 700]]
[58, 1400, 1400, 'port_28', 0] [[700, 0], [1400, 700], [700, 1400], [0, 700]]
[59, 1400, 1400, 'port_29', 0] [[700, 0], [1400, 700], [700, 1400], [0, 700]]
[60, 1400, 1400, 'port_30', 0] [[700, 0], [1400, 700], [700, 1400], [0, 700]]
[61, 1400, 1400, 'port_31', 0] [[700, 0], [1400, 700], [700, 1400], [0, 700]]
[62, 1400, 1400, 'port_32', 0] [[700, 0], [1400, 700], [700, 1400], [0, 700]]
2/9, Finish initial placement with rotation, time spent: 0.0009281635284423828 s
3/9, Finish symmetricalization, time spent: 5.269050598144531e-05 s
4/9, Finish routing, time spent: 0.15352272987365723 s
****************************************************
