$ /home/student/anaconda3/envs/neptune2026/bin/python /home/student/Desktop/Neptune_2026/scripts/run_all_synthesize_timeout_report.py --_worker --algorithm tree --input /home/student/Desktop/Neptune_2026/Microfluidics-Benchmarks/Results/MINT-TestCases/Primitive/Long_Cell_Trap/Long_Cell_Trap_fromMINT.json --case-output /home/student/Desktop/Neptune_2026/Microfluidics-Benchmarks/Results/tree_full_20260915_040013/artifacts/mint__Primitive__Long_Cell_Trap__Long_Cell_Trap_fromMINT --time-limit 1800.0 --solver-profile standard --mip-gap 0.0
Reversed 1 connection(s) with opposite-port direction conflicts: c1.
Finish loading test case: Long_Cell_Trap_fromMINT
1/9, Finish initial placement, time spent: 1.430511474609375e-05 s
[0, 2000, 2000, 'p1', 0] [[1000, 0], [2000, 1000], [1000, 2000], [0, 1000]]
[1, 2000, 2000, 'p2', 0] [[1000, 0], [2000, 1000], [1000, 2000], [0, 1000]]
[2, 13530, 2810, 'lct1', 0] [[0, 1405], [13530, 1405]]
2/9, Finish initial placement with rotation, time spent: 6.937980651855469e-05 s
3/9, Finish symmetricalization, time spent: 1.3828277587890625e-05 s
4/9, Finish routing, time spent: 0.000812530517578125 s
****************************************************
New valid order that can lead to planar graph found:
[[0], [0], [0]]
****************************************************
--Finish applying new order
--Finish mirroring related components
5/9, Finish initialization of new orders, time spent: 0.00034999847412109375 s
6/9, Finish shortening wirelength, time spent: 4.363059997558594e-05 s
Skip stage7 LP according to user's need
8/9, Finish routing, time spent: 0.0007991790771484375 s
9/9, Finish compaction and connecting ports, time spent: 0.015017509460449219 s
<<<<<<<<<<<<<<<<<<<<<<<<<<<<<< All P&R Done >>>>>>>>>>>>>>>>>>>>>>>>>>>>>>
Total Timeusage: 0.017120361328125 s
Reordering Timeusage: 0.00034999847412109375 s
LP-based Optimization Timeusage: 0 s
P&R for the new orders: 0.016210317611694336 s
Done. Combined PR JSON: /home/student/Desktop/Neptune_2026/Microfluidics-Benchmarks/Results/tree_full_20260915_040013/artifacts/mint__Primitive__Long_Cell_Trap__Long_Cell_Trap_fromMINT/result.json
