$ /home/student/anaconda3/envs/neptune2026/bin/python /home/student/Desktop/Neptune_2026/scripts/run_all_synthesize_timeout_report.py --_worker --algorithm tree --input /home/student/Desktop/Neptune_2026/Microfluidics-Benchmarks/Results/MINT-TestCases/COVID/Detectr/Detectr_fromMINT.json --case-output /home/student/Desktop/Neptune_2026/Microfluidics-Benchmarks/Results/tree_full_20260915_040013/artifacts/mint__COVID__Detectr__Detectr_fromMINT --time-limit 1800.0 --solver-profile standard --mip-gap 0.0
Reversed 19 connection(s) with opposite-port direction conflicts: channel_1, channel_3, channel_4, channel_5, channel_6, channel_7, channel_8, channel_9, channel_10, channel_11, channel_12, channel_13, channel_14, channel_15, channel_16, channel_17, channel_18, channel_19, channel_2.
Finish loading test case: Detectr_fromMINT
1/9, Finish initial placement, time spent: 3.0517578125e-05 s
[0, 10000, 14000, 'droplet_capacitance_sensor_1', 0] [[0, 7000], [10000, 7000]]
[1, 4060, 4860, 'mixer_1', 0] [[2030, 0], [2030, 4860]]
[2, 10000, 14000, 'droplet_capacitance_sensor_2', 0] [[0, 7000], [10000, 7000]]
[3, 1400, 1400, 'port_1', 0] [[700, 0], [1400, 700], [700, 1400], [0, 700]]
[4, 4060, 4860, 'mixer_2', 0] [[2030, 0], [2030, 4860]]
[5, 4060, 4860, 'mixer_3', 0] [[2030, 0], [2030, 4860]]
[6, 4060, 4860, 'mixer_4', 0] [[2030, 0], [2030, 4860]]
[7, 4060, 4860, 'mixer_5', 0] [[2030, 0], [2030, 4860]]
[8, 4060, 4860, 'mixer_6', 0] [[2030, 0], [2030, 4860]]
[9, 4060, 4860, 'mixer_7', 0] [[2030, 0], [2030, 4860]]
[10, 4060, 4860, 'mixer_8', 0] [[2030, 0], [2030, 4860]]
[11, 1400, 1400, 'port_2', 0] [[700, 0], [1400, 700], [700, 1400], [0, 700]]
[12, 1400, 1400, 'port_3', 0] [[700, 0], [1400, 700], [700, 1400], [0, 700]]
[13, 1400, 1400, 'port_4', 0] [[700, 0], [1400, 700], [700, 1400], [0, 700]]
[14, 1400, 1400, 'port_5', 0] [[700, 0], [1400, 700], [700, 1400], [0, 700]]
[15, 1400, 1400, 'port_6', 0] [[700, 0], [1400, 700], [700, 1400], [0, 700]]
[16, 1400, 1400, 'port_7', 0] [[700, 0], [1400, 700], [700, 1400], [0, 700]]
[17, 1400, 1400, 'port_8', 0] [[700, 0], [1400, 700], [700, 1400], [0, 700]]
[18, 1400, 1400, 'port_9', 0] [[700, 0], [1400, 700], [700, 1400], [0, 700]]
[19, 1400, 1400, 'port_10', 0] [[700, 0], [1400, 700], [700, 1400], [0, 700]]
2/9, Finish initial placement with rotation, time spent: 0.0003323554992675781 s
3/9, Finish symmetricalization, time spent: 3.218650817871094e-05 s
4/9, Finish routing, time spent: 0.016004323959350586 s
****************************************************
New valid order that can lead to planar graph found:
[[0, 1], [0, 1], [0, 1], [0, 1], [0, 1], [0, 1], [0, 1], [0], [0, 1], [0], [0], [0]]
****************************************************
--Finish applying new order
--Finish mirroring related components
5/9, Finish initialization of new orders, time spent: 0.0013692378997802734 s
6/9, Finish shortening wirelength, time spent: 0.00015234947204589844 s
Skip stage7 LP according to user's need
8/9, Finish routing, time spent: 0.016970396041870117 s
9/9, Finish compaction and connecting ports, time spent: 0.0781404972076416 s
<<<<<<<<<<<<<<<<<<<<<<<<<<<<<< All P&R Done >>>>>>>>>>>>>>>>>>>>>>>>>>>>>>
Total Timeusage: 0.11303186416625977 s
Reordering Timeusage: 0.0013692378997802734 s
LP-based Optimization Timeusage: 0 s
P&R for the new orders: 0.09663248062133789 s
Done. Combined PR JSON: /home/student/Desktop/Neptune_2026/Microfluidics-Benchmarks/Results/tree_full_20260915_040013/artifacts/mint__COVID__Detectr__Detectr_fromMINT/result.json
