$ /home/student/anaconda3/envs/neptune2026/bin/python /home/student/Desktop/Neptune_2026/scripts/run_all_synthesize_timeout_report.py --_worker --algorithm tree --input /home/student/Desktop/Neptune_2026/Microfluidics-Benchmarks/Results/MINT-TestCases/CIDAR_Lab_Past_Devices/Mixer_Trap_Simple/Mixer_Trap_Simple_fromMINT.json --case-output /home/student/Desktop/Neptune_2026/Microfluidics-Benchmarks/Results/tree_full_20260915_040013/artifacts/mint__CIDAR_Lab_Past_Devices__Mixer_Trap_Simple__Mixer_Trap_Simple_fromMINT --time-limit 1800.0 --solver-profile standard --mip-gap 0.0
Reversed 3 connection(s) with opposite-port direction conflicts: channel_1, channel_2, channel_3.
Finish loading test case: Mixer_Trap_Simple_fromMINT
1/9, Finish initial placement, time spent: 1.4543533325195312e-05 s
[0, 2000, 2000, 'port_in', 0] [[1000, 0], [2000, 1000], [1000, 2000], [0, 1000]]
[1, 1600, 7600, 'mixer_1', 0] [[800, 0], [800, 7600]]
[2, 2000, 2000, 'cell_trapper_1', 0] [[0, 1000], [2000, 1000], [1000, 0], [1000, 2000]]
[3, 2000, 2000, 'port_out', 0] [[1000, 0], [2000, 1000], [1000, 2000], [0, 1000]]
2/9, Finish initial placement with rotation, time spent: 9.465217590332031e-05 s
3/9, Finish symmetricalization, time spent: 1.4543533325195312e-05 s
4/9, Finish routing, time spent: 0.0010154247283935547 s
****************************************************
New valid order that can lead to planar graph found:
[[0], [0], [0], [0]]
****************************************************
--Finish applying new order
--Finish mirroring related components
5/9, Finish initialization of new orders, time spent: 0.0004630088806152344 s
6/9, Finish shortening wirelength, time spent: 4.887580871582031e-05 s
Skip stage7 LP according to user's need
8/9, Finish routing, time spent: 0.0010478496551513672 s
9/9, Finish compaction and connecting ports, time spent: 0.0185697078704834 s
<<<<<<<<<<<<<<<<<<<<<<<<<<<<<< All P&R Done >>>>>>>>>>>>>>>>>>>>>>>>>>>>>>
Total Timeusage: 0.021268606185913086 s
Reordering Timeusage: 0.0004630088806152344 s
LP-based Optimization Timeusage: 0 s
P&R for the new orders: 0.02012944221496582 s
Done. Combined PR JSON: /home/student/Desktop/Neptune_2026/Microfluidics-Benchmarks/Results/tree_full_20260915_040013/artifacts/mint__CIDAR_Lab_Past_Devices__Mixer_Trap_Simple__Mixer_Trap_Simple_fromMINT/result.json
