$ /home/student/anaconda3/envs/neptune2026/bin/python /home/student/Desktop/Neptune_2026/scripts/run_all_synthesize_timeout_report.py --_worker --algorithm tree --input /home/student/Desktop/Neptune_2026/Microfluidics-Benchmarks/Results/MINT-TestCases/CIDAR_Lab_Past_Devices/Single_Port/Single_Port_fromMINT.json --case-output /home/student/Desktop/Neptune_2026/Microfluidics-Benchmarks/Results/tree_full_20260915_040013/artifacts/mint__CIDAR_Lab_Past_Devices__Single_Port__Single_Port_fromMINT --time-limit 1800.0 --solver-profile standard --mip-gap 0.0
Finish loading test case: Single_Port_fromMINT
1/9, Finish initial placement, time spent: 1.1920928955078125e-05 s
[0, 200, 200, 'p1', 0] [[100, 0], [200, 100], [100, 200], [0, 100]]
2/9, Finish initial placement with rotation, time spent: 4.076957702636719e-05 s
3/9, Finish symmetricalization, time spent: 1.1682510375976562e-05 s
4/9, Finish routing, time spent: 7.867813110351562e-06 s
****************************************************
New valid order that can lead to planar graph found:
[[0]]
****************************************************
--Finish applying new order
--Finish mirroring related components
5/9, Finish initialization of new orders, time spent: 0.00021839141845703125 s
6/9, Finish shortening wirelength, time spent: 1.1205673217773438e-05 s
Skip stage7 LP according to user's need
8/9, Finish routing, time spent: 4.291534423828125e-05 s
9/9, Finish compaction and connecting ports, time spent: 0.008366823196411133 s
<<<<<<<<<<<<<<<<<<<<<<<<<<<<<< All P&R Done >>>>>>>>>>>>>>>>>>>>>>>>>>>>>>
Total Timeusage: 0.008711576461791992 s
Reordering Timeusage: 0.00021839141845703125 s
LP-based Optimization Timeusage: 0 s
P&R for the new orders: 0.008639335632324219 s
Done. Combined PR JSON: /home/student/Desktop/Neptune_2026/Microfluidics-Benchmarks/Results/tree_full_20260915_040013/artifacts/mint__CIDAR_Lab_Past_Devices__Single_Port__Single_Port_fromMINT/result.json
