$ /home/student/anaconda3/envs/neptune2026/bin/python /home/student/Desktop/Neptune_2026/scripts/run_all_synthesize_timeout_report.py --_worker --algorithm tree --input /home/student/Desktop/Neptune_2026/Microfluidics-Benchmarks/Results/Quick_Examples/diy_with_mixer_demo/diy_with_mixer_demo_fromLFR.json --case-output /home/student/Desktop/Neptune_2026/Microfluidics-Benchmarks/Results/tree_full_20260915_040013/artifacts/quick__diy_with_mixer_demo__diy_with_mixer_demo_fromLFR --time-limit 1800.0 --solver-profile standard --mip-gap 0.0
Reversed 4 connection(s) with opposite-port direction conflicts: channel_1, channel_2, channel_3, channel_4.
Finish loading test case: diy_with_mixer_demo_fromLFR
1/9, Finish initial placement, time spent: 1.6689300537109375e-05 s
[0, 6000, 12000, 'diycomponent_1', 0] [[3000.0, 0.0], [6000.0, 6000.0], [3000.0, 12000.0], [0.0, 6000.0]]
[1, 2000, 2000, 'port_1', 0] [[1000, 0], [2000, 1000], [1000, 2000], [0, 1000]]
[2, 4060, 4860, 'mixer_1', 0] [[2030, 0], [2030, 4860]]
[3, 2000, 2000, 'port_2', 0] [[1000, 0], [2000, 1000], [1000, 2000], [0, 1000]]
[4, 2000, 2000, 'port_3', 0] [[1000, 0], [2000, 1000], [1000, 2000], [0, 1000]]
2/9, Finish initial placement with rotation, time spent: 9.870529174804688e-05 s
3/9, Finish symmetricalization, time spent: 1.621246337890625e-05 s
4/9, Finish routing, time spent: 0.0016303062438964844 s
****************************************************
New valid order that can lead to planar graph found:
[[0, 1], [0], [0], [0]]
****************************************************
--Finish applying new order
--Finish mirroring related components
5/9, Finish initialization of new orders, time spent: 0.0004782676696777344 s
6/9, Finish shortening wirelength, time spent: 5.5789947509765625e-05 s
Skip stage7 LP according to user's need
8/9, Finish routing, time spent: 0.002071857452392578 s
9/9, Finish compaction and connecting ports, time spent: 0.021811485290527344 s
<<<<<<<<<<<<<<<<<<<<<<<<<<<<<< All P&R Done >>>>>>>>>>>>>>>>>>>>>>>>>>>>>>
Total Timeusage: 0.02617931365966797 s
Reordering Timeusage: 0.0004782676696777344 s
LP-based Optimization Timeusage: 0 s
P&R for the new orders: 0.024417400360107422 s
Done. Combined PR JSON: /home/student/Desktop/Neptune_2026/Microfluidics-Benchmarks/Results/tree_full_20260915_040013/artifacts/quick__diy_with_mixer_demo__diy_with_mixer_demo_fromLFR/result.json
