$ /home/student/anaconda3/envs/neptune2026/bin/python /home/student/Desktop/Neptune_2026/scripts/run_all_synthesize_timeout_report.py --_worker --algorithm tree --input /home/student/Desktop/Neptune_2026/Microfluidics-Benchmarks/Results/Quick_Examples/import_droplet_reaction/import_droplet_reaction_fromLFR.json --case-output /home/student/Desktop/Neptune_2026/Microfluidics-Benchmarks/Results/tree_full_20260915_040013/artifacts/quick__import_droplet_reaction__import_droplet_reaction_fromLFR --time-limit 1800.0 --solver-profile standard --mip-gap 0.0
Reversed 7 connection(s) with opposite-port direction conflicts: channel_1, channel_2, channel_3, channel_4, channel_5, channel_6, channel_9.
Finish loading test case: import_droplet_reaction_fromLFR
1/9, Finish initial placement, time spent: 3.981590270996094e-05 s
[0, 1800, 600, 'nozzle_droplet_generator_1', 0] [[400, 0], [1800, 300], [400, 600], [0, 300]]
[1, 5000, 5000, 'reaction_chamber_1', 0] [[2500, 0], [5000, 2500], [2500, 5000], [0, 2500]]
[2, 2000, 2000, 'port_1', 0] [[1000, 0], [2000, 1000], [1000, 2000], [0, 1000]]
[3, 4060, 4860, 'mixer_1', 0] [[2030, 0], [2030, 4860]]
[4, 4060, 4860, 'mixer_2', 0] [[2030, 0], [2030, 4860]]
[5, 2000, 2000, 'port_2', 0] [[1000, 0], [2000, 1000], [1000, 2000], [0, 1000]]
[6, 2000, 2000, 'port_3', 0] [[1000, 0], [2000, 1000], [1000, 2000], [0, 1000]]
[7, 2000, 2000, 'port_4', 0] [[1000, 0], [2000, 1000], [1000, 2000], [0, 1000]]
[8, 2000, 2000, 'port_5', 0] [[1000, 0], [2000, 1000], [1000, 2000], [0, 1000]]
[9, 2000, 2000, 'port_6', 0] [[1000, 0], [2000, 1000], [1000, 2000], [0, 1000]]
2/9, Finish initial placement with rotation, time spent: 0.00019407272338867188 s
3/9, Finish symmetricalization, time spent: 1.9550323486328125e-05 s
4/9, Finish routing, time spent: 0.003648996353149414 s
****************************************************
New valid order that can lead to planar graph found:
[[0, 1], [0, 1], [0], [1, 0, 2], [0], [0]]
****************************************************
--Finish applying new order
--Finish mirroring related components
5/9, Finish initialization of new orders, time spent: 0.0008676052093505859 s
6/9, Finish shortening wirelength, time spent: 7.939338684082031e-05 s
Skip stage7 LP according to user's need
8/9, Finish routing, time spent: 0.004448413848876953 s
9/9, Finish compaction and connecting ports, time spent: 0.03672432899475098 s
<<<<<<<<<<<<<<<<<<<<<<<<<<<<<< All P&R Done >>>>>>>>>>>>>>>>>>>>>>>>>>>>>>
Total Timeusage: 0.04602217674255371 s
Reordering Timeusage: 0.0008676052093505859 s
LP-based Optimization Timeusage: 0 s
P&R for the new orders: 0.042119741439819336 s
Done. Combined PR JSON: /home/student/Desktop/Neptune_2026/Microfluidics-Benchmarks/Results/tree_full_20260915_040013/artifacts/quick__import_droplet_reaction__import_droplet_reaction_fromLFR/result.json
