$ /home/student/anaconda3/envs/neptune2026/bin/python /home/student/Desktop/Neptune_2026/scripts/run_all_synthesize_timeout_report.py --_worker --algorithm tree --input /home/student/Desktop/Neptune_2026/Microfluidics-Benchmarks/Results/Quick_Examples/flow_and_control_demo/flow_and_control_demo_fromMINT.json --case-output /home/student/Desktop/Neptune_2026/Microfluidics-Benchmarks/Results/tree_full_20260915_040013/artifacts/quick__flow_and_control_demo__flow_and_control_demo_fromMINT --time-limit 1800.0 --solver-profile standard --mip-gap 0.0
Reversed 3 connection(s) with opposite-port direction conflicts: channel_1, channel_2, channel_3.
Finish loading test case: flow_and_control_demo_fromMINT
1/9, Finish initial placement, time spent: 3.600120544433594e-05 s
[0, 3260, 3660, 'mixer_1', 0] [[1630, 0], [1630, 3660]]
[1, 1400, 1400, 'port_1', 0] [[700, 0], [1400, 700], [700, 1400], [0, 700]]
[2, 1400, 1400, 'port_2', 0] [[700, 0], [1400, 700], [700, 1400], [0, 700]]
[3, 1400, 1400, 'port_3', 0] [[700, 0], [1400, 700], [700, 1400], [0, 700]]
[4, 1400, 1400, 'port_4', 0] [[700, 0], [1400, 700], [700, 1400], [0, 700]]
2/9, Finish initial placement with rotation, time spent: 0.00011992454528808594 s
3/9, Finish symmetricalization, time spent: 1.7404556274414062e-05 s
4/9, Finish routing, time spent: 0.0010962486267089844 s
****************************************************
New valid order that can lead to planar graph found:
[[0, 1], [0], [0], [0]]
****************************************************
--Finish applying new order
--Finish mirroring related components
5/9, Finish initialization of new orders, time spent: 0.0006029605865478516 s
6/9, Finish shortening wirelength, time spent: 6.461143493652344e-05 s
Skip stage7 LP according to user's need
8/9, Finish routing, time spent: 0.0014486312866210938 s
9/9, Finish compaction and connecting ports, time spent: 0.023741722106933594 s
<<<<<<<<<<<<<<<<<<<<<<<<<<<<<< All P&R Done >>>>>>>>>>>>>>>>>>>>>>>>>>>>>>
Total Timeusage: 0.027127504348754883 s
Reordering Timeusage: 0.0006029605865478516 s
LP-based Optimization Timeusage: 0 s
P&R for the new orders: 0.025857925415039062 s
Done. Combined PR JSON: /home/student/Desktop/Neptune_2026/Microfluidics-Benchmarks/Results/tree_full_20260915_040013/artifacts/quick__flow_and_control_demo__flow_and_control_demo_fromMINT/result.json
