$ systemd-run --user --scope -q -p MemoryMax=64.0G -p MemorySwapMax=0 /home/student/anaconda3/envs/neptune2026/bin/python /home/student/Desktop/Neptune_2026/scripts/run_all_synthesize_timeout_report.py --_worker --algorithm tree --input /home/student/Desktop/Neptune_2026/Microfluidics-Benchmarks/Results/LFR_TestCases/COVID/Part_2_Rt_Step/Part_2_Rt_Step_fromLFR.json --case-output /home/student/Desktop/Neptune_2026/Microfluidics-Benchmarks/Results/tree_full_20260918_081830/artifacts/lfr__COVID__Part_2_Rt_Step__Part_2_Rt_Step_fromLFR --time-limit 3600.0 --solver-profile standard --mip-gap 0.0
Reversed 7 connection(s) with opposite-port direction conflicts: channel_1, channel_2, channel_3, channel_4, channel_5, channel_6, channel_7.
Finish loading test case: Part_2_Rt_Step_fromLFR
1/9, Finish initial placement, time spent: 1.9550323486328125e-05 s
[0, 4060, 4860, 'mixer_1', 0] [[2030, 0], [2030, 4860]]
[1, 4060, 4860, 'mixer_2', 0] [[2030, 0], [2030, 4860]]
[2, 2000, 2000, 'port_1', 0] [[1000, 0], [2000, 1000], [1000, 2000], [0, 1000]]
[3, 4060, 4860, 'mixer_3', 0] [[2030, 0], [2030, 4860]]
[4, 2000, 2000, 'port_2', 0] [[1000, 0], [2000, 1000], [1000, 2000], [0, 1000]]
[5, 2000, 2000, 'port_3', 0] [[1000, 0], [2000, 1000], [1000, 2000], [0, 1000]]
[6, 2000, 2000, 'port_4', 0] [[1000, 0], [2000, 1000], [1000, 2000], [0, 1000]]
[7, 2000, 2000, 'port_5', 0] [[1000, 0], [2000, 1000], [1000, 2000], [0, 1000]]
2/9, Finish initial placement with rotation, time spent: 0.00013685226440429688 s
3/9, Finish symmetricalization, time spent: 1.5497207641601562e-05 s
4/9, Finish routing, time spent: 0.00017333030700683594 s
****************************************************
New valid order that can lead to planar graph found:
[[1, 2, 0, 3], [0, 1], [0], [0]]
****************************************************
--Finish applying new order
--Finish mirroring related components
5/9, Finish initialization of new orders, time spent: 0.0005509853363037109 s
6/9, Finish shortening wirelength, time spent: 6.413459777832031e-05 s
Skip stage7 LP according to user's need
8/9, Finish routing, time spent: 0.00019240379333496094 s
9/9, Finish compaction and connecting ports, time spent: 0.030795812606811523 s
<<<<<<<<<<<<<<<<<<<<<<<<<<<<<< All P&R Done >>>>>>>>>>>>>>>>>>>>>>>>>>>>>>
Total Timeusage: 0.03194856643676758 s
Reordering Timeusage: 0.0005509853363037109 s
LP-based Optimization Timeusage: 0 s
P&R for the new orders: 0.031603336334228516 s
Fan 2 shared-hinge MIXER mixer_3 pads by pitch 4000
Fan 2 shared-hinge MIXER mixer_1 pads by pitch 4000
Fit canvas to [28000.0, 36920.0] and center by [-1000.0, -600.0]
Done. Combined PR JSON: /home/student/Desktop/Neptune_2026/Microfluidics-Benchmarks/Results/tree_full_20260918_081830/artifacts/lfr__COVID__Part_2_Rt_Step__Part_2_Rt_Step_fromLFR/result.json
