$ systemd-run --user --scope -q -p MemoryMax=64.0G -p MemorySwapMax=0 /home/student/anaconda3/envs/neptune2026/bin/python /home/student/Desktop/Neptune_2026/scripts/run_all_synthesize_timeout_report.py --_worker --algorithm tree --input /home/student/Desktop/Neptune_2026/Microfluidics-Benchmarks/Results/LFR_TestCases/Distribute_Library/Transposer_04/Transposer_04_fromLFR.json --case-output /home/student/Desktop/Neptune_2026/Microfluidics-Benchmarks/Results/tree_full_20260918_081830/artifacts/lfr__Distribute_Library__Transposer_04__Transposer_04_fromLFR --time-limit 3600.0 --solver-profile standard --mip-gap 0.0
Reversed 35 connection(s) with opposite-port direction conflicts: channel_1, channel_2, channel_3, channel_4, channel_5, channel_6, channel_7, channel_8, channel_9, channel_10, channel_11, channel_12, channel_13, channel_14, channel_15, channel_16, channel_17, channel_18, channel_19, channel_20, channel_21, channel_22, channel_23, channel_24, channel_25, channel_26, channel_27, channel_28, channel_29, channel_30, channel_31, channel_32, channel_33, channel_34, channel_35.
Finish loading test case: Transposer_04_fromLFR
1/9, Finish initial placement, time spent: 0.00015115737915039062 s
[0, 4060, 4860, 'mixer_1', 0] [[2030, 0], [2030, 4860]]
[1, 4060, 4860, 'mixer_2', 0] [[2030, 0], [2030, 4860]]
[2, 4060, 4860, 'mixer_3', 0] [[2030, 0], [2030, 4860]]
[3, 2000, 2000, 'port_1', 0] [[1000, 0], [2000, 1000], [1000, 2000], [0, 1000]]
[4, 4060, 4860, 'mixer_4', 0] [[2030, 0], [2030, 4860]]
[5, 4060, 4860, 'mixer_5', 0] [[2030, 0], [2030, 4860]]
[6, 4060, 4860, 'mixer_6', 0] [[2030, 0], [2030, 4860]]
[7, 2000, 2000, 'port_2', 0] [[1000, 0], [2000, 1000], [1000, 2000], [0, 1000]]
[8, 4060, 4860, 'mixer_7', 0] [[2030, 0], [2030, 4860]]
[9, 2000, 2000, 'port_3', 0] [[1000, 0], [2000, 1000], [1000, 2000], [0, 1000]]
[10, 4060, 4860, 'mixer_8', 0] [[2030, 0], [2030, 4860]]
[11, 4060, 4860, 'mixer_9', 0] [[2030, 0], [2030, 4860]]
[12, 4060, 4860, 'mixer_10', 0] [[2030, 0], [2030, 4860]]
[13, 4060, 4860, 'mixer_11', 0] [[2030, 0], [2030, 4860]]
[14, 4060, 4860, 'mixer_12', 0] [[2030, 0], [2030, 4860]]
[15, 4060, 4860, 'mixer_13', 0] [[2030, 0], [2030, 4860]]
[16, 2000, 2000, 'port_4', 0] [[1000, 0], [2000, 1000], [1000, 2000], [0, 1000]]
[17, 4060, 4860, 'mixer_14', 0] [[2030, 0], [2030, 4860]]
[18, 4060, 4860, 'mixer_15', 0] [[2030, 0], [2030, 4860]]
[19, 2000, 2000, 'port_5', 0] [[1000, 0], [2000, 1000], [1000, 2000], [0, 1000]]
[20, 2000, 2000, 'port_6', 0] [[1000, 0], [2000, 1000], [1000, 2000], [0, 1000]]
[21, 2000, 2000, 'port_7', 0] [[1000, 0], [2000, 1000], [1000, 2000], [0, 1000]]
[22, 2000, 2000, 'port_8', 0] [[1000, 0], [2000, 1000], [1000, 2000], [0, 1000]]
2/9, Finish initial placement with rotation, time spent: 0.0004756450653076172 s
3/9, Finish symmetricalization, time spent: 2.288818359375e-05 s
4/9, Finish routing, time spent: 0.0006160736083984375 s
****************************************************
Fail to find valid order; keeping the initial row order
****************************************************
--Finish applying new order
--Finish mirroring related components
5/9, Finish initialization of new orders, time spent: 0.015251398086547852 s
6/9, Finish shortening wirelength, time spent: 0.00014662742614746094 s
Skip stage7 LP according to user's need
8/9, Finish routing, time spent: 0.0007538795471191406 s
9/9, Finish compaction and connecting ports, time spent: 0.08976459503173828 s
<<<<<<<<<<<<<<<<<<<<<<<<<<<<<< All P&R Done >>>>>>>>>>>>>>>>>>>>>>>>>>>>>>
Total Timeusage: 0.10718226432800293 s
Reordering Timeusage: 0.015251398086547852 s
LP-based Optimization Timeusage: 0 s
P&R for the new orders: 0.10591650009155273 s
Cannot finish valid layer-1 synthesis for:
- reason=placement valve=valve_1 flow_connection=channel_8 control_port=Cport_1
- reason=placement valve=valve_2 flow_connection=channel_8 control_port=Cport_2
Fan 2 shared-hinge MIXER mixer_1 pads by pitch 4000
Fan 2 shared-hinge MIXER mixer_4 pads by pitch 4000
Fan 2 shared-hinge MIXER mixer_9 pads by pitch 4000
Fan 2 shared-hinge MIXER mixer_12 pads by pitch 4000
Fan 2 shared-hinge MIXER mixer_14 pads by pitch 4000
Fit canvas to [73480.0, 60780.0] and center by [0.0, -5500.0]
Done. Combined PR JSON: /home/student/Desktop/Neptune_2026/Microfluidics-Benchmarks/Results/tree_full_20260918_081830/artifacts/lfr__Distribute_Library__Transposer_04__Transposer_04_fromLFR/result.json
