$ systemd-run --user --scope -q -p MemoryMax=64.0G -p MemorySwapMax=0 /home/student/anaconda3/envs/neptune2026/bin/python /home/student/Desktop/Neptune_2026/scripts/run_all_synthesize_timeout_report.py --_worker --algorithm tree --input /home/student/Desktop/Neptune_2026/Microfluidics-Benchmarks/Results/LFR_TestCases/Technology_Mapping/One_To_One_Mapping/One_To_One_Mapping_fromLFR.json --case-output /home/student/Desktop/Neptune_2026/Microfluidics-Benchmarks/Results/tree_full_20260918_081830/artifacts/lfr__Technology_Mapping__One_To_One_Mapping__One_To_One_Mapping_fromLFR --time-limit 3600.0 --solver-profile standard --mip-gap 0.0
Reversed 2 connection(s) with opposite-port direction conflicts: channel_1, channel_2.
Finish loading test case: One_To_One_Mapping_fromLFR
1/9, Finish initial placement, time spent: 1.4543533325195312e-05 s
[0, 4060, 4860, 'mixer_1', 0] [[2030, 0], [2030, 4860]]
[1, 2000, 2000, 'port_1', 0] [[1000, 0], [2000, 1000], [1000, 2000], [0, 1000]]
[2, 2000, 2000, 'port_2', 0] [[1000, 0], [2000, 1000], [1000, 2000], [0, 1000]]
2/9, Finish initial placement with rotation, time spent: 6.246566772460938e-05 s
3/9, Finish symmetricalization, time spent: 1.239776611328125e-05 s
4/9, Finish routing, time spent: 7.700920104980469e-05 s
****************************************************
New valid order that can lead to planar graph found:
[[0], [0], [0]]
****************************************************
--Finish applying new order
--Finish mirroring related components
5/9, Finish initialization of new orders, time spent: 0.00036406517028808594 s
6/9, Finish shortening wirelength, time spent: 3.528594970703125e-05 s
Skip stage7 LP according to user's need
8/9, Finish routing, time spent: 0.0001010894775390625 s
9/9, Finish compaction and connecting ports, time spent: 0.013946056365966797 s
<<<<<<<<<<<<<<<<<<<<<<<<<<<<<< All P&R Done >>>>>>>>>>>>>>>>>>>>>>>>>>>>>>
Total Timeusage: 0.014612913131713867 s
Reordering Timeusage: 0.00036406517028808594 s
LP-based Optimization Timeusage: 0 s
P&R for the new orders: 0.014446496963500977 s
Fit canvas to [14060.0, 28060.0] and center by [0.0, 0.0]
Done. Combined PR JSON: /home/student/Desktop/Neptune_2026/Microfluidics-Benchmarks/Results/tree_full_20260918_081830/artifacts/lfr__Technology_Mapping__One_To_One_Mapping__One_To_One_Mapping_fromLFR/result.json
