$ systemd-run --user --scope -q -p MemoryMax=64.0G -p MemorySwapMax=0 /home/student/anaconda3/envs/neptune2026/bin/python /home/student/Desktop/Neptune_2026/scripts/run_all_synthesize_timeout_report.py --_worker --algorithm tree --input /home/student/Desktop/Neptune_2026/Microfluidics-Benchmarks/Results/LFR_TestCases/Distribute_Library/Transposer_64/Transposer_64_fromLFR.json --case-output /home/student/Desktop/Neptune_2026/Microfluidics-Benchmarks/Results/tree_full_20260918_081830/artifacts/lfr__Distribute_Library__Transposer_64__Transposer_64_fromLFR --time-limit 3600.0 --solver-profile standard --mip-gap 0.0
Finish loading test case: Transposer_64_fromLFR
1/9, Finish initial placement, time spent: 2.8848648071289062e-05 s
[0, 2000, 2000, 'port_1', 0] [[1000, 0], [2000, 1000], [1000, 2000], [0, 1000]]
[1, 2000, 2000, 'port_2', 0] [[1000, 0], [2000, 1000], [1000, 2000], [0, 1000]]
2/9, Finish initial placement with rotation, time spent: 6.461143493652344e-05 s
3/9, Finish symmetricalization, time spent: 1.0967254638671875e-05 s
4/9, Finish routing, time spent: 6.556510925292969e-05 s
****************************************************
New valid order that can lead to planar graph found:
[[0], [0]]
****************************************************
--Finish applying new order
--Finish mirroring related components
5/9, Finish initialization of new orders, time spent: 0.0002760887145996094 s
6/9, Finish shortening wirelength, time spent: 2.4557113647460938e-05 s
Skip stage7 LP according to user's need
8/9, Finish routing, time spent: 7.748603820800781e-05 s
9/9, Finish compaction and connecting ports, time spent: 0.011437177658081055 s
<<<<<<<<<<<<<<<<<<<<<<<<<<<<<< All P&R Done >>>>>>>>>>>>>>>>>>>>>>>>>>>>>>
Total Timeusage: 0.011985301971435547 s
Reordering Timeusage: 0.0002760887145996094 s
LP-based Optimization Timeusage: 0 s
P&R for the new orders: 0.011815309524536133 s
Fit canvas to [12000.0, 18600.0] and center by [0.0, 0.0]
Done. Combined PR JSON: /home/student/Desktop/Neptune_2026/Microfluidics-Benchmarks/Results/tree_full_20260918_081830/artifacts/lfr__Distribute_Library__Transposer_64__Transposer_64_fromLFR/result.json
