$ systemd-run --user --scope -q -p MemoryMax=64.0G -p MemorySwapMax=0 /home/student/anaconda3/envs/neptune2026/bin/python /home/student/Desktop/Neptune_2026/scripts/run_all_synthesize_timeout_report.py --_worker --algorithm tree --input /home/student/Desktop/Neptune_2026/Microfluidics-Benchmarks/Results/LFR_TestCases/Literature_Benchmarks/Device_5_Bacteria_Diagnostics/Device_5_Bacteria_Diagnostics_fromLFR.json --case-output /home/student/Desktop/Neptune_2026/Microfluidics-Benchmarks/Results/tree_full_20260918_081830/artifacts/lfr__Literature_Benchmarks__Device_5_Bacteria_Diagnostics__Device_5_Bacteria_Diagnostics_fromLFR --time-limit 3600.0 --solver-profile standard --mip-gap 0.0
Reversed 10 connection(s) with opposite-port direction conflicts: channel_1, channel_2, channel_3, channel_4, channel_5, channel_6, channel_7, channel_8, channel_9, channel_10.
Finish loading test case: Device_5_Bacteria_Diagnostics_fromLFR
1/9, Finish initial placement, time spent: 4.696846008300781e-05 s
[0, 4060, 4860, 'mixer_1', 0] [[2030, 0], [2030, 4860]]
[1, 2000, 2000, 'port_1', 0] [[1000, 0], [2000, 1000], [1000, 2000], [0, 1000]]
[2, 4060, 4860, 'mixer_2', 0] [[2030, 0], [2030, 4860]]
[3, 4060, 4860, 'mixer_3', 0] [[2030, 0], [2030, 4860]]
[4, 4060, 4860, 'mixer_4', 0] [[2030, 0], [2030, 4860]]
[5, 2000, 2000, 'port_2', 0] [[1000, 0], [2000, 1000], [1000, 2000], [0, 1000]]
[6, 2000, 2000, 'port_3', 0] [[1000, 0], [2000, 1000], [1000, 2000], [0, 1000]]
[7, 2000, 2000, 'port_4', 0] [[1000, 0], [2000, 1000], [1000, 2000], [0, 1000]]
2/9, Finish initial placement with rotation, time spent: 0.00016260147094726562 s
3/9, Finish symmetricalization, time spent: 1.6689300537109375e-05 s
4/9, Finish routing, time spent: 0.00019884109497070312 s
****************************************************
Fail to find valid order; keeping the initial row order
****************************************************
--Finish applying new order
--Finish mirroring related components
5/9, Finish initialization of new orders, time spent: 0.0009646415710449219 s
6/9, Finish shortening wirelength, time spent: 7.152557373046875e-05 s
Skip stage7 LP according to user's need
8/9, Finish routing, time spent: 0.0002548694610595703 s
9/9, Finish compaction and connecting ports, time spent: 0.03471517562866211 s
<<<<<<<<<<<<<<<<<<<<<<<<<<<<<< All P&R Done >>>>>>>>>>>>>>>>>>>>>>>>>>>>>>
Total Timeusage: 0.036431312561035156 s
Reordering Timeusage: 0.0009646415710449219 s
LP-based Optimization Timeusage: 0 s
P&R for the new orders: 0.03600621223449707 s
Cannot finish valid layer-1 synthesis for:
- reason=placement valve=valve_1 flow_connection=channel_1 control_port=Cport_1
Fan 2 shared-hinge MIXER mixer_2 pads by pitch 4000
Fan 2 shared-hinge MIXER mixer_3 pads by pitch 4000
Fit canvas to [29665.0, 51920.0] and center by [0.0, 0.0]
Done. Combined PR JSON: /home/student/Desktop/Neptune_2026/Microfluidics-Benchmarks/Results/tree_full_20260918_081830/artifacts/lfr__Literature_Benchmarks__Device_5_Bacteria_Diagnostics__Device_5_Bacteria_Diagnostics_fromLFR/result.json
