$ systemd-run --user --scope -q -p MemoryMax=64.0G -p MemorySwapMax=0 /home/student/anaconda3/envs/neptune2026/bin/python /home/student/Desktop/Neptune_2026/scripts/run_all_synthesize_timeout_report.py --_worker --algorithm tree --input /home/student/Desktop/Neptune_2026/Microfluidics-Benchmarks/Results/LFR_TestCases/Drop_Ref/Dx_4/Dx_4_fromLFR.json --case-output /home/student/Desktop/Neptune_2026/Microfluidics-Benchmarks/Results/tree_full_20260918_081830/artifacts/lfr__Drop_Ref__Dx_4__Dx_4_fromLFR --time-limit 3600.0 --solver-profile standard --mip-gap 0.0
Reversed 12 connection(s) with opposite-port direction conflicts: channel_3, channel_10, channel_11, channel_12, channel_13, channel_14, channel_15, channel_16, channel_17, channel_18, channel_19, channel_20.
Finish loading test case: Dx_4_fromLFR
1/9, Finish initial placement, time spent: 2.7179718017578125e-05 s
[0, 4000, 4000, 'port_1', 0] [[2000, 0], [4000, 2000], [2000, 4000], [0, 2000]]
[1, 4000, 4000, 'port_2', 0] [[2000, 0], [4000, 2000], [2000, 4000], [0, 2000]]
[2, 1800, 600, 'nozzle_droplet_generator_1', 0] [[400, 0], [1800, 300], [400, 600], [0, 300]]
[3, 4060, 4860, 'mixer_1', 0] [[2030, 0], [2030, 4860]]
[4, 18450, 11426, 'droplet_sorter_1', 0] [[0, 4845], [18450, 600], [18450, 9091]]
[5, 18450, 11426, 'droplet_sorter_2', 0] [[0, 4845], [18450, 600], [18450, 9091]]
[6, 2000, 2000, 'port_3', 0] [[1000, 0], [2000, 1000], [1000, 2000], [0, 1000]]
[7, 2000, 2000, 'port_4', 0] [[1000, 0], [2000, 1000], [1000, 2000], [0, 1000]]
[8, 18450, 11426, 'droplet_sorter_3', 0] [[0, 4845], [18450, 600], [18450, 9091]]
[9, 2000, 2000, 'port_5', 0] [[1000, 0], [2000, 1000], [1000, 2000], [0, 1000]]
[10, 2000, 2000, 'port_6', 0] [[1000, 0], [2000, 1000], [1000, 2000], [0, 1000]]
[11, 4060, 4860, 'mixer_2', 0] [[2030, 0], [2030, 4860]]
[12, 4060, 4860, 'mixer_3', 0] [[2030, 0], [2030, 4860]]
[13, 4060, 4860, 'mixer_4', 0] [[2030, 0], [2030, 4860]]
[14, 4060, 4860, 'mixer_5', 0] [[2030, 0], [2030, 4860]]
[15, 2000, 2000, 'port_7', 0] [[1000, 0], [2000, 1000], [1000, 2000], [0, 1000]]
[16, 2000, 2000, 'port_8', 0] [[1000, 0], [2000, 1000], [1000, 2000], [0, 1000]]
[17, 2000, 2000, 'port_9', 0] [[1000, 0], [2000, 1000], [1000, 2000], [0, 1000]]
[18, 2000, 2000, 'port_10', 0] [[1000, 0], [2000, 1000], [1000, 2000], [0, 1000]]
[19, 2000, 2000, 'port_11', 0] [[1000, 0], [2000, 1000], [1000, 2000], [0, 1000]]
2/9, Finish initial placement with rotation, time spent: 0.00026297569274902344 s
3/9, Finish symmetricalization, time spent: 2.0742416381835938e-05 s
4/9, Finish routing, time spent: 0.0003325939178466797 s
****************************************************
New valid order that can lead to planar graph found:
[[0, 1], [0, 1], [0], [1, 0, 2], [1, 7, 3, 4, 5, 6, 0, 2], [0, 1, 2], [0]]
****************************************************
--Finish applying new order
--Finish mirroring related components
5/9, Finish initialization of new orders, time spent: 0.029343366622924805 s
6/9, Finish shortening wirelength, time spent: 0.0001277923583984375 s
Skip stage7 LP according to user's need
8/9, Finish routing, time spent: 0.00037026405334472656 s
9/9, Finish compaction and connecting ports, time spent: 0.0647127628326416 s
<<<<<<<<<<<<<<<<<<<<<<<<<<<<<< All P&R Done >>>>>>>>>>>>>>>>>>>>>>>>>>>>>>
Total Timeusage: 0.09519767761230469 s
Reordering Timeusage: 0.029343366622924805 s
LP-based Optimization Timeusage: 0 s
P&R for the new orders: 0.09455418586730957 s
Fan 2 shared-hinge NOZZLE DROPLET GENERATOR nozzle_droplet_generator_1 pads by pitch 2400
Fan 2 shared-hinge MIXER mixer_2 pads by pitch 4000
Fit canvas to [76081.0, 88316.0] and center by [14460.0, -600.0]
Done. Combined PR JSON: /home/student/Desktop/Neptune_2026/Microfluidics-Benchmarks/Results/tree_full_20260918_081830/artifacts/lfr__Drop_Ref__Dx_4__Dx_4_fromLFR/result.json
