$ systemd-run --user --scope -q -p MemoryMax=64.0G -p MemorySwapMax=0 /home/student/anaconda3/envs/neptune2026/bin/python /home/student/Desktop/Neptune_2026/scripts/run_all_synthesize_timeout_report.py --_worker --algorithm tree --input /home/student/Desktop/Neptune_2026/Microfluidics-Benchmarks/Results/LFR_TestCases/COVID/Part_3_Gel/Part_3_Gel_fromLFR.json --case-output /home/student/Desktop/Neptune_2026/Microfluidics-Benchmarks/Results/tree_full_20260918_081830/artifacts/lfr__COVID__Part_3_Gel__Part_3_Gel_fromLFR --time-limit 3600.0 --solver-profile standard --mip-gap 0.0
Reversed 11 connection(s) with opposite-port direction conflicts: channel_1, channel_2, channel_3, channel_4, channel_5, channel_6, channel_7, channel_8, channel_9, channel_10, channel_11.
Finish loading test case: Part_3_Gel_fromLFR
1/9, Finish initial placement, time spent: 3.695487976074219e-05 s
[0, 4060, 4860, 'mixer_1', 0] [[2030, 0], [2030, 4860]]
[1, 4060, 4860, 'mixer_2', 0] [[2030, 0], [2030, 4860]]
[2, 4060, 4860, 'mixer_3', 0] [[2030, 0], [2030, 4860]]
[3, 2000, 2000, 'port_1', 0] [[1000, 0], [2000, 1000], [1000, 2000], [0, 1000]]
[4, 4060, 4860, 'mixer_4', 0] [[2030, 0], [2030, 4860]]
[5, 4060, 4860, 'mixer_5', 0] [[2030, 0], [2030, 4860]]
[6, 2000, 2000, 'port_2', 0] [[1000, 0], [2000, 1000], [1000, 2000], [0, 1000]]
[7, 2000, 2000, 'port_3', 0] [[1000, 0], [2000, 1000], [1000, 2000], [0, 1000]]
[8, 2000, 2000, 'port_4', 0] [[1000, 0], [2000, 1000], [1000, 2000], [0, 1000]]
[9, 2000, 2000, 'port_5', 0] [[1000, 0], [2000, 1000], [1000, 2000], [0, 1000]]
[10, 2000, 2000, 'port_6', 0] [[1000, 0], [2000, 1000], [1000, 2000], [0, 1000]]
[11, 2000, 2000, 'port_7', 0] [[1000, 0], [2000, 1000], [1000, 2000], [0, 1000]]
2/9, Finish initial placement with rotation, time spent: 0.0002071857452392578 s
3/9, Finish symmetricalization, time spent: 1.6927719116210938e-05 s
4/9, Finish routing, time spent: 0.0002307891845703125 s
****************************************************
New valid order that can lead to planar graph found:
[[0, 1, 2, 3], [0, 2, 1, 3], [0, 1], [0], [0]]
****************************************************
--Finish applying new order
--Finish mirroring related components
5/9, Finish initialization of new orders, time spent: 0.0007855892181396484 s
6/9, Finish shortening wirelength, time spent: 8.511543273925781e-05 s
Skip stage7 LP according to user's need
8/9, Finish routing, time spent: 0.0002605915069580078 s
9/9, Finish compaction and connecting ports, time spent: 0.07502889633178711 s
<<<<<<<<<<<<<<<<<<<<<<<<<<<<<< All P&R Done >>>>>>>>>>>>>>>>>>>>>>>>>>>>>>
Total Timeusage: 0.07665205001831055 s
Reordering Timeusage: 0.0007855892181396484 s
LP-based Optimization Timeusage: 0 s
P&R for the new orders: 0.07616019248962402 s
Fan 2 shared-hinge MIXER mixer_1 pads by pitch 4000
Fan 2 shared-hinge MIXER mixer_4 pads by pitch 4000
Fit canvas to [35090.0, 46380.0] and center by [-4000.0, -600.0]
Done. Combined PR JSON: /home/student/Desktop/Neptune_2026/Microfluidics-Benchmarks/Results/tree_full_20260918_081830/artifacts/lfr__COVID__Part_3_Gel__Part_3_Gel_fromLFR/result.json
