$ systemd-run --user --scope -q -p MemoryMax=64.0G -p MemorySwapMax=0 /home/student/anaconda3/envs/neptune2026/bin/python /home/student/Desktop/Neptune_2026/scripts/run_all_synthesize_timeout_report.py --_worker --algorithm tree --input /home/student/Desktop/Neptune_2026/Microfluidics-Benchmarks/Results/LFR_TestCases/CIDAR_Lab_Past_Devices/Net_MUX/Net_MUX_fromLFR.json --case-output /home/student/Desktop/Neptune_2026/Microfluidics-Benchmarks/Results/tree_full_20260918_081830/artifacts/lfr__CIDAR_Lab_Past_Devices__Net_MUX__Net_MUX_fromLFR --time-limit 3600.0 --solver-profile standard --mip-gap 0.0
Reversed 50 connection(s) with opposite-port direction conflicts: channel_1, channel_2, channel_3, channel_4, channel_5, channel_6, channel_7, channel_8, channel_9, channel_10, channel_11, channel_12, channel_13, channel_14, channel_15, channel_16, channel_17, channel_18, channel_19, channel_20, channel_21, channel_22, channel_23, channel_24, channel_25, channel_26, channel_27, channel_28, channel_29, channel_30, channel_31, channel_32, channel_33, channel_34, channel_35, channel_36, channel_37, channel_38, channel_39, channel_40, channel_41, channel_42, channel_43, channel_44, channel_45, channel_46, channel_47, channel_48, channel_49, channel_50.
Finish loading test case: Net_MUX_fromLFR
1/9, Finish initial placement, time spent: 0.00019121170043945312 s
[0, 4060, 4860, 'mixer_1', 0] [[2030, 0], [2030, 4860]]
[1, 4060, 4860, 'mixer_2', 0] [[2030, 0], [2030, 4860]]
[2, 2000, 2000, 'port_1', 0] [[1000, 0], [2000, 1000], [1000, 2000], [0, 1000]]
[3, 4060, 4860, 'mixer_3', 0] [[2030, 0], [2030, 4860]]
[4, 4060, 4860, 'mixer_4', 0] [[2030, 0], [2030, 4860]]
[5, 2000, 2000, 'port_2', 0] [[1000, 0], [2000, 1000], [1000, 2000], [0, 1000]]
[6, 4060, 4860, 'mixer_5', 0] [[2030, 0], [2030, 4860]]
[7, 2000, 2000, 'port_3', 0] [[1000, 0], [2000, 1000], [1000, 2000], [0, 1000]]
[8, 4060, 4860, 'mixer_6', 0] [[2030, 0], [2030, 4860]]
[9, 2000, 2000, 'port_4', 0] [[1000, 0], [2000, 1000], [1000, 2000], [0, 1000]]
[10, 4060, 4860, 'mixer_7', 0] [[2030, 0], [2030, 4860]]
[11, 2000, 2000, 'port_5', 0] [[1000, 0], [2000, 1000], [1000, 2000], [0, 1000]]
[12, 4060, 4860, 'mixer_8', 0] [[2030, 0], [2030, 4860]]
[13, 2000, 2000, 'port_6', 0] [[1000, 0], [2000, 1000], [1000, 2000], [0, 1000]]
[14, 4060, 4860, 'mixer_9', 0] [[2030, 0], [2030, 4860]]
[15, 4060, 4860, 'mixer_10', 0] [[2030, 0], [2030, 4860]]
[16, 2000, 2000, 'port_7', 0] [[1000, 0], [2000, 1000], [1000, 2000], [0, 1000]]
[17, 4060, 4860, 'mixer_11', 0] [[2030, 0], [2030, 4860]]
[18, 4060, 4860, 'mixer_12', 0] [[2030, 0], [2030, 4860]]
[19, 4060, 4860, 'mixer_13', 0] [[2030, 0], [2030, 4860]]
[20, 2000, 2000, 'port_8', 0] [[1000, 0], [2000, 1000], [1000, 2000], [0, 1000]]
[21, 4060, 4860, 'mixer_14', 0] [[2030, 0], [2030, 4860]]
[22, 4060, 4860, 'mixer_15', 0] [[2030, 0], [2030, 4860]]
[23, 4060, 4860, 'mixer_16', 0] [[2030, 0], [2030, 4860]]
[24, 2000, 2000, 'port_9', 0] [[1000, 0], [2000, 1000], [1000, 2000], [0, 1000]]
[25, 4060, 4860, 'mixer_17', 0] [[2030, 0], [2030, 4860]]
[26, 4060, 4860, 'mixer_18', 0] [[2030, 0], [2030, 4860]]
[27, 4060, 4860, 'mixer_19', 0] [[2030, 0], [2030, 4860]]
[28, 4060, 4860, 'mixer_20', 0] [[2030, 0], [2030, 4860]]
[29, 2000, 2000, 'port_10', 0] [[1000, 0], [2000, 1000], [1000, 2000], [0, 1000]]
[30, 2000, 2000, 'port_11', 0] [[1000, 0], [2000, 1000], [1000, 2000], [0, 1000]]
[31, 2000, 2000, 'port_12', 0] [[1000, 0], [2000, 1000], [1000, 2000], [0, 1000]]
2/9, Finish initial placement with rotation, time spent: 0.0005660057067871094 s
3/9, Finish symmetricalization, time spent: 2.2649765014648438e-05 s
4/9, Finish routing, time spent: 0.0010576248168945312 s
****************************************************
Fail to find valid order; keeping the initial row order
****************************************************
--Finish applying new order
--Finish mirroring related components
5/9, Finish initialization of new orders, time spent: 0.10813426971435547 s
6/9, Finish shortening wirelength, time spent: 0.000186920166015625 s
Skip stage7 LP according to user's need
8/9, Finish routing, time spent: 0.001245737075805664 s
9/9, Finish compaction and connecting ports, time spent: 0.15446138381958008 s
<<<<<<<<<<<<<<<<<<<<<<<<<<<<<< All P&R Done >>>>>>>>>>>>>>>>>>>>>>>>>>>>>>
Total Timeusage: 0.2658658027648926 s
Reordering Timeusage: 0.10813426971435547 s
LP-based Optimization Timeusage: 0 s
P&R for the new orders: 0.26402831077575684 s
Cannot finish valid layer-1 synthesis for:
- reason=placement valve=valve_1 flow_connection=channel_8 control_port=Cport_1
- reason=placement valve=valve_2 flow_connection=channel_8 control_port=Cport_2
- reason=placement valve=valve_3 flow_connection=channel_8 control_port=Cport_3
- reason=placement valve=valve_4 flow_connection=channel_8 control_port=Cport_4
Fan 2 shared-hinge MIXER mixer_1 pads by pitch 4000
Fan 2 shared-hinge MIXER mixer_3 pads by pitch 4000
Fan 2 shared-hinge MIXER mixer_9 pads by pitch 4000
Fan 2 shared-hinge MIXER mixer_12 pads by pitch 4000
Fan 2 shared-hinge MIXER mixer_14 pads by pitch 4000
Fan 2 shared-hinge MIXER mixer_15 pads by pitch 4000
Fan 2 shared-hinge MIXER mixer_17 pads by pitch 4000
Fan 2 shared-hinge MIXER mixer_18 pads by pitch 4000
Fan 2 shared-hinge MIXER mixer_19 pads by pitch 4000
Fan 2 shared-hinge MIXER mixer_20 pads by pitch 4000
Fit canvas to [123740.0, 111560.0] and center by [-64265.0, -14660.0]
Done. Combined PR JSON: /home/student/Desktop/Neptune_2026/Microfluidics-Benchmarks/Results/tree_full_20260918_081830/artifacts/lfr__CIDAR_Lab_Past_Devices__Net_MUX__Net_MUX_fromLFR/result.json
