$ systemd-run --user --scope -q -p MemoryMax=64.0G -p MemorySwapMax=0 /home/student/anaconda3/envs/neptune2026/bin/python /home/student/Desktop/Neptune_2026/scripts/run_all_synthesize_timeout_report.py --_worker --algorithm tree --input /home/student/Desktop/Neptune_2026/Microfluidics-Benchmarks/Results/LFR_TestCases/CIDAR_Lab_Past_Devices/Incubator/Incubator_fromLFR.json --case-output /home/student/Desktop/Neptune_2026/Microfluidics-Benchmarks/Results/tree_full_20260918_081830/artifacts/lfr__CIDAR_Lab_Past_Devices__Incubator__Incubator_fromLFR --time-limit 3600.0 --solver-profile standard --mip-gap 0.0
Reversed 23 connection(s) with opposite-port direction conflicts: channel_1, channel_2, channel_3, channel_4, channel_5, channel_9, channel_10, channel_11, channel_12, channel_13, channel_14, channel_15, channel_16, channel_17, channel_18, channel_19, channel_20, channel_21, channel_22, channel_23, channel_24, channel_25, channel_26.
Finish loading test case: Incubator_fromLFR
1/9, Finish initial placement, time spent: 0.0002086162567138672 s
[0, 5000, 5000, 'reaction_chamber_1', 0] [[2500, 0], [5000, 2500], [2500, 5000], [0, 2500]]
[1, 4000, 4000, 'square_cell_trap_1', 0] [[0, 2000], [4000, 2000], [2000, 0], [2000, 4000]]
[2, 2000, 2000, 'port_1', 0] [[1000, 0], [2000, 1000], [1000, 2000], [0, 1000]]
[3, 2000, 2000, 'port_2', 0] [[1000, 0], [2000, 1000], [1000, 2000], [0, 1000]]
[4, 2000, 2000, 'port_3', 0] [[1000, 0], [2000, 1000], [1000, 2000], [0, 1000]]
[5, 5000, 5000, 'reaction_chamber_2', 0] [[2500, 0], [5000, 2500], [2500, 5000], [0, 2500]]
[6, 5000, 5000, 'reaction_chamber_3', 0] [[2500, 0], [5000, 2500], [2500, 5000], [0, 2500]]
[7, 4060, 4860, 'mixer_1', 0] [[2030, 0], [2030, 4860]]
[8, 5000, 5000, 'reaction_chamber_4', 0] [[2500, 0], [5000, 2500], [2500, 5000], [0, 2500]]
[9, 4060, 4860, 'mixer_2', 0] [[2030, 0], [2030, 4860]]
[10, 4060, 4860, 'mixer_3', 0] [[2030, 0], [2030, 4860]]
[11, 4060, 4860, 'mixer_4', 0] [[2030, 0], [2030, 4860]]
[12, 4060, 4860, 'mixer_5', 0] [[2030, 0], [2030, 4860]]
[13, 4060, 4860, 'mixer_6', 0] [[2030, 0], [2030, 4860]]
[14, 4060, 4860, 'mixer_7', 0] [[2030, 0], [2030, 4860]]
[15, 4060, 4860, 'mixer_8', 0] [[2030, 0], [2030, 4860]]
[16, 4060, 4860, 'mixer_9', 0] [[2030, 0], [2030, 4860]]
[17, 2000, 2000, 'port_4', 0] [[1000, 0], [2000, 1000], [1000, 2000], [0, 1000]]
[18, 2000, 2000, 'port_5', 0] [[1000, 0], [2000, 1000], [1000, 2000], [0, 1000]]
[19, 2000, 2000, 'port_6', 0] [[1000, 0], [2000, 1000], [1000, 2000], [0, 1000]]
[20, 2000, 2000, 'port_7', 0] [[1000, 0], [2000, 1000], [1000, 2000], [0, 1000]]
[21, 2000, 2000, 'port_8', 0] [[1000, 0], [2000, 1000], [1000, 2000], [0, 1000]]
2/9, Finish initial placement with rotation, time spent: 0.0005283355712890625 s
3/9, Finish symmetricalization, time spent: 2.8133392333984375e-05 s
4/9, Finish routing, time spent: 0.0005044937133789062 s
****************************************************
Fail to find valid order; keeping the initial row order
****************************************************
--Finish applying new order
--Finish mirroring related components
5/9, Finish initialization of new orders, time spent: 0.03346872329711914 s
6/9, Finish shortening wirelength, time spent: 0.00014829635620117188 s
Skip stage7 LP according to user's need
8/9, Finish routing, time spent: 0.000652313232421875 s
9/9, Finish compaction and connecting ports, time spent: 0.07984662055969238 s
<<<<<<<<<<<<<<<<<<<<<<<<<<<<<< All P&R Done >>>>>>>>>>>>>>>>>>>>>>>>>>>>>>
Total Timeusage: 0.11538553237915039 s
Reordering Timeusage: 0.03346872329711914 s
LP-based Optimization Timeusage: 0 s
P&R for the new orders: 0.11411595344543457 s
Cannot finish valid layer-1 synthesis for:
- reason=placement valve=valve_0 flow_connection=channel_12 control_port=Cport_0
- reason=placement valve=valve_2 flow_connection=channel_12 control_port=Cport_2
- reason=placement valve=valve_3 flow_connection=channel_12 control_port=Cport_3
- reason=placement valve=valve_4 flow_connection=channel_12 control_port=Cport_4
- reason=placement valve=valve_5 flow_connection=channel_12 control_port=Cport_5
- reason=placement valve=valve_6 flow_connection=channel_12 control_port=Cport_6
- reason=placement valve=valve_7 flow_connection=channel_12 control_port=Cport_7
- reason=placement valve=valve_8 flow_connection=channel_12 control_port=Cport_8
- reason=placement valve=valve_9 flow_connection=channel_12 control_port=Cport_9
- reason=placement valve=valve_10 flow_connection=channel_12 control_port=Cport_10
- reason=placement valve=valve_11 flow_connection=channel_12 control_port=Cport_11
- reason=placement valve=valve_12 flow_connection=channel_12 control_port=Cport_12
- reason=placement valve=valve_13 flow_connection=channel_12 control_port=Cport_13
- reason=placement valve=valve_14 flow_connection=channel_12 control_port=Cport_14
- reason=placement valve=valve_15 flow_connection=channel_12 control_port=Cport_15
- reason=placement valve=valve_16 flow_connection=channel_12 control_port=Cport_16
Fan 2 shared-hinge MIXER mixer_2 pads by pitch 4000
Fan 2 shared-hinge MIXER mixer_7 pads by pitch 4000
Fit canvas to [37165.0, 132000.0] and center by [0.0, -5500.0]
Done. Combined PR JSON: /home/student/Desktop/Neptune_2026/Microfluidics-Benchmarks/Results/tree_full_20260918_081830/artifacts/lfr__CIDAR_Lab_Past_Devices__Incubator__Incubator_fromLFR/result.json
