$ systemd-run --user --scope -q -p MemoryMax=64.0G -p MemorySwapMax=0 /home/student/anaconda3/envs/neptune2026/bin/python /home/student/Desktop/Neptune_2026/scripts/run_all_synthesize_timeout_report.py --_worker --algorithm tree --input /home/student/Desktop/Neptune_2026/Microfluidics-Benchmarks/Results/LFR_TestCases/Technology_Mapping/Tree_Storage_Bus_Mapping/Tree_Storage_Bus_Mapping_fromLFR.json --case-output /home/student/Desktop/Neptune_2026/Microfluidics-Benchmarks/Results/tree_full_20260918_081830/artifacts/lfr__Technology_Mapping__Tree_Storage_Bus_Mapping__Tree_Storage_Bus_Mapping_fromLFR --time-limit 3600.0 --solver-profile standard --mip-gap 0.0
Reversed 58 connection(s) with opposite-port direction conflicts: channel_19, channel_20, channel_21, channel_22, channel_23, channel_24, channel_25, channel_26, channel_27, channel_28, channel_29, channel_30, channel_31, channel_32, channel_33, channel_34, channel_35, channel_36, channel_37, channel_38, channel_39, channel_40, channel_41, channel_42, channel_43, channel_44, channel_45, channel_46, channel_47, channel_48, channel_49, channel_50, channel_51, channel_52, channel_54, channel_55, channel_56, channel_57, channel_58, channel_59, channel_60, channel_61, channel_62, channel_63, channel_64, channel_65, channel_66, channel_67, channel_68, channel_69, channel_70, channel_71, channel_72, channel_73, channel_74, channel_75, channel_76, channel_77.
Finish loading test case: Tree_Storage_Bus_Mapping_fromLFR
1/9, Finish initial placement, time spent: 2.7418136596679688e-05 s
[0, 49, 20, 'ytree_1', 0] [[24, 0], [46, 20], [40, 20], [33, 20], [27, 20], [21, 20], [15, 20], [8, 20], [2, 20]]
[1, 49, 20, 'ytree_2', 0] [[24, 0], [46, 20], [40, 20], [33, 20], [27, 20], [21, 20], [15, 20], [8, 20], [2, 20]]
[2, 5000, 5000, 'reaction_chamber_1', 0] [[2500, 0], [5000, 2500], [2500, 5000], [0, 2500]]
[3, 2000, 2000, 'port_1', 0] [[1000, 0], [2000, 1000], [1000, 2000], [0, 1000]]
[4, 5000, 5000, 'reaction_chamber_2', 0] [[2500, 0], [5000, 2500], [2500, 5000], [0, 2500]]
[5, 5000, 5000, 'reaction_chamber_3', 0] [[2500, 0], [5000, 2500], [2500, 5000], [0, 2500]]
[6, 5000, 5000, 'reaction_chamber_4', 0] [[2500, 0], [5000, 2500], [2500, 5000], [0, 2500]]
[7, 5000, 5000, 'reaction_chamber_5', 0] [[2500, 0], [5000, 2500], [2500, 5000], [0, 2500]]
[8, 5000, 5000, 'reaction_chamber_6', 0] [[2500, 0], [5000, 2500], [2500, 5000], [0, 2500]]
[9, 5000, 5000, 'reaction_chamber_7', 0] [[2500, 0], [5000, 2500], [2500, 5000], [0, 2500]]
[10, 5000, 5000, 'reaction_chamber_8', 0] [[2500, 0], [5000, 2500], [2500, 5000], [0, 2500]]
[11, 5000, 5000, 'reaction_chamber_9', 0] [[2500, 0], [5000, 2500], [2500, 5000], [0, 2500]]
[12, 5000, 5000, 'reaction_chamber_10', 0] [[2500, 0], [5000, 2500], [2500, 5000], [0, 2500]]
[13, 5000, 5000, 'reaction_chamber_11', 0] [[2500, 0], [5000, 2500], [2500, 5000], [0, 2500]]
[14, 5000, 5000, 'reaction_chamber_12', 0] [[2500, 0], [5000, 2500], [2500, 5000], [0, 2500]]
[15, 5000, 5000, 'reaction_chamber_13', 0] [[2500, 0], [5000, 2500], [2500, 5000], [0, 2500]]
[16, 5000, 5000, 'reaction_chamber_14', 0] [[2500, 0], [5000, 2500], [2500, 5000], [0, 2500]]
[17, 5000, 5000, 'reaction_chamber_15', 0] [[2500, 0], [5000, 2500], [2500, 5000], [0, 2500]]
[18, 5000, 5000, 'reaction_chamber_16', 0] [[2500, 0], [5000, 2500], [2500, 5000], [0, 2500]]
[19, 2000, 2000, 'port_2', 0] [[1000, 0], [2000, 1000], [1000, 2000], [0, 1000]]
2/9, Finish initial placement with rotation, time spent: 0.0003142356872558594 s
3/9, Finish symmetricalization, time spent: 1.8358230590820312e-05 s
4/9, Finish routing, time spent: 0.0010573863983154297 s
****************************************************
Fail to find valid order; keeping the initial row order
****************************************************
--Finish applying new order
--Finish mirroring related components
5/9, Finish initialization of new orders, time spent: 0.048223257064819336 s
6/9, Finish shortening wirelength, time spent: 0.00015354156494140625 s
Skip stage7 LP according to user's need
8/9, Finish routing, time spent: 0.0011451244354248047 s
9/9, Finish compaction and connecting ports, time spent: 0.10739636421203613 s
<<<<<<<<<<<<<<<<<<<<<<<<<<<<<< All P&R Done >>>>>>>>>>>>>>>>>>>>>>>>>>>>>>
Total Timeusage: 0.15833568572998047 s
Reordering Timeusage: 0.048223257064819336 s
LP-based Optimization Timeusage: 0 s
P&R for the new orders: 0.15691828727722168 s
Fit canvas to [111047.0, 72000.0] and center by [-74802.0, -58300.0]
Done. Combined PR JSON: /home/student/Desktop/Neptune_2026/Microfluidics-Benchmarks/Results/tree_full_20260918_081830/artifacts/lfr__Technology_Mapping__Tree_Storage_Bus_Mapping__Tree_Storage_Bus_Mapping_fromLFR/result.json
