$ systemd-run --user --scope -q -p MemoryMax=64.0G -p MemorySwapMax=0 /home/student/anaconda3/envs/neptune2026/bin/python /home/student/Desktop/Neptune_2026/scripts/run_all_synthesize_timeout_report.py --_worker --algorithm tree --input /home/student/Desktop/Neptune_2026/Microfluidics-Benchmarks/Results/LFR_TestCases/Distribute_Library/Transposer_32/Transposer_32_fromLFR.json --case-output /home/student/Desktop/Neptune_2026/Microfluidics-Benchmarks/Results/tree_full_20260918_081830/artifacts/lfr__Distribute_Library__Transposer_32__Transposer_32_fromLFR --time-limit 3600.0 --solver-profile standard --mip-gap 0.0
Finish loading test case: Transposer_32_fromLFR
1/9, Finish initial placement, time spent: 1.2159347534179688e-05 s
[0, 2000, 2000, 'port_1', 0] [[1000, 0], [2000, 1000], [1000, 2000], [0, 1000]]
[1, 2000, 2000, 'port_2', 0] [[1000, 0], [2000, 1000], [1000, 2000], [0, 1000]]
2/9, Finish initial placement with rotation, time spent: 6.532669067382812e-05 s
3/9, Finish symmetricalization, time spent: 1.049041748046875e-05 s
4/9, Finish routing, time spent: 4.9591064453125e-05 s
****************************************************
New valid order that can lead to planar graph found:
[[0], [0]]
****************************************************
--Finish applying new order
--Finish mirroring related components
5/9, Finish initialization of new orders, time spent: 0.0002799034118652344 s
6/9, Finish shortening wirelength, time spent: 2.47955322265625e-05 s
Skip stage7 LP according to user's need
8/9, Finish routing, time spent: 8.416175842285156e-05 s
9/9, Finish compaction and connecting ports, time spent: 0.011283397674560547 s
<<<<<<<<<<<<<<<<<<<<<<<<<<<<<< All P&R Done >>>>>>>>>>>>>>>>>>>>>>>>>>>>>>
Total Timeusage: 0.011809825897216797 s
Reordering Timeusage: 0.0002799034118652344 s
LP-based Optimization Timeusage: 0 s
P&R for the new orders: 0.011672258377075195 s
Fit canvas to [12000.0, 18600.0] and center by [0.0, 0.0]
Done. Combined PR JSON: /home/student/Desktop/Neptune_2026/Microfluidics-Benchmarks/Results/tree_full_20260918_081830/artifacts/lfr__Distribute_Library__Transposer_32__Transposer_32_fromLFR/result.json
