$ systemd-run --user --scope -q -p MemoryMax=64.0G -p MemorySwapMax=0 /home/student/anaconda3/envs/neptune2026/bin/python /home/student/Desktop/Neptune_2026/scripts/run_all_synthesize_timeout_report.py --_worker --algorithm tree --input /home/student/Desktop/Neptune_2026/Microfluidics-Benchmarks/Results/MINT_TestCases/Drop_Ref/Dx_12_Ref/Dx_12_Ref_fromMINT.json --case-output /home/student/Desktop/Neptune_2026/Microfluidics-Benchmarks/Results/tree_full_20260918_081830/artifacts/mint__Drop_Ref__Dx_12_Ref__Dx_12_Ref_fromMINT --time-limit 3600.0 --solver-profile standard --mip-gap 0.0
Reversed 4 connection(s) with opposite-port direction conflicts: connection_1, connection_4, connection_6, connection_7.
Finish loading test case: Dx_12_Ref_fromMINT
1/9, Finish initial placement, time spent: 3.647804260253906e-05 s
[0, 4000, 4000, 'port_oil1', 0] [[2000, 0], [4000, 2000], [2000, 4000], [0, 2000]]
[1, 4000, 4000, 'port_water1', 0] [[2000, 0], [4000, 2000], [2000, 4000], [0, 2000]]
[2, 4000, 4000, 'port_oil2', 0] [[2000, 0], [4000, 2000], [2000, 4000], [0, 2000]]
[3, 5975, 375, 'nozzle_droplet_generator_1', 0] [[300, 0], [5975, 187], [300, 375], [0, 187]]
[4, 4000, 4000, 'port_injector', 0] [[2000, 0], [4000, 2000], [2000, 4000], [0, 2000]]
[5, 10000, 9050, 'pico_injector_1', 0] [[0, 5550], [10000, 5550], [5000, 0]]
[6, 2600, 9300, 'mixer_1', 0] [[1300, 0], [1300, 9300]]
[7, 4000, 4000, 'port_out_waste', 0] [[2000, 0], [4000, 2000], [2000, 4000], [0, 2000]]
[8, 4000, 4000, 'port_out_keep', 0] [[2000, 0], [4000, 2000], [2000, 4000], [0, 2000]]
[9, 21750, 12414, 'droplet_sorter_1', 0] [[0, 5834], [21750, 345], [21750, 11322]]
2/9, Finish initial placement with rotation, time spent: 0.00015687942504882812 s
3/9, Finish symmetricalization, time spent: 1.71661376953125e-05 s
4/9, Finish routing, time spent: 0.00018215179443359375 s
****************************************************
Fail to find valid order; keeping the initial row order
****************************************************
--Finish applying new order
--Finish mirroring related components
5/9, Finish initialization of new orders, time spent: 0.0019330978393554688 s
6/9, Finish shortening wirelength, time spent: 7.796287536621094e-05 s
Skip stage7 LP according to user's need
8/9, Finish routing, time spent: 0.0002224445343017578 s
9/9, Finish compaction and connecting ports, time spent: 0.061725616455078125 s
<<<<<<<<<<<<<<<<<<<<<<<<<<<<<< All P&R Done >>>>>>>>>>>>>>>>>>>>>>>>>>>>>>
Total Timeusage: 0.06435179710388184 s
Reordering Timeusage: 0.0019330978393554688 s
LP-based Optimization Timeusage: 0 s
P&R for the new orders: 0.06395912170410156 s
Fan 3 shared-hinge NOZZLE DROPLET GENERATOR nozzle_droplet_generator_1 pads by pitch 2400
Fit canvas to [49043.7, 72850.0] and center by [5000.0, 4700.0]
Done. Combined PR JSON: /home/student/Desktop/Neptune_2026/Microfluidics-Benchmarks/Results/tree_full_20260918_081830/artifacts/mint__Drop_Ref__Dx_12_Ref__Dx_12_Ref_fromMINT/result.json
