$ systemd-run --user --scope -q -p MemoryMax=64.0G -p MemorySwapMax=0 /home/student/anaconda3/envs/neptune2026/bin/python /home/student/Desktop/Neptune_2026/scripts/run_all_synthesize_timeout_report.py --_worker --algorithm tree --input /home/student/Desktop/Neptune_2026/Microfluidics-Benchmarks/Results/MINT_TestCases/Constraints/Position_Constraint/Position_Constraint_fromMINT.json --case-output /home/student/Desktop/Neptune_2026/Microfluidics-Benchmarks/Results/tree_full_20260918_081830/artifacts/mint__Constraints__Position_Constraint__Position_Constraint_fromMINT --time-limit 3600.0 --solver-profile standard --mip-gap 0.0
Reversed 1 connection(s) with opposite-port direction conflicts: c1.
Finish loading test case: Position_Constraint_fromMINT
1/9, Finish initial placement, time spent: 1.4781951904296875e-05 s
[0, 4000, 4000, 'p1', 0] [[2000, 0], [4000, 2000], [2000, 4000], [0, 2000]]
[1, 4000, 4000, 'p2', 0] [[2000, 0], [4000, 2000], [2000, 4000], [0, 2000]]
[2, 13530, 2810, 'ct1', 0] [[0, 1405], [13530, 1405]]
2/9, Finish initial placement with rotation, time spent: 6.413459777832031e-05 s
3/9, Finish symmetricalization, time spent: 1.239776611328125e-05 s
4/9, Finish routing, time spent: 7.581710815429688e-05 s
****************************************************
New valid order that can lead to planar graph found:
[[0], [0], [0]]
****************************************************
--Finish applying new order
--Finish mirroring related components
5/9, Finish initialization of new orders, time spent: 0.00035572052001953125 s
6/9, Finish shortening wirelength, time spent: 3.743171691894531e-05 s
Skip stage7 LP according to user's need
8/9, Finish routing, time spent: 0.00010585784912109375 s
9/9, Finish compaction and connecting ports, time spent: 0.013988256454467773 s
<<<<<<<<<<<<<<<<<<<<<<<<<<<<<< All P&R Done >>>>>>>>>>>>>>>>>>>>>>>>>>>>>>
Total Timeusage: 0.014654397964477539 s
Reordering Timeusage: 0.00035572052001953125 s
LP-based Optimization Timeusage: 0 s
P&R for the new orders: 0.014487266540527344 s
Fit canvas to [12810.0, 49530.0] and center by [-595.0, 4599.1]
Done. Combined PR JSON: /home/student/Desktop/Neptune_2026/Microfluidics-Benchmarks/Results/tree_full_20260918_081830/artifacts/mint__Constraints__Position_Constraint__Position_Constraint_fromMINT/result.json
