$ systemd-run --user --scope -q -p MemoryMax=64.0G -p MemorySwapMax=0 /home/student/anaconda3/envs/neptune2026/bin/python /home/student/Desktop/Neptune_2026/scripts/run_all_synthesize_timeout_report.py --_worker --algorithm tree --input /home/student/Desktop/Neptune_2026/Microfluidics-Benchmarks/Results/MINT_TestCases/Distribute_Library/Transposer_03/Transposer_03_fromMINT.json --case-output /home/student/Desktop/Neptune_2026/Microfluidics-Benchmarks/Results/tree_full_20260918_081830/artifacts/mint__Distribute_Library__Transposer_03__Transposer_03_fromMINT --time-limit 3600.0 --solver-profile standard --mip-gap 0.0
Finish loading test case: Transposer_03_fromMINT
1/9, Finish initial placement, time spent: 9.942054748535156e-05 s
[0, 1400, 1400, 'port_1', 0] [[700, 0], [1400, 700], [700, 1400], [0, 700]]
[1, 1400, 1400, 'port_2', 0] [[700, 0], [1400, 700], [700, 1400], [0, 700]]
[2, 1400, 1400, 'port_3', 0] [[700, 0], [1400, 700], [700, 1400], [0, 700]]
[3, 1400, 1400, 'port_4', 0] [[700, 0], [1400, 700], [700, 1400], [0, 700]]
[4, 1400, 1400, 'port_5', 0] [[700, 0], [1400, 700], [700, 1400], [0, 700]]
[5, 1400, 1400, 'port_6', 0] [[700, 0], [1400, 700], [700, 1400], [0, 700]]
2/9, Finish initial placement with rotation, time spent: 0.00019788742065429688 s
3/9, Finish symmetricalization, time spent: 1.3113021850585938e-05 s
4/9, Finish routing, time spent: 0.00018548965454101562 s
****************************************************
Fail to find valid order; keeping the initial row order
****************************************************
--Finish applying new order
--Finish mirroring related components
5/9, Finish initialization of new orders, time spent: 0.0007860660552978516 s
6/9, Finish shortening wirelength, time spent: 5.602836608886719e-05 s
Skip stage7 LP according to user's need
8/9, Finish routing, time spent: 0.0002582073211669922 s
9/9, Finish compaction and connecting ports, time spent: 0.028993844985961914 s
<<<<<<<<<<<<<<<<<<<<<<<<<<<<<< All P&R Done >>>>>>>>>>>>>>>>>>>>>>>>>>>>>>
Total Timeusage: 0.030590057373046875 s
Reordering Timeusage: 0.0007860660552978516 s
LP-based Optimization Timeusage: 0 s
P&R for the new orders: 0.030094146728515625 s
Cannot finish valid layer-1 synthesis for:
- reason=placement valve=valve_0 flow_connection=channel_5 control_port=Cport_0
- reason=placement valve=valve_1 flow_connection=channel_4 control_port=Cport_1
- reason=placement valve=valve_2 flow_connection=channel_1 control_port=Cport_2
- reason=placement valve=valve_4 flow_connection=channel_2 control_port=Cport_4
- reason=placement valve=valve_5 flow_connection=channel_7 control_port=Cport_5
- reason=placement valve=valve_6 flow_connection=channel_6 control_port=Cport_6
- reason=placement valve=valve_7 flow_connection=channel_8 control_port=Cport_7
Fit canvas to [27600.0, 27000.0] and center by [-200.0, 300.0]
Done. Combined PR JSON: /home/student/Desktop/Neptune_2026/Microfluidics-Benchmarks/Results/tree_full_20260918_081830/artifacts/mint__Distribute_Library__Transposer_03__Transposer_03_fromMINT/result.json
