$ systemd-run --user --scope -q -p MemoryMax=64.0G -p MemorySwapMax=0 /home/student/anaconda3/envs/neptune2026/bin/python /home/student/Desktop/Neptune_2026/scripts/run_all_synthesize_timeout_report.py --_worker --algorithm tree --input /home/student/Desktop/Neptune_2026/Microfluidics-Benchmarks/Results/MINT_TestCases/Base/MUX_8/MUX_8_fromMINT.json --case-output /home/student/Desktop/Neptune_2026/Microfluidics-Benchmarks/Results/tree_full_20260918_081830/artifacts/mint__Base__MUX_8__MUX_8_fromMINT --time-limit 3600.0 --solver-profile standard --mip-gap 0.0
Reversed 2 connection(s) with opposite-port direction conflicts: ca, c1.
Finish loading test case: MUX_8_fromMINT
1/9, Finish initial placement, time spent: 1.9311904907226562e-05 s
[0, 200, 200, 'b1_1', 0] [[100, 0], [200, 100], [100, 200], [0, 100]]
[1, 200, 200, 'b1_2', 0] [[100, 0], [200, 100], [100, 200], [0, 100]]
[2, 200, 200, 'b1_3', 0] [[100, 0], [200, 100], [100, 200], [0, 100]]
[3, 200, 200, 'b1_4', 0] [[100, 0], [200, 100], [100, 200], [0, 100]]
[4, 200, 200, 'b1_5', 0] [[100, 0], [200, 100], [100, 200], [0, 100]]
[5, 200, 200, 'b1_6', 0] [[100, 0], [200, 100], [100, 200], [0, 100]]
[6, 200, 200, 'b1_7', 0] [[100, 0], [200, 100], [100, 200], [0, 100]]
[7, 200, 200, 'b1_8', 0] [[100, 0], [200, 100], [100, 200], [0, 100]]
[8, 30000, 16300, 'm0', 0] [[15000.0, 0.0], [29000.0, 16300.0], [25000.0, 16300.0], [21000.0, 16300.0], [17000.0, 16300.0], [13000.0, 16300.0], [9000.0, 16300.0], [5000.0, 16300.0], [1000.0, 16300.0], [0.0, 5750.0], [30000.0, 6450.0], [0.0, 9850.0], [30000.0, 10550.0], [0.0, 13950.0], [30000.0, 14650.0]]
[9, 200, 200, 'p1', 0] [[100, 0], [200, 100], [100, 200], [0, 100]]
2/9, Finish initial placement with rotation, time spent: 0.00014066696166992188 s
3/9, Finish symmetricalization, time spent: 1.52587890625e-05 s
4/9, Finish routing, time spent: 0.00020051002502441406 s
****************************************************
New valid order that can lead to planar graph found:
[[0], [0], [0, 1, 2, 3, 4, 5, 6, 7]]
****************************************************
--Finish applying new order
--Finish mirroring related components
5/9, Finish initialization of new orders, time spent: 0.0007343292236328125 s
6/9, Finish shortening wirelength, time spent: 6.866455078125e-05 s
Skip stage7 LP according to user's need
8/9, Finish routing, time spent: 0.00021076202392578125 s
9/9, Finish compaction and connecting ports, time spent: 0.0404200553894043 s
<<<<<<<<<<<<<<<<<<<<<<<<<<<<<< All P&R Done >>>>>>>>>>>>>>>>>>>>>>>>>>>>>>
Total Timeusage: 0.0418095588684082 s
Reordering Timeusage: 0.0007343292236328125 s
LP-based Optimization Timeusage: 0 s
P&R for the new orders: 0.04143381118774414 s
Nudge MUX m0 by [11000.0, 6700.0] -> [31000.0, 24150.0]
Fit canvas to [78000.0, 52300.0] and center by [8000.0, 2000.0]
Done. Combined PR JSON: /home/student/Desktop/Neptune_2026/Microfluidics-Benchmarks/Results/tree_full_20260918_081830/artifacts/mint__Base__MUX_8__MUX_8_fromMINT/result.json
