$ systemd-run --user --scope -q -p MemoryMax=64.0G -p MemorySwapMax=0 /home/student/anaconda3/envs/neptune2026/bin/python /home/student/Desktop/Neptune_2026/scripts/run_all_synthesize_timeout_report.py --_worker --algorithm tree --input /home/student/Desktop/Neptune_2026/Microfluidics-Benchmarks/Results/MINT_TestCases/Expressions/Expression_14/Expression_14_fromMINT.json --case-output /home/student/Desktop/Neptune_2026/Microfluidics-Benchmarks/Results/tree_full_20260918_081830/artifacts/mint__Expressions__Expression_14__Expression_14_fromMINT --time-limit 3600.0 --solver-profile standard --mip-gap 0.0
Reversed 59 connection(s) with opposite-port direction conflicts: channel_3, channel_4, channel_5, channel_6, channel_7, channel_8, channel_9, channel_10, channel_11, channel_12, channel_13, channel_14, channel_16, channel_17, channel_18, channel_19, channel_20, channel_21, channel_22, channel_23, channel_24, channel_25, channel_26, channel_27, channel_28, channel_29, channel_30, channel_31, channel_32, channel_33, channel_34, channel_35, channel_36, channel_37, channel_38, channel_39, channel_40, channel_41, channel_42, channel_43, channel_44, channel_45, channel_46, channel_47, channel_48, channel_49, channel_50, channel_51, channel_52, channel_53, channel_54, channel_55, channel_56, channel_57, channel_58, channel_59, channel_60, channel_61, channel_62.
Finish loading test case: Expression_14_fromMINT
1/9, Finish initial placement, time spent: 7.867813110351562e-05 s
[0, 49, 20, 'ytree_1', 0] [[24, 0], [46, 20], [40, 20], [33, 20], [27, 20], [21, 20], [15, 20], [8, 20], [2, 20]]
[1, 4000, 4000, 'port_1', 0] [[2000, 0], [4000, 2000], [2000, 4000], [0, 2000]]
[2, 4000, 4000, 'port_2', 0] [[2000, 0], [4000, 2000], [2000, 4000], [0, 2000]]
[3, 1800, 600, 'nozzle_droplet_generator_1', 0] [[400, 0], [1800, 300], [400, 600], [0, 300]]
[4, 4060, 4860, 'mixer_1', 0] [[2030, 0], [2030, 4860]]
[5, 4060, 4860, 'mixer_2', 0] [[2030, 0], [2030, 4860]]
[6, 4060, 4860, 'mixer_3', 0] [[2030, 0], [2030, 4860]]
[7, 4060, 4860, 'mixer_4', 0] [[2030, 0], [2030, 4860]]
[8, 4060, 4860, 'mixer_5', 0] [[2030, 0], [2030, 4860]]
[9, 4060, 4860, 'mixer_6', 0] [[2030, 0], [2030, 4860]]
[10, 4060, 4860, 'mixer_7', 0] [[2030, 0], [2030, 4860]]
[11, 4060, 4860, 'mixer_8', 0] [[2030, 0], [2030, 4860]]
[12, 4060, 4860, 'mixer_9', 0] [[2030, 0], [2030, 4860]]
[13, 4060, 4860, 'mixer_10', 0] [[2030, 0], [2030, 4860]]
[14, 4060, 4860, 'mixer_11', 0] [[2030, 0], [2030, 4860]]
[15, 4060, 4860, 'mixer_12', 0] [[2030, 0], [2030, 4860]]
[16, 4060, 4860, 'mixer_13', 0] [[2030, 0], [2030, 4860]]
[17, 4060, 4860, 'mixer_14', 0] [[2030, 0], [2030, 4860]]
[18, 4060, 4860, 'mixer_15', 0] [[2030, 0], [2030, 4860]]
[19, 4060, 4860, 'mixer_16', 0] [[2030, 0], [2030, 4860]]
[20, 4060, 4860, 'mixer_17', 0] [[2030, 0], [2030, 4860]]
[21, 4060, 4860, 'mixer_18', 0] [[2030, 0], [2030, 4860]]
[22, 4060, 4860, 'mixer_19', 0] [[2030, 0], [2030, 4860]]
[23, 4060, 4860, 'mixer_20', 0] [[2030, 0], [2030, 4860]]
[24, 4060, 4860, 'mixer_21', 0] [[2030, 0], [2030, 4860]]
[25, 4060, 4860, 'mixer_22', 0] [[2030, 0], [2030, 4860]]
[26, 4060, 4860, 'mixer_23', 0] [[2030, 0], [2030, 4860]]
[27, 4000, 4000, 'square_cell_trap_1', 0] [[0, 2000], [4000, 2000], [2000, 0], [2000, 4000]]
[28, 1400, 1400, 'port_3', 0] [[700, 0], [1400, 700], [700, 1400], [0, 700]]
[29, 1400, 1400, 'port_4', 0] [[700, 0], [1400, 700], [700, 1400], [0, 700]]
[30, 1400, 1400, 'port_5', 0] [[700, 0], [1400, 700], [700, 1400], [0, 700]]
[31, 1400, 1400, 'port_6', 0] [[700, 0], [1400, 700], [700, 1400], [0, 700]]
[32, 1400, 1400, 'port_7', 0] [[700, 0], [1400, 700], [700, 1400], [0, 700]]
[33, 1400, 1400, 'port_8', 0] [[700, 0], [1400, 700], [700, 1400], [0, 700]]
[34, 1400, 1400, 'port_9', 0] [[700, 0], [1400, 700], [700, 1400], [0, 700]]
[35, 1400, 1400, 'port_10', 0] [[700, 0], [1400, 700], [700, 1400], [0, 700]]
[36, 1400, 1400, 'port_11', 0] [[700, 0], [1400, 700], [700, 1400], [0, 700]]
[37, 1400, 1400, 'port_12', 0] [[700, 0], [1400, 700], [700, 1400], [0, 700]]
[38, 1400, 1400, 'port_13', 0] [[700, 0], [1400, 700], [700, 1400], [0, 700]]
[39, 1400, 1400, 'port_14', 0] [[700, 0], [1400, 700], [700, 1400], [0, 700]]
[40, 1400, 1400, 'port_15', 0] [[700, 0], [1400, 700], [700, 1400], [0, 700]]
[41, 1400, 1400, 'port_16', 0] [[700, 0], [1400, 700], [700, 1400], [0, 700]]
[42, 1400, 1400, 'port_17', 0] [[700, 0], [1400, 700], [700, 1400], [0, 700]]
[43, 1400, 1400, 'port_18', 0] [[700, 0], [1400, 700], [700, 1400], [0, 700]]
[44, 1400, 1400, 'port_19', 0] [[700, 0], [1400, 700], [700, 1400], [0, 700]]
[45, 1400, 1400, 'port_20', 0] [[700, 0], [1400, 700], [700, 1400], [0, 700]]
[46, 1400, 1400, 'port_21', 0] [[700, 0], [1400, 700], [700, 1400], [0, 700]]
[47, 1400, 1400, 'port_22', 0] [[700, 0], [1400, 700], [700, 1400], [0, 700]]
[48, 1400, 1400, 'port_23', 0] [[700, 0], [1400, 700], [700, 1400], [0, 700]]
[49, 1400, 1400, 'port_24', 0] [[700, 0], [1400, 700], [700, 1400], [0, 700]]
[50, 1400, 1400, 'port_25', 0] [[700, 0], [1400, 700], [700, 1400], [0, 700]]
[51, 1400, 1400, 'port_26', 0] [[700, 0], [1400, 700], [700, 1400], [0, 700]]
[52, 1400, 1400, 'port_27', 0] [[700, 0], [1400, 700], [700, 1400], [0, 700]]
[53, 1400, 1400, 'port_28', 0] [[700, 0], [1400, 700], [700, 1400], [0, 700]]
[54, 1400, 1400, 'port_29', 0] [[700, 0], [1400, 700], [700, 1400], [0, 700]]
[55, 1400, 1400, 'port_30', 0] [[700, 0], [1400, 700], [700, 1400], [0, 700]]
[56, 1400, 1400, 'port_31', 0] [[700, 0], [1400, 700], [700, 1400], [0, 700]]
[57, 1400, 1400, 'port_32', 0] [[700, 0], [1400, 700], [700, 1400], [0, 700]]
[58, 1400, 1400, 'port_33', 0] [[700, 0], [1400, 700], [700, 1400], [0, 700]]
[59, 1400, 1400, 'port_34', 0] [[700, 0], [1400, 700], [700, 1400], [0, 700]]
2/9, Finish initial placement with rotation, time spent: 0.0007390975952148438 s
3/9, Finish symmetricalization, time spent: 4.601478576660156e-05 s
4/9, Finish routing, time spent: 0.0010216236114501953 s
****************************************************
Fail to find valid order; keeping the initial row order
****************************************************
--Finish applying new order
--Finish mirroring related components
5/9, Finish initialization of new orders, time spent: 0.058998823165893555 s
6/9, Finish shortening wirelength, time spent: 0.00031185150146484375 s
Skip stage7 LP according to user's need
8/9, Finish routing, time spent: 0.0012738704681396484 s
9/9, Finish compaction and connecting ports, time spent: 0.23576903343200684 s
<<<<<<<<<<<<<<<<<<<<<<<<<<<<<< All P&R Done >>>>>>>>>>>>>>>>>>>>>>>>>>>>>>
Total Timeusage: 0.29823899269104004 s
Reordering Timeusage: 0.058998823165893555 s
LP-based Optimization Timeusage: 0 s
P&R for the new orders: 0.2963535785675049 s
Fit canvas to [75881.5, 256780.0] and center by [-56483.5, -5500.0]
Done. Combined PR JSON: /home/student/Desktop/Neptune_2026/Microfluidics-Benchmarks/Results/tree_full_20260918_081830/artifacts/mint__Expressions__Expression_14__Expression_14_fromMINT/result.json
