$ systemd-run --user --scope -q -p MemoryMax=64.0G -p MemorySwapMax=0 /home/student/anaconda3/envs/neptune2026/bin/python /home/student/Desktop/Neptune_2026/scripts/run_all_synthesize_timeout_report.py --_worker --algorithm tree --input /home/student/Desktop/Neptune_2026/Microfluidics-Benchmarks/Results/MINT_TestCases/Base/Super_MUX_2/Super_MUX_2_fromMINT.json --case-output /home/student/Desktop/Neptune_2026/Microfluidics-Benchmarks/Results/tree_full_20260918_081830/artifacts/mint__Base__Super_MUX_2__Super_MUX_2_fromMINT --time-limit 3600.0 --solver-profile standard --mip-gap 0.0
Finish loading test case: Super_MUX_2_fromMINT
1/9, Finish initial placement, time spent: 1.4543533325195312e-05 s
[0, 6800, 6500, 'mux_2', 0] [[3400.0, 0.0], [5400.0, 6500.0], [1400.0, 6500.0], [0.0, 4750.0], [6800.0, 5250.0]]
[1, 2000, 2000, 'port_out', 0] [[1000, 0], [2000, 1000], [1000, 2000], [0, 1000]]
[2, 2000, 2000, 'port_in_1', 0] [[1000, 0], [2000, 1000], [1000, 2000], [0, 1000]]
[3, 2000, 2000, 'port_in_2', 0] [[1000, 0], [2000, 1000], [1000, 2000], [0, 1000]]
2/9, Finish initial placement with rotation, time spent: 8.0108642578125e-05 s
3/9, Finish symmetricalization, time spent: 1.3113021850585938e-05 s
4/9, Finish routing, time spent: 9.393692016601562e-05 s
****************************************************
New valid order that can lead to planar graph found:
[[0], [0], [0, 1]]
****************************************************
--Finish applying new order
--Finish mirroring related components
5/9, Finish initialization of new orders, time spent: 0.00042438507080078125 s
6/9, Finish shortening wirelength, time spent: 4.363059997558594e-05 s
Skip stage7 LP according to user's need
8/9, Finish routing, time spent: 0.0001308917999267578 s
9/9, Finish compaction and connecting ports, time spent: 0.017615556716918945 s
<<<<<<<<<<<<<<<<<<<<<<<<<<<<<< All P&R Done >>>>>>>>>>>>>>>>>>>>>>>>>>>>>>
Total Timeusage: 0.018416166305541992 s
Reordering Timeusage: 0.00042438507080078125 s
LP-based Optimization Timeusage: 0 s
P&R for the new orders: 0.01821446418762207 s
Nudge MUX mux_2 by [10400.0, 4500.0] -> [19400.0, 19250.0]
Fit canvas to [42800.0, 42500.0] and center by [2000.0, 2000.0]
Done. Combined PR JSON: /home/student/Desktop/Neptune_2026/Microfluidics-Benchmarks/Results/tree_full_20260918_081830/artifacts/mint__Base__Super_MUX_2__Super_MUX_2_fromMINT/result.json
