$ systemd-run --user --scope -q -p MemoryMax=64.0G -p MemorySwapMax=0 /home/student/anaconda3/envs/neptune2026/bin/python /home/student/Desktop/Neptune_2026/scripts/run_all_synthesize_timeout_report.py --_worker --algorithm tree --input /home/student/Desktop/Neptune_2026/Microfluidics-Benchmarks/Results/MINT_TestCases/CIDAR_Lab_Past_Devices/Mfd_005_Chip/Mfd_005_Chip_fromMINT.json --case-output /home/student/Desktop/Neptune_2026/Microfluidics-Benchmarks/Results/tree_full_20260918_081830/artifacts/mint__CIDAR_Lab_Past_Devices__Mfd_005_Chip__Mfd_005_Chip_fromMINT --time-limit 3600.0 --solver-profile standard --mip-gap 0.0
Reversed 7 connection(s) with opposite-port direction conflicts: channel_5, channel_6, channel_7, channel_8, channel_9, channel_10, channel_11.
Finish loading test case: Mfd_005_Chip_fromMINT
1/9, Finish initial placement, time spent: 2.193450927734375e-05 s
[0, 5000, 5000, 'reaction_chamber_1', 0] [[2500, 0], [5000, 2500], [2500, 5000], [0, 2500]]
[1, 1400, 1400, 'port_1', 0] [[700, 0], [1400, 700], [700, 1400], [0, 700]]
[2, 5000, 5000, 'reaction_chamber_2', 0] [[2500, 0], [5000, 2500], [2500, 5000], [0, 2500]]
[3, 4000, 4000, 'square_cell_trap_1', 0] [[0, 2000], [4000, 2000], [2000, 0], [2000, 4000]]
[4, 5000, 5000, 'reaction_chamber_3', 0] [[2500, 0], [5000, 2500], [2500, 5000], [0, 2500]]
[5, 4060, 4860, 'mixer_1', 0] [[2030, 0], [2030, 4860]]
[6, 4060, 4860, 'mixer_2', 0] [[2030, 0], [2030, 4860]]
[7, 4060, 4860, 'mixer_3', 0] [[2030, 0], [2030, 4860]]
[8, 1400, 1400, 'port_2', 0] [[700, 0], [1400, 700], [700, 1400], [0, 700]]
[9, 1400, 1400, 'port_3', 0] [[700, 0], [1400, 700], [700, 1400], [0, 700]]
[10, 1400, 1400, 'port_4', 0] [[700, 0], [1400, 700], [700, 1400], [0, 700]]
[11, 1400, 1400, 'port_5', 0] [[700, 0], [1400, 700], [700, 1400], [0, 700]]
2/9, Finish initial placement with rotation, time spent: 0.00016999244689941406 s
3/9, Finish symmetricalization, time spent: 1.7404556274414062e-05 s
4/9, Finish routing, time spent: 0.0002048015594482422 s
****************************************************
New valid order that can lead to planar graph found:
[[0, 1, 2], [0, 1, 2], [0, 1, 2], [0, 1], [0]]
****************************************************
--Finish applying new order
--Finish mirroring related components
5/9, Finish initialization of new orders, time spent: 0.0007631778717041016 s
6/9, Finish shortening wirelength, time spent: 8.96453857421875e-05 s
Skip stage7 LP according to user's need
8/9, Finish routing, time spent: 0.00024247169494628906 s
9/9, Finish compaction and connecting ports, time spent: 0.06653499603271484 s
<<<<<<<<<<<<<<<<<<<<<<<<<<<<<< All P&R Done >>>>>>>>>>>>>>>>>>>>>>>>>>>>>>
Total Timeusage: 0.06804442405700684 s
Reordering Timeusage: 0.0007631778717041016 s
LP-based Optimization Timeusage: 0 s
P&R for the new orders: 0.06763029098510742 s
Fan 2 shared-hinge MIXER mixer_3 pads by pitch 4000
Fit canvas to [32125.0, 56060.0] and center by [0.0, 7200.0]
Done. Combined PR JSON: /home/student/Desktop/Neptune_2026/Microfluidics-Benchmarks/Results/tree_full_20260918_081830/artifacts/mint__CIDAR_Lab_Past_Devices__Mfd_005_Chip__Mfd_005_Chip_fromMINT/result.json
