$ systemd-run --user --scope -q -p MemoryMax=64.0G -p MemorySwapMax=0 /home/student/anaconda3/envs/neptune2026/bin/python /home/student/Desktop/Neptune_2026/scripts/run_all_synthesize_timeout_report.py --_worker --algorithm tree --input /home/student/Desktop/Neptune_2026/Microfluidics-Benchmarks/Results/MINT_TestCases/Distribute_Library/MUX_64_In/MUX_64_In_fromMINT.json --case-output /home/student/Desktop/Neptune_2026/Microfluidics-Benchmarks/Results/tree_full_20260918_081830/artifacts/mint__Distribute_Library__MUX_64_In__MUX_64_In_fromMINT --time-limit 3600.0 --solver-profile standard --mip-gap 0.0
Finish loading test case: MUX_64_In_fromMINT
1/9, Finish initial placement, time spent: 0.0005285739898681641 s
[0, 1400, 1400, 'port_1', 0] [[700, 0], [1400, 700], [700, 1400], [0, 700]]
[1, 1400, 1400, 'port_2', 0] [[700, 0], [1400, 700], [700, 1400], [0, 700]]
[2, 1400, 1400, 'port_3', 0] [[700, 0], [1400, 700], [700, 1400], [0, 700]]
[3, 1400, 1400, 'port_4', 0] [[700, 0], [1400, 700], [700, 1400], [0, 700]]
[4, 1400, 1400, 'port_5', 0] [[700, 0], [1400, 700], [700, 1400], [0, 700]]
[5, 1400, 1400, 'port_6', 0] [[700, 0], [1400, 700], [700, 1400], [0, 700]]
[6, 1400, 1400, 'port_7', 0] [[700, 0], [1400, 700], [700, 1400], [0, 700]]
[7, 1400, 1400, 'port_8', 0] [[700, 0], [1400, 700], [700, 1400], [0, 700]]
[8, 1400, 1400, 'port_9', 0] [[700, 0], [1400, 700], [700, 1400], [0, 700]]
[9, 1400, 1400, 'port_10', 0] [[700, 0], [1400, 700], [700, 1400], [0, 700]]
[10, 1400, 1400, 'port_11', 0] [[700, 0], [1400, 700], [700, 1400], [0, 700]]
[11, 1400, 1400, 'port_12', 0] [[700, 0], [1400, 700], [700, 1400], [0, 700]]
[12, 1400, 1400, 'port_13', 0] [[700, 0], [1400, 700], [700, 1400], [0, 700]]
[13, 1400, 1400, 'port_14', 0] [[700, 0], [1400, 700], [700, 1400], [0, 700]]
[14, 1400, 1400, 'port_15', 0] [[700, 0], [1400, 700], [700, 1400], [0, 700]]
[15, 1400, 1400, 'port_16', 0] [[700, 0], [1400, 700], [700, 1400], [0, 700]]
[16, 1400, 1400, 'port_17', 0] [[700, 0], [1400, 700], [700, 1400], [0, 700]]
[17, 1400, 1400, 'port_18', 0] [[700, 0], [1400, 700], [700, 1400], [0, 700]]
[18, 1400, 1400, 'port_19', 0] [[700, 0], [1400, 700], [700, 1400], [0, 700]]
[19, 1400, 1400, 'port_20', 0] [[700, 0], [1400, 700], [700, 1400], [0, 700]]
[20, 1400, 1400, 'port_21', 0] [[700, 0], [1400, 700], [700, 1400], [0, 700]]
[21, 1400, 1400, 'port_22', 0] [[700, 0], [1400, 700], [700, 1400], [0, 700]]
[22, 1400, 1400, 'port_23', 0] [[700, 0], [1400, 700], [700, 1400], [0, 700]]
[23, 1400, 1400, 'port_24', 0] [[700, 0], [1400, 700], [700, 1400], [0, 700]]
[24, 1400, 1400, 'port_25', 0] [[700, 0], [1400, 700], [700, 1400], [0, 700]]
[25, 1400, 1400, 'port_26', 0] [[700, 0], [1400, 700], [700, 1400], [0, 700]]
[26, 1400, 1400, 'port_27', 0] [[700, 0], [1400, 700], [700, 1400], [0, 700]]
[27, 1400, 1400, 'port_28', 0] [[700, 0], [1400, 700], [700, 1400], [0, 700]]
[28, 1400, 1400, 'port_29', 0] [[700, 0], [1400, 700], [700, 1400], [0, 700]]
[29, 1400, 1400, 'port_30', 0] [[700, 0], [1400, 700], [700, 1400], [0, 700]]
[30, 1400, 1400, 'port_31', 0] [[700, 0], [1400, 700], [700, 1400], [0, 700]]
[31, 1400, 1400, 'port_32', 0] [[700, 0], [1400, 700], [700, 1400], [0, 700]]
[32, 1400, 1400, 'port_33', 0] [[700, 0], [1400, 700], [700, 1400], [0, 700]]
[33, 1400, 1400, 'port_34', 0] [[700, 0], [1400, 700], [700, 1400], [0, 700]]
[34, 1400, 1400, 'port_35', 0] [[700, 0], [1400, 700], [700, 1400], [0, 700]]
[35, 1400, 1400, 'port_36', 0] [[700, 0], [1400, 700], [700, 1400], [0, 700]]
[36, 1400, 1400, 'port_37', 0] [[700, 0], [1400, 700], [700, 1400], [0, 700]]
[37, 1400, 1400, 'port_38', 0] [[700, 0], [1400, 700], [700, 1400], [0, 700]]
[38, 1400, 1400, 'port_39', 0] [[700, 0], [1400, 700], [700, 1400], [0, 700]]
[39, 1400, 1400, 'port_40', 0] [[700, 0], [1400, 700], [700, 1400], [0, 700]]
[40, 1400, 1400, 'port_41', 0] [[700, 0], [1400, 700], [700, 1400], [0, 700]]
[41, 1400, 1400, 'port_42', 0] [[700, 0], [1400, 700], [700, 1400], [0, 700]]
[42, 1400, 1400, 'port_43', 0] [[700, 0], [1400, 700], [700, 1400], [0, 700]]
[43, 1400, 1400, 'port_44', 0] [[700, 0], [1400, 700], [700, 1400], [0, 700]]
[44, 1400, 1400, 'port_45', 0] [[700, 0], [1400, 700], [700, 1400], [0, 700]]
[45, 1400, 1400, 'port_46', 0] [[700, 0], [1400, 700], [700, 1400], [0, 700]]
[46, 1400, 1400, 'port_47', 0] [[700, 0], [1400, 700], [700, 1400], [0, 700]]
[47, 1400, 1400, 'port_48', 0] [[700, 0], [1400, 700], [700, 1400], [0, 700]]
[48, 1400, 1400, 'port_49', 0] [[700, 0], [1400, 700], [700, 1400], [0, 700]]
[49, 1400, 1400, 'port_50', 0] [[700, 0], [1400, 700], [700, 1400], [0, 700]]
[50, 1400, 1400, 'port_51', 0] [[700, 0], [1400, 700], [700, 1400], [0, 700]]
[51, 1400, 1400, 'port_52', 0] [[700, 0], [1400, 700], [700, 1400], [0, 700]]
[52, 1400, 1400, 'port_53', 0] [[700, 0], [1400, 700], [700, 1400], [0, 700]]
[53, 1400, 1400, 'port_54', 0] [[700, 0], [1400, 700], [700, 1400], [0, 700]]
[54, 1400, 1400, 'port_55', 0] [[700, 0], [1400, 700], [700, 1400], [0, 700]]
[55, 1400, 1400, 'port_56', 0] [[700, 0], [1400, 700], [700, 1400], [0, 700]]
[56, 1400, 1400, 'port_57', 0] [[700, 0], [1400, 700], [700, 1400], [0, 700]]
[57, 1400, 1400, 'port_58', 0] [[700, 0], [1400, 700], [700, 1400], [0, 700]]
[58, 1400, 1400, 'port_59', 0] [[700, 0], [1400, 700], [700, 1400], [0, 700]]
[59, 1400, 1400, 'port_60', 0] [[700, 0], [1400, 700], [700, 1400], [0, 700]]
[60, 1400, 1400, 'port_61', 0] [[700, 0], [1400, 700], [700, 1400], [0, 700]]
[61, 1400, 1400, 'port_62', 0] [[700, 0], [1400, 700], [700, 1400], [0, 700]]
[62, 1400, 1400, 'port_63', 0] [[700, 0], [1400, 700], [700, 1400], [0, 700]]
[63, 1400, 1400, 'port_64', 0] [[700, 0], [1400, 700], [700, 1400], [0, 700]]
[64, 1400, 1400, 'port_65', 0] [[700, 0], [1400, 700], [700, 1400], [0, 700]]
2/9, Finish initial placement with rotation, time spent: 0.0015232563018798828 s
3/9, Finish symmetricalization, time spent: 3.218650817871094e-05 s
4/9, Finish routing, time spent: 0.0033822059631347656 s
****************************************************
New valid order that can lead to planar graph found:
[[0, 1, 2, 3, 4, 5, 6, 7, 8, 9, 10, 11, 12, 13, 14, 15, 16, 17, 18, 19, 20, 21, 22, 23, 24, 25, 26, 27, 28, 29, 30, 31, 32, 33, 34, 35, 36, 37, 38, 39, 40, 41, 42, 43, 44, 45, 46, 47, 48, 49, 50, 51, 52, 53, 54, 55, 56, 57, 58, 59, 60, 61, 62, 63], [0]]
****************************************************
--Finish applying new order
--Finish mirroring related components
5/9, Finish initialization of new orders, time spent: 0.005300045013427734 s
6/9, Finish shortening wirelength, time spent: 0.0001780986785888672 s
Skip stage7 LP according to user's need
8/9, Finish routing, time spent: 0.0042917728424072266 s
9/9, Finish compaction and connecting ports, time spent: 0.23705101013183594 s
<<<<<<<<<<<<<<<<<<<<<<<<<<<<<< All P&R Done >>>>>>>>>>>>>>>>>>>>>>>>>>>>>>
Total Timeusage: 0.2522871494293213 s
Reordering Timeusage: 0.005300045013427734 s
LP-based Optimization Timeusage: 0 s
P&R for the new orders: 0.24682092666625977 s
Fit canvas to [353500.0, 22400.0] and center by [-200.0, 300.0]
Done. Combined PR JSON: /home/student/Desktop/Neptune_2026/Microfluidics-Benchmarks/Results/tree_full_20260918_081830/artifacts/mint__Distribute_Library__MUX_64_In__MUX_64_In_fromMINT/result.json
