$ systemd-run --user --scope -q -p MemoryMax=64.0G -p MemorySwapMax=0 /home/student/anaconda3/envs/neptune2026/bin/python /home/student/Desktop/Neptune_2026/scripts/run_all_synthesize_timeout_report.py --_worker --algorithm tree --input /home/student/Desktop/Neptune_2026/Microfluidics-Benchmarks/Results/MINT_TestCases/Expressions/Expression_7/Expression_7_fromMINT.json --case-output /home/student/Desktop/Neptune_2026/Microfluidics-Benchmarks/Results/tree_full_20260918_081830/artifacts/mint__Expressions__Expression_7__Expression_7_fromMINT --time-limit 3600.0 --solver-profile standard --mip-gap 0.0
Reversed 9 connection(s) with opposite-port direction conflicts: channel_6, channel_8, channel_10, channel_12, channel_14, channel_16, channel_17, channel_18, channel_19.
Finish loading test case: Expression_7_fromMINT
1/9, Finish initial placement, time spent: 2.2172927856445312e-05 s
[0, 49, 20, 'ytree_1', 0] [[24, 0], [46, 20], [40, 20], [33, 20], [27, 20], [21, 20], [15, 20], [8, 20], [2, 20]]
[1, 1400, 1400, 'port_1', 0] [[700, 0], [1400, 700], [700, 1400], [0, 700]]
[2, 4060, 4860, 'mixer_1', 0] [[2030, 0], [2030, 4860]]
[3, 4060, 4860, 'mixer_2', 0] [[2030, 0], [2030, 4860]]
[4, 4060, 4860, 'mixer_3', 0] [[2030, 0], [2030, 4860]]
[5, 1400, 1400, 'port_2', 0] [[700, 0], [1400, 700], [700, 1400], [0, 700]]
[6, 1400, 1400, 'port_3', 0] [[700, 0], [1400, 700], [700, 1400], [0, 700]]
[7, 1400, 1400, 'port_4', 0] [[700, 0], [1400, 700], [700, 1400], [0, 700]]
[8, 1400, 1400, 'port_5', 0] [[700, 0], [1400, 700], [700, 1400], [0, 700]]
[9, 1400, 1400, 'port_6', 0] [[700, 0], [1400, 700], [700, 1400], [0, 700]]
[10, 1400, 1400, 'port_7', 0] [[700, 0], [1400, 700], [700, 1400], [0, 700]]
2/9, Finish initial placement with rotation, time spent: 0.00018787384033203125 s
3/9, Finish symmetricalization, time spent: 1.811981201171875e-05 s
4/9, Finish routing, time spent: 0.00024700164794921875 s
****************************************************
New valid order that can lead to planar graph found:
[[3, 4, 0, 5, 1, 2], [0, 1, 2], [0], [0]]
****************************************************
--Finish applying new order
--Finish mirroring related components
5/9, Finish initialization of new orders, time spent: 0.0008995532989501953 s
6/9, Finish shortening wirelength, time spent: 7.915496826171875e-05 s
Skip stage7 LP according to user's need
8/9, Finish routing, time spent: 0.0003018379211425781 s
9/9, Finish compaction and connecting ports, time spent: 0.0697786808013916 s
<<<<<<<<<<<<<<<<<<<<<<<<<<<<<< All P&R Done >>>>>>>>>>>>>>>>>>>>>>>>>>>>>>
Total Timeusage: 0.07153439521789551 s
Reordering Timeusage: 0.0008995532989501953 s
LP-based Optimization Timeusage: 0 s
P&R for the new orders: 0.0710592269897461 s
Fan 2 shared-hinge MIXER mixer_2 pads by pitch 4000
Fan 2 shared-hinge MIXER mixer_3 pads by pitch 4000
Fan 2 shared-hinge MIXER mixer_1 pads by pitch 4000
Fit canvas to [37600.0, 42080.0] and center by [-67430.0, -73200.0]
Done. Combined PR JSON: /home/student/Desktop/Neptune_2026/Microfluidics-Benchmarks/Results/tree_full_20260918_081830/artifacts/mint__Expressions__Expression_7__Expression_7_fromMINT/result.json
