$ systemd-run --user --scope -q -p MemoryMax=64.0G -p MemorySwapMax=0 /home/student/anaconda3/envs/neptune2026/bin/python /home/student/Desktop/Neptune_2026/scripts/run_all_synthesize_timeout_report.py --_worker --algorithm tree --input /home/student/Desktop/Neptune_2026/Microfluidics-Benchmarks/Results/MINT_TestCases/Base/Super_MUX_16/Super_MUX_16_fromMINT.json --case-output /home/student/Desktop/Neptune_2026/Microfluidics-Benchmarks/Results/tree_full_20260918_081830/artifacts/mint__Base__Super_MUX_16__Super_MUX_16_fromMINT --time-limit 3600.0 --solver-profile standard --mip-gap 0.0
Finish loading test case: Super_MUX_16_fromMINT
1/9, Finish initial placement, time spent: 2.5272369384765625e-05 s
[0, 62800, 17000, 'mux_16', 0] [[31400.0, 0.0], [61400.0, 17000.0], [57400.0, 17000.0], [53400.0, 17000.0], [49400.0, 17000.0], [45400.0, 17000.0], [41400.0, 17000.0], [37400.0, 17000.0], [33400.0, 17000.0], [29400.0, 17000.0], [25400.0, 17000.0], [21400.0, 17000.0], [17400.0, 17000.0], [13400.0, 17000.0], [9400.0, 17000.0], [5400.0, 17000.0], [1400.0, 17000.0], [0.0, 4750.0], [62800.0, 5250.0], [0.0, 8250.0], [62800.0, 8750.0], [0.0, 11750.0], [62800.0, 12250.0], [0.0, 15250.0], [62800.0, 15750.0]]
[1, 2000, 2000, 'port_out', 0] [[1000, 0], [2000, 1000], [1000, 2000], [0, 1000]]
[2, 2000, 2000, 'port_in_1', 0] [[1000, 0], [2000, 1000], [1000, 2000], [0, 1000]]
[3, 2000, 2000, 'port_in_2', 0] [[1000, 0], [2000, 1000], [1000, 2000], [0, 1000]]
[4, 2000, 2000, 'port_in_3', 0] [[1000, 0], [2000, 1000], [1000, 2000], [0, 1000]]
[5, 2000, 2000, 'port_in_4', 0] [[1000, 0], [2000, 1000], [1000, 2000], [0, 1000]]
[6, 2000, 2000, 'port_in_5', 0] [[1000, 0], [2000, 1000], [1000, 2000], [0, 1000]]
[7, 2000, 2000, 'port_in_6', 0] [[1000, 0], [2000, 1000], [1000, 2000], [0, 1000]]
[8, 2000, 2000, 'port_in_7', 0] [[1000, 0], [2000, 1000], [1000, 2000], [0, 1000]]
[9, 2000, 2000, 'port_in_8', 0] [[1000, 0], [2000, 1000], [1000, 2000], [0, 1000]]
[10, 2000, 2000, 'port_in_9', 0] [[1000, 0], [2000, 1000], [1000, 2000], [0, 1000]]
[11, 2000, 2000, 'port_in_10', 0] [[1000, 0], [2000, 1000], [1000, 2000], [0, 1000]]
[12, 2000, 2000, 'port_in_11', 0] [[1000, 0], [2000, 1000], [1000, 2000], [0, 1000]]
[13, 2000, 2000, 'port_in_12', 0] [[1000, 0], [2000, 1000], [1000, 2000], [0, 1000]]
[14, 2000, 2000, 'port_in_13', 0] [[1000, 0], [2000, 1000], [1000, 2000], [0, 1000]]
[15, 2000, 2000, 'port_in_14', 0] [[1000, 0], [2000, 1000], [1000, 2000], [0, 1000]]
[16, 2000, 2000, 'port_in_15', 0] [[1000, 0], [2000, 1000], [1000, 2000], [0, 1000]]
[17, 2000, 2000, 'port_in_16', 0] [[1000, 0], [2000, 1000], [1000, 2000], [0, 1000]]
2/9, Finish initial placement with rotation, time spent: 0.0002770423889160156 s
3/9, Finish symmetricalization, time spent: 1.8596649169921875e-05 s
4/9, Finish routing, time spent: 0.00038933753967285156 s
****************************************************
New valid order that can lead to planar graph found:
[[0], [0], [0, 1, 2, 3, 4, 5, 6, 7, 8, 9, 10, 11, 12, 13, 14, 15]]
****************************************************
--Finish applying new order
--Finish mirroring related components
5/9, Finish initialization of new orders, time spent: 0.0011861324310302734 s
6/9, Finish shortening wirelength, time spent: 7.462501525878906e-05 s
Skip stage7 LP according to user's need
8/9, Finish routing, time spent: 0.0003685951232910156 s
9/9, Finish compaction and connecting ports, time spent: 0.07105612754821777 s
<<<<<<<<<<<<<<<<<<<<<<<<<<<<<< All P&R Done >>>>>>>>>>>>>>>>>>>>>>>>>>>>>>
Total Timeusage: 0.0733957290649414 s
Reordering Timeusage: 0.0011861324310302734 s
LP-based Optimization Timeusage: 0 s
P&R for the new orders: 0.07268548011779785 s
Nudge MUX mux_16 by [0.0, 4500.0] -> [51000.0, 24500.0]
Fit canvas to [116800.0, 53000.0] and center by [7400.0, 2000.0]
Done. Combined PR JSON: /home/student/Desktop/Neptune_2026/Microfluidics-Benchmarks/Results/tree_full_20260918_081830/artifacts/mint__Base__Super_MUX_16__Super_MUX_16_fromMINT/result.json
