$ systemd-run --user --scope -q -p MemoryMax=64.0G -p MemorySwapMax=0 /home/student/anaconda3/envs/neptune2026/bin/python /home/student/Desktop/Neptune_2026/scripts/run_all_synthesize_timeout_report.py --_worker --algorithm tree --input /home/student/Desktop/Neptune_2026/Microfluidics-Benchmarks/Results/MINT_TestCases/Base/Crossing_H/Crossing_H_fromMINT.json --case-output /home/student/Desktop/Neptune_2026/Microfluidics-Benchmarks/Results/tree_full_20260918_081830/artifacts/mint__Base__Crossing_H__Crossing_H_fromMINT --time-limit 3600.0 --solver-profile standard --mip-gap 0.0
Reversed 2 connection(s) with opposite-port direction conflicts: c10, c11.
Finish loading test case: Crossing_H_fromMINT
1/9, Finish initial placement, time spent: 6.008148193359375e-05 s
[0, 200, 200, 'b1_1', 0] [[100, 0], [200, 100], [100, 200], [0, 100]]
[1, 200, 200, 'b1_2', 0] [[100, 0], [200, 100], [100, 200], [0, 100]]
[2, 200, 200, 'b1_3', 0] [[100, 0], [200, 100], [100, 200], [0, 100]]
[3, 200, 200, 'b2_1', 0] [[100, 0], [200, 100], [100, 200], [0, 100]]
[4, 200, 200, 'b2_2', 0] [[100, 0], [200, 100], [100, 200], [0, 100]]
[5, 200, 200, 'b2_3', 0] [[100, 0], [200, 100], [100, 200], [0, 100]]
[6, 100, 100, 'n1', 0] [[50.0, 0.0], [100.0, 50.0], [50.0, 100.0], [0.0, 50.0]]
[7, 100, 100, 'n2', 0] [[50.0, 0.0], [100.0, 50.0], [50.0, 100.0], [0.0, 50.0]]
[8, 100, 100, 'n3', 0] [[50.0, 0.0], [100.0, 50.0], [50.0, 100.0], [0.0, 50.0]]
[9, 100, 100, 'n4', 0] [[50.0, 0.0], [100.0, 50.0], [50.0, 100.0], [0.0, 50.0]]
[10, 100, 100, 'n5', 0] [[50.0, 0.0], [100.0, 50.0], [50.0, 100.0], [0.0, 50.0]]
[11, 100, 100, 'n6', 0] [[50.0, 0.0], [100.0, 50.0], [50.0, 100.0], [0.0, 50.0]]
2/9, Finish initial placement with rotation, time spent: 0.00021886825561523438 s
3/9, Finish symmetricalization, time spent: 1.9073486328125e-05 s
4/9, Finish routing, time spent: 0.00024080276489257812 s
****************************************************
New valid order that can lead to planar graph found:
[[0], [1, 0], [1, 2, 0], [0, 1, 2], [0, 1], [0]]
****************************************************
--Finish applying new order
--Finish mirroring related components
5/9, Finish initialization of new orders, time spent: 0.0012362003326416016 s
6/9, Finish shortening wirelength, time spent: 0.00010633468627929688 s
Skip stage7 LP according to user's need
8/9, Finish routing, time spent: 0.0003337860107421875 s
9/9, Finish compaction and connecting ports, time spent: 0.04701590538024902 s
<<<<<<<<<<<<<<<<<<<<<<<<<<<<<< All P&R Done >>>>>>>>>>>>>>>>>>>>>>>>>>>>>>
Total Timeusage: 0.04923105239868164 s
Reordering Timeusage: 0.0012362003326416016 s
LP-based Optimization Timeusage: 0 s
P&R for the new orders: 0.04869222640991211 s
Fit canvas to [92200.0, 36100.0] and center by [900.0, -48700.0]
Done. Combined PR JSON: /home/student/Desktop/Neptune_2026/Microfluidics-Benchmarks/Results/tree_full_20260918_081830/artifacts/mint__Base__Crossing_H__Crossing_H_fromMINT/result.json
