$ systemd-run --user --scope -q -p MemoryMax=64.0G -p MemorySwapMax=0 /home/student/anaconda3/envs/neptune2026/bin/python /home/student/Desktop/Neptune_2026/scripts/run_all_synthesize_timeout_report.py --_worker --algorithm tree --input /home/student/Desktop/Neptune_2026/Microfluidics-Benchmarks/Results/MINT_TestCases/Grid/Grid_05/Grid_05_fromMINT.json --case-output /home/student/Desktop/Neptune_2026/Microfluidics-Benchmarks/Results/tree_full_20260918_081830/artifacts/mint__Grid__Grid_05__Grid_05_fromMINT --time-limit 3600.0 --solver-profile standard --mip-gap 0.0
Reversed 7 connection(s) with opposite-port direction conflicts: c1, c2, c3, c4, c5, c6, c52.
Finish loading test case: Grid_05_fromMINT
1/9, Finish initial placement, time spent: 0.0002803802490234375 s
[0, 7450, 16300, 'm1', 0] [[3725, 0], [5825, 16300], [4775, 16300], [3725, 16300], [2675, 16300], [1625, 16300]]
[1, 7450, 16300, 'm2', 0] [[3725, 0], [5825, 16300], [4775, 16300], [3725, 16300], [2675, 16300], [1625, 16300]]
[2, 200, 200, 'p1', 0] [[100, 0], [200, 100], [100, 200], [0, 100]]
[3, 200, 200, 'p2', 0] [[100, 0], [200, 100], [100, 200], [0, 100]]
[4, 4000, 4000, 'ct1', 0] [[0, 2000], [4000, 2000], [2000, 0], [2000, 4000]]
[5, 4000, 4000, 'ct2', 0] [[0, 2000], [4000, 2000], [2000, 0], [2000, 4000]]
[6, 4000, 4000, 'ct3', 0] [[0, 2000], [4000, 2000], [2000, 0], [2000, 4000]]
[7, 4000, 4000, 'ct4', 0] [[0, 2000], [4000, 2000], [2000, 0], [2000, 4000]]
[8, 4000, 4000, 'ct5', 0] [[0, 2000], [4000, 2000], [2000, 0], [2000, 4000]]
[9, 4000, 4000, 'ct6', 0] [[0, 2000], [4000, 2000], [2000, 0], [2000, 4000]]
[10, 4000, 4000, 'ct7', 0] [[0, 2000], [4000, 2000], [2000, 0], [2000, 4000]]
[11, 4000, 4000, 'ct8', 0] [[0, 2000], [4000, 2000], [2000, 0], [2000, 4000]]
[12, 4000, 4000, 'ct9', 0] [[0, 2000], [4000, 2000], [2000, 0], [2000, 4000]]
[13, 4000, 4000, 'ct10', 0] [[0, 2000], [4000, 2000], [2000, 0], [2000, 4000]]
[14, 4000, 4000, 'ct11', 0] [[0, 2000], [4000, 2000], [2000, 0], [2000, 4000]]
[15, 4000, 4000, 'ct12', 0] [[0, 2000], [4000, 2000], [2000, 0], [2000, 4000]]
[16, 4000, 4000, 'ct13', 0] [[0, 2000], [4000, 2000], [2000, 0], [2000, 4000]]
[17, 4000, 4000, 'ct14', 0] [[0, 2000], [4000, 2000], [2000, 0], [2000, 4000]]
[18, 4000, 4000, 'ct15', 0] [[0, 2000], [4000, 2000], [2000, 0], [2000, 4000]]
[19, 4000, 4000, 'ct16', 0] [[0, 2000], [4000, 2000], [2000, 0], [2000, 4000]]
[20, 4000, 4000, 'ct17', 0] [[0, 2000], [4000, 2000], [2000, 0], [2000, 4000]]
[21, 4000, 4000, 'ct18', 0] [[0, 2000], [4000, 2000], [2000, 0], [2000, 4000]]
[22, 4000, 4000, 'ct19', 0] [[0, 2000], [4000, 2000], [2000, 0], [2000, 4000]]
[23, 4000, 4000, 'ct20', 0] [[0, 2000], [4000, 2000], [2000, 0], [2000, 4000]]
[24, 4000, 4000, 'ct21', 0] [[0, 2000], [4000, 2000], [2000, 0], [2000, 4000]]
[25, 4000, 4000, 'ct22', 0] [[0, 2000], [4000, 2000], [2000, 0], [2000, 4000]]
[26, 4000, 4000, 'ct23', 0] [[0, 2000], [4000, 2000], [2000, 0], [2000, 4000]]
[27, 4000, 4000, 'ct24', 0] [[0, 2000], [4000, 2000], [2000, 0], [2000, 4000]]
[28, 4000, 4000, 'ct25', 0] [[0, 2000], [4000, 2000], [2000, 0], [2000, 4000]]
2/9, Finish initial placement with rotation, time spent: 0.0007433891296386719 s
3/9, Finish symmetricalization, time spent: 2.47955322265625e-05 s
4/9, Finish routing, time spent: 0.0007283687591552734 s
****************************************************
Fail to find valid order; keeping the initial row order
****************************************************
--Finish applying new order
--Finish mirroring related components
5/9, Finish initialization of new orders, time spent: 0.009746551513671875 s
6/9, Finish shortening wirelength, time spent: 0.00023555755615234375 s
Skip stage7 LP according to user's need
8/9, Finish routing, time spent: 0.0009953975677490234 s
9/9, Finish compaction and connecting ports, time spent: 0.15191078186035156 s
<<<<<<<<<<<<<<<<<<<<<<<<<<<<<< All P&R Done >>>>>>>>>>>>>>>>>>>>>>>>>>>>>>
Total Timeusage: 0.16466522216796875 s
Reordering Timeusage: 0.009746551513671875 s
LP-based Optimization Timeusage: 0 s
P&R for the new orders: 0.1628882884979248 s
Cannot finish valid layer-1 synthesis for:
- reason=placement valve=v2 flow_connection=c8 control_port=cpb1_1
- reason=placement valve=v5 flow_connection=c11 control_port=cpb2_1
- reason=placement valve=v7 flow_connection=c13 control_port=cpb2_1
- reason=placement valve=v12 flow_connection=c18 control_port=cpb1_2
- reason=placement valve=v15 flow_connection=c21 control_port=cpb2_2
- reason=placement valve=v17 flow_connection=c23 control_port=cpb2_2
- reason=placement valve=v22 flow_connection=c28 control_port=cpb1_3
- reason=placement valve=v25 flow_connection=c31 control_port=cpb2_3
- reason=placement valve=v26 flow_connection=c32 control_port=cpb2_3
- reason=placement valve=v27 flow_connection=c33 control_port=cpb2_3
- reason=placement valve=v28 flow_connection=c34 control_port=cpb1_4
- reason=placement valve=v38 flow_connection=c44 control_port=cpb1_5
Fit canvas to [155743.0, 89600.0] and center by [-20096.1, -69300.0]
Done. Combined PR JSON: /home/student/Desktop/Neptune_2026/Microfluidics-Benchmarks/Results/tree_full_20260918_081830/artifacts/mint__Grid__Grid_05__Grid_05_fromMINT/result.json
