$ systemd-run --user --scope -q -p MemoryMax=64.0G -p MemorySwapMax=0 /home/student/anaconda3/envs/neptune2026/bin/python /home/student/Desktop/Neptune_2026/scripts/run_all_synthesize_timeout_report.py --_worker --algorithm tree --input /home/student/Desktop/Neptune_2026/Microfluidics-Benchmarks/Results/MINT_TestCases/COVID/Part_2_Rt_Step/Part_2_Rt_Step_fromMINT.json --case-output /home/student/Desktop/Neptune_2026/Microfluidics-Benchmarks/Results/tree_full_20260918_081830/artifacts/mint__COVID__Part_2_Rt_Step__Part_2_Rt_Step_fromMINT --time-limit 3600.0 --solver-profile standard --mip-gap 0.0
Reversed 7 connection(s) with opposite-port direction conflicts: channel_1, channel_2, channel_3, channel_4, channel_5, channel_6, channel_7.
Finish loading test case: Part_2_Rt_Step_fromMINT
1/9, Finish initial placement, time spent: 2.0265579223632812e-05 s
[0, 4060, 4860, 'mixer_1', 0] [[2030, 0], [2030, 4860]]
[1, 4060, 4860, 'mixer_2', 0] [[2030, 0], [2030, 4860]]
[2, 1400, 1400, 'port_1', 0] [[700, 0], [1400, 700], [700, 1400], [0, 700]]
[3, 4060, 4860, 'mixer_3', 0] [[2030, 0], [2030, 4860]]
[4, 1400, 1400, 'port_2', 0] [[700, 0], [1400, 700], [700, 1400], [0, 700]]
[5, 1400, 1400, 'port_3', 0] [[700, 0], [1400, 700], [700, 1400], [0, 700]]
[6, 1400, 1400, 'port_4', 0] [[700, 0], [1400, 700], [700, 1400], [0, 700]]
[7, 1400, 1400, 'port_5', 0] [[700, 0], [1400, 700], [700, 1400], [0, 700]]
2/9, Finish initial placement with rotation, time spent: 0.00013184547424316406 s
3/9, Finish symmetricalization, time spent: 1.621246337890625e-05 s
4/9, Finish routing, time spent: 0.00016450881958007812 s
****************************************************
New valid order that can lead to planar graph found:
[[0, 2, 1, 3], [0, 1], [0], [0]]
****************************************************
--Finish applying new order
--Finish mirroring related components
5/9, Finish initialization of new orders, time spent: 0.0005815029144287109 s
6/9, Finish shortening wirelength, time spent: 6.699562072753906e-05 s
Skip stage7 LP according to user's need
8/9, Finish routing, time spent: 0.00020432472229003906 s
9/9, Finish compaction and connecting ports, time spent: 0.03160357475280762 s
<<<<<<<<<<<<<<<<<<<<<<<<<<<<<< All P&R Done >>>>>>>>>>>>>>>>>>>>>>>>>>>>>>
Total Timeusage: 0.03278923034667969 s
Reordering Timeusage: 0.0005815029144287109 s
LP-based Optimization Timeusage: 0 s
P&R for the new orders: 0.032456398010253906 s
Fan 2 shared-hinge MIXER mixer_1 pads by pitch 4000
Fan 2 shared-hinge MIXER mixer_3 pads by pitch 4000
Fit canvas to [26800.0, 36220.0] and center by [-400.0, 200.0]
Done. Combined PR JSON: /home/student/Desktop/Neptune_2026/Microfluidics-Benchmarks/Results/tree_full_20260918_081830/artifacts/mint__COVID__Part_2_Rt_Step__Part_2_Rt_Step_fromMINT/result.json
