$ systemd-run --user --scope -q -p MemoryMax=64.0G -p MemorySwapMax=0 /home/student/anaconda3/envs/neptune2026/bin/python /home/student/Desktop/Neptune_2026/scripts/run_all_synthesize_timeout_report.py --_worker --algorithm tree --input /home/student/Desktop/Neptune_2026/Microfluidics-Benchmarks/Results/MINT_TestCases/Constraints/Array_Constraint/Array_Constraint_fromMINT.json --case-output /home/student/Desktop/Neptune_2026/Microfluidics-Benchmarks/Results/tree_full_20260918_081830/artifacts/mint__Constraints__Array_Constraint__Array_Constraint_fromMINT --time-limit 3600.0 --solver-profile standard --mip-gap 0.0
Reversed 56 connection(s) with opposite-port direction conflicts: c_in1, c_in2, c_in3, c_in4, c_in5, c_in6, c_in7, c_in8, c_g_1_2_1, c_g_1_2_2, c_g_1_2_3, c_g_1_2_4, c_g_1_2_5, c_g_1_2_6, c_g_1_2_7, c_g_1_2_8, c_g_2_3_1, c_g_2_3_2, c_g_2_3_3, c_g_2_3_4, c_g_2_3_5, c_g_2_3_6, c_g_2_3_7, c_g_2_3_8, c_g_3_4_1, c_g_3_4_2, c_g_3_4_3, c_g_3_4_4, c_g_3_4_5, c_g_3_4_6, c_g_3_4_7, c_g_3_4_8, c_g_4_5_1, c_g_4_5_2, c_g_4_5_3, c_g_4_5_4, c_g_4_5_5, c_g_4_5_6, c_g_4_5_7, c_g_4_5_8, c_g_5_6_1, c_g_5_6_2, c_g_5_6_3, c_g_5_6_4, c_g_5_6_5, c_g_5_6_6, c_g_5_6_7, c_g_5_6_8, c_g_6_7_1, c_g_6_7_2, c_g_6_7_3, c_g_6_7_4, c_g_6_7_5, c_g_6_7_6, c_g_6_7_7, c_g_6_7_8.
Detected 8 disconnected layer-0 cluster(s); running each independently.
Running independent cluster 1/8: ['ct1_1', 'ct2_1', 'ct3_1', 'ct4_1', 'ct5_1', 'ct6_1', 'ct7_1', 'ct8_1', 'p_in1', 'p_out1']
Finish loading test case: Array_Constraint_fromMINT__cluster_00
1/9, Finish initial placement, time spent: 2.0742416381835938e-05 s
[0, 4000, 4000, 'p_in1', 0] [[2000, 0], [4000, 2000], [2000, 4000], [0, 2000]]
[1, 4000, 4000, 'p_out1', 0] [[2000, 0], [4000, 2000], [2000, 4000], [0, 2000]]
[2, 250, 250, 'ct1_1', 0] [[125, 0], [250, 125], [125, 250], [0, 125]]
[3, 250, 250, 'ct2_1', 0] [[125, 0], [250, 125], [125, 250], [0, 125]]
[4, 250, 250, 'ct3_1', 0] [[125, 0], [250, 125], [125, 250], [0, 125]]
[5, 250, 250, 'ct4_1', 0] [[125, 0], [250, 125], [125, 250], [0, 125]]
[6, 250, 250, 'ct5_1', 0] [[125, 0], [250, 125], [125, 250], [0, 125]]
[7, 250, 250, 'ct6_1', 0] [[125, 0], [250, 125], [125, 250], [0, 125]]
[8, 250, 250, 'ct7_1', 0] [[125, 0], [250, 125], [125, 250], [0, 125]]
[9, 250, 250, 'ct8_1', 0] [[125, 0], [250, 125], [125, 250], [0, 125]]
2/9, Finish initial placement with rotation, time spent: 0.00015807151794433594 s
3/9, Finish symmetricalization, time spent: 1.7642974853515625e-05 s
4/9, Finish routing, time spent: 0.00021266937255859375 s
****************************************************
New valid order that can lead to planar graph found:
[[0], [0], [0], [0], [0], [1, 0], [0, 1], [0]]
****************************************************
--Finish applying new order
--Finish mirroring related components
5/9, Finish initialization of new orders, time spent: 0.0009238719940185547 s
6/9, Finish shortening wirelength, time spent: 8.153915405273438e-05 s
Skip stage7 LP according to user's need
8/9, Finish routing, time spent: 0.00024247169494628906 s
9/9, Finish compaction and connecting ports, time spent: 0.03748154640197754 s
<<<<<<<<<<<<<<<<<<<<<<<<<<<<<< All P&R Done >>>>>>>>>>>>>>>>>>>>>>>>>>>>>>
Total Timeusage: 0.0391385555267334 s
Reordering Timeusage: 0.0009238719940185547 s
LP-based Optimization Timeusage: 0 s
P&R for the new orders: 0.03872942924499512 s
Running independent cluster 2/8: ['ct1_2', 'ct2_2', 'ct3_2', 'ct4_2', 'ct5_2', 'ct6_2', 'ct7_2', 'ct8_2', 'p_in2', 'p_out2']
Finish loading test case: Array_Constraint_fromMINT__cluster_01
1/9, Finish initial placement, time spent: 1.621246337890625e-05 s
[0, 4000, 4000, 'p_in2', 0] [[2000, 0], [4000, 2000], [2000, 4000], [0, 2000]]
[1, 4000, 4000, 'p_out2', 0] [[2000, 0], [4000, 2000], [2000, 4000], [0, 2000]]
[2, 250, 250, 'ct1_2', 0] [[125, 0], [250, 125], [125, 250], [0, 125]]
[3, 250, 250, 'ct2_2', 0] [[125, 0], [250, 125], [125, 250], [0, 125]]
[4, 250, 250, 'ct3_2', 0] [[125, 0], [250, 125], [125, 250], [0, 125]]
[5, 250, 250, 'ct4_2', 0] [[125, 0], [250, 125], [125, 250], [0, 125]]
[6, 250, 250, 'ct5_2', 0] [[125, 0], [250, 125], [125, 250], [0, 125]]
[7, 250, 250, 'ct6_2', 0] [[125, 0], [250, 125], [125, 250], [0, 125]]
[8, 250, 250, 'ct7_2', 0] [[125, 0], [250, 125], [125, 250], [0, 125]]
[9, 250, 250, 'ct8_2', 0] [[125, 0], [250, 125], [125, 250], [0, 125]]
2/9, Finish initial placement with rotation, time spent: 0.0001609325408935547 s
3/9, Finish symmetricalization, time spent: 1.2636184692382812e-05 s
4/9, Finish routing, time spent: 0.0001919269561767578 s
****************************************************
New valid order that can lead to planar graph found:
[[0], [0], [0], [0], [0], [1, 0], [0, 1], [0]]
****************************************************
--Finish applying new order
--Finish mirroring related components
5/9, Finish initialization of new orders, time spent: 0.0008132457733154297 s
6/9, Finish shortening wirelength, time spent: 5.817413330078125e-05 s
Skip stage7 LP according to user's need
8/9, Finish routing, time spent: 0.0002319812774658203 s
9/9, Finish compaction and connecting ports, time spent: 0.03832221031188965 s
<<<<<<<<<<<<<<<<<<<<<<<<<<<<<< All P&R Done >>>>>>>>>>>>>>>>>>>>>>>>>>>>>>
Total Timeusage: 0.03980731964111328 s
Reordering Timeusage: 0.0008132457733154297 s
LP-based Optimization Timeusage: 0 s
P&R for the new orders: 0.03942561149597168 s
Running independent cluster 3/8: ['ct1_3', 'ct2_3', 'ct3_3', 'ct4_3', 'ct5_3', 'ct6_3', 'ct7_3', 'ct8_3', 'p_in3', 'p_out3']
Finish loading test case: Array_Constraint_fromMINT__cluster_02
1/9, Finish initial placement, time spent: 1.6450881958007812e-05 s
[0, 4000, 4000, 'p_in3', 0] [[2000, 0], [4000, 2000], [2000, 4000], [0, 2000]]
[1, 4000, 4000, 'p_out3', 0] [[2000, 0], [4000, 2000], [2000, 4000], [0, 2000]]
[2, 250, 250, 'ct1_3', 0] [[125, 0], [250, 125], [125, 250], [0, 125]]
[3, 250, 250, 'ct2_3', 0] [[125, 0], [250, 125], [125, 250], [0, 125]]
[4, 250, 250, 'ct3_3', 0] [[125, 0], [250, 125], [125, 250], [0, 125]]
[5, 250, 250, 'ct4_3', 0] [[125, 0], [250, 125], [125, 250], [0, 125]]
[6, 250, 250, 'ct5_3', 0] [[125, 0], [250, 125], [125, 250], [0, 125]]
[7, 250, 250, 'ct6_3', 0] [[125, 0], [250, 125], [125, 250], [0, 125]]
[8, 250, 250, 'ct7_3', 0] [[125, 0], [250, 125], [125, 250], [0, 125]]
[9, 250, 250, 'ct8_3', 0] [[125, 0], [250, 125], [125, 250], [0, 125]]
2/9, Finish initial placement with rotation, time spent: 0.00012755393981933594 s
3/9, Finish symmetricalization, time spent: 1.2874603271484375e-05 s
4/9, Finish routing, time spent: 0.00019407272338867188 s
****************************************************
New valid order that can lead to planar graph found:
[[0], [0], [0], [0], [0], [1, 0], [0, 1], [0]]
****************************************************
--Finish applying new order
--Finish mirroring related components
5/9, Finish initialization of new orders, time spent: 0.0007886886596679688 s
6/9, Finish shortening wirelength, time spent: 5.793571472167969e-05 s
Skip stage7 LP according to user's need
8/9, Finish routing, time spent: 0.00022554397583007812 s
9/9, Finish compaction and connecting ports, time spent: 0.037393808364868164 s
<<<<<<<<<<<<<<<<<<<<<<<<<<<<<< All P&R Done >>>>>>>>>>>>>>>>>>>>>>>>>>>>>>
Total Timeusage: 0.03881692886352539 s
Reordering Timeusage: 0.0007886886596679688 s
LP-based Optimization Timeusage: 0 s
P&R for the new orders: 0.03846597671508789 s
Running independent cluster 4/8: ['ct1_4', 'ct2_4', 'ct3_4', 'ct4_4', 'ct5_4', 'ct6_4', 'ct7_4', 'ct8_4', 'p_in4', 'p_out4']
Finish loading test case: Array_Constraint_fromMINT__cluster_03
1/9, Finish initial placement, time spent: 1.5735626220703125e-05 s
[0, 4000, 4000, 'p_in4', 0] [[2000, 0], [4000, 2000], [2000, 4000], [0, 2000]]
[1, 4000, 4000, 'p_out4', 0] [[2000, 0], [4000, 2000], [2000, 4000], [0, 2000]]
[2, 250, 250, 'ct1_4', 0] [[125, 0], [250, 125], [125, 250], [0, 125]]
[3, 250, 250, 'ct2_4', 0] [[125, 0], [250, 125], [125, 250], [0, 125]]
[4, 250, 250, 'ct3_4', 0] [[125, 0], [250, 125], [125, 250], [0, 125]]
[5, 250, 250, 'ct4_4', 0] [[125, 0], [250, 125], [125, 250], [0, 125]]
[6, 250, 250, 'ct5_4', 0] [[125, 0], [250, 125], [125, 250], [0, 125]]
[7, 250, 250, 'ct6_4', 0] [[125, 0], [250, 125], [125, 250], [0, 125]]
[8, 250, 250, 'ct7_4', 0] [[125, 0], [250, 125], [125, 250], [0, 125]]
[9, 250, 250, 'ct8_4', 0] [[125, 0], [250, 125], [125, 250], [0, 125]]
2/9, Finish initial placement with rotation, time spent: 0.0001533031463623047 s
3/9, Finish symmetricalization, time spent: 1.3828277587890625e-05 s
4/9, Finish routing, time spent: 0.00018739700317382812 s
****************************************************
New valid order that can lead to planar graph found:
[[0], [0], [0], [0], [0], [1, 0], [0, 1], [0]]
****************************************************
--Finish applying new order
--Finish mirroring related components
5/9, Finish initialization of new orders, time spent: 0.0008623600006103516 s
6/9, Finish shortening wirelength, time spent: 5.8650970458984375e-05 s
Skip stage7 LP according to user's need
8/9, Finish routing, time spent: 0.00023436546325683594 s
9/9, Finish compaction and connecting ports, time spent: 0.0378880500793457 s
<<<<<<<<<<<<<<<<<<<<<<<<<<<<<< All P&R Done >>>>>>>>>>>>>>>>>>>>>>>>>>>>>>
Total Timeusage: 0.0394136905670166 s
Reordering Timeusage: 0.0008623600006103516 s
LP-based Optimization Timeusage: 0 s
P&R for the new orders: 0.039043426513671875 s
Running independent cluster 5/8: ['ct1_5', 'ct2_5', 'ct3_5', 'ct4_5', 'ct5_5', 'ct6_5', 'ct7_5', 'ct8_5', 'p_in5', 'p_out5']
Finish loading test case: Array_Constraint_fromMINT__cluster_04
1/9, Finish initial placement, time spent: 1.5497207641601562e-05 s
[0, 4000, 4000, 'p_in5', 0] [[2000, 0], [4000, 2000], [2000, 4000], [0, 2000]]
[1, 4000, 4000, 'p_out5', 0] [[2000, 0], [4000, 2000], [2000, 4000], [0, 2000]]
[2, 250, 250, 'ct1_5', 0] [[125, 0], [250, 125], [125, 250], [0, 125]]
[3, 250, 250, 'ct2_5', 0] [[125, 0], [250, 125], [125, 250], [0, 125]]
[4, 250, 250, 'ct3_5', 0] [[125, 0], [250, 125], [125, 250], [0, 125]]
[5, 250, 250, 'ct4_5', 0] [[125, 0], [250, 125], [125, 250], [0, 125]]
[6, 250, 250, 'ct5_5', 0] [[125, 0], [250, 125], [125, 250], [0, 125]]
[7, 250, 250, 'ct6_5', 0] [[125, 0], [250, 125], [125, 250], [0, 125]]
[8, 250, 250, 'ct7_5', 0] [[125, 0], [250, 125], [125, 250], [0, 125]]
[9, 250, 250, 'ct8_5', 0] [[125, 0], [250, 125], [125, 250], [0, 125]]
2/9, Finish initial placement with rotation, time spent: 0.00012969970703125 s
3/9, Finish symmetricalization, time spent: 1.3589859008789062e-05 s
4/9, Finish routing, time spent: 0.00018525123596191406 s
****************************************************
New valid order that can lead to planar graph found:
[[0], [0], [0], [0], [0], [1, 0], [0, 1], [0]]
****************************************************
--Finish applying new order
--Finish mirroring related components
5/9, Finish initialization of new orders, time spent: 0.0008263587951660156 s
6/9, Finish shortening wirelength, time spent: 5.7220458984375e-05 s
Skip stage7 LP according to user's need
8/9, Finish routing, time spent: 0.00023651123046875 s
9/9, Finish compaction and connecting ports, time spent: 0.03770017623901367 s
<<<<<<<<<<<<<<<<<<<<<<<<<<<<<< All P&R Done >>>>>>>>>>>>>>>>>>>>>>>>>>>>>>
Total Timeusage: 0.03916430473327637 s
Reordering Timeusage: 0.0008263587951660156 s
LP-based Optimization Timeusage: 0 s
P&R for the new orders: 0.03882026672363281 s
Running independent cluster 6/8: ['ct1_6', 'ct2_6', 'ct3_6', 'ct4_6', 'ct5_6', 'ct6_6', 'ct7_6', 'ct8_6', 'p_in6', 'p_out6']
Finish loading test case: Array_Constraint_fromMINT__cluster_05
1/9, Finish initial placement, time spent: 1.621246337890625e-05 s
[0, 4000, 4000, 'p_in6', 0] [[2000, 0], [4000, 2000], [2000, 4000], [0, 2000]]
[1, 4000, 4000, 'p_out6', 0] [[2000, 0], [4000, 2000], [2000, 4000], [0, 2000]]
[2, 250, 250, 'ct1_6', 0] [[125, 0], [250, 125], [125, 250], [0, 125]]
[3, 250, 250, 'ct2_6', 0] [[125, 0], [250, 125], [125, 250], [0, 125]]
[4, 250, 250, 'ct3_6', 0] [[125, 0], [250, 125], [125, 250], [0, 125]]
[5, 250, 250, 'ct4_6', 0] [[125, 0], [250, 125], [125, 250], [0, 125]]
[6, 250, 250, 'ct5_6', 0] [[125, 0], [250, 125], [125, 250], [0, 125]]
[7, 250, 250, 'ct6_6', 0] [[125, 0], [250, 125], [125, 250], [0, 125]]
[8, 250, 250, 'ct7_6', 0] [[125, 0], [250, 125], [125, 250], [0, 125]]
[9, 250, 250, 'ct8_6', 0] [[125, 0], [250, 125], [125, 250], [0, 125]]
2/9, Finish initial placement with rotation, time spent: 0.00015020370483398438 s
3/9, Finish symmetricalization, time spent: 1.2874603271484375e-05 s
4/9, Finish routing, time spent: 0.00019025802612304688 s
****************************************************
New valid order that can lead to planar graph found:
[[0], [0], [0], [0], [0], [1, 0], [0, 1], [0]]
****************************************************
--Finish applying new order
--Finish mirroring related components
5/9, Finish initialization of new orders, time spent: 0.0008680820465087891 s
6/9, Finish shortening wirelength, time spent: 8.130073547363281e-05 s
Skip stage7 LP according to user's need
8/9, Finish routing, time spent: 0.00022935867309570312 s
9/9, Finish compaction and connecting ports, time spent: 0.03779935836791992 s
<<<<<<<<<<<<<<<<<<<<<<<<<<<<<< All P&R Done >>>>>>>>>>>>>>>>>>>>>>>>>>>>>>
Total Timeusage: 0.03934764862060547 s
Reordering Timeusage: 0.0008680820465087891 s
LP-based Optimization Timeusage: 0 s
P&R for the new orders: 0.03897809982299805 s
Running independent cluster 7/8: ['ct1_7', 'ct2_7', 'ct3_7', 'ct4_7', 'ct5_7', 'ct6_7', 'ct7_7', 'ct8_7', 'p_in7', 'p_out7']
Finish loading test case: Array_Constraint_fromMINT__cluster_06
1/9, Finish initial placement, time spent: 1.5974044799804688e-05 s
[0, 4000, 4000, 'p_in7', 0] [[2000, 0], [4000, 2000], [2000, 4000], [0, 2000]]
[1, 4000, 4000, 'p_out7', 0] [[2000, 0], [4000, 2000], [2000, 4000], [0, 2000]]
[2, 250, 250, 'ct1_7', 0] [[125, 0], [250, 125], [125, 250], [0, 125]]
[3, 250, 250, 'ct2_7', 0] [[125, 0], [250, 125], [125, 250], [0, 125]]
[4, 250, 250, 'ct3_7', 0] [[125, 0], [250, 125], [125, 250], [0, 125]]
[5, 250, 250, 'ct4_7', 0] [[125, 0], [250, 125], [125, 250], [0, 125]]
[6, 250, 250, 'ct5_7', 0] [[125, 0], [250, 125], [125, 250], [0, 125]]
[7, 250, 250, 'ct6_7', 0] [[125, 0], [250, 125], [125, 250], [0, 125]]
[8, 250, 250, 'ct7_7', 0] [[125, 0], [250, 125], [125, 250], [0, 125]]
[9, 250, 250, 'ct8_7', 0] [[125, 0], [250, 125], [125, 250], [0, 125]]
2/9, Finish initial placement with rotation, time spent: 0.00013399124145507812 s
3/9, Finish symmetricalization, time spent: 1.3113021850585938e-05 s
4/9, Finish routing, time spent: 0.00019431114196777344 s
****************************************************
New valid order that can lead to planar graph found:
[[0], [0], [0], [0], [0], [1, 0], [0, 1], [0]]
****************************************************
--Finish applying new order
--Finish mirroring related components
5/9, Finish initialization of new orders, time spent: 0.0008440017700195312 s
6/9, Finish shortening wirelength, time spent: 6.818771362304688e-05 s
Skip stage7 LP according to user's need
8/9, Finish routing, time spent: 0.0002701282501220703 s
9/9, Finish compaction and connecting ports, time spent: 0.038266897201538086 s
<<<<<<<<<<<<<<<<<<<<<<<<<<<<<< All P&R Done >>>>>>>>>>>>>>>>>>>>>>>>>>>>>>
Total Timeusage: 0.03980660438537598 s
Reordering Timeusage: 0.0008440017700195312 s
LP-based Optimization Timeusage: 0 s
P&R for the new orders: 0.039449214935302734 s
Running independent cluster 8/8: ['ct1_8', 'ct2_8', 'ct3_8', 'ct4_8', 'ct5_8', 'ct6_8', 'ct7_8', 'ct8_8', 'p_in8', 'p_out8']
Finish loading test case: Array_Constraint_fromMINT__cluster_07
1/9, Finish initial placement, time spent: 1.7642974853515625e-05 s
[0, 4000, 4000, 'p_in8', 0] [[2000, 0], [4000, 2000], [2000, 4000], [0, 2000]]
[1, 4000, 4000, 'p_out8', 0] [[2000, 0], [4000, 2000], [2000, 4000], [0, 2000]]
[2, 250, 250, 'ct1_8', 0] [[125, 0], [250, 125], [125, 250], [0, 125]]
[3, 250, 250, 'ct2_8', 0] [[125, 0], [250, 125], [125, 250], [0, 125]]
[4, 250, 250, 'ct3_8', 0] [[125, 0], [250, 125], [125, 250], [0, 125]]
[5, 250, 250, 'ct4_8', 0] [[125, 0], [250, 125], [125, 250], [0, 125]]
[6, 250, 250, 'ct5_8', 0] [[125, 0], [250, 125], [125, 250], [0, 125]]
[7, 250, 250, 'ct6_8', 0] [[125, 0], [250, 125], [125, 250], [0, 125]]
[8, 250, 250, 'ct7_8', 0] [[125, 0], [250, 125], [125, 250], [0, 125]]
[9, 250, 250, 'ct8_8', 0] [[125, 0], [250, 125], [125, 250], [0, 125]]
2/9, Finish initial placement with rotation, time spent: 0.0001468658447265625 s
3/9, Finish symmetricalization, time spent: 1.2874603271484375e-05 s
4/9, Finish routing, time spent: 0.00019788742065429688 s
****************************************************
New valid order that can lead to planar graph found:
[[0], [0], [0], [0], [0], [1, 0], [0, 1], [0]]
****************************************************
--Finish applying new order
--Finish mirroring related components
5/9, Finish initialization of new orders, time spent: 0.0008625984191894531 s
6/9, Finish shortening wirelength, time spent: 5.745887756347656e-05 s
Skip stage7 LP according to user's need
8/9, Finish routing, time spent: 0.0002460479736328125 s
9/9, Finish compaction and connecting ports, time spent: 0.03716635704040527 s
<<<<<<<<<<<<<<<<<<<<<<<<<<<<<< All P&R Done >>>>>>>>>>>>>>>>>>>>>>>>>>>>>>
Total Timeusage: 0.038707733154296875 s
Reordering Timeusage: 0.0008625984191894531 s
LP-based Optimization Timeusage: 0 s
P&R for the new orders: 0.038332462310791016 s
Fit canvas to [22625.0, 334500.0] and center by [-1000.0, 4900.0]
Done. Combined PR JSON: /home/student/Desktop/Neptune_2026/Microfluidics-Benchmarks/Results/tree_full_20260918_081830/artifacts/mint__Constraints__Array_Constraint__Array_Constraint_fromMINT/result.json
