$ systemd-run --user --scope -q -p MemoryMax=64.0G -p MemorySwapMax=0 /home/student/anaconda3/envs/neptune2026/bin/python /home/student/Desktop/Neptune_2026/scripts/run_all_synthesize_timeout_report.py --_worker --algorithm tree --input /home/student/Desktop/Neptune_2026/Microfluidics-Benchmarks/Results/MINT_TestCases/Grid/Grid_06/Grid_06_fromMINT.json --case-output /home/student/Desktop/Neptune_2026/Microfluidics-Benchmarks/Results/tree_full_20260918_081830/artifacts/mint__Grid__Grid_06__Grid_06_fromMINT --time-limit 3600.0 --solver-profile standard --mip-gap 0.0
Reversed 8 connection(s) with opposite-port direction conflicts: c1, c2, c3, c4, c5, c6, c7, c74.
Finish loading test case: Grid_06_fromMINT
1/9, Finish initial placement, time spent: 0.00036334991455078125 s
[0, 8500, 16300, 'm1', 0] [[4250, 0], [7250, 16300], [6050, 16300], [4850, 16300], [3650, 16300], [2450, 16300], [1250, 16300]]
[1, 8500, 16300, 'm2', 0] [[4250, 0], [7250, 16300], [6050, 16300], [4850, 16300], [3650, 16300], [2450, 16300], [1250, 16300]]
[2, 200, 200, 'p1', 0] [[100, 0], [200, 100], [100, 200], [0, 100]]
[3, 200, 200, 'p2', 0] [[100, 0], [200, 100], [100, 200], [0, 100]]
[4, 4000, 4000, 'ct1', 0] [[0, 2000], [4000, 2000], [2000, 0], [2000, 4000]]
[5, 4000, 4000, 'ct2', 0] [[0, 2000], [4000, 2000], [2000, 0], [2000, 4000]]
[6, 4000, 4000, 'ct3', 0] [[0, 2000], [4000, 2000], [2000, 0], [2000, 4000]]
[7, 4000, 4000, 'ct4', 0] [[0, 2000], [4000, 2000], [2000, 0], [2000, 4000]]
[8, 4000, 4000, 'ct5', 0] [[0, 2000], [4000, 2000], [2000, 0], [2000, 4000]]
[9, 4000, 4000, 'ct6', 0] [[0, 2000], [4000, 2000], [2000, 0], [2000, 4000]]
[10, 4000, 4000, 'ct7', 0] [[0, 2000], [4000, 2000], [2000, 0], [2000, 4000]]
[11, 4000, 4000, 'ct8', 0] [[0, 2000], [4000, 2000], [2000, 0], [2000, 4000]]
[12, 4000, 4000, 'ct9', 0] [[0, 2000], [4000, 2000], [2000, 0], [2000, 4000]]
[13, 4000, 4000, 'ct10', 0] [[0, 2000], [4000, 2000], [2000, 0], [2000, 4000]]
[14, 4000, 4000, 'ct11', 0] [[0, 2000], [4000, 2000], [2000, 0], [2000, 4000]]
[15, 4000, 4000, 'ct12', 0] [[0, 2000], [4000, 2000], [2000, 0], [2000, 4000]]
[16, 4000, 4000, 'ct13', 0] [[0, 2000], [4000, 2000], [2000, 0], [2000, 4000]]
[17, 4000, 4000, 'ct14', 0] [[0, 2000], [4000, 2000], [2000, 0], [2000, 4000]]
[18, 4000, 4000, 'ct15', 0] [[0, 2000], [4000, 2000], [2000, 0], [2000, 4000]]
[19, 4000, 4000, 'ct16', 0] [[0, 2000], [4000, 2000], [2000, 0], [2000, 4000]]
[20, 4000, 4000, 'ct17', 0] [[0, 2000], [4000, 2000], [2000, 0], [2000, 4000]]
[21, 4000, 4000, 'ct18', 0] [[0, 2000], [4000, 2000], [2000, 0], [2000, 4000]]
[22, 4000, 4000, 'ct19', 0] [[0, 2000], [4000, 2000], [2000, 0], [2000, 4000]]
[23, 4000, 4000, 'ct20', 0] [[0, 2000], [4000, 2000], [2000, 0], [2000, 4000]]
[24, 4000, 4000, 'ct21', 0] [[0, 2000], [4000, 2000], [2000, 0], [2000, 4000]]
[25, 4000, 4000, 'ct22', 0] [[0, 2000], [4000, 2000], [2000, 0], [2000, 4000]]
[26, 4000, 4000, 'ct23', 0] [[0, 2000], [4000, 2000], [2000, 0], [2000, 4000]]
[27, 4000, 4000, 'ct24', 0] [[0, 2000], [4000, 2000], [2000, 0], [2000, 4000]]
[28, 4000, 4000, 'ct25', 0] [[0, 2000], [4000, 2000], [2000, 0], [2000, 4000]]
[29, 4000, 4000, 'ct26', 0] [[0, 2000], [4000, 2000], [2000, 0], [2000, 4000]]
[30, 4000, 4000, 'ct27', 0] [[0, 2000], [4000, 2000], [2000, 0], [2000, 4000]]
[31, 4000, 4000, 'ct28', 0] [[0, 2000], [4000, 2000], [2000, 0], [2000, 4000]]
[32, 4000, 4000, 'ct29', 0] [[0, 2000], [4000, 2000], [2000, 0], [2000, 4000]]
[33, 4000, 4000, 'ct30', 0] [[0, 2000], [4000, 2000], [2000, 0], [2000, 4000]]
[34, 4000, 4000, 'ct31', 0] [[0, 2000], [4000, 2000], [2000, 0], [2000, 4000]]
[35, 4000, 4000, 'ct32', 0] [[0, 2000], [4000, 2000], [2000, 0], [2000, 4000]]
[36, 4000, 4000, 'ct33', 0] [[0, 2000], [4000, 2000], [2000, 0], [2000, 4000]]
[37, 4000, 4000, 'ct34', 0] [[0, 2000], [4000, 2000], [2000, 0], [2000, 4000]]
[38, 4000, 4000, 'ct35', 0] [[0, 2000], [4000, 2000], [2000, 0], [2000, 4000]]
[39, 4000, 4000, 'ct36', 0] [[0, 2000], [4000, 2000], [2000, 0], [2000, 4000]]
2/9, Finish initial placement with rotation, time spent: 0.0008144378662109375 s
3/9, Finish symmetricalization, time spent: 3.719329833984375e-05 s
4/9, Finish routing, time spent: 0.0009207725524902344 s
****************************************************
Fail to find valid order; keeping the initial row order
****************************************************
--Finish applying new order
--Finish mirroring related components
5/9, Finish initialization of new orders, time spent: 0.009960412979125977 s
6/9, Finish shortening wirelength, time spent: 0.00023317337036132812 s
Skip stage7 LP according to user's need
8/9, Finish routing, time spent: 0.0011932849884033203 s
9/9, Finish compaction and connecting ports, time spent: 0.16455650329589844 s
<<<<<<<<<<<<<<<<<<<<<<<<<<<<<< All P&R Done >>>>>>>>>>>>>>>>>>>>>>>>>>>>>>
Total Timeusage: 0.17807912826538086 s
Reordering Timeusage: 0.009960412979125977 s
LP-based Optimization Timeusage: 0 s
P&R for the new orders: 0.17594337463378906 s
Cannot finish valid layer-1 synthesis for:
- reason=placement valve=v9 flow_connection=c16 control_port=cpb2_1
- reason=placement valve=v12 flow_connection=c19 control_port=cpb1_2
- reason=placement valve=v13 flow_connection=c20 control_port=cpb1_2
- reason=placement valve=v15 flow_connection=c22 control_port=cpb1_2
- reason=placement valve=v17 flow_connection=c24 control_port=cpb2_2
- reason=placement valve=v23 flow_connection=c30 control_port=cpb1_3
- reason=placement valve=v26 flow_connection=c33 control_port=cpb1_3
- reason=placement valve=v27 flow_connection=c34 control_port=cpb1_3
- reason=routing:fallback_no_compliant_valve_escape valve=v28 flow_connection=c35 control_port=cpb2_3
- reason=placement valve=v29 flow_connection=c36 control_port=cpb2_3
- reason=placement valve=v31 flow_connection=c38 control_port=cpb2_3
- reason=placement valve=v32 flow_connection=c39 control_port=cpb2_3
- reason=placement valve=v38 flow_connection=c45 control_port=cpb1_4
- reason=placement valve=v42 flow_connection=c49 control_port=cpb2_4
- reason=placement valve=v43 flow_connection=c50 control_port=cpb2_4
- reason=placement valve=v45 flow_connection=c52 control_port=cpb1_5
- reason=placement valve=v49 flow_connection=c56 control_port=cpb1_5
- reason=routing:fallback_no_compliant_valve_escape valve=v54 flow_connection=c61 control_port=cpb2_5
Fit canvas to [165173.4, 108700.0] and center by [-23415.6, -69300.0]
Done. Combined PR JSON: /home/student/Desktop/Neptune_2026/Microfluidics-Benchmarks/Results/tree_full_20260918_081830/artifacts/mint__Grid__Grid_06__Grid_06_fromMINT/result.json
