$ systemd-run --user --scope -q -p MemoryMax=64.0G -p MemorySwapMax=0 /home/student/anaconda3/envs/neptune2026/bin/python /home/student/Desktop/Neptune_2026/scripts/run_all_synthesize_timeout_report.py --_worker --algorithm tree --input /home/student/Desktop/Neptune_2026/Microfluidics-Benchmarks/Results/MINT_TestCases/Ghissues/Issue_3/Issue_3_fromMINT.json --case-output /home/student/Desktop/Neptune_2026/Microfluidics-Benchmarks/Results/tree_full_20260918_081830/artifacts/mint__Ghissues__Issue_3__Issue_3_fromMINT --time-limit 3600.0 --solver-profile standard --mip-gap 0.0
Reversed 28 connection(s) with opposite-port direction conflicts: channel_1, channel_2, channel_3, channel_4, channel_5, channel_6, channel_7, channel_8, channel_9, channel_10, channel_11, channel_12, channel_13, channel_14, channel_15, channel_16, channel_17, channel_18, channel_19, channel_20, channel_21, channel_22, channel_23, channel_24, channel_25, channel_26, channel_27, channel_28.
Finish loading test case: Issue_3_fromMINT
1/9, Finish initial placement, time spent: 2.765655517578125e-05 s
[0, 4060, 4860, 'mixer_1', 0] [[2030, 0], [2030, 4860]]
[1, 4060, 4860, 'mixer_2', 0] [[2030, 0], [2030, 4860]]
[2, 4060, 4860, 'mixer_3', 0] [[2030, 0], [2030, 4860]]
[3, 1400, 1400, 'port_1', 0] [[700, 0], [1400, 700], [700, 1400], [0, 700]]
[4, 4060, 4860, 'mixer_4', 0] [[2030, 0], [2030, 4860]]
[5, 4060, 4860, 'mixer_5', 0] [[2030, 0], [2030, 4860]]
[6, 1400, 1400, 'port_2', 0] [[700, 0], [1400, 700], [700, 1400], [0, 700]]
[7, 4060, 4860, 'mixer_6', 0] [[2030, 0], [2030, 4860]]
[8, 4060, 4860, 'mixer_7', 0] [[2030, 0], [2030, 4860]]
[9, 1400, 1400, 'port_3', 0] [[700, 0], [1400, 700], [700, 1400], [0, 700]]
[10, 4060, 4860, 'mixer_8', 0] [[2030, 0], [2030, 4860]]
[11, 4060, 4860, 'mixer_9', 0] [[2030, 0], [2030, 4860]]
[12, 4060, 4860, 'mixer_10', 0] [[2030, 0], [2030, 4860]]
[13, 1400, 1400, 'port_4', 0] [[700, 0], [1400, 700], [700, 1400], [0, 700]]
[14, 4060, 4860, 'mixer_11', 0] [[2030, 0], [2030, 4860]]
[15, 4060, 4860, 'mixer_12', 0] [[2030, 0], [2030, 4860]]
[16, 1400, 1400, 'port_5', 0] [[700, 0], [1400, 700], [700, 1400], [0, 700]]
[17, 1400, 1400, 'port_6', 0] [[700, 0], [1400, 700], [700, 1400], [0, 700]]
[18, 1400, 1400, 'port_7', 0] [[700, 0], [1400, 700], [700, 1400], [0, 700]]
[19, 1400, 1400, 'port_8', 0] [[700, 0], [1400, 700], [700, 1400], [0, 700]]
2/9, Finish initial placement with rotation, time spent: 0.00027179718017578125 s
3/9, Finish symmetricalization, time spent: 2.2649765014648438e-05 s
4/9, Finish routing, time spent: 0.0005352497100830078 s
****************************************************
Fail to find valid order; keeping the initial row order
****************************************************
--Finish applying new order
--Finish mirroring related components
5/9, Finish initialization of new orders, time spent: 0.021682024002075195 s
6/9, Finish shortening wirelength, time spent: 0.00014734268188476562 s
Skip stage7 LP according to user's need
8/9, Finish routing, time spent: 0.0005919933319091797 s
9/9, Finish compaction and connecting ports, time spent: 0.07924866676330566 s
<<<<<<<<<<<<<<<<<<<<<<<<<<<<<< All P&R Done >>>>>>>>>>>>>>>>>>>>>>>>>>>>>>
Total Timeusage: 0.10252737998962402 s
Reordering Timeusage: 0.021682024002075195 s
LP-based Optimization Timeusage: 0 s
P&R for the new orders: 0.1016700267791748 s
Fan 2 shared-hinge MIXER mixer_1 pads by pitch 4000
Fan 2 shared-hinge MIXER mixer_6 pads by pitch 4000
Fan 2 shared-hinge MIXER mixer_8 pads by pitch 4000
Fan 2 shared-hinge MIXER mixer_12 pads by pitch 4000
Fit canvas to [57060.0, 47880.0] and center by [0.0, -2200.0]
Done. Combined PR JSON: /home/student/Desktop/Neptune_2026/Microfluidics-Benchmarks/Results/tree_full_20260918_081830/artifacts/mint__Ghissues__Issue_3__Issue_3_fromMINT/result.json
