$ systemd-run --user --scope -q -p MemoryMax=64.0G -p MemorySwapMax=0 /home/student/anaconda3/envs/neptune2026/bin/python /home/student/Desktop/Neptune_2026/scripts/run_all_synthesize_timeout_report.py --_worker --algorithm tree --input /home/student/Desktop/Neptune_2026/Microfluidics-Benchmarks/Results/MINT_TestCases/Expressions/Expression_6/Expression_6_fromMINT.json --case-output /home/student/Desktop/Neptune_2026/Microfluidics-Benchmarks/Results/tree_full_20260918_081830/artifacts/mint__Expressions__Expression_6__Expression_6_fromMINT --time-limit 3600.0 --solver-profile standard --mip-gap 0.0
Reversed 10 connection(s) with opposite-port direction conflicts: channel_1, channel_2, channel_3, channel_4, channel_5, channel_6, channel_7, channel_8, channel_9, channel_10.
Finish loading test case: Expression_6_fromMINT
1/9, Finish initial placement, time spent: 2.3126602172851562e-05 s
[0, 10000, 14000, 'droplet_capacitance_sensor_1', 0] [[0, 7000], [10000, 7000]]
[1, 4060, 4860, 'mixer_1', 0] [[2030, 0], [2030, 4860]]
[2, 4060, 4860, 'mixer_2', 0] [[2030, 0], [2030, 4860]]
[3, 4060, 4860, 'mixer_3', 0] [[2030, 0], [2030, 4860]]
[4, 1400, 1400, 'port_1', 0] [[700, 0], [1400, 700], [700, 1400], [0, 700]]
[5, 4060, 4860, 'mixer_4', 0] [[2030, 0], [2030, 4860]]
[6, 1400, 1400, 'port_2', 0] [[700, 0], [1400, 700], [700, 1400], [0, 700]]
[7, 1400, 1400, 'port_3', 0] [[700, 0], [1400, 700], [700, 1400], [0, 700]]
[8, 1400, 1400, 'port_4', 0] [[700, 0], [1400, 700], [700, 1400], [0, 700]]
[9, 1400, 1400, 'port_5', 0] [[700, 0], [1400, 700], [700, 1400], [0, 700]]
[10, 1400, 1400, 'port_6', 0] [[700, 0], [1400, 700], [700, 1400], [0, 700]]
2/9, Finish initial placement with rotation, time spent: 0.00015854835510253906 s
3/9, Finish symmetricalization, time spent: 1.8835067749023438e-05 s
4/9, Finish routing, time spent: 0.00022721290588378906 s
****************************************************
New valid order that can lead to planar graph found:
[[0, 1], [0], [0, 1], [0, 1], [0, 1], [0], [0]]
****************************************************
--Finish applying new order
--Finish mirroring related components
5/9, Finish initialization of new orders, time spent: 0.0008106231689453125 s
6/9, Finish shortening wirelength, time spent: 0.0001068115234375 s
Skip stage7 LP according to user's need
8/9, Finish routing, time spent: 0.0003123283386230469 s
9/9, Finish compaction and connecting ports, time spent: 0.06838536262512207 s
<<<<<<<<<<<<<<<<<<<<<<<<<<<<<< All P&R Done >>>>>>>>>>>>>>>>>>>>>>>>>>>>>>
Total Timeusage: 0.07004284858703613 s
Reordering Timeusage: 0.0008106231689453125 s
LP-based Optimization Timeusage: 0 s
P&R for the new orders: 0.06961512565612793 s
Fan 2 shared-hinge MIXER mixer_4 pads by pitch 4000
Fit canvas to [33945.0, 69140.0] and center by [0.0, 200.0]
Done. Combined PR JSON: /home/student/Desktop/Neptune_2026/Microfluidics-Benchmarks/Results/tree_full_20260918_081830/artifacts/mint__Expressions__Expression_6__Expression_6_fromMINT/result.json
