$ systemd-run --user --scope -q -p MemoryMax=64.0G -p MemorySwapMax=0 /home/student/anaconda3/envs/neptune2026/bin/python /home/student/Desktop/Neptune_2026/scripts/run_all_synthesize_timeout_report.py --_worker --algorithm tree --input /home/student/Desktop/Neptune_2026/Microfluidics-Benchmarks/Results/MINT_TestCases/Expressions/Expression_3/Expression_3_fromMINT.json --case-output /home/student/Desktop/Neptune_2026/Microfluidics-Benchmarks/Results/tree_full_20260918_081830/artifacts/mint__Expressions__Expression_3__Expression_3_fromMINT --time-limit 3600.0 --solver-profile standard --mip-gap 0.0
Reversed 6 connection(s) with opposite-port direction conflicts: channel_2, channel_3, channel_4, channel_5, channel_6, channel_1.
Finish loading test case: Expression_3_fromMINT
1/9, Finish initial placement, time spent: 1.8596649169921875e-05 s
[0, 10000, 14000, 'droplet_capacitance_sensor_1', 0] [[0, 7000], [10000, 7000]]
[1, 1400, 1400, 'port_1', 0] [[700, 0], [1400, 700], [700, 1400], [0, 700]]
[2, 4060, 4860, 'mixer_1', 0] [[2030, 0], [2030, 4860]]
[3, 4060, 4860, 'mixer_2', 0] [[2030, 0], [2030, 4860]]
[4, 1400, 1400, 'port_2', 0] [[700, 0], [1400, 700], [700, 1400], [0, 700]]
[5, 1400, 1400, 'port_3', 0] [[700, 0], [1400, 700], [700, 1400], [0, 700]]
[6, 1400, 1400, 'port_4', 0] [[700, 0], [1400, 700], [700, 1400], [0, 700]]
2/9, Finish initial placement with rotation, time spent: 0.0001232624053955078 s
3/9, Finish symmetricalization, time spent: 1.7404556274414062e-05 s
4/9, Finish routing, time spent: 0.00018596649169921875 s
****************************************************
New valid order that can lead to planar graph found:
[[0, 1], [0, 1], [0], [0], [0]]
****************************************************
--Finish applying new order
--Finish mirroring related components
5/9, Finish initialization of new orders, time spent: 0.0006654262542724609 s
6/9, Finish shortening wirelength, time spent: 6.818771362304688e-05 s
Skip stage7 LP according to user's need
8/9, Finish routing, time spent: 0.000202178955078125 s
9/9, Finish compaction and connecting ports, time spent: 0.02761554718017578 s
<<<<<<<<<<<<<<<<<<<<<<<<<<<<<< All P&R Done >>>>>>>>>>>>>>>>>>>>>>>>>>>>>>
Total Timeusage: 0.028896570205688477 s
Reordering Timeusage: 0.0006654262542724609 s
LP-based Optimization Timeusage: 0 s
P&R for the new orders: 0.028551340103149414 s
Fan 2 shared-hinge MIXER mixer_2 pads by pitch 4000
Fit canvas to [24730.0, 57520.0] and center by [0.0, 200.0]
Done. Combined PR JSON: /home/student/Desktop/Neptune_2026/Microfluidics-Benchmarks/Results/tree_full_20260918_081830/artifacts/mint__Expressions__Expression_3__Expression_3_fromMINT/result.json
