$ systemd-run --user --scope -q -p MemoryMax=64.0G -p MemorySwapMax=0 /home/student/anaconda3/envs/neptune2026/bin/python /home/student/Desktop/Neptune_2026/scripts/run_all_synthesize_timeout_report.py --_worker --algorithm tree --input /home/student/Desktop/Neptune_2026/Microfluidics-Benchmarks/Results/MINT_TestCases/Base/Node_Long_Cell_Trap_04/Node_Long_Cell_Trap_04_fromMINT.json --case-output /home/student/Desktop/Neptune_2026/Microfluidics-Benchmarks/Results/tree_full_20260918_081830/artifacts/mint__Base__Node_Long_Cell_Trap_04__Node_Long_Cell_Trap_04_fromMINT --time-limit 3600.0 --solver-profile standard --mip-gap 0.0
Reversed 3 connection(s) with opposite-port direction conflicts: c1, c3, c4.
Finish loading test case: Node_Long_Cell_Trap_04_fromMINT
1/9, Finish initial placement, time spent: 3.981590270996094e-05 s
[0, 200, 200, 'p1', 0] [[100, 0], [200, 100], [100, 200], [0, 100]]
[1, 200, 200, 'p2', 0] [[100, 0], [200, 100], [100, 200], [0, 100]]
[2, 200, 200, 'p3', 0] [[100, 0], [200, 100], [100, 200], [0, 100]]
[3, 100, 100, 'n1', 0] [[50.0, 0.0], [100.0, 50.0], [50.0, 100.0], [0.0, 50.0]]
[4, 800, 300, 'ct1', 0] [[0, 150], [800, 150]]
2/9, Finish initial placement with rotation, time spent: 0.0001251697540283203 s
3/9, Finish symmetricalization, time spent: 1.5020370483398438e-05 s
4/9, Finish routing, time spent: 0.0001239776611328125 s
****************************************************
New valid order that can lead to planar graph found:
[[0], [0], [1, 0], [0]]
****************************************************
--Finish applying new order
--Finish mirroring related components
5/9, Finish initialization of new orders, time spent: 0.0005257129669189453 s
6/9, Finish shortening wirelength, time spent: 5.435943603515625e-05 s
Skip stage7 LP according to user's need
8/9, Finish routing, time spent: 0.0001747608184814453 s
9/9, Finish compaction and connecting ports, time spent: 0.0209958553314209 s
<<<<<<<<<<<<<<<<<<<<<<<<<<<<<< All P&R Done >>>>>>>>>>>>>>>>>>>>>>>>>>>>>>
Total Timeusage: 0.022054672241210938 s
Reordering Timeusage: 0.0005257129669189453 s
LP-based Optimization Timeusage: 0 s
P&R for the new orders: 0.021750688552856445 s
Cannot finish valid layer-1 synthesis for:
- reason=placement valve=v1 flow_connection=c1 control_port=cp1
Fit canvas to [18500.0, 35500.0] and center by [850.0, 900.0]
Done. Combined PR JSON: /home/student/Desktop/Neptune_2026/Microfluidics-Benchmarks/Results/tree_full_20260918_081830/artifacts/mint__Base__Node_Long_Cell_Trap_04__Node_Long_Cell_Trap_04_fromMINT/result.json
