$ systemd-run --user --scope -q -p MemoryMax=64.0G -p MemorySwapMax=0 /home/student/anaconda3/envs/neptune2026/bin/python /home/student/Desktop/Neptune_2026/scripts/run_all_synthesize_timeout_report.py --_worker --algorithm tree --input /home/student/Desktop/Neptune_2026/Microfluidics-Benchmarks/Results/MINT_TestCases/Distribute_Library/Transposer_32/Transposer_32_fromMINT.json --case-output /home/student/Desktop/Neptune_2026/Microfluidics-Benchmarks/Results/tree_full_20260918_081830/artifacts/mint__Distribute_Library__Transposer_32__Transposer_32_fromMINT --time-limit 3600.0 --solver-profile standard --mip-gap 0.0
Finish loading test case: Transposer_32_fromMINT
1/9, Finish initial placement, time spent: 1.2874603271484375e-05 s
[0, 1400, 1400, 'port_1', 0] [[700, 0], [1400, 700], [700, 1400], [0, 700]]
[1, 1400, 1400, 'port_2', 0] [[700, 0], [1400, 700], [700, 1400], [0, 700]]
2/9, Finish initial placement with rotation, time spent: 5.078315734863281e-05 s
3/9, Finish symmetricalization, time spent: 1.1920928955078125e-05 s
4/9, Finish routing, time spent: 5.316734313964844e-05 s
****************************************************
New valid order that can lead to planar graph found:
[[0], [0]]
****************************************************
--Finish applying new order
--Finish mirroring related components
5/9, Finish initialization of new orders, time spent: 0.0002689361572265625 s
6/9, Finish shortening wirelength, time spent: 2.6226043701171875e-05 s
Skip stage7 LP according to user's need
8/9, Finish routing, time spent: 8.368492126464844e-05 s
9/9, Finish compaction and connecting ports, time spent: 0.011883258819580078 s
<<<<<<<<<<<<<<<<<<<<<<<<<<<<<< All P&R Done >>>>>>>>>>>>>>>>>>>>>>>>>>>>>>
Total Timeusage: 0.012390851974487305 s
Reordering Timeusage: 0.0002689361572265625 s
LP-based Optimization Timeusage: 0 s
P&R for the new orders: 0.012262105941772461 s
Fit canvas to [12000.0, 17800.0] and center by [300.0, 300.0]
Done. Combined PR JSON: /home/student/Desktop/Neptune_2026/Microfluidics-Benchmarks/Results/tree_full_20260918_081830/artifacts/mint__Distribute_Library__Transposer_32__Transposer_32_fromMINT/result.json
