$ systemd-run --user --scope -q -p MemoryMax=64.0G -p MemorySwapMax=0 /home/student/anaconda3/envs/neptune2026/bin/python /home/student/Desktop/Neptune_2026/scripts/run_all_synthesize_timeout_report.py --_worker --algorithm tree --input /home/student/Desktop/Neptune_2026/Microfluidics-Benchmarks/Results/MINT_TestCases/Base/Grad_Gen_H/Grad_Gen_H_fromMINT.json --case-output /home/student/Desktop/Neptune_2026/Microfluidics-Benchmarks/Results/tree_full_20260918_081830/artifacts/mint__Base__Grad_Gen_H__Grad_Gen_H_fromMINT --time-limit 3600.0 --solver-profile standard --mip-gap 0.0
Reversed 9 connection(s) with opposite-port direction conflicts: c1, c5, c6, c7, c8, c9, c10, c11, c12.
Finish loading test case: Grad_Gen_H_fromMINT
1/9, Finish initial placement, time spent: 2.193450927734375e-05 s
[0, 200, 200, 'b_1', 0] [[100, 0], [200, 100], [100, 200], [0, 100]]
[1, 200, 200, 'b_2', 0] [[100, 0], [200, 100], [100, 200], [0, 100]]
[2, 200, 200, 'b_3', 0] [[100, 0], [200, 100], [100, 200], [0, 100]]
[3, 200, 200, 'b_4', 0] [[100, 0], [200, 100], [100, 200], [0, 100]]
[4, 100, 100, 'n1', 0] [[50.0, 0.0], [100.0, 50.0], [50.0, 100.0], [0.0, 50.0]]
[5, 100, 100, 'n2', 0] [[50.0, 0.0], [100.0, 50.0], [50.0, 100.0], [0.0, 50.0]]
[6, 100, 100, 'n3', 0] [[50.0, 0.0], [100.0, 50.0], [50.0, 100.0], [0.0, 50.0]]
[7, 100, 100, 'n4', 0] [[50.0, 0.0], [100.0, 50.0], [50.0, 100.0], [0.0, 50.0]]
[8, 100, 100, 'n5', 0] [[50.0, 0.0], [100.0, 50.0], [50.0, 100.0], [0.0, 50.0]]
[9, 60700, 12100, 'g', 0] [[20350, 0], [30350, 0], [40350, 0], [350, 12100], [10350, 12100], [20350, 12100], [30350, 12100], [40350, 12100], [50350, 12100], [60350, 12100]]
[10, 200, 200, 'p1', 0] [[100, 0], [200, 100], [100, 200], [0, 100]]
2/9, Finish initial placement with rotation, time spent: 0.00016808509826660156 s
3/9, Finish symmetricalization, time spent: 1.6927719116210938e-05 s
4/9, Finish routing, time spent: 0.00023984909057617188 s
****************************************************
Fail to find valid order; keeping the initial row order
****************************************************
--Finish applying new order
--Finish mirroring related components
5/9, Finish initialization of new orders, time spent: 0.0030210018157958984 s
6/9, Finish shortening wirelength, time spent: 9.441375732421875e-05 s
Skip stage7 LP according to user's need
8/9, Finish routing, time spent: 0.00026869773864746094 s
9/9, Finish compaction and connecting ports, time spent: 0.04391908645629883 s
<<<<<<<<<<<<<<<<<<<<<<<<<<<<<< All P&R Done >>>>>>>>>>>>>>>>>>>>>>>>>>>>>>
Total Timeusage: 0.047749996185302734 s
Reordering Timeusage: 0.0030210018157958984 s
LP-based Optimization Timeusage: 0 s
P&R for the new orders: 0.047303199768066406 s
Fit canvas to [93650.0, 43100.0] and center by [-67200.0, -64100.0]
Done. Combined PR JSON: /home/student/Desktop/Neptune_2026/Microfluidics-Benchmarks/Results/tree_full_20260918_081830/artifacts/mint__Base__Grad_Gen_H__Grad_Gen_H_fromMINT/result.json
