$ systemd-run --user --scope -q -p MemoryMax=64.0G -p MemorySwapMax=0 /home/student/anaconda3/envs/neptune2026/bin/python /home/student/Desktop/Neptune_2026/scripts/run_all_synthesize_timeout_report.py --_worker --algorithm tree --input /home/student/Desktop/Neptune_2026/Microfluidics-Benchmarks/Results/MINT_TestCases/COVID/Elisa/Elisa_fromMINT.json --case-output /home/student/Desktop/Neptune_2026/Microfluidics-Benchmarks/Results/tree_full_20260918_081830/artifacts/mint__COVID__Elisa__Elisa_fromMINT --time-limit 3600.0 --solver-profile standard --mip-gap 0.0
Reversed 8 connection(s) with opposite-port direction conflicts: channel_1, channel_2, channel_3, channel_4, channel_5, channel_6, channel_7, channel_8.
Finish loading test case: Elisa_fromMINT
1/9, Finish initial placement, time spent: 3.457069396972656e-05 s
[0, 4060, 4860, 'mixer_1', 0] [[2030, 0], [2030, 4860]]
[1, 1400, 1400, 'port_1', 0] [[700, 0], [1400, 700], [700, 1400], [0, 700]]
[2, 4060, 4860, 'mixer_2', 0] [[2030, 0], [2030, 4860]]
[3, 4060, 4860, 'mixer_3', 0] [[2030, 0], [2030, 4860]]
[4, 1400, 1400, 'port_2', 0] [[700, 0], [1400, 700], [700, 1400], [0, 700]]
[5, 1400, 1400, 'port_3', 0] [[700, 0], [1400, 700], [700, 1400], [0, 700]]
[6, 1400, 1400, 'port_4', 0] [[700, 0], [1400, 700], [700, 1400], [0, 700]]
[7, 1400, 1400, 'port_5', 0] [[700, 0], [1400, 700], [700, 1400], [0, 700]]
2/9, Finish initial placement with rotation, time spent: 0.0001442432403564453 s
3/9, Finish symmetricalization, time spent: 1.621246337890625e-05 s
4/9, Finish routing, time spent: 0.00018525123596191406 s
****************************************************
Fail to find valid order; keeping the initial row order
****************************************************
--Finish applying new order
--Finish mirroring related components
5/9, Finish initialization of new orders, time spent: 0.0014545917510986328 s
6/9, Finish shortening wirelength, time spent: 7.557868957519531e-05 s
Skip stage7 LP according to user's need
8/9, Finish routing, time spent: 0.00021982192993164062 s
9/9, Finish compaction and connecting ports, time spent: 0.03257417678833008 s
<<<<<<<<<<<<<<<<<<<<<<<<<<<<<< All P&R Done >>>>>>>>>>>>>>>>>>>>>>>>>>>>>>
Total Timeusage: 0.03470444679260254 s
Reordering Timeusage: 0.0014545917510986328 s
LP-based Optimization Timeusage: 0 s
P&R for the new orders: 0.03432416915893555 s
Fan 2 shared-hinge MIXER mixer_2 pads by pitch 4000
Fan 2 shared-hinge MIXER mixer_3 pads by pitch 4000
Fit canvas to [27820.0, 36220.0] and center by [0.0, -1000.0]
Done. Combined PR JSON: /home/student/Desktop/Neptune_2026/Microfluidics-Benchmarks/Results/tree_full_20260918_081830/artifacts/mint__COVID__Elisa__Elisa_fromMINT/result.json
