$ systemd-run --user --scope -q -p MemoryMax=64.0G -p MemorySwapMax=0 /home/student/anaconda3/envs/neptune2026/bin/python /home/student/Desktop/Neptune_2026/scripts/run_all_synthesize_timeout_report.py --_worker --algorithm tree --input /home/student/Desktop/Neptune_2026/Microfluidics-Benchmarks/Results/MINT_TestCases/CIDAR_Lab_Past_Devices/Droplet_Merger_Simple/Droplet_Merger_Simple_fromMINT.json --case-output /home/student/Desktop/Neptune_2026/Microfluidics-Benchmarks/Results/tree_full_20260918_081830/artifacts/mint__CIDAR_Lab_Past_Devices__Droplet_Merger_Simple__Droplet_Merger_Simple_fromMINT --time-limit 3600.0 --solver-profile standard --mip-gap 0.0
Reversed 8 connection(s) with opposite-port direction conflicts: ca1, ca3, ca4, cb1, cb3, cb4, cw, cout.
Finish loading test case: Droplet_Merger_Simple_fromMINT
1/9, Finish initial placement, time spent: 2.0742416381835938e-05 s
[0, 2000, 2000, 'oil_a1', 0] [[1000, 0], [2000, 1000], [1000, 2000], [0, 1000]]
[1, 2000, 2000, 'oil_a2', 0] [[1000, 0], [2000, 1000], [1000, 2000], [0, 1000]]
[2, 2000, 2000, 'oil_b1', 0] [[1000, 0], [2000, 1000], [1000, 2000], [0, 1000]]
[3, 2000, 2000, 'oil_b2', 0] [[1000, 0], [2000, 1000], [1000, 2000], [0, 1000]]
[4, 2000, 2000, 'aqueous', 0] [[1000, 0], [2000, 1000], [1000, 2000], [0, 1000]]
[5, 2000, 2000, 'droplets', 0] [[1000, 0], [2000, 1000], [1000, 2000], [0, 1000]]
[6, 600, 600, 'join_a', 0] [[300.0, 0.0], [600.0, 300.0], [300.0, 600.0], [0.0, 300.0]]
[7, 600, 600, 'join_b', 0] [[300.0, 0.0], [600.0, 300.0], [300.0, 600.0], [0.0, 300.0]]
[8, 4060, 4860, 'mixer_a', 0] [[2030, 0], [2030, 4860]]
[9, 4060, 4860, 'mixer_b', 0] [[2030, 0], [2030, 4860]]
[10, 1800, 600, 'dg', 0] [[400, 0], [1800, 300], [400, 600], [0, 300]]
2/9, Finish initial placement with rotation, time spent: 0.00017571449279785156 s
3/9, Finish symmetricalization, time spent: 1.6689300537109375e-05 s
4/9, Finish routing, time spent: 0.0002014636993408203 s
****************************************************
New valid order that can lead to planar graph found:
[[1, 0], [1, 0], [1, 4, 2, 3, 0], [0], [0]]
****************************************************
--Finish applying new order
--Finish mirroring related components
5/9, Finish initialization of new orders, time spent: 0.0009853839874267578 s
6/9, Finish shortening wirelength, time spent: 8.511543273925781e-05 s
Skip stage7 LP according to user's need
8/9, Finish routing, time spent: 0.0002505779266357422 s
9/9, Finish compaction and connecting ports, time spent: 0.06443548202514648 s
<<<<<<<<<<<<<<<<<<<<<<<<<<<<<< All P&R Done >>>>>>>>>>>>>>>>>>>>>>>>>>>>>>
Total Timeusage: 0.06617116928100586 s
Reordering Timeusage: 0.0009853839874267578 s
LP-based Optimization Timeusage: 0 s
P&R for the new orders: 0.06575655937194824 s
Orient DROPLET GENERATOR dg rotation 90 -> 270 (in place)
Fit canvas to [97120.0, 37800.0] and center by [28500.0, -8260.0]
Done. Combined PR JSON: /home/student/Desktop/Neptune_2026/Microfluidics-Benchmarks/Results/tree_full_20260918_081830/artifacts/mint__CIDAR_Lab_Past_Devices__Droplet_Merger_Simple__Droplet_Merger_Simple_fromMINT/result.json
