$ systemd-run --user --scope -q -p MemoryMax=64.0G -p MemorySwapMax=0 /home/student/anaconda3/envs/neptune2026/bin/python /home/student/Desktop/Neptune_2026/scripts/run_all_synthesize_timeout_report.py --_worker --algorithm tree --input /home/student/Desktop/Neptune_2026/Microfluidics-Benchmarks/Results/MINT_TestCases/Drop_Ref/Dx_6_Ref/Dx_6_Ref_fromMINT.json --case-output /home/student/Desktop/Neptune_2026/Microfluidics-Benchmarks/Results/tree_full_20260918_081830/artifacts/mint__Drop_Ref__Dx_6_Ref__Dx_6_Ref_fromMINT --time-limit 3600.0 --solver-profile standard --mip-gap 0.0
Reversed 5 connection(s) with opposite-port direction conflicts: connection_1, connection_2, connection_3, connection_5, connection_8.
Finish loading test case: Dx_6_Ref_fromMINT
1/9, Finish initial placement, time spent: 2.0503997802734375e-05 s
[0, 4000, 4000, 'port_in1', 0] [[2000, 0], [4000, 2000], [2000, 4000], [0, 2000]]
[1, 4000, 4000, 'port_in2', 0] [[2000, 0], [4000, 2000], [2000, 4000], [0, 2000]]
[2, 2600, 9300, 'mixer_1', 0] [[1300, 0], [1300, 9300]]
[3, 4000, 4000, 'port_oil1', 0] [[2000, 0], [4000, 2000], [2000, 4000], [0, 2000]]
[4, 4000, 4000, 'port_oil2', 0] [[2000, 0], [4000, 2000], [2000, 4000], [0, 2000]]
[5, 5975, 375, 'nozzle_droplet_generator_1', 0] [[300, 0], [5975, 187], [300, 375], [0, 187]]
[6, 2000, 4300, 'droplet_splitter_1', 0] [[0, 2150], [1850, 0], [1850, 4300]]
[7, 4000, 4000, 'port_out1', 0] [[2000, 0], [4000, 2000], [2000, 4000], [0, 2000]]
[8, 4000, 4000, 'port_out2', 0] [[2000, 0], [4000, 2000], [2000, 4000], [0, 2000]]
2/9, Finish initial placement with rotation, time spent: 0.00015306472778320312 s
3/9, Finish symmetricalization, time spent: 1.621246337890625e-05 s
4/9, Finish routing, time spent: 0.00018930435180664062 s
****************************************************
New valid order that can lead to planar graph found:
[[2, 0, 1], [2, 1, 0], [1, 0], [0]]
****************************************************
--Finish applying new order
--Finish mirroring related components
5/9, Finish initialization of new orders, time spent: 0.0009276866912841797 s
6/9, Finish shortening wirelength, time spent: 8.0108642578125e-05 s
Skip stage7 LP according to user's need
8/9, Finish routing, time spent: 0.0002224445343017578 s
9/9, Finish compaction and connecting ports, time spent: 0.0353090763092041 s
<<<<<<<<<<<<<<<<<<<<<<<<<<<<<< All P&R Done >>>>>>>>>>>>>>>>>>>>>>>>>>>>>>
Total Timeusage: 0.03691840171813965 s
Reordering Timeusage: 0.0009276866912841797 s
LP-based Optimization Timeusage: 0 s
P&R for the new orders: 0.036539316177368164 s
Fan 2 shared-hinge MIXER mixer_1 pads by pitch 4000
Fit canvas to [49275.0, 56800.0] and center by [27566.7, 4700.0]
Done. Combined PR JSON: /home/student/Desktop/Neptune_2026/Microfluidics-Benchmarks/Results/tree_full_20260918_081830/artifacts/mint__Drop_Ref__Dx_6_Ref__Dx_6_Ref_fromMINT/result.json
