$ systemd-run --user --scope -q -p MemoryMax=64.0G -p MemorySwapMax=0 /home/student/anaconda3/envs/neptune2026/bin/python /home/student/Desktop/Neptune_2026/scripts/run_all_synthesize_timeout_report.py --_worker --algorithm tree --input /home/student/Desktop/Neptune_2026/Microfluidics-Benchmarks/Results/MINT_TestCases/Drop_Ref/Dx_15/Dx_15_fromMINT.json --case-output /home/student/Desktop/Neptune_2026/Microfluidics-Benchmarks/Results/tree_full_20260918_081830/artifacts/mint__Drop_Ref__Dx_15__Dx_15_fromMINT --time-limit 3600.0 --solver-profile standard --mip-gap 0.0
Reversed 2 connection(s) with opposite-port direction conflicts: channel_4, channel_7.
Finish loading test case: Dx_15_fromMINT
1/9, Finish initial placement, time spent: 1.8835067749023438e-05 s
[0, 10000, 14000, 'droplet_capacitance_sensor_1', 0] [[0, 7000], [10000, 7000]]
[1, 18450, 11426, 'droplet_sorter_1', 0] [[0, 4845], [18450, 600], [18450, 9091]]
[2, 1400, 1400, 'port_1', 0] [[700, 0], [1400, 700], [700, 1400], [0, 700]]
[3, 1400, 1400, 'port_2', 0] [[700, 0], [1400, 700], [700, 1400], [0, 700]]
[4, 4000, 4000, 'port_3', 0] [[2000, 0], [4000, 2000], [2000, 4000], [0, 2000]]
[5, 4000, 4000, 'port_4', 0] [[2000, 0], [4000, 2000], [2000, 4000], [0, 2000]]
[6, 1800, 600, 'nozzle_droplet_generator_1', 0] [[400, 0], [1800, 300], [400, 600], [0, 300]]
[7, 1400, 1400, 'port_5', 0] [[700, 0], [1400, 700], [700, 1400], [0, 700]]
2/9, Finish initial placement with rotation, time spent: 0.0001354217529296875 s
3/9, Finish symmetricalization, time spent: 1.5735626220703125e-05 s
4/9, Finish routing, time spent: 0.0001347064971923828 s
****************************************************
New valid order that can lead to planar graph found:
[[2, 0, 1], [1, 3, 0, 2], [0]]
****************************************************
--Finish applying new order
--Finish mirroring related components
5/9, Finish initialization of new orders, time spent: 0.0005891323089599609 s
6/9, Finish shortening wirelength, time spent: 6.0558319091796875e-05 s
Skip stage7 LP according to user's need
8/9, Finish routing, time spent: 0.00018906593322753906 s
9/9, Finish compaction and connecting ports, time spent: 0.029290199279785156 s
<<<<<<<<<<<<<<<<<<<<<<<<<<<<<< All P&R Done >>>>>>>>>>>>>>>>>>>>>>>>>>>>>>
Total Timeusage: 0.03043365478515625 s
Reordering Timeusage: 0.0005891323089599609 s
LP-based Optimization Timeusage: 0 s
P&R for the new orders: 0.030128955841064453 s
Fan 2 shared-hinge NOZZLE DROPLET GENERATOR nozzle_droplet_generator_1 pads by pitch 2400
Fit canvas to [48226.0, 59850.0] and center by [5000.0, 7200.0]
Done. Combined PR JSON: /home/student/Desktop/Neptune_2026/Microfluidics-Benchmarks/Results/tree_full_20260918_081830/artifacts/mint__Drop_Ref__Dx_15__Dx_15_fromMINT/result.json
