$ systemd-run --user --scope -q -p MemoryMax=64.0G -p MemorySwapMax=0 /home/student/anaconda3/envs/neptune2026/bin/python /home/student/Desktop/Neptune_2026/scripts/run_all_synthesize_timeout_report.py --_worker --algorithm tree --input /home/student/Desktop/Neptune_2026/Microfluidics-Benchmarks/Results/MINT_TestCases/Constraints/Orthogonal_Constraint/Orthogonal_Constraint_fromMINT.json --case-output /home/student/Desktop/Neptune_2026/Microfluidics-Benchmarks/Results/tree_full_20260918_081830/artifacts/mint__Constraints__Orthogonal_Constraint__Orthogonal_Constraint_fromMINT --time-limit 3600.0 --solver-profile standard --mip-gap 0.0
Reversed 1 connection(s) with opposite-port direction conflicts: c_east.
Finish loading test case: Orthogonal_Constraint_fromMINT
1/9, Finish initial placement, time spent: 1.6689300537109375e-05 s
[0, 4000, 4000, 'north', 0] [[2000, 0], [4000, 2000], [2000, 4000], [0, 2000]]
[1, 4000, 4000, 'east', 0] [[2000, 0], [4000, 2000], [2000, 4000], [0, 2000]]
[2, 4000, 4000, 'west', 0] [[2000, 0], [4000, 2000], [2000, 4000], [0, 2000]]
[3, 4000, 4000, 'south', 0] [[2000, 0], [4000, 2000], [2000, 4000], [0, 2000]]
[4, 400, 400, 'n1', 0] [[200.0, 0.0], [400.0, 200.0], [200.0, 400.0], [0.0, 200.0]]
2/9, Finish initial placement with rotation, time spent: 9.1552734375e-05 s
3/9, Finish symmetricalization, time spent: 1.3828277587890625e-05 s
4/9, Finish routing, time spent: 0.00011181831359863281 s
****************************************************
New valid order that can lead to planar graph found:
[[2, 0, 1], [0], [0]]
****************************************************
--Finish applying new order
--Finish mirroring related components
5/9, Finish initialization of new orders, time spent: 0.00046944618225097656 s
6/9, Finish shortening wirelength, time spent: 4.8160552978515625e-05 s
Skip stage7 LP according to user's need
8/9, Finish routing, time spent: 0.0001342296600341797 s
9/9, Finish compaction and connecting ports, time spent: 0.02113938331604004 s
<<<<<<<<<<<<<<<<<<<<<<<<<<<<<< All P&R Done >>>>>>>>>>>>>>>>>>>>>>>>>>>>>>
Total Timeusage: 0.022025108337402344 s
Reordering Timeusage: 0.00046944618225097656 s
LP-based Optimization Timeusage: 0 s
P&R for the new orders: 0.02179121971130371 s
Fit canvas to [28000.0, 25200.0] and center by [-1000.0, -1000.0]
Done. Combined PR JSON: /home/student/Desktop/Neptune_2026/Microfluidics-Benchmarks/Results/tree_full_20260918_081830/artifacts/mint__Constraints__Orthogonal_Constraint__Orthogonal_Constraint_fromMINT/result.json
