$ systemd-run --user --scope -q -p MemoryMax=64.0G -p MemorySwapMax=0 /home/student/anaconda3/envs/neptune2026/bin/python /home/student/Desktop/Neptune_2026/scripts/run_all_synthesize_timeout_report.py --_worker --algorithm tree --input /home/student/Desktop/Neptune_2026/Microfluidics-Benchmarks/Results/MINT_TestCases/Drop_Ref/Dx_4_Ref/Dx_4_Ref_fromMINT.json --case-output /home/student/Desktop/Neptune_2026/Microfluidics-Benchmarks/Results/tree_full_20260918_081830/artifacts/mint__Drop_Ref__Dx_4_Ref__Dx_4_Ref_fromMINT --time-limit 3600.0 --solver-profile standard --mip-gap 0.0
Reversed 6 connection(s) with opposite-port direction conflicts: connection_4, connection_5, connection_6, connection_7, connection_1, connection_9.
Finish loading test case: Dx_4_Ref_fromMINT
1/9, Finish initial placement, time spent: 3.0994415283203125e-05 s
[0, 4000, 4000, 'port_oil1', 0] [[2000, 0], [4000, 2000], [2000, 4000], [0, 2000]]
[1, 4000, 4000, 'port_oil2', 0] [[2000, 0], [4000, 2000], [2000, 4000], [0, 2000]]
[2, 4000, 4000, 'port_water', 0] [[2000, 0], [4000, 2000], [2000, 4000], [0, 2000]]
[3, 4000, 4000, 'port_injector1', 0] [[2000, 0], [4000, 2000], [2000, 4000], [0, 2000]]
[4, 4000, 4000, 'port_injector2', 0] [[2000, 0], [4000, 2000], [2000, 4000], [0, 2000]]
[5, 4000, 4000, 'port_injector3', 0] [[2000, 0], [4000, 2000], [2000, 4000], [0, 2000]]
[6, 4000, 4000, 'port_injector4', 0] [[2000, 0], [4000, 2000], [2000, 4000], [0, 2000]]
[7, 2600, 9300, 'mix_1', 0] [[1300, 0], [1300, 9300]]
[8, 5975, 375, 'nozzle_droplet_generator_1', 0] [[300, 0], [5975, 187], [300, 375], [0, 187]]
[9, 10000, 9050, 'pico_injector_1', 0] [[0, 5550], [10000, 5550], [5000, 0]]
[10, 21750, 12414, 'droplet_sorter_1', 0] [[0, 5834], [21750, 345], [21750, 11322]]
[11, 21750, 12414, 'droplet_sorter_2', 0] [[0, 5834], [21750, 345], [21750, 11322]]
[12, 21750, 12414, 'droplet_sorter_3', 0] [[0, 5834], [21750, 345], [21750, 11322]]
[13, 4000, 4000, 'port_out_waste1', 0] [[2000, 0], [4000, 2000], [2000, 4000], [0, 2000]]
[14, 4000, 4000, 'port_out_waste2', 0] [[2000, 0], [4000, 2000], [2000, 4000], [0, 2000]]
[15, 4000, 4000, 'port_out_keep1', 0] [[2000, 0], [4000, 2000], [2000, 4000], [0, 2000]]
[16, 4000, 4000, 'port_out_keep2', 0] [[2000, 0], [4000, 2000], [2000, 4000], [0, 2000]]
2/9, Finish initial placement with rotation, time spent: 0.0002455711364746094 s
3/9, Finish symmetricalization, time spent: 2.0742416381835938e-05 s
4/9, Finish routing, time spent: 0.0003025531768798828 s
****************************************************
New valid order that can lead to planar graph found:
[[0, 2, 1, 3], [0, 1, 2, 3, 4, 5], [0, 1], [0, 1], [1, 0], [0]]
****************************************************
--Finish applying new order
--Finish mirroring related components
5/9, Finish initialization of new orders, time spent: 0.0011796951293945312 s
6/9, Finish shortening wirelength, time spent: 0.00012350082397460938 s
Skip stage7 LP according to user's need
8/9, Finish routing, time spent: 0.0003750324249267578 s
9/9, Finish compaction and connecting ports, time spent: 0.06374597549438477 s
<<<<<<<<<<<<<<<<<<<<<<<<<<<<<< All P&R Done >>>>>>>>>>>>>>>>>>>>>>>>>>>>>>
Total Timeusage: 0.0660240650177002 s
Reordering Timeusage: 0.0011796951293945312 s
LP-based Optimization Timeusage: 0 s
P&R for the new orders: 0.06542420387268066 s
Fan 4 shared-hinge MIXER mix_1 pads by pitch 4000
Fan 3 shared-hinge NOZZLE DROPLET GENERATOR nozzle_droplet_generator_1 pads by pitch 2400
Fit canvas to [64483.0, 92800.0] and center by [-7000.0, -2550.0]
Done. Combined PR JSON: /home/student/Desktop/Neptune_2026/Microfluidics-Benchmarks/Results/tree_full_20260918_081830/artifacts/mint__Drop_Ref__Dx_4_Ref__Dx_4_Ref_fromMINT/result.json
