$ systemd-run --user --scope -q -p MemoryMax=64.0G -p MemorySwapMax=0 /home/student/anaconda3/envs/neptune2026/bin/python /home/student/Desktop/Neptune_2026/scripts/run_all_synthesize_timeout_report.py --_worker --algorithm tree --input /home/student/Desktop/Neptune_2026/Microfluidics-Benchmarks/Results/MINT_TestCases/Base/Node_Long_Cell_Trap_02/Node_Long_Cell_Trap_02_fromMINT.json --case-output /home/student/Desktop/Neptune_2026/Microfluidics-Benchmarks/Results/tree_full_20260918_081830/artifacts/mint__Base__Node_Long_Cell_Trap_02__Node_Long_Cell_Trap_02_fromMINT --time-limit 3600.0 --solver-profile standard --mip-gap 0.0
Reversed 3 connection(s) with opposite-port direction conflicts: c1, c3, c4.
Finish loading test case: Node_Long_Cell_Trap_02_fromMINT
1/9, Finish initial placement, time spent: 4.0531158447265625e-05 s
[0, 1000, 1000, 'p1', 0] [[500, 0], [1000, 500], [500, 1000], [0, 500]]
[1, 1000, 1000, 'p2', 0] [[500, 0], [1000, 500], [500, 1000], [0, 500]]
[2, 1000, 1000, 'p3', 0] [[500, 0], [1000, 500], [500, 1000], [0, 500]]
[3, 500, 500, 'n1', 0] [[250.0, 0.0], [500.0, 250.0], [250.0, 500.0], [0.0, 250.0]]
[4, 3100, 1500, 'ct1', 0] [[0, 750], [3100, 750]]
2/9, Finish initial placement with rotation, time spent: 0.00011491775512695312 s
3/9, Finish symmetricalization, time spent: 1.430511474609375e-05 s
4/9, Finish routing, time spent: 0.0001239776611328125 s
****************************************************
New valid order that can lead to planar graph found:
[[0], [0], [1, 0], [0]]
****************************************************
--Finish applying new order
--Finish mirroring related components
5/9, Finish initialization of new orders, time spent: 0.0004909038543701172 s
6/9, Finish shortening wirelength, time spent: 5.1021575927734375e-05 s
Skip stage7 LP according to user's need
8/9, Finish routing, time spent: 0.00018334388732910156 s
9/9, Finish compaction and connecting ports, time spent: 0.02028632164001465 s
<<<<<<<<<<<<<<<<<<<<<<<<<<<<<< All P&R Done >>>>>>>>>>>>>>>>>>>>>>>>>>>>>>
Total Timeusage: 0.021305322647094727 s
Reordering Timeusage: 0.0004909038543701172 s
LP-based Optimization Timeusage: 0 s
P&R for the new orders: 0.0210115909576416 s
Fit canvas to [17250.0, 40600.0] and center by [250.0, 500.0]
Done. Combined PR JSON: /home/student/Desktop/Neptune_2026/Microfluidics-Benchmarks/Results/tree_full_20260918_081830/artifacts/mint__Base__Node_Long_Cell_Trap_02__Node_Long_Cell_Trap_02_fromMINT/result.json
