$ systemd-run --user --scope -q -p MemoryMax=64.0G -p MemorySwapMax=0 /home/student/anaconda3/envs/neptune2026/bin/python /home/student/Desktop/Neptune_2026/scripts/run_all_synthesize_timeout_report.py --_worker --algorithm tree --input /home/student/Desktop/Neptune_2026/Microfluidics-Benchmarks/Results/MINT_TestCases/Distribute_Library/MUX_32_In/MUX_32_In_fromMINT.json --case-output /home/student/Desktop/Neptune_2026/Microfluidics-Benchmarks/Results/tree_full_20260918_081830/artifacts/mint__Distribute_Library__MUX_32_In__MUX_32_In_fromMINT --time-limit 3600.0 --solver-profile standard --mip-gap 0.0
Finish loading test case: MUX_32_In_fromMINT
1/9, Finish initial placement, time spent: 0.00029158592224121094 s
[0, 1400, 1400, 'port_1', 0] [[700, 0], [1400, 700], [700, 1400], [0, 700]]
[1, 1400, 1400, 'port_2', 0] [[700, 0], [1400, 700], [700, 1400], [0, 700]]
[2, 1400, 1400, 'port_3', 0] [[700, 0], [1400, 700], [700, 1400], [0, 700]]
[3, 1400, 1400, 'port_4', 0] [[700, 0], [1400, 700], [700, 1400], [0, 700]]
[4, 1400, 1400, 'port_5', 0] [[700, 0], [1400, 700], [700, 1400], [0, 700]]
[5, 1400, 1400, 'port_6', 0] [[700, 0], [1400, 700], [700, 1400], [0, 700]]
[6, 1400, 1400, 'port_7', 0] [[700, 0], [1400, 700], [700, 1400], [0, 700]]
[7, 1400, 1400, 'port_8', 0] [[700, 0], [1400, 700], [700, 1400], [0, 700]]
[8, 1400, 1400, 'port_9', 0] [[700, 0], [1400, 700], [700, 1400], [0, 700]]
[9, 1400, 1400, 'port_10', 0] [[700, 0], [1400, 700], [700, 1400], [0, 700]]
[10, 1400, 1400, 'port_11', 0] [[700, 0], [1400, 700], [700, 1400], [0, 700]]
[11, 1400, 1400, 'port_12', 0] [[700, 0], [1400, 700], [700, 1400], [0, 700]]
[12, 1400, 1400, 'port_13', 0] [[700, 0], [1400, 700], [700, 1400], [0, 700]]
[13, 1400, 1400, 'port_14', 0] [[700, 0], [1400, 700], [700, 1400], [0, 700]]
[14, 1400, 1400, 'port_15', 0] [[700, 0], [1400, 700], [700, 1400], [0, 700]]
[15, 1400, 1400, 'port_16', 0] [[700, 0], [1400, 700], [700, 1400], [0, 700]]
[16, 1400, 1400, 'port_17', 0] [[700, 0], [1400, 700], [700, 1400], [0, 700]]
[17, 1400, 1400, 'port_18', 0] [[700, 0], [1400, 700], [700, 1400], [0, 700]]
[18, 1400, 1400, 'port_19', 0] [[700, 0], [1400, 700], [700, 1400], [0, 700]]
[19, 1400, 1400, 'port_20', 0] [[700, 0], [1400, 700], [700, 1400], [0, 700]]
[20, 1400, 1400, 'port_21', 0] [[700, 0], [1400, 700], [700, 1400], [0, 700]]
[21, 1400, 1400, 'port_22', 0] [[700, 0], [1400, 700], [700, 1400], [0, 700]]
[22, 1400, 1400, 'port_23', 0] [[700, 0], [1400, 700], [700, 1400], [0, 700]]
[23, 1400, 1400, 'port_24', 0] [[700, 0], [1400, 700], [700, 1400], [0, 700]]
[24, 1400, 1400, 'port_25', 0] [[700, 0], [1400, 700], [700, 1400], [0, 700]]
[25, 1400, 1400, 'port_26', 0] [[700, 0], [1400, 700], [700, 1400], [0, 700]]
[26, 1400, 1400, 'port_27', 0] [[700, 0], [1400, 700], [700, 1400], [0, 700]]
[27, 1400, 1400, 'port_28', 0] [[700, 0], [1400, 700], [700, 1400], [0, 700]]
[28, 1400, 1400, 'port_29', 0] [[700, 0], [1400, 700], [700, 1400], [0, 700]]
[29, 1400, 1400, 'port_30', 0] [[700, 0], [1400, 700], [700, 1400], [0, 700]]
[30, 1400, 1400, 'port_31', 0] [[700, 0], [1400, 700], [700, 1400], [0, 700]]
[31, 1400, 1400, 'port_32', 0] [[700, 0], [1400, 700], [700, 1400], [0, 700]]
[32, 1400, 1400, 'port_33', 0] [[700, 0], [1400, 700], [700, 1400], [0, 700]]
2/9, Finish initial placement with rotation, time spent: 0.0008058547973632812 s
3/9, Finish symmetricalization, time spent: 2.1696090698242188e-05 s
4/9, Finish routing, time spent: 0.001047372817993164 s
****************************************************
New valid order that can lead to planar graph found:
[[0, 1, 2, 3, 4, 5, 6, 7, 8, 9, 10, 11, 12, 13, 14, 15, 16, 17, 18, 19, 20, 21, 22, 23, 24, 25, 26, 27, 28, 29, 30, 31], [0]]
****************************************************
--Finish applying new order
--Finish mirroring related components
5/9, Finish initialization of new orders, time spent: 0.0024633407592773438 s
6/9, Finish shortening wirelength, time spent: 0.00010418891906738281 s
Skip stage7 LP according to user's need
8/9, Finish routing, time spent: 0.0012712478637695312 s
9/9, Finish compaction and connecting ports, time spent: 0.14871597290039062 s
<<<<<<<<<<<<<<<<<<<<<<<<<<<<<< All P&R Done >>>>>>>>>>>>>>>>>>>>>>>>>>>>>>
Total Timeusage: 0.15472126007080078 s
Reordering Timeusage: 0.0024633407592773438 s
LP-based Optimization Timeusage: 0 s
P&R for the new orders: 0.15255475044250488 s
Fit canvas to [180700.0, 22400.0] and center by [-200.0, 300.0]
Done. Combined PR JSON: /home/student/Desktop/Neptune_2026/Microfluidics-Benchmarks/Results/tree_full_20260918_081830/artifacts/mint__Distribute_Library__MUX_32_In__MUX_32_In_fromMINT/result.json
