$ systemd-run --user --scope -q -p MemoryMax=64.0G -p MemorySwapMax=0 /home/student/anaconda3/envs/neptune2026/bin/python /home/student/Desktop/Neptune_2026/scripts/run_all_synthesize_timeout_report.py --_worker --algorithm tree --input /home/student/Desktop/Neptune_2026/Microfluidics-Benchmarks/Results/LFR_TestCases/COVID/Covid_Crispr/Covid_Crispr_fromLFR.json --case-output /home/student/Desktop/Neptune_2026/Microfluidics-Benchmarks/Results/tree_full_20260916_165459/artifacts/lfr__COVID__Covid_Crispr__Covid_Crispr_fromLFR --time-limit 3600.0 --solver-profile standard --mip-gap 0.0
Reversed 3 connection(s) with opposite-port direction conflicts: channel_1, channel_2, channel_3.
Finish loading test case: Covid_Crispr_fromLFR
1/9, Finish initial placement, time spent: 1.4543533325195312e-05 s
[0, 4060, 4860, 'mixer_1', 0] [[2030, 0], [2030, 4860]]
[1, 2000, 2000, 'port_1', 0] [[1000, 0], [2000, 1000], [1000, 2000], [0, 1000]]
[2, 2000, 2000, 'port_2', 0] [[1000, 0], [2000, 1000], [1000, 2000], [0, 1000]]
[3, 2000, 2000, 'port_3', 0] [[1000, 0], [2000, 1000], [1000, 2000], [0, 1000]]
2/9, Finish initial placement with rotation, time spent: 7.605552673339844e-05 s
3/9, Finish symmetricalization, time spent: 1.2636184692382812e-05 s
4/9, Finish routing, time spent: 9.274482727050781e-05 s
****************************************************
New valid order that can lead to planar graph found:
[[0, 1], [0], [0]]
****************************************************
--Finish applying new order
--Finish mirroring related components
5/9, Finish initialization of new orders, time spent: 0.0003540515899658203 s
6/9, Finish shortening wirelength, time spent: 4.220008850097656e-05 s
Skip stage7 LP according to user's need
8/9, Finish routing, time spent: 0.00011491775512695312 s
9/9, Finish compaction and connecting ports, time spent: 0.01698589324951172 s
<<<<<<<<<<<<<<<<<<<<<<<<<<<<<< All P&R Done >>>>>>>>>>>>>>>>>>>>>>>>>>>>>>
Total Timeusage: 0.017693042755126953 s
Reordering Timeusage: 0.0003540515899658203 s
LP-based Optimization Timeusage: 0 s
P&R for the new orders: 0.01749706268310547 s
Spread 2 overlapping MIXER mixer_1 pads into 2399 row(s), stair 2400
Fit canvas to [76200.0, 76200.0] and center by [31070.0, 26270.0]
Done. Combined PR JSON: /home/student/Desktop/Neptune_2026/Microfluidics-Benchmarks/Results/tree_full_20260916_165459/artifacts/lfr__COVID__Covid_Crispr__Covid_Crispr_fromLFR/result.json
