$ systemd-run --user --scope -q -p MemoryMax=64.0G -p MemorySwapMax=0 /home/student/anaconda3/envs/neptune2026/bin/python /home/student/Desktop/Neptune_2026/scripts/run_all_synthesize_timeout_report.py --_worker --algorithm tree --input /home/student/Desktop/Neptune_2026/Microfluidics-Benchmarks/Results/LFR_TestCases/Distribute_Expressions/Dist_Expression_1/Dist_Expression_1_fromLFR.json --case-output /home/student/Desktop/Neptune_2026/Microfluidics-Benchmarks/Results/tree_full_20260916_165459/artifacts/lfr__Distribute_Expressions__Dist_Expression_1__Dist_Expression_1_fromLFR --time-limit 3600.0 --solver-profile standard --mip-gap 0.0
Finish loading test case: Dist_Expression_1_fromLFR
1/9, Finish initial placement, time spent: 1.1444091796875e-05 s
[0, 2000, 2000, 'port_1', 0] [[1000, 0], [2000, 1000], [1000, 2000], [0, 1000]]
[1, 2000, 2000, 'port_2', 0] [[1000, 0], [2000, 1000], [1000, 2000], [0, 1000]]
2/9, Finish initial placement with rotation, time spent: 4.5299530029296875e-05 s
3/9, Finish symmetricalization, time spent: 1.049041748046875e-05 s
4/9, Finish routing, time spent: 4.7206878662109375e-05 s
****************************************************
New valid order that can lead to planar graph found:
[[0], [0]]
****************************************************
--Finish applying new order
--Finish mirroring related components
5/9, Finish initialization of new orders, time spent: 0.0002541542053222656 s
6/9, Finish shortening wirelength, time spent: 2.4318695068359375e-05 s
Skip stage7 LP according to user's need
8/9, Finish routing, time spent: 7.581710815429688e-05 s
9/9, Finish compaction and connecting ports, time spent: 0.011089563369750977 s
<<<<<<<<<<<<<<<<<<<<<<<<<<<<<< All P&R Done >>>>>>>>>>>>>>>>>>>>>>>>>>>>>>
Total Timeusage: 0.011558294296264648 s
Reordering Timeusage: 0.0002541542053222656 s
LP-based Optimization Timeusage: 0 s
P&R for the new orders: 0.011443853378295898 s
Fit canvas to [76200.0, 76200.0] and center by [32100.0, 29800.0]
Done. Combined PR JSON: /home/student/Desktop/Neptune_2026/Microfluidics-Benchmarks/Results/tree_full_20260916_165459/artifacts/lfr__Distribute_Expressions__Dist_Expression_1__Dist_Expression_1_fromLFR/result.json
