$ systemd-run --user --scope -q -p MemoryMax=64.0G -p MemorySwapMax=0 /home/student/anaconda3/envs/neptune2026/bin/python /home/student/Desktop/Neptune_2026/scripts/run_all_synthesize_timeout_report.py --_worker --algorithm tree --input /home/student/Desktop/Neptune_2026/Microfluidics-Benchmarks/Results/LFR_TestCases/Expressions/Expression_11/Expression_11_fromLFR.json --case-output /home/student/Desktop/Neptune_2026/Microfluidics-Benchmarks/Results/tree_full_20260916_165459/artifacts/lfr__Expressions__Expression_11__Expression_11_fromLFR --time-limit 3600.0 --solver-profile standard --mip-gap 0.0
Reversed 3 connection(s) with opposite-port direction conflicts: channel_1, channel_2, channel_3.
Finish loading test case: Expression_11_fromLFR
1/9, Finish initial placement, time spent: 1.3828277587890625e-05 s
[0, 4060, 4860, 'mixer_1', 0] [[2030, 0], [2030, 4860]]
[1, 2000, 2000, 'port_1', 0] [[1000, 0], [2000, 1000], [1000, 2000], [0, 1000]]
[2, 2000, 2000, 'port_2', 0] [[1000, 0], [2000, 1000], [1000, 2000], [0, 1000]]
[3, 2000, 2000, 'port_3', 0] [[1000, 0], [2000, 1000], [1000, 2000], [0, 1000]]
2/9, Finish initial placement with rotation, time spent: 7.939338684082031e-05 s
3/9, Finish symmetricalization, time spent: 1.2874603271484375e-05 s
4/9, Finish routing, time spent: 0.00010204315185546875 s
****************************************************
New valid order that can lead to planar graph found:
[[0, 1], [0], [0]]
****************************************************
--Finish applying new order
--Finish mirroring related components
5/9, Finish initialization of new orders, time spent: 0.0004134178161621094 s
6/9, Finish shortening wirelength, time spent: 4.553794860839844e-05 s
Skip stage7 LP according to user's need
8/9, Finish routing, time spent: 0.0001201629638671875 s
9/9, Finish compaction and connecting ports, time spent: 0.017168521881103516 s
<<<<<<<<<<<<<<<<<<<<<<<<<<<<<< All P&R Done >>>>>>>>>>>>>>>>>>>>>>>>>>>>>>
Total Timeusage: 0.017955780029296875 s
Reordering Timeusage: 0.0004134178161621094 s
LP-based Optimization Timeusage: 0 s
P&R for the new orders: 0.01774764060974121 s
Spread 2 overlapping MIXER mixer_1 pads into 2399 row(s), stair 2400
Fit canvas to [76200.0, 76200.0] and center by [31070.0, 26270.0]
Done. Combined PR JSON: /home/student/Desktop/Neptune_2026/Microfluidics-Benchmarks/Results/tree_full_20260916_165459/artifacts/lfr__Expressions__Expression_11__Expression_11_fromLFR/result.json
