$ systemd-run --user --scope -q -p MemoryMax=64.0G -p MemorySwapMax=0 /home/student/anaconda3/envs/neptune2026/bin/python /home/student/Desktop/Neptune_2026/scripts/run_all_synthesize_timeout_report.py --_worker --algorithm tree --input /home/student/Desktop/Neptune_2026/Microfluidics-Benchmarks/Results/LFR_TestCases/Technology_Mapping/Instance_Mapping/Instance_Mapping_fromLFR.json --case-output /home/student/Desktop/Neptune_2026/Microfluidics-Benchmarks/Results/tree_full_20260916_165459/artifacts/lfr__Technology_Mapping__Instance_Mapping__Instance_Mapping_fromLFR --time-limit 3600.0 --solver-profile standard --mip-gap 0.0
Reversed 2 connection(s) with opposite-port direction conflicts: channel_1, channel_2.
Finish loading test case: Instance_Mapping_fromLFR
1/9, Finish initial placement, time spent: 1.3589859008789062e-05 s
[0, 4060, 4860, 'mixer_1', 0] [[2030, 0], [2030, 4860]]
[1, 2000, 2000, 'port_1', 0] [[1000, 0], [2000, 1000], [1000, 2000], [0, 1000]]
[2, 2000, 2000, 'port_2', 0] [[1000, 0], [2000, 1000], [1000, 2000], [0, 1000]]
2/9, Finish initial placement with rotation, time spent: 7.009506225585938e-05 s
3/9, Finish symmetricalization, time spent: 1.3113021850585938e-05 s
4/9, Finish routing, time spent: 8.296966552734375e-05 s
****************************************************
New valid order that can lead to planar graph found:
[[0], [0], [0]]
****************************************************
--Finish applying new order
--Finish mirroring related components
5/9, Finish initialization of new orders, time spent: 0.0003809928894042969 s
6/9, Finish shortening wirelength, time spent: 3.8623809814453125e-05 s
Skip stage7 LP according to user's need
8/9, Finish routing, time spent: 0.00011014938354492188 s
9/9, Finish compaction and connecting ports, time spent: 0.014068603515625 s
<<<<<<<<<<<<<<<<<<<<<<<<<<<<<< All P&R Done >>>>>>>>>>>>>>>>>>>>>>>>>>>>>>
Total Timeusage: 0.01477813720703125 s
Reordering Timeusage: 0.0003809928894042969 s
LP-based Optimization Timeusage: 0 s
P&R for the new orders: 0.014598369598388672 s
Fit canvas to [76200.0, 76200.0] and center by [31070.0, 25070.0]
Done. Combined PR JSON: /home/student/Desktop/Neptune_2026/Microfluidics-Benchmarks/Results/tree_full_20260916_165459/artifacts/lfr__Technology_Mapping__Instance_Mapping__Instance_Mapping_fromLFR/result.json
