$ systemd-run --user --scope -q -p MemoryMax=64.0G -p MemorySwapMax=0 /home/student/anaconda3/envs/neptune2026/bin/python /home/student/Desktop/Neptune_2026/scripts/run_all_synthesize_timeout_report.py --_worker --algorithm tree --input /home/student/Desktop/Neptune_2026/Microfluidics-Benchmarks/Results/LFR_TestCases/Mars/Cell_Lysis/Cell_Lysis_fromLFR.json --case-output /home/student/Desktop/Neptune_2026/Microfluidics-Benchmarks/Results/tree_full_20260916_165459/artifacts/lfr__Mars__Cell_Lysis__Cell_Lysis_fromLFR --time-limit 3600.0 --solver-profile standard --mip-gap 0.0
Reversed 8 connection(s) with opposite-port direction conflicts: channel_1, channel_2, channel_3, channel_4, channel_5, channel_6, channel_7, channel_8.
Finish loading test case: Cell_Lysis_fromLFR
1/9, Finish initial placement, time spent: 2.0503997802734375e-05 s
[0, 5000, 5000, 'reaction_chamber_1', 0] [[2500, 0], [5000, 2500], [2500, 5000], [0, 2500]]
[1, 4060, 4860, 'mixer_1', 0] [[2030, 0], [2030, 4860]]
[2, 2000, 2000, 'port_1', 0] [[1000, 0], [2000, 1000], [1000, 2000], [0, 1000]]
[3, 4060, 4860, 'mixer_2', 0] [[2030, 0], [2030, 4860]]
[4, 4060, 4860, 'mixer_3', 0] [[2030, 0], [2030, 4860]]
[5, 2000, 2000, 'port_2', 0] [[1000, 0], [2000, 1000], [1000, 2000], [0, 1000]]
[6, 2000, 2000, 'port_3', 0] [[1000, 0], [2000, 1000], [1000, 2000], [0, 1000]]
[7, 2000, 2000, 'port_4', 0] [[1000, 0], [2000, 1000], [1000, 2000], [0, 1000]]
[8, 2000, 2000, 'port_5', 0] [[1000, 0], [2000, 1000], [1000, 2000], [0, 1000]]
2/9, Finish initial placement with rotation, time spent: 0.0001704692840576172 s
3/9, Finish symmetricalization, time spent: 2.0265579223632812e-05 s
4/9, Finish routing, time spent: 0.00020766258239746094 s
****************************************************
New valid order that can lead to planar graph found:
[[0, 1], [0, 1], [0], [0, 1], [0], [0]]
****************************************************
--Finish applying new order
--Finish mirroring related components
5/9, Finish initialization of new orders, time spent: 0.0007379055023193359 s
6/9, Finish shortening wirelength, time spent: 8.440017700195312e-05 s
Skip stage7 LP according to user's need
8/9, Finish routing, time spent: 0.00027441978454589844 s
9/9, Finish compaction and connecting ports, time spent: 0.03567028045654297 s
<<<<<<<<<<<<<<<<<<<<<<<<<<<<<< All P&R Done >>>>>>>>>>>>>>>>>>>>>>>>>>>>>>
Total Timeusage: 0.0371859073638916 s
Reordering Timeusage: 0.0007379055023193359 s
LP-based Optimization Timeusage: 0 s
P&R for the new orders: 0.036767005920410156 s
Spread 2 overlapping MIXER mixer_2 pads into 2399 row(s), stair 2400
Fit canvas to [76200.0, 101780.0] and center by [29210.0, 24800.0]
Done. Combined PR JSON: /home/student/Desktop/Neptune_2026/Microfluidics-Benchmarks/Results/tree_full_20260916_165459/artifacts/lfr__Mars__Cell_Lysis__Cell_Lysis_fromLFR/result.json
