$ systemd-run --user --scope -q -p MemoryMax=64.0G -p MemorySwapMax=0 /home/student/anaconda3/envs/neptune2026/bin/python /home/student/Desktop/Neptune_2026/scripts/run_all_synthesize_timeout_report.py --_worker --algorithm tree --input /home/student/Desktop/Neptune_2026/Microfluidics-Benchmarks/Results/LFR_TestCases/CIDAR_Lab_Past_Devices/Olfactory/Olfactory_fromLFR.json --case-output /home/student/Desktop/Neptune_2026/Microfluidics-Benchmarks/Results/tree_full_20260916_165459/artifacts/lfr__CIDAR_Lab_Past_Devices__Olfactory__Olfactory_fromLFR --time-limit 3600.0 --solver-profile standard --mip-gap 0.0
Reversed 14 connection(s) with opposite-port direction conflicts: channel_3, channel_4, channel_5, channel_6, channel_7, channel_8, channel_9, channel_10, channel_11, channel_12, channel_13, channel_14, channel_15, channel_16.
Finish loading test case: Olfactory_fromLFR
1/9, Finish initial placement, time spent: 3.9577484130859375e-05 s
[0, 4000, 4000, 'square_cell_trap_1', 0] [[0, 2000], [4000, 2000], [2000, 0], [2000, 4000]]
[1, 2000, 2000, 'port_1', 0] [[1000, 0], [2000, 1000], [1000, 2000], [0, 1000]]
[2, 2000, 2000, 'port_2', 0] [[1000, 0], [2000, 1000], [1000, 2000], [0, 1000]]
[3, 4060, 4860, 'mixer_1', 0] [[2030, 0], [2030, 4860]]
[4, 4060, 4860, 'mixer_2', 0] [[2030, 0], [2030, 4860]]
[5, 4060, 4860, 'mixer_3', 0] [[2030, 0], [2030, 4860]]
[6, 4060, 4860, 'mixer_4', 0] [[2030, 0], [2030, 4860]]
[7, 4060, 4860, 'mixer_5', 0] [[2030, 0], [2030, 4860]]
[8, 4060, 4860, 'mixer_6', 0] [[2030, 0], [2030, 4860]]
[9, 2000, 2000, 'port_3', 0] [[1000, 0], [2000, 1000], [1000, 2000], [0, 1000]]
[10, 2000, 2000, 'port_4', 0] [[1000, 0], [2000, 1000], [1000, 2000], [0, 1000]]
[11, 2000, 2000, 'port_5', 0] [[1000, 0], [2000, 1000], [1000, 2000], [0, 1000]]
[12, 2000, 2000, 'port_6', 0] [[1000, 0], [2000, 1000], [1000, 2000], [0, 1000]]
2/9, Finish initial placement with rotation, time spent: 0.0001900196075439453 s
3/9, Finish symmetricalization, time spent: 2.6226043701171875e-05 s
4/9, Finish routing, time spent: 0.0002830028533935547 s
****************************************************
Fail to find valid order; keeping the initial row order
****************************************************
--Finish applying new order
--Finish mirroring related components
5/9, Finish initialization of new orders, time spent: 0.0019059181213378906 s
6/9, Finish shortening wirelength, time spent: 9.489059448242188e-05 s
Skip stage7 LP according to user's need
8/9, Finish routing, time spent: 0.0003254413604736328 s
9/9, Finish compaction and connecting ports, time spent: 0.04814410209655762 s
<<<<<<<<<<<<<<<<<<<<<<<<<<<<<< All P&R Done >>>>>>>>>>>>>>>>>>>>>>>>>>>>>>
Total Timeusage: 0.051009178161621094 s
Reordering Timeusage: 0.0019059181213378906 s
LP-based Optimization Timeusage: 0 s
P&R for the new orders: 0.05047035217285156 s
Spread 2 overlapping MIXER mixer_3 pads into 2399 row(s), stair 2400
Fit canvas to [76200.0, 106680.0] and center by [22010.0, 19900.0]
Done. Combined PR JSON: /home/student/Desktop/Neptune_2026/Microfluidics-Benchmarks/Results/tree_full_20260916_165459/artifacts/lfr__CIDAR_Lab_Past_Devices__Olfactory__Olfactory_fromLFR/result.json
