$ systemd-run --user --scope -q -p MemoryMax=64.0G -p MemorySwapMax=0 /home/student/anaconda3/envs/neptune2026/bin/python /home/student/Desktop/Neptune_2026/scripts/run_all_synthesize_timeout_report.py --_worker --algorithm tree --input /home/student/Desktop/Neptune_2026/Microfluidics-Benchmarks/Results/LFR_TestCases/CIDAR_Lab_Past_Devices/Mix_Incubate_Express/Mix_Incubate_Express_fromLFR.json --case-output /home/student/Desktop/Neptune_2026/Microfluidics-Benchmarks/Results/tree_full_20260916_165459/artifacts/lfr__CIDAR_Lab_Past_Devices__Mix_Incubate_Express__Mix_Incubate_Express_fromLFR --time-limit 3600.0 --solver-profile standard --mip-gap 0.0
Reversed 5 connection(s) with opposite-port direction conflicts: channel_1, channel_3, channel_4, channel_5, channel_2.
Finish loading test case: Mix_Incubate_Express_fromLFR
1/9, Finish initial placement, time spent: 1.7642974853515625e-05 s
[0, 5000, 5000, 'reaction_chamber_1', 0] [[2500, 0], [5000, 2500], [2500, 5000], [0, 2500]]
[1, 4000, 4000, 'square_cell_trap_1', 0] [[0, 2000], [4000, 2000], [2000, 0], [2000, 4000]]
[2, 2000, 2000, 'port_1', 0] [[1000, 0], [2000, 1000], [1000, 2000], [0, 1000]]
[3, 4060, 4860, 'mixer_1', 0] [[2030, 0], [2030, 4860]]
[4, 2000, 2000, 'port_2', 0] [[1000, 0], [2000, 1000], [1000, 2000], [0, 1000]]
[5, 2000, 2000, 'port_3', 0] [[1000, 0], [2000, 1000], [1000, 2000], [0, 1000]]
2/9, Finish initial placement with rotation, time spent: 0.00010895729064941406 s
3/9, Finish symmetricalization, time spent: 1.5974044799804688e-05 s
4/9, Finish routing, time spent: 0.0001633167266845703 s
****************************************************
New valid order that can lead to planar graph found:
[[0, 1], [0], [0], [0], [0]]
****************************************************
--Finish applying new order
--Finish mirroring related components
5/9, Finish initialization of new orders, time spent: 0.0005290508270263672 s
6/9, Finish shortening wirelength, time spent: 6.198883056640625e-05 s
Skip stage7 LP according to user's need
8/9, Finish routing, time spent: 0.0001888275146484375 s
9/9, Finish compaction and connecting ports, time spent: 0.025173187255859375 s
<<<<<<<<<<<<<<<<<<<<<<<<<<<<<< All P&R Done >>>>>>>>>>>>>>>>>>>>>>>>>>>>>>
Total Timeusage: 0.02625894546508789 s
Reordering Timeusage: 0.0005290508270263672 s
LP-based Optimization Timeusage: 0 s
P&R for the new orders: 0.025953054428100586 s
Spread 2 overlapping MIXER mixer_1 pads into 2399 row(s), stair 2400
Fit canvas to [76200.0, 91460.0] and center by [30600.0, 24800.0]
Done. Combined PR JSON: /home/student/Desktop/Neptune_2026/Microfluidics-Benchmarks/Results/tree_full_20260916_165459/artifacts/lfr__CIDAR_Lab_Past_Devices__Mix_Incubate_Express__Mix_Incubate_Express_fromLFR/result.json
