$ systemd-run --user --scope -q -p MemoryMax=64.0G -p MemorySwapMax=0 /home/student/anaconda3/envs/neptune2026/bin/python /home/student/Desktop/Neptune_2026/scripts/run_all_synthesize_timeout_report.py --_worker --algorithm tree --input /home/student/Desktop/Neptune_2026/Microfluidics-Benchmarks/Results/LFR_TestCases/Distribute_Library/MUX_64_Out/MUX_64_Out_fromLFR.json --case-output /home/student/Desktop/Neptune_2026/Microfluidics-Benchmarks/Results/tree_full_20260916_165459/artifacts/lfr__Distribute_Library__MUX_64_Out__MUX_64_Out_fromLFR --time-limit 3600.0 --solver-profile standard --mip-gap 0.0
Finish loading test case: MUX_64_Out_fromLFR
1/9, Finish initial placement, time spent: 0.0003857612609863281 s
[0, 2000, 2000, 'port_1', 0] [[1000, 0], [2000, 1000], [1000, 2000], [0, 1000]]
[1, 2000, 2000, 'port_2', 0] [[1000, 0], [2000, 1000], [1000, 2000], [0, 1000]]
[2, 2000, 2000, 'port_3', 0] [[1000, 0], [2000, 1000], [1000, 2000], [0, 1000]]
[3, 2000, 2000, 'port_4', 0] [[1000, 0], [2000, 1000], [1000, 2000], [0, 1000]]
[4, 2000, 2000, 'port_5', 0] [[1000, 0], [2000, 1000], [1000, 2000], [0, 1000]]
[5, 2000, 2000, 'port_6', 0] [[1000, 0], [2000, 1000], [1000, 2000], [0, 1000]]
[6, 2000, 2000, 'port_7', 0] [[1000, 0], [2000, 1000], [1000, 2000], [0, 1000]]
[7, 2000, 2000, 'port_8', 0] [[1000, 0], [2000, 1000], [1000, 2000], [0, 1000]]
[8, 2000, 2000, 'port_9', 0] [[1000, 0], [2000, 1000], [1000, 2000], [0, 1000]]
[9, 2000, 2000, 'port_10', 0] [[1000, 0], [2000, 1000], [1000, 2000], [0, 1000]]
[10, 2000, 2000, 'port_11', 0] [[1000, 0], [2000, 1000], [1000, 2000], [0, 1000]]
[11, 2000, 2000, 'port_12', 0] [[1000, 0], [2000, 1000], [1000, 2000], [0, 1000]]
[12, 2000, 2000, 'port_13', 0] [[1000, 0], [2000, 1000], [1000, 2000], [0, 1000]]
[13, 2000, 2000, 'port_14', 0] [[1000, 0], [2000, 1000], [1000, 2000], [0, 1000]]
[14, 2000, 2000, 'port_15', 0] [[1000, 0], [2000, 1000], [1000, 2000], [0, 1000]]
[15, 2000, 2000, 'port_16', 0] [[1000, 0], [2000, 1000], [1000, 2000], [0, 1000]]
[16, 2000, 2000, 'port_17', 0] [[1000, 0], [2000, 1000], [1000, 2000], [0, 1000]]
[17, 2000, 2000, 'port_18', 0] [[1000, 0], [2000, 1000], [1000, 2000], [0, 1000]]
[18, 2000, 2000, 'port_19', 0] [[1000, 0], [2000, 1000], [1000, 2000], [0, 1000]]
[19, 2000, 2000, 'port_20', 0] [[1000, 0], [2000, 1000], [1000, 2000], [0, 1000]]
[20, 2000, 2000, 'port_21', 0] [[1000, 0], [2000, 1000], [1000, 2000], [0, 1000]]
[21, 2000, 2000, 'port_22', 0] [[1000, 0], [2000, 1000], [1000, 2000], [0, 1000]]
[22, 2000, 2000, 'port_23', 0] [[1000, 0], [2000, 1000], [1000, 2000], [0, 1000]]
[23, 2000, 2000, 'port_24', 0] [[1000, 0], [2000, 1000], [1000, 2000], [0, 1000]]
[24, 2000, 2000, 'port_25', 0] [[1000, 0], [2000, 1000], [1000, 2000], [0, 1000]]
[25, 2000, 2000, 'port_26', 0] [[1000, 0], [2000, 1000], [1000, 2000], [0, 1000]]
[26, 2000, 2000, 'port_27', 0] [[1000, 0], [2000, 1000], [1000, 2000], [0, 1000]]
[27, 2000, 2000, 'port_28', 0] [[1000, 0], [2000, 1000], [1000, 2000], [0, 1000]]
[28, 2000, 2000, 'port_29', 0] [[1000, 0], [2000, 1000], [1000, 2000], [0, 1000]]
[29, 2000, 2000, 'port_30', 0] [[1000, 0], [2000, 1000], [1000, 2000], [0, 1000]]
[30, 2000, 2000, 'port_31', 0] [[1000, 0], [2000, 1000], [1000, 2000], [0, 1000]]
[31, 2000, 2000, 'port_32', 0] [[1000, 0], [2000, 1000], [1000, 2000], [0, 1000]]
[32, 2000, 2000, 'port_33', 0] [[1000, 0], [2000, 1000], [1000, 2000], [0, 1000]]
[33, 2000, 2000, 'port_34', 0] [[1000, 0], [2000, 1000], [1000, 2000], [0, 1000]]
[34, 2000, 2000, 'port_35', 0] [[1000, 0], [2000, 1000], [1000, 2000], [0, 1000]]
[35, 2000, 2000, 'port_36', 0] [[1000, 0], [2000, 1000], [1000, 2000], [0, 1000]]
[36, 2000, 2000, 'port_37', 0] [[1000, 0], [2000, 1000], [1000, 2000], [0, 1000]]
[37, 2000, 2000, 'port_38', 0] [[1000, 0], [2000, 1000], [1000, 2000], [0, 1000]]
[38, 2000, 2000, 'port_39', 0] [[1000, 0], [2000, 1000], [1000, 2000], [0, 1000]]
[39, 2000, 2000, 'port_40', 0] [[1000, 0], [2000, 1000], [1000, 2000], [0, 1000]]
[40, 2000, 2000, 'port_41', 0] [[1000, 0], [2000, 1000], [1000, 2000], [0, 1000]]
[41, 2000, 2000, 'port_42', 0] [[1000, 0], [2000, 1000], [1000, 2000], [0, 1000]]
[42, 2000, 2000, 'port_43', 0] [[1000, 0], [2000, 1000], [1000, 2000], [0, 1000]]
[43, 2000, 2000, 'port_44', 0] [[1000, 0], [2000, 1000], [1000, 2000], [0, 1000]]
[44, 2000, 2000, 'port_45', 0] [[1000, 0], [2000, 1000], [1000, 2000], [0, 1000]]
[45, 2000, 2000, 'port_46', 0] [[1000, 0], [2000, 1000], [1000, 2000], [0, 1000]]
[46, 2000, 2000, 'port_47', 0] [[1000, 0], [2000, 1000], [1000, 2000], [0, 1000]]
[47, 2000, 2000, 'port_48', 0] [[1000, 0], [2000, 1000], [1000, 2000], [0, 1000]]
[48, 2000, 2000, 'port_49', 0] [[1000, 0], [2000, 1000], [1000, 2000], [0, 1000]]
[49, 2000, 2000, 'port_50', 0] [[1000, 0], [2000, 1000], [1000, 2000], [0, 1000]]
[50, 2000, 2000, 'port_51', 0] [[1000, 0], [2000, 1000], [1000, 2000], [0, 1000]]
[51, 2000, 2000, 'port_52', 0] [[1000, 0], [2000, 1000], [1000, 2000], [0, 1000]]
[52, 2000, 2000, 'port_53', 0] [[1000, 0], [2000, 1000], [1000, 2000], [0, 1000]]
[53, 2000, 2000, 'port_54', 0] [[1000, 0], [2000, 1000], [1000, 2000], [0, 1000]]
[54, 2000, 2000, 'port_55', 0] [[1000, 0], [2000, 1000], [1000, 2000], [0, 1000]]
[55, 2000, 2000, 'port_56', 0] [[1000, 0], [2000, 1000], [1000, 2000], [0, 1000]]
[56, 2000, 2000, 'port_57', 0] [[1000, 0], [2000, 1000], [1000, 2000], [0, 1000]]
[57, 2000, 2000, 'port_58', 0] [[1000, 0], [2000, 1000], [1000, 2000], [0, 1000]]
[58, 2000, 2000, 'port_59', 0] [[1000, 0], [2000, 1000], [1000, 2000], [0, 1000]]
[59, 2000, 2000, 'port_60', 0] [[1000, 0], [2000, 1000], [1000, 2000], [0, 1000]]
[60, 2000, 2000, 'port_61', 0] [[1000, 0], [2000, 1000], [1000, 2000], [0, 1000]]
[61, 2000, 2000, 'port_62', 0] [[1000, 0], [2000, 1000], [1000, 2000], [0, 1000]]
[62, 2000, 2000, 'port_63', 0] [[1000, 0], [2000, 1000], [1000, 2000], [0, 1000]]
[63, 2000, 2000, 'port_64', 0] [[1000, 0], [2000, 1000], [1000, 2000], [0, 1000]]
[64, 2000, 2000, 'port_65', 0] [[1000, 0], [2000, 1000], [1000, 2000], [0, 1000]]
2/9, Finish initial placement with rotation, time spent: 0.0013401508331298828 s
3/9, Finish symmetricalization, time spent: 3.123283386230469e-05 s
4/9, Finish routing, time spent: 0.0031058788299560547 s
****************************************************
New valid order that can lead to planar graph found:
[[0, 1, 2, 3, 4, 5, 6, 7, 8, 9, 10, 11, 12, 13, 14, 15, 16, 17, 18, 19, 20, 21, 22, 23, 24, 25, 26, 27, 28, 29, 30, 31, 32, 33, 34, 35, 36, 37, 38, 39, 40, 41, 42, 43, 44, 45, 46, 47, 48, 49, 50, 51, 52, 53, 54, 55, 56, 57, 58, 59, 60, 61, 62, 63], [0]]
****************************************************
--Finish applying new order
--Finish mirroring related components
5/9, Finish initialization of new orders, time spent: 0.004599809646606445 s
6/9, Finish shortening wirelength, time spent: 0.0001697540283203125 s
Skip stage7 LP according to user's need
8/9, Finish routing, time spent: 0.003610849380493164 s
9/9, Finish compaction and connecting ports, time spent: 0.22492527961730957 s
<<<<<<<<<<<<<<<<<<<<<<<<<<<<<< All P&R Done >>>>>>>>>>>>>>>>>>>>>>>>>>>>>>
Total Timeusage: 0.23816871643066406 s
Reordering Timeusage: 0.004599809646606445 s
LP-based Optimization Timeusage: 0 s
P&R for the new orders: 0.2333056926727295 s
Cannot finish valid layer-1 synthesis for:
- reason=routing:fallback_no_compliant_valve_escape valve=valve_0 flow_connection=channel_25 control_port=Cport_0
- reason=routing:fallback_no_compliant_valve_escape valve=valve_1 flow_connection=channel_35 control_port=Cport_1
- reason=routing:fallback_no_compliant_valve_escape valve=valve_2 flow_connection=channel_15 control_port=Cport_2
- reason=routing:fallback_no_compliant_valve_escape valve=valve_3 flow_connection=channel_49 control_port=Cport_3
- reason=routing:fallback_no_compliant_valve_escape valve=valve_6 flow_connection=channel_29 control_port=Cport_6
- reason=routing:fallback_no_compliant_valve_escape valve=valve_8 flow_connection=channel_37 control_port=Cport_8
- reason=routing:fallback_no_compliant_valve_escape valve=valve_9 flow_connection=channel_6 control_port=Cport_9
- reason=routing:fallback_no_compliant_valve_escape valve=valve_14 flow_connection=channel_13 control_port=Cport_14
- reason=routing:fallback_no_compliant_valve_escape valve=valve_16 flow_connection=channel_53 control_port=Cport_16
- reason=routing:fallback_no_compliant_valve_escape valve=valve_20 flow_connection=channel_46 control_port=Cport_20
- reason=routing:fallback_no_compliant_valve_escape valve=valve_21 flow_connection=channel_60 control_port=Cport_21
- reason=routing:fallback_no_compliant_valve_escape valve=valve_24 flow_connection=channel_31 control_port=Cport_24
- reason=routing:fallback_no_compliant_valve_escape valve=valve_29 flow_connection=channel_27 control_port=Cport_29
- reason=routing:fallback_no_compliant_valve_escape valve=valve_33 flow_connection=channel_22 control_port=Cport_33
- reason=routing:fallback_no_compliant_valve_escape valve=valve_34 flow_connection=channel_44 control_port=Cport_34
- reason=routing:fallback_no_compliant_valve_escape valve=valve_36 flow_connection=channel_42 control_port=Cport_36
- reason=routing:fallback_no_compliant_valve_escape valve=valve_39 flow_connection=channel_9 control_port=Cport_39
- reason=routing:fallback_no_compliant_valve_escape valve=valve_40 flow_connection=channel_34 control_port=Cport_40
- reason=routing:fallback_no_compliant_valve_escape valve=valve_41 flow_connection=channel_20 control_port=Cport_41
- reason=routing:fallback_no_compliant_valve_escape valve=valve_45 flow_connection=channel_58 control_port=Cport_45
- reason=routing:fallback_no_compliant_valve_escape valve=valve_46 flow_connection=channel_11 control_port=Cport_46
- reason=routing:fallback_no_compliant_valve_escape valve=valve_48 flow_connection=channel_51 control_port=Cport_48
- reason=routing:fallback_no_compliant_valve_escape valve=valve_50 flow_connection=channel_4 control_port=Cport_50
- reason=routing:fallback_no_compliant_valve_escape valve=valve_54 flow_connection=channel_40 control_port=Cport_54
- reason=routing:fallback_no_compliant_valve_escape valve=valve_62 flow_connection=channel_56 control_port=Cport_62
- reason=routing:fallback_no_compliant_valve_escape valve=valve_63 flow_connection=channel_16 control_port=Cport_63
Fit canvas to [338500.0, 76200.0] and center by [13600.0, 32500.0]
Done. Combined PR JSON: /home/student/Desktop/Neptune_2026/Microfluidics-Benchmarks/Results/tree_full_20260916_165459/artifacts/lfr__Distribute_Library__MUX_64_Out__MUX_64_Out_fromLFR/result.json
