$ systemd-run --user --scope -q -p MemoryMax=64.0G -p MemorySwapMax=0 /home/student/anaconda3/envs/neptune2026/bin/python /home/student/Desktop/Neptune_2026/scripts/run_all_synthesize_timeout_report.py --_worker --algorithm tree --input /home/student/Desktop/Neptune_2026/Microfluidics-Benchmarks/Results/LFR_TestCases/Protocols/Cell_Sorting/Cell_Sorting_fromLFR.json --case-output /home/student/Desktop/Neptune_2026/Microfluidics-Benchmarks/Results/tree_full_20260916_165459/artifacts/lfr__Protocols__Cell_Sorting__Cell_Sorting_fromLFR --time-limit 3600.0 --solver-profile standard --mip-gap 0.0
Finish loading test case: Cell_Sorting_fromLFR
1/9, Finish initial placement, time spent: 1.430511474609375e-05 s
[0, 2000, 2000, 'port_1', 0] [[1000, 0], [2000, 1000], [1000, 2000], [0, 1000]]
[1, 2000, 2000, 'port_2', 0] [[1000, 0], [2000, 1000], [1000, 2000], [0, 1000]]
[2, 2000, 2000, 'port_3', 0] [[1000, 0], [2000, 1000], [1000, 2000], [0, 1000]]
[3, 2000, 2000, 'port_4', 0] [[1000, 0], [2000, 1000], [1000, 2000], [0, 1000]]
2/9, Finish initial placement with rotation, time spent: 8.058547973632812e-05 s
3/9, Finish symmetricalization, time spent: 1.239776611328125e-05 s
4/9, Finish routing, time spent: 7.963180541992188e-05 s
****************************************************
New valid order that can lead to planar graph found:
[[0, 1, 2], [0]]
****************************************************
--Finish applying new order
--Finish mirroring related components
5/9, Finish initialization of new orders, time spent: 0.00038933753967285156 s
6/9, Finish shortening wirelength, time spent: 3.743171691894531e-05 s
Skip stage7 LP according to user's need
8/9, Finish routing, time spent: 0.00011682510375976562 s
9/9, Finish compaction and connecting ports, time spent: 0.018240928649902344 s
<<<<<<<<<<<<<<<<<<<<<<<<<<<<<< All P&R Done >>>>>>>>>>>>>>>>>>>>>>>>>>>>>>
Total Timeusage: 0.01897144317626953 s
Reordering Timeusage: 0.00038933753967285156 s
LP-based Optimization Timeusage: 0 s
P&R for the new orders: 0.018784523010253906 s
Fit canvas to [76200.0, 76200.0] and center by [28100.0, 29800.0]
Done. Combined PR JSON: /home/student/Desktop/Neptune_2026/Microfluidics-Benchmarks/Results/tree_full_20260916_165459/artifacts/lfr__Protocols__Cell_Sorting__Cell_Sorting_fromLFR/result.json
