$ systemd-run --user --scope -q -p MemoryMax=64.0G -p MemorySwapMax=0 /home/student/anaconda3/envs/neptune2026/bin/python /home/student/Desktop/Neptune_2026/scripts/run_all_synthesize_timeout_report.py --_worker --algorithm tree --input /home/student/Desktop/Neptune_2026/Microfluidics-Benchmarks/Results/LFR_TestCases/CIDAR_Lab_Past_Devices/Inlet_16/Inlet_16_fromLFR.json --case-output /home/student/Desktop/Neptune_2026/Microfluidics-Benchmarks/Results/tree_full_20260916_165459/artifacts/lfr__CIDAR_Lab_Past_Devices__Inlet_16__Inlet_16_fromLFR --time-limit 3600.0 --solver-profile standard --mip-gap 0.0
Reversed 73 connection(s) with opposite-port direction conflicts: channel_1, channel_2, channel_3, channel_4, channel_5, channel_6, channel_7, channel_8, channel_9, channel_10, channel_11, channel_12, channel_13, channel_14, channel_15, channel_16, channel_17, channel_18, channel_19, channel_20, channel_21, channel_22, channel_23, channel_24, channel_25, channel_26, channel_27, channel_28, channel_29, channel_30, channel_31, channel_32, channel_33, channel_34, channel_35, channel_36, channel_37, channel_38, channel_39, channel_40, channel_41, channel_42, channel_43, channel_44, channel_45, channel_46, channel_47, channel_48, channel_49, channel_50, channel_51, channel_52, channel_53, channel_54, channel_55, channel_56, channel_57, channel_58, channel_59, channel_60, channel_61, channel_62, channel_63, channel_64, channel_65, channel_66, channel_67, channel_68, channel_69, channel_70, channel_71, channel_72, channel_73.
Finish loading test case: Inlet_16_fromLFR
1/9, Finish initial placement, time spent: 0.00023245811462402344 s
[0, 5000, 5000, 'reaction_chamber_1', 0] [[2500, 0], [5000, 2500], [2500, 5000], [0, 2500]]
[1, 2000, 2000, 'port_1', 0] [[1000, 0], [2000, 1000], [1000, 2000], [0, 1000]]
[2, 5000, 5000, 'reaction_chamber_2', 0] [[2500, 0], [5000, 2500], [2500, 5000], [0, 2500]]
[3, 4000, 4000, 'square_cell_trap_1', 0] [[0, 2000], [4000, 2000], [2000, 0], [2000, 4000]]
[4, 4060, 4860, 'mixer_1', 0] [[2030, 0], [2030, 4860]]
[5, 4060, 4860, 'mixer_2', 0] [[2030, 0], [2030, 4860]]
[6, 4000, 4000, 'square_cell_trap_2', 0] [[0, 2000], [4000, 2000], [2000, 0], [2000, 4000]]
[7, 5000, 5000, 'reaction_chamber_3', 0] [[2500, 0], [5000, 2500], [2500, 5000], [0, 2500]]
[8, 5000, 5000, 'reaction_chamber_4', 0] [[2500, 0], [5000, 2500], [2500, 5000], [0, 2500]]
[9, 5000, 5000, 'reaction_chamber_5', 0] [[2500, 0], [5000, 2500], [2500, 5000], [0, 2500]]
[10, 5000, 5000, 'reaction_chamber_6', 0] [[2500, 0], [5000, 2500], [2500, 5000], [0, 2500]]
[11, 5000, 5000, 'reaction_chamber_7', 0] [[2500, 0], [5000, 2500], [2500, 5000], [0, 2500]]
[12, 5000, 5000, 'reaction_chamber_8', 0] [[2500, 0], [5000, 2500], [2500, 5000], [0, 2500]]
[13, 5000, 5000, 'reaction_chamber_9', 0] [[2500, 0], [5000, 2500], [2500, 5000], [0, 2500]]
[14, 5000, 5000, 'reaction_chamber_10', 0] [[2500, 0], [5000, 2500], [2500, 5000], [0, 2500]]
[15, 5000, 5000, 'reaction_chamber_11', 0] [[2500, 0], [5000, 2500], [2500, 5000], [0, 2500]]
[16, 5000, 5000, 'reaction_chamber_12', 0] [[2500, 0], [5000, 2500], [2500, 5000], [0, 2500]]
[17, 5000, 5000, 'reaction_chamber_13', 0] [[2500, 0], [5000, 2500], [2500, 5000], [0, 2500]]
[18, 5000, 5000, 'reaction_chamber_14', 0] [[2500, 0], [5000, 2500], [2500, 5000], [0, 2500]]
[19, 5000, 5000, 'reaction_chamber_15', 0] [[2500, 0], [5000, 2500], [2500, 5000], [0, 2500]]
[20, 5000, 5000, 'reaction_chamber_16', 0] [[2500, 0], [5000, 2500], [2500, 5000], [0, 2500]]
[21, 5000, 5000, 'reaction_chamber_17', 0] [[2500, 0], [5000, 2500], [2500, 5000], [0, 2500]]
[22, 4060, 4860, 'mixer_3', 0] [[2030, 0], [2030, 4860]]
[23, 4060, 4860, 'mixer_4', 0] [[2030, 0], [2030, 4860]]
[24, 4060, 4860, 'mixer_5', 0] [[2030, 0], [2030, 4860]]
[25, 4060, 4860, 'mixer_6', 0] [[2030, 0], [2030, 4860]]
[26, 4060, 4860, 'mixer_7', 0] [[2030, 0], [2030, 4860]]
[27, 4060, 4860, 'mixer_8', 0] [[2030, 0], [2030, 4860]]
[28, 4060, 4860, 'mixer_9', 0] [[2030, 0], [2030, 4860]]
[29, 4060, 4860, 'mixer_10', 0] [[2030, 0], [2030, 4860]]
[30, 4060, 4860, 'mixer_11', 0] [[2030, 0], [2030, 4860]]
[31, 4060, 4860, 'mixer_12', 0] [[2030, 0], [2030, 4860]]
[32, 4060, 4860, 'mixer_13', 0] [[2030, 0], [2030, 4860]]
[33, 4060, 4860, 'mixer_14', 0] [[2030, 0], [2030, 4860]]
[34, 4060, 4860, 'mixer_15', 0] [[2030, 0], [2030, 4860]]
[35, 4060, 4860, 'mixer_16', 0] [[2030, 0], [2030, 4860]]
[36, 4060, 4860, 'mixer_17', 0] [[2030, 0], [2030, 4860]]
[37, 4060, 4860, 'mixer_18', 0] [[2030, 0], [2030, 4860]]
[38, 4060, 4860, 'mixer_19', 0] [[2030, 0], [2030, 4860]]
[39, 2000, 2000, 'port_2', 0] [[1000, 0], [2000, 1000], [1000, 2000], [0, 1000]]
[40, 2000, 2000, 'port_3', 0] [[1000, 0], [2000, 1000], [1000, 2000], [0, 1000]]
[41, 2000, 2000, 'port_4', 0] [[1000, 0], [2000, 1000], [1000, 2000], [0, 1000]]
[42, 2000, 2000, 'port_5', 0] [[1000, 0], [2000, 1000], [1000, 2000], [0, 1000]]
[43, 2000, 2000, 'port_6', 0] [[1000, 0], [2000, 1000], [1000, 2000], [0, 1000]]
[44, 2000, 2000, 'port_7', 0] [[1000, 0], [2000, 1000], [1000, 2000], [0, 1000]]
[45, 2000, 2000, 'port_8', 0] [[1000, 0], [2000, 1000], [1000, 2000], [0, 1000]]
[46, 2000, 2000, 'port_9', 0] [[1000, 0], [2000, 1000], [1000, 2000], [0, 1000]]
[47, 2000, 2000, 'port_10', 0] [[1000, 0], [2000, 1000], [1000, 2000], [0, 1000]]
[48, 2000, 2000, 'port_11', 0] [[1000, 0], [2000, 1000], [1000, 2000], [0, 1000]]
[49, 2000, 2000, 'port_12', 0] [[1000, 0], [2000, 1000], [1000, 2000], [0, 1000]]
[50, 2000, 2000, 'port_13', 0] [[1000, 0], [2000, 1000], [1000, 2000], [0, 1000]]
[51, 2000, 2000, 'port_14', 0] [[1000, 0], [2000, 1000], [1000, 2000], [0, 1000]]
[52, 2000, 2000, 'port_15', 0] [[1000, 0], [2000, 1000], [1000, 2000], [0, 1000]]
[53, 2000, 2000, 'port_16', 0] [[1000, 0], [2000, 1000], [1000, 2000], [0, 1000]]
[54, 2000, 2000, 'port_17', 0] [[1000, 0], [2000, 1000], [1000, 2000], [0, 1000]]
[55, 2000, 2000, 'port_18', 0] [[1000, 0], [2000, 1000], [1000, 2000], [0, 1000]]
[56, 2000, 2000, 'port_19', 0] [[1000, 0], [2000, 1000], [1000, 2000], [0, 1000]]
2/9, Finish initial placement with rotation, time spent: 0.0009202957153320312 s
3/9, Finish symmetricalization, time spent: 3.743171691894531e-05 s
4/9, Finish routing, time spent: 0.0010988712310791016 s
****************************************************
New valid order that can lead to planar graph found:
[[0], [0], [0], [0], [0], [0], [0], [0], [0], [0], [0], [2, 13, 11, 15, 1, 8, 3, 5, 10, 9, 7, 16, 4, 12, 6, 14, 0], [0, 1, 2, 3, 4, 5, 6, 7, 8, 9, 10, 11, 12, 13, 14, 15, 16], [0, 1], [0, 1, 2], [0, 1, 2], [0, 1], [0], [0]]
****************************************************
--Finish applying new order
--Finish mirroring related components
5/9, Finish initialization of new orders, time spent: 0.003228425979614258 s
6/9, Finish shortening wirelength, time spent: 0.0002486705780029297 s
Skip stage7 LP according to user's need
8/9, Finish routing, time spent: 0.0013148784637451172 s
9/9, Finish compaction and connecting ports, time spent: 0.21200942993164062 s
<<<<<<<<<<<<<<<<<<<<<<<<<<<<<< All P&R Done >>>>>>>>>>>>>>>>>>>>>>>>>>>>>>
Total Timeusage: 0.21909046173095703 s
Reordering Timeusage: 0.003228425979614258 s
LP-based Optimization Timeusage: 0 s
P&R for the new orders: 0.21680140495300293 s
Cannot finish valid layer-1 synthesis for:
- reason=routing:fallback_no_compliant_valve_escape valve=valve_2 flow_connection=channel_25 control_port=Cport_2
- reason=routing:fallback_no_compliant_valve_escape valve=valve_3 flow_connection=channel_25 control_port=Cport_3
- reason=routing:fallback_no_compliant_valve_escape valve=valve_4 flow_connection=channel_25 control_port=Cport_4
Fit canvas to [205990.0, 268760.0] and center by [15000.0, -59800.0]
Done. Combined PR JSON: /home/student/Desktop/Neptune_2026/Microfluidics-Benchmarks/Results/tree_full_20260916_165459/artifacts/lfr__CIDAR_Lab_Past_Devices__Inlet_16__Inlet_16_fromLFR/result.json
