$ systemd-run --user --scope -q -p MemoryMax=64.0G -p MemorySwapMax=0 /home/student/anaconda3/envs/neptune2026/bin/python /home/student/Desktop/Neptune_2026/scripts/run_all_synthesize_timeout_report.py --_worker --algorithm tree --input /home/student/Desktop/Neptune_2026/Microfluidics-Benchmarks/Results/LFR_TestCases/Expressions/Expression_2/Expression_2_fromLFR.json --case-output /home/student/Desktop/Neptune_2026/Microfluidics-Benchmarks/Results/tree_full_20260916_165459/artifacts/lfr__Expressions__Expression_2__Expression_2_fromLFR --time-limit 3600.0 --solver-profile standard --mip-gap 0.0
Reversed 4 connection(s) with opposite-port direction conflicts: channel_3, channel_4, channel_5, channel_6.
Finish loading test case: Expression_2_fromLFR
1/9, Finish initial placement, time spent: 1.7404556274414062e-05 s
[0, 4000, 4000, 'port_1', 0] [[2000, 0], [4000, 2000], [2000, 4000], [0, 2000]]
[1, 4000, 4000, 'port_2', 0] [[2000, 0], [4000, 2000], [2000, 4000], [0, 2000]]
[2, 1800, 600, 'nozzle_droplet_generator_1', 0] [[400, 0], [1800, 300], [400, 600], [0, 300]]
[3, 4060, 4860, 'mixer_1', 0] [[2030, 0], [2030, 4860]]
[4, 2000, 2000, 'port_3', 0] [[1000, 0], [2000, 1000], [1000, 2000], [0, 1000]]
[5, 2000, 2000, 'port_4', 0] [[1000, 0], [2000, 1000], [1000, 2000], [0, 1000]]
[6, 2000, 2000, 'port_5', 0] [[1000, 0], [2000, 1000], [1000, 2000], [0, 1000]]
2/9, Finish initial placement with rotation, time spent: 0.00011587142944335938 s
3/9, Finish symmetricalization, time spent: 1.430511474609375e-05 s
4/9, Finish routing, time spent: 0.0001323223114013672 s
****************************************************
New valid order that can lead to planar graph found:
[[0], [1, 3, 0, 2], [0], [0]]
****************************************************
--Finish applying new order
--Finish mirroring related components
5/9, Finish initialization of new orders, time spent: 0.0005600452423095703 s
6/9, Finish shortening wirelength, time spent: 5.7220458984375e-05 s
Skip stage7 LP according to user's need
8/9, Finish routing, time spent: 0.00016236305236816406 s
9/9, Finish compaction and connecting ports, time spent: 0.02439284324645996 s
<<<<<<<<<<<<<<<<<<<<<<<<<<<<<< All P&R Done >>>>>>>>>>>>>>>>>>>>>>>>>>>>>>
Total Timeusage: 0.025452375411987305 s
Reordering Timeusage: 0.0005600452423095703 s
LP-based Optimization Timeusage: 0 s
P&R for the new orders: 0.02517247200012207 s
Spread 2 overlapping NOZZLE DROPLET GENERATOR nozzle_droplet_generator_1 pads into 8 row(s), stair 2381
Fit canvas to [90260.0, 76200.0] and center by [43460.0, 26900.0]
Done. Combined PR JSON: /home/student/Desktop/Neptune_2026/Microfluidics-Benchmarks/Results/tree_full_20260916_165459/artifacts/lfr__Expressions__Expression_2__Expression_2_fromLFR/result.json
