$ systemd-run --user --scope -q -p MemoryMax=64.0G -p MemorySwapMax=0 /home/student/anaconda3/envs/neptune2026/bin/python /home/student/Desktop/Neptune_2026/scripts/run_all_synthesize_timeout_report.py --_worker --algorithm tree --input /home/student/Desktop/Neptune_2026/Microfluidics-Benchmarks/Results/LFR_TestCases/CIDAR_Lab_Past_Devices/Root_Chip/Root_Chip_fromLFR.json --case-output /home/student/Desktop/Neptune_2026/Microfluidics-Benchmarks/Results/tree_full_20260916_165459/artifacts/lfr__CIDAR_Lab_Past_Devices__Root_Chip__Root_Chip_fromLFR --time-limit 3600.0 --solver-profile standard --mip-gap 0.0
Reversed 4 connection(s) with opposite-port direction conflicts: channel_17, channel_18, channel_22, channel_23.
Finish loading test case: Root_Chip_fromLFR
1/9, Finish initial placement, time spent: 0.00016117095947265625 s
[0, 4000, 4000, 'square_cell_trap_1', 0] [[0, 2000], [4000, 2000], [2000, 0], [2000, 4000]]
[1, 2000, 2000, 'port_1', 0] [[1000, 0], [2000, 1000], [1000, 2000], [0, 1000]]
[2, 4000, 4000, 'square_cell_trap_2', 0] [[0, 2000], [4000, 2000], [2000, 0], [2000, 4000]]
[3, 2000, 2000, 'port_2', 0] [[1000, 0], [2000, 1000], [1000, 2000], [0, 1000]]
[4, 4000, 4000, 'square_cell_trap_3', 0] [[0, 2000], [4000, 2000], [2000, 0], [2000, 4000]]
[5, 2000, 2000, 'port_3', 0] [[1000, 0], [2000, 1000], [1000, 2000], [0, 1000]]
[6, 4000, 4000, 'square_cell_trap_4', 0] [[0, 2000], [4000, 2000], [2000, 0], [2000, 4000]]
[7, 2000, 2000, 'port_4', 0] [[1000, 0], [2000, 1000], [1000, 2000], [0, 1000]]
[8, 4000, 4000, 'square_cell_trap_5', 0] [[0, 2000], [4000, 2000], [2000, 0], [2000, 4000]]
[9, 4000, 4000, 'square_cell_trap_6', 0] [[0, 2000], [4000, 2000], [2000, 0], [2000, 4000]]
[10, 2000, 2000, 'port_5', 0] [[1000, 0], [2000, 1000], [1000, 2000], [0, 1000]]
[11, 4000, 4000, 'square_cell_trap_7', 0] [[0, 2000], [4000, 2000], [2000, 0], [2000, 4000]]
[12, 2000, 2000, 'port_6', 0] [[1000, 0], [2000, 1000], [1000, 2000], [0, 1000]]
[13, 4000, 4000, 'square_cell_trap_8', 0] [[0, 2000], [4000, 2000], [2000, 0], [2000, 4000]]
[14, 2000, 2000, 'port_7', 0] [[1000, 0], [2000, 1000], [1000, 2000], [0, 1000]]
[15, 4000, 4000, 'square_cell_trap_9', 0] [[0, 2000], [4000, 2000], [2000, 0], [2000, 4000]]
[16, 2000, 2000, 'port_8', 0] [[1000, 0], [2000, 1000], [1000, 2000], [0, 1000]]
[17, 4060, 4860, 'mixer_1', 0] [[2030, 0], [2030, 4860]]
[18, 4060, 4860, 'mixer_2', 0] [[2030, 0], [2030, 4860]]
[19, 2000, 2000, 'port_9', 0] [[1000, 0], [2000, 1000], [1000, 2000], [0, 1000]]
[20, 2000, 2000, 'port_10', 0] [[1000, 0], [2000, 1000], [1000, 2000], [0, 1000]]
[21, 2000, 2000, 'port_11', 0] [[1000, 0], [2000, 1000], [1000, 2000], [0, 1000]]
2/9, Finish initial placement with rotation, time spent: 0.0004029273986816406 s
3/9, Finish symmetricalization, time spent: 2.1696090698242188e-05 s
4/9, Finish routing, time spent: 0.00039887428283691406 s
****************************************************
New valid order that can lead to planar graph found:
[[0], [0], [0], [0, 1, 2, 3, 4, 5, 6, 7], [0, 1, 2, 3, 4, 5, 6, 7], [0], [0, 1]]
****************************************************
--Finish applying new order
--Finish mirroring related components
5/9, Finish initialization of new orders, time spent: 0.002347707748413086 s
6/9, Finish shortening wirelength, time spent: 0.00013756752014160156 s
Skip stage7 LP according to user's need
8/9, Finish routing, time spent: 0.0005297660827636719 s
9/9, Finish compaction and connecting ports, time spent: 0.07662153244018555 s
<<<<<<<<<<<<<<<<<<<<<<<<<<<<<< All P&R Done >>>>>>>>>>>>>>>>>>>>>>>>>>>>>>
Total Timeusage: 0.08062124252319336 s
Reordering Timeusage: 0.002347707748413086 s
LP-based Optimization Timeusage: 0 s
P&R for the new orders: 0.0796365737915039 s
Cannot finish valid layer-1 synthesis for:
- reason=routing:fallback_no_compliant_valve_escape valve=valve_0 flow_connection=channel_18 control_port=Cport_0
- reason=routing:fallback_no_compliant_valve_escape valve=valve_1 flow_connection=channel_18 control_port=Cport_1
- reason=routing:fallback_no_compliant_valve_escape valve=valve_2 flow_connection=channel_18 control_port=Cport_2
- reason=routing:fallback_no_compliant_valve_escape valve=valve_3 flow_connection=channel_18 control_port=Cport_3
- reason=routing:fallback_no_compliant_valve_escape valve=valve_4 flow_connection=channel_18 control_port=Cport_4
- reason=routing:fallback_no_compliant_valve_escape valve=valve_5 flow_connection=channel_18 control_port=Cport_5
- reason=routing:fallback_no_compliant_valve_escape valve=valve_6 flow_connection=channel_18 control_port=Cport_6
- reason=routing:fallback_no_compliant_valve_escape valve=valve_7 flow_connection=channel_18 control_port=Cport_7
- reason=routing:fallback_no_compliant_valve_escape valve=valve_8 flow_connection=channel_18 control_port=Cport_8
- reason=routing:fallback_no_compliant_valve_escape valve=valve_9 flow_connection=channel_18 control_port=Cport_9
- reason=routing:fallback_no_compliant_valve_escape valve=valve_10 flow_connection=channel_18 control_port=Cport_10
- reason=routing:fallback_no_compliant_valve_escape valve=valve_11 flow_connection=channel_18 control_port=Cport_11
- reason=routing:fallback_no_compliant_valve_escape valve=valve_12 flow_connection=channel_18 control_port=Cport_12
- reason=routing:fallback_no_compliant_valve_escape valve=valve_13 flow_connection=channel_18 control_port=Cport_13
- reason=routing:fallback_no_compliant_valve_escape valve=valve_14 flow_connection=channel_18 control_port=Cport_14
- reason=routing:fallback_no_compliant_valve_escape valve=valve_15 flow_connection=channel_18 control_port=Cport_15
- reason=routing:fallback_no_compliant_valve_escape valve=valve_16 flow_connection=channel_18 control_port=Cport_16
Spread 3 overlapping SQUARE CELL TRAP square_cell_trap_5 pads into 2399 row(s), stair 2400
Fit canvas to [104900.0, 116720.0] and center by [15000.0, 18000.0]
Done. Combined PR JSON: /home/student/Desktop/Neptune_2026/Microfluidics-Benchmarks/Results/tree_full_20260916_165459/artifacts/lfr__CIDAR_Lab_Past_Devices__Root_Chip__Root_Chip_fromLFR/result.json
