$ systemd-run --user --scope -q -p MemoryMax=64.0G -p MemorySwapMax=0 /home/student/anaconda3/envs/neptune2026/bin/python /home/student/Desktop/Neptune_2026/scripts/run_all_synthesize_timeout_report.py --_worker --algorithm tree --input /home/student/Desktop/Neptune_2026/Microfluidics-Benchmarks/Results/LFR_TestCases/Expressions/Expression_7/Expression_7_fromLFR.json --case-output /home/student/Desktop/Neptune_2026/Microfluidics-Benchmarks/Results/tree_full_20260916_165459/artifacts/lfr__Expressions__Expression_7__Expression_7_fromLFR --time-limit 3600.0 --solver-profile standard --mip-gap 0.0
Reversed 9 connection(s) with opposite-port direction conflicts: channel_6, channel_8, channel_10, channel_12, channel_14, channel_16, channel_17, channel_18, channel_19.
Finish loading test case: Expression_7_fromLFR
1/9, Finish initial placement, time spent: 2.1219253540039062e-05 s
[0, 49, 20, 'ytree_1', 0] [[24, 0], [46, 20], [40, 20], [33, 20], [27, 20], [21, 20], [15, 20], [8, 20], [2, 20]]
[1, 2000, 2000, 'port_1', 0] [[1000, 0], [2000, 1000], [1000, 2000], [0, 1000]]
[2, 4060, 4860, 'mixer_1', 0] [[2030, 0], [2030, 4860]]
[3, 4060, 4860, 'mixer_2', 0] [[2030, 0], [2030, 4860]]
[4, 4060, 4860, 'mixer_3', 0] [[2030, 0], [2030, 4860]]
[5, 2000, 2000, 'port_2', 0] [[1000, 0], [2000, 1000], [1000, 2000], [0, 1000]]
[6, 2000, 2000, 'port_3', 0] [[1000, 0], [2000, 1000], [1000, 2000], [0, 1000]]
[7, 2000, 2000, 'port_4', 0] [[1000, 0], [2000, 1000], [1000, 2000], [0, 1000]]
[8, 2000, 2000, 'port_5', 0] [[1000, 0], [2000, 1000], [1000, 2000], [0, 1000]]
[9, 2000, 2000, 'port_6', 0] [[1000, 0], [2000, 1000], [1000, 2000], [0, 1000]]
[10, 2000, 2000, 'port_7', 0] [[1000, 0], [2000, 1000], [1000, 2000], [0, 1000]]
2/9, Finish initial placement with rotation, time spent: 0.0001461505889892578 s
3/9, Finish symmetricalization, time spent: 1.6927719116210938e-05 s
4/9, Finish routing, time spent: 0.0002162456512451172 s
****************************************************
New valid order that can lead to planar graph found:
[[2, 4, 0, 5, 1, 3], [0, 1, 2], [0], [0]]
****************************************************
--Finish applying new order
--Finish mirroring related components
5/9, Finish initialization of new orders, time spent: 0.0008187294006347656 s
6/9, Finish shortening wirelength, time spent: 8.416175842285156e-05 s
Skip stage7 LP according to user's need
8/9, Finish routing, time spent: 0.00027489662170410156 s
9/9, Finish compaction and connecting ports, time spent: 0.06657195091247559 s
<<<<<<<<<<<<<<<<<<<<<<<<<<<<<< All P&R Done >>>>>>>>>>>>>>>>>>>>>>>>>>>>>>
Total Timeusage: 0.06815028190612793 s
Reordering Timeusage: 0.0008187294006347656 s
LP-based Optimization Timeusage: 0 s
P&R for the new orders: 0.0677497386932373 s
Spread 2 overlapping MIXER mixer_2 pads into 2399 row(s), stair 2400
Spread 2 overlapping MIXER mixer_3 pads into 2399 row(s), stair 2400
Spread 2 overlapping MIXER mixer_1 pads into 2399 row(s), stair 2400
Fit canvas to [76200.0, 87760.0] and center by [-54730.0, -55400.0]
Done. Combined PR JSON: /home/student/Desktop/Neptune_2026/Microfluidics-Benchmarks/Results/tree_full_20260916_165459/artifacts/lfr__Expressions__Expression_7__Expression_7_fromLFR/result.json
