$ systemd-run --user --scope -q -p MemoryMax=64.0G -p MemorySwapMax=0 /home/student/anaconda3/envs/neptune2026/bin/python /home/student/Desktop/Neptune_2026/scripts/run_all_synthesize_timeout_report.py --_worker --algorithm tree --input /home/student/Desktop/Neptune_2026/Microfluidics-Benchmarks/Results/MINT_TestCases/CIDAR_Lab_Past_Devices/Chemostat_Chip/Chemostat_Chip_fromMINT.json --case-output /home/student/Desktop/Neptune_2026/Microfluidics-Benchmarks/Results/tree_full_20260916_165459/artifacts/mint__CIDAR_Lab_Past_Devices__Chemostat_Chip__Chemostat_Chip_fromMINT --time-limit 3600.0 --solver-profile standard --mip-gap 0.0
Reversed 34 connection(s) with opposite-port direction conflicts: channel_1, channel_2, channel_3, channel_4, channel_5, channel_6, channel_7, channel_8, channel_9, channel_26, channel_27, channel_28, channel_29, channel_30, channel_31, channel_32, channel_33, channel_34, channel_35, channel_36, channel_37, channel_38, channel_39, channel_40, channel_41, channel_42, channel_43, channel_44, channel_45, channel_46, channel_47, channel_48, channel_49, channel_50.
Finish loading test case: Chemostat_Chip_fromMINT
1/9, Finish initial placement, time spent: 0.00010418891906738281 s
[0, 4060, 4860, 'mixer_1', 0] [[2030, 0], [2030, 4860]]
[1, 4000, 4000, 'square_cell_trap_1', 0] [[0, 2000], [4000, 2000], [2000, 0], [2000, 4000]]
[2, 4000, 4000, 'square_cell_trap_2', 0] [[0, 2000], [4000, 2000], [2000, 0], [2000, 4000]]
[3, 1400, 1400, 'port_1', 0] [[700, 0], [1400, 700], [700, 1400], [0, 700]]
[4, 4000, 4000, 'square_cell_trap_3', 0] [[0, 2000], [4000, 2000], [2000, 0], [2000, 4000]]
[5, 4000, 4000, 'square_cell_trap_4', 0] [[0, 2000], [4000, 2000], [2000, 0], [2000, 4000]]
[6, 4000, 4000, 'square_cell_trap_5', 0] [[0, 2000], [4000, 2000], [2000, 0], [2000, 4000]]
[7, 4000, 4000, 'square_cell_trap_6', 0] [[0, 2000], [4000, 2000], [2000, 0], [2000, 4000]]
[8, 4000, 4000, 'square_cell_trap_7', 0] [[0, 2000], [4000, 2000], [2000, 0], [2000, 4000]]
[9, 4000, 4000, 'square_cell_trap_8', 0] [[0, 2000], [4000, 2000], [2000, 0], [2000, 4000]]
[10, 4000, 4000, 'square_cell_trap_9', 0] [[0, 2000], [4000, 2000], [2000, 0], [2000, 4000]]
[11, 4060, 4860, 'mixer_2', 0] [[2030, 0], [2030, 4860]]
[12, 4060, 4860, 'mixer_3', 0] [[2030, 0], [2030, 4860]]
[13, 4060, 4860, 'mixer_4', 0] [[2030, 0], [2030, 4860]]
[14, 4060, 4860, 'mixer_5', 0] [[2030, 0], [2030, 4860]]
[15, 4060, 4860, 'mixer_6', 0] [[2030, 0], [2030, 4860]]
[16, 4060, 4860, 'mixer_7', 0] [[2030, 0], [2030, 4860]]
[17, 4060, 4860, 'mixer_8', 0] [[2030, 0], [2030, 4860]]
[18, 4060, 4860, 'mixer_9', 0] [[2030, 0], [2030, 4860]]
[19, 4060, 4860, 'mixer_10', 0] [[2030, 0], [2030, 4860]]
[20, 4060, 4860, 'mixer_11', 0] [[2030, 0], [2030, 4860]]
[21, 4060, 4860, 'mixer_12', 0] [[2030, 0], [2030, 4860]]
[22, 4060, 4860, 'mixer_13', 0] [[2030, 0], [2030, 4860]]
[23, 4060, 4860, 'mixer_14', 0] [[2030, 0], [2030, 4860]]
[24, 4060, 4860, 'mixer_15', 0] [[2030, 0], [2030, 4860]]
[25, 4060, 4860, 'mixer_16', 0] [[2030, 0], [2030, 4860]]
[26, 4060, 4860, 'mixer_17', 0] [[2030, 0], [2030, 4860]]
[27, 1400, 1400, 'port_2', 0] [[700, 0], [1400, 700], [700, 1400], [0, 700]]
[28, 1400, 1400, 'port_3', 0] [[700, 0], [1400, 700], [700, 1400], [0, 700]]
[29, 1400, 1400, 'port_4', 0] [[700, 0], [1400, 700], [700, 1400], [0, 700]]
[30, 1400, 1400, 'port_5', 0] [[700, 0], [1400, 700], [700, 1400], [0, 700]]
[31, 1400, 1400, 'port_6', 0] [[700, 0], [1400, 700], [700, 1400], [0, 700]]
[32, 1400, 1400, 'port_7', 0] [[700, 0], [1400, 700], [700, 1400], [0, 700]]
[33, 1400, 1400, 'port_8', 0] [[700, 0], [1400, 700], [700, 1400], [0, 700]]
[34, 1400, 1400, 'port_9', 0] [[700, 0], [1400, 700], [700, 1400], [0, 700]]
[35, 1400, 1400, 'port_10', 0] [[700, 0], [1400, 700], [700, 1400], [0, 700]]
2/9, Finish initial placement with rotation, time spent: 0.0005033016204833984 s
3/9, Finish symmetricalization, time spent: 2.5987625122070312e-05 s
4/9, Finish routing, time spent: 0.0007288455963134766 s
****************************************************
New valid order that can lead to planar graph found:
[[0], [0], [0], [0], [0], [5, 1, 9, 7, 8, 4, 2, 6, 3, 0], [0, 1, 2, 3, 4, 5, 6, 7, 8, 9], [0, 1], [0], [0, 1, 2, 3, 4, 5, 6, 7]]
****************************************************
--Finish applying new order
--Finish mirroring related components
5/9, Finish initialization of new orders, time spent: 23.25954818725586 s
6/9, Finish shortening wirelength, time spent: 0.00017404556274414062 s
Skip stage7 LP according to user's need
8/9, Finish routing, time spent: 0.0008893013000488281 s
9/9, Finish compaction and connecting ports, time spent: 0.14635801315307617 s
<<<<<<<<<<<<<<<<<<<<<<<<<<<<<< All P&R Done >>>>>>>>>>>>>>>>>>>>>>>>>>>>>>
Total Timeusage: 23.408331871032715 s
Reordering Timeusage: 23.25954818725586 s
LP-based Optimization Timeusage: 0 s
P&R for the new orders: 23.40696954727173 s
Cannot finish valid layer-1 synthesis for:
- reason=routing:fallback_no_compliant_valve_escape valve=valve_0 flow_connection=channel_27 control_port=Cport_0
- reason=routing:fallback_no_compliant_valve_escape valve=valve_0 flow_connection=channel_27 control_port=Cport_1
- reason=routing:fallback_no_compliant_valve_escape valve=valve_0 flow_connection=channel_27 control_port=Cport_2
- reason=routing:fallback_no_compliant_valve_escape valve=valve_0 flow_connection=channel_27 control_port=Cport_3
- reason=routing:fallback_no_compliant_valve_escape valve=valve_0 flow_connection=channel_27 control_port=Cport_4
- reason=routing:fallback_no_compliant_valve_escape valve=valve_0 flow_connection=channel_27 control_port=Cport_5
- reason=routing:fallback_no_compliant_valve_escape valve=valve_0 flow_connection=channel_27 control_port=Cport_6
- reason=routing:fallback_no_compliant_valve_escape valve=valve_0 flow_connection=channel_27 control_port=Cport_7
- reason=routing:fallback_no_compliant_valve_escape valve=valve_0 flow_connection=channel_27 control_port=Cport_8
- reason=routing:fallback_no_compliant_valve_escape valve=valve_0 flow_connection=channel_27 control_port=Cport_9
- reason=routing:fallback_no_compliant_valve_escape valve=valve_0 flow_connection=channel_27 control_port=Cport_10
- reason=routing:fallback_no_compliant_valve_escape valve=valve_0 flow_connection=channel_27 control_port=Cport_11
- reason=routing:fallback_no_compliant_valve_escape valve=valve_0 flow_connection=channel_27 control_port=Cport_12
- reason=routing:fallback_no_compliant_valve_escape valve=valve_0 flow_connection=channel_27 control_port=Cport_13
- reason=routing:fallback_no_compliant_valve_escape valve=valve_0 flow_connection=channel_27 control_port=Cport_14
- reason=routing:fallback_no_compliant_valve_escape valve=valve_0 flow_connection=channel_27 control_port=Cport_15
- reason=routing:fallback_no_compliant_valve_escape valve=valve_0 flow_connection=channel_27 control_port=Cport_16
- reason=routing:fallback_no_compliant_valve_escape valve=valve_0 flow_connection=channel_27 control_port=Cport_17
- reason=routing:fallback_no_compliant_valve_escape valve=valve_0 flow_connection=channel_27 control_port=Cport_18
- reason=routing:fallback_no_compliant_valve_escape valve=valve_0 flow_connection=channel_27 control_port=Cport_19
- reason=routing:fallback_no_compliant_valve_escape valve=valve_0 flow_connection=channel_27 control_port=Cport_20
- reason=routing:fallback_no_compliant_valve_escape valve=valve_0 flow_connection=channel_27 control_port=Cport_21
- reason=routing:fallback_no_compliant_valve_escape valve=valve_0 flow_connection=channel_27 control_port=Cport_23
Spread 24 overlapping VALVE3D valve_0 pads into 2399 row(s), stair 2400
Fit canvas to [183570.0, 156680.0] and center by [-7630.0, -53200.0]
Done. Combined PR JSON: /home/student/Desktop/Neptune_2026/Microfluidics-Benchmarks/Results/tree_full_20260916_165459/artifacts/mint__CIDAR_Lab_Past_Devices__Chemostat_Chip__Chemostat_Chip_fromMINT/result.json
