$ systemd-run --user --scope -q -p MemoryMax=64.0G -p MemorySwapMax=0 /home/student/anaconda3/envs/neptune2026/bin/python /home/student/Desktop/Neptune_2026/scripts/run_all_synthesize_timeout_report.py --_worker --algorithm tree --input /home/student/Desktop/Neptune_2026/Microfluidics-Benchmarks/Results/MINT_TestCases/Base/Port_Multi_Connection/Port_Multi_Connection_fromMINT.json --case-output /home/student/Desktop/Neptune_2026/Microfluidics-Benchmarks/Results/tree_full_20260916_165459/artifacts/mint__Base__Port_Multi_Connection__Port_Multi_Connection_fromMINT --time-limit 3600.0 --solver-profile standard --mip-gap 0.0
Reversed 4 connection(s) with opposite-port direction conflicts: c1, c2, c3, c4.
Finish loading test case: Port_Multi_Connection_fromMINT
1/9, Finish initial placement, time spent: 1.4543533325195312e-05 s
[0, 2000, 2000, 'p1', 0] [[1000, 0], [2000, 1000], [1000, 2000], [0, 1000]]
[1, 2000, 2000, 'p2', 0] [[1000, 0], [2000, 1000], [1000, 2000], [0, 1000]]
[2, 4060, 4860, 'm1', 0] [[2030, 0], [2030, 4860]]
[3, 4060, 4860, 'm2', 0] [[2030, 0], [2030, 4860]]
2/9, Finish initial placement with rotation, time spent: 8.440017700195312e-05 s
3/9, Finish symmetricalization, time spent: 1.33514404296875e-05 s
4/9, Finish routing, time spent: 0.00010752677917480469 s
****************************************************
New valid order that can lead to planar graph found:
[[0], [0, 1], [0]]
****************************************************
--Finish applying new order
--Finish mirroring related components
5/9, Finish initialization of new orders, time spent: 0.0004553794860839844 s
6/9, Finish shortening wirelength, time spent: 4.57763671875e-05 s
Skip stage7 LP according to user's need
8/9, Finish routing, time spent: 0.00014257431030273438 s
9/9, Finish compaction and connecting ports, time spent: 0.01791691780090332 s
<<<<<<<<<<<<<<<<<<<<<<<<<<<<<< All P&R Done >>>>>>>>>>>>>>>>>>>>>>>>>>>>>>
Total Timeusage: 0.01878046989440918 s
Reordering Timeusage: 0.0004553794860839844 s
LP-based Optimization Timeusage: 0 s
P&R for the new orders: 0.01856064796447754 s
Fit canvas to [76200.0, 76200.0] and center by [27040.0, 25270.0]
Done. Combined PR JSON: /home/student/Desktop/Neptune_2026/Microfluidics-Benchmarks/Results/tree_full_20260916_165459/artifacts/mint__Base__Port_Multi_Connection__Port_Multi_Connection_fromMINT/result.json
