$ systemd-run --user --scope -q -p MemoryMax=64.0G -p MemorySwapMax=0 /home/student/anaconda3/envs/neptune2026/bin/python /home/student/Desktop/Neptune_2026/scripts/run_all_synthesize_timeout_report.py --_worker --algorithm tree --input /home/student/Desktop/Neptune_2026/Microfluidics-Benchmarks/Results/MINT_TestCases/CIDAR_Lab_Past_Devices/Microreactor/Microreactor_fromMINT.json --case-output /home/student/Desktop/Neptune_2026/Microfluidics-Benchmarks/Results/tree_full_20260916_165459/artifacts/mint__CIDAR_Lab_Past_Devices__Microreactor__Microreactor_fromMINT --time-limit 3600.0 --solver-profile standard --mip-gap 0.0
Reversed 7 connection(s) with opposite-port direction conflicts: channel_1, channel_2, channel_3, channel_4, channel_5, channel_6, channel_10.
Finish loading test case: Microreactor_fromMINT
1/9, Finish initial placement, time spent: 3.6716461181640625e-05 s
[0, 4000, 4000, 'square_cell_trap_1', 0] [[0, 2000], [4000, 2000], [2000, 0], [2000, 4000]]
[1, 4060, 4860, 'mixer_1', 0] [[2030, 0], [2030, 4860]]
[2, 4060, 4860, 'mixer_2', 0] [[2030, 0], [2030, 4860]]
[3, 4060, 4860, 'mixer_3', 0] [[2030, 0], [2030, 4860]]
[4, 1400, 1400, 'port_1', 0] [[700, 0], [1400, 700], [700, 1400], [0, 700]]
[5, 4000, 4000, 'square_cell_trap_2', 0] [[0, 2000], [4000, 2000], [2000, 0], [2000, 4000]]
[6, 4000, 4000, 'square_cell_trap_3', 0] [[0, 2000], [4000, 2000], [2000, 0], [2000, 4000]]
[7, 1400, 1400, 'port_2', 0] [[700, 0], [1400, 700], [700, 1400], [0, 700]]
2/9, Finish initial placement with rotation, time spent: 0.00015211105346679688 s
3/9, Finish symmetricalization, time spent: 1.4781951904296875e-05 s
4/9, Finish routing, time spent: 0.00018310546875 s
****************************************************
Fail to find valid order; keeping the initial row order
****************************************************
--Finish applying new order
--Finish mirroring related components
5/9, Finish initialization of new orders, time spent: 0.0009810924530029297 s
6/9, Finish shortening wirelength, time spent: 6.985664367675781e-05 s
Skip stage7 LP according to user's need
8/9, Finish routing, time spent: 0.0002353191375732422 s
9/9, Finish compaction and connecting ports, time spent: 0.03131747245788574 s
<<<<<<<<<<<<<<<<<<<<<<<<<<<<<< All P&R Done >>>>>>>>>>>>>>>>>>>>>>>>>>>>>>
Total Timeusage: 0.032990455627441406 s
Reordering Timeusage: 0.0009810924530029297 s
LP-based Optimization Timeusage: 0 s
P&R for the new orders: 0.03260374069213867 s
Cannot finish valid layer-1 synthesis for:
- reason=routing:fallback_no_compliant_valve_escape valve=valve_0 flow_connection=channel_11 control_port=Cport_0
- reason=routing:fallback_no_compliant_valve_escape valve=valve_0 flow_connection=channel_11 control_port=Cport_2
- reason=routing:fallback_no_compliant_valve_escape valve=valve_0 flow_connection=channel_11 control_port=Cport_3
- reason=routing:fallback_no_compliant_valve_escape valve=valve_0 flow_connection=channel_11 control_port=Cport_4
- reason=routing:fallback_no_compliant_valve_escape valve=valve_0 flow_connection=channel_11 control_port=Cport_5
- reason=routing:fallback_no_compliant_valve_escape valve=valve_0 flow_connection=channel_11 control_port=Cport_6
- reason=routing:fallback_no_compliant_valve_escape valve=valve_0 flow_connection=channel_11 control_port=Cport_7
- reason=routing:fallback_no_compliant_valve_escape valve=valve_0 flow_connection=channel_11 control_port=Cport_8
- reason=routing:fallback_no_compliant_valve_escape valve=valve_0 flow_connection=channel_11 control_port=Cport_9
Spread 10 overlapping VALVE3D valve_0 pads into 2399 row(s), stair 2400
Fit canvas to [91160.0, 94580.0] and center by [-64200.0, -53200.0]
Done. Combined PR JSON: /home/student/Desktop/Neptune_2026/Microfluidics-Benchmarks/Results/tree_full_20260916_165459/artifacts/mint__CIDAR_Lab_Past_Devices__Microreactor__Microreactor_fromMINT/result.json
