$ systemd-run --user --scope -q -p MemoryMax=64.0G -p MemorySwapMax=0 /home/student/anaconda3/envs/neptune2026/bin/python /home/student/Desktop/Neptune_2026/scripts/run_all_synthesize_timeout_report.py --_worker --algorithm tree --input /home/student/Desktop/Neptune_2026/Microfluidics-Benchmarks/Results/MINT_TestCases/Base/Three_Port_Channel/Three_Port_Channel_fromMINT.json --case-output /home/student/Desktop/Neptune_2026/Microfluidics-Benchmarks/Results/tree_full_20260916_165459/artifacts/mint__Base__Three_Port_Channel__Three_Port_Channel_fromMINT --time-limit 3600.0 --solver-profile standard --mip-gap 0.0
Finish loading test case: Three_Port_Channel_fromMINT
1/9, Finish initial placement, time spent: 1.430511474609375e-05 s
[0, 200, 200, 'p1', 0] [[100, 0], [200, 100], [100, 200], [0, 100]]
[1, 200, 200, 'p2', 0] [[100, 0], [200, 100], [100, 200], [0, 100]]
[2, 200, 200, 'p3', 0] [[100, 0], [200, 100], [100, 200], [0, 100]]
2/9, Finish initial placement with rotation, time spent: 6.175041198730469e-05 s
3/9, Finish symmetricalization, time spent: 1.2159347534179688e-05 s
4/9, Finish routing, time spent: 8.368492126464844e-05 s
****************************************************
New valid order that can lead to planar graph found:
[[0], [0], [0]]
****************************************************
--Finish applying new order
--Finish mirroring related components
5/9, Finish initialization of new orders, time spent: 0.0003218650817871094 s
6/9, Finish shortening wirelength, time spent: 3.647804260253906e-05 s
Skip stage7 LP according to user's need
8/9, Finish routing, time spent: 0.00010323524475097656 s
9/9, Finish compaction and connecting ports, time spent: 0.014462471008300781 s
<<<<<<<<<<<<<<<<<<<<<<<<<<<<<< All P&R Done >>>>>>>>>>>>>>>>>>>>>>>>>>>>>>
Total Timeusage: 0.015095949172973633 s
Reordering Timeusage: 0.0003218650817871094 s
LP-based Optimization Timeusage: 0 s
P&R for the new orders: 0.014924049377441406 s
Fit canvas to [76200.0, 76200.0] and center by [32950.0, 30700.0]
Done. Combined PR JSON: /home/student/Desktop/Neptune_2026/Microfluidics-Benchmarks/Results/tree_full_20260916_165459/artifacts/mint__Base__Three_Port_Channel__Three_Port_Channel_fromMINT/result.json
