$ systemd-run --user --scope -q -p MemoryMax=64.0G -p MemorySwapMax=0 /home/student/anaconda3/envs/neptune2026/bin/python /home/student/Desktop/Neptune_2026/scripts/run_all_synthesize_timeout_report.py --_worker --algorithm tree --input /home/student/Desktop/Neptune_2026/Microfluidics-Benchmarks/Results/MINT_TestCases/CIDAR_Lab_Past_Devices/Seeding/Seeding_fromMINT.json --case-output /home/student/Desktop/Neptune_2026/Microfluidics-Benchmarks/Results/tree_full_20260916_165459/artifacts/mint__CIDAR_Lab_Past_Devices__Seeding__Seeding_fromMINT --time-limit 3600.0 --solver-profile standard --mip-gap 0.0
Reversed 6 connection(s) with opposite-port direction conflicts: channel_33, channel_34, channel_35, channel_36, channel_37, channel_38.
Finish loading test case: Seeding_fromMINT
1/9, Finish initial placement, time spent: 6.103515625e-05 s
[0, 4000, 4000, 'square_cell_trap_1', 0] [[0, 2000], [4000, 2000], [2000, 0], [2000, 4000]]
[1, 1400, 1400, 'port_1', 0] [[700, 0], [1400, 700], [700, 1400], [0, 700]]
[2, 4000, 4000, 'square_cell_trap_2', 0] [[0, 2000], [4000, 2000], [2000, 0], [2000, 4000]]
[3, 4000, 4000, 'square_cell_trap_3', 0] [[0, 2000], [4000, 2000], [2000, 0], [2000, 4000]]
[4, 1400, 1400, 'port_2', 0] [[700, 0], [1400, 700], [700, 1400], [0, 700]]
[5, 4000, 4000, 'square_cell_trap_4', 0] [[0, 2000], [4000, 2000], [2000, 0], [2000, 4000]]
[6, 4000, 4000, 'square_cell_trap_5', 0] [[0, 2000], [4000, 2000], [2000, 0], [2000, 4000]]
[7, 4000, 4000, 'square_cell_trap_6', 0] [[0, 2000], [4000, 2000], [2000, 0], [2000, 4000]]
[8, 4000, 4000, 'square_cell_trap_7', 0] [[0, 2000], [4000, 2000], [2000, 0], [2000, 4000]]
[9, 4000, 4000, 'square_cell_trap_8', 0] [[0, 2000], [4000, 2000], [2000, 0], [2000, 4000]]
[10, 4000, 4000, 'square_cell_trap_9', 0] [[0, 2000], [4000, 2000], [2000, 0], [2000, 4000]]
[11, 4000, 4000, 'square_cell_trap_10', 0] [[0, 2000], [4000, 2000], [2000, 0], [2000, 4000]]
[12, 4000, 4000, 'square_cell_trap_11', 0] [[0, 2000], [4000, 2000], [2000, 0], [2000, 4000]]
[13, 4000, 4000, 'square_cell_trap_12', 0] [[0, 2000], [4000, 2000], [2000, 0], [2000, 4000]]
[14, 4000, 4000, 'square_cell_trap_13', 0] [[0, 2000], [4000, 2000], [2000, 0], [2000, 4000]]
[15, 4000, 4000, 'square_cell_trap_14', 0] [[0, 2000], [4000, 2000], [2000, 0], [2000, 4000]]
[16, 4000, 4000, 'square_cell_trap_15', 0] [[0, 2000], [4000, 2000], [2000, 0], [2000, 4000]]
[17, 4000, 4000, 'square_cell_trap_16', 0] [[0, 2000], [4000, 2000], [2000, 0], [2000, 4000]]
[18, 4000, 4000, 'square_cell_trap_17', 0] [[0, 2000], [4000, 2000], [2000, 0], [2000, 4000]]
[19, 4060, 4860, 'mixer_1', 0] [[2030, 0], [2030, 4860]]
[20, 4060, 4860, 'mixer_2', 0] [[2030, 0], [2030, 4860]]
[21, 1400, 1400, 'port_3', 0] [[700, 0], [1400, 700], [700, 1400], [0, 700]]
[22, 1400, 1400, 'port_4', 0] [[700, 0], [1400, 700], [700, 1400], [0, 700]]
2/9, Finish initial placement with rotation, time spent: 0.00043487548828125 s
3/9, Finish symmetricalization, time spent: 2.09808349609375e-05 s
4/9, Finish routing, time spent: 0.0008065700531005859 s
****************************************************
Fail to find valid order; keeping the initial row order
****************************************************
--Finish applying new order
--Finish mirroring related components
5/9, Finish initialization of new orders, time spent: 0.10357475280761719 s
6/9, Finish shortening wirelength, time spent: 0.0001533031463623047 s
Skip stage7 LP according to user's need
8/9, Finish routing, time spent: 0.0008807182312011719 s
9/9, Finish compaction and connecting ports, time spent: 0.10053753852844238 s
<<<<<<<<<<<<<<<<<<<<<<<<<<<<<< All P&R Done >>>>>>>>>>>>>>>>>>>>>>>>>>>>>>
Total Timeusage: 0.20646977424621582 s
Reordering Timeusage: 0.10357475280761719 s
LP-based Optimization Timeusage: 0 s
P&R for the new orders: 0.20514631271362305 s
Cannot finish valid layer-1 synthesis for:
- reason=routing:fallback_no_compliant_valve_escape valve=valve_0 flow_connection=channel_34 control_port=Cport_0
- reason=routing:fallback_no_compliant_valve_escape valve=valve_0 flow_connection=channel_34 control_port=Cport_2
- reason=routing:fallback_no_compliant_valve_escape valve=valve_0 flow_connection=channel_34 control_port=Cport_3
- reason=routing:fallback_no_compliant_valve_escape valve=valve_0 flow_connection=channel_34 control_port=Cport_4
- reason=routing:fallback_no_compliant_valve_escape valve=valve_0 flow_connection=channel_34 control_port=Cport_5
- reason=routing:fallback_no_compliant_valve_escape valve=valve_0 flow_connection=channel_34 control_port=Cport_6
Spread 2 overlapping MIXER mixer_1 pads into 2399 row(s), stair 2400
Spread 7 overlapping VALVE3D valve_0 pads into 2399 row(s), stair 2400
Fit canvas to [164000.0, 92660.0] and center by [-32200.0, -26340.0]
Done. Combined PR JSON: /home/student/Desktop/Neptune_2026/Microfluidics-Benchmarks/Results/tree_full_20260916_165459/artifacts/mint__CIDAR_Lab_Past_Devices__Seeding__Seeding_fromMINT/result.json
