$ systemd-run --user --scope -q -p MemoryMax=64.0G -p MemorySwapMax=0 /home/student/anaconda3/envs/neptune2026/bin/python /home/student/Desktop/Neptune_2026/scripts/run_all_synthesize_timeout_report.py --_worker --algorithm tree --input /home/student/Desktop/Neptune_2026/Microfluidics-Benchmarks/Results/MINT_TestCases/Base/Super_MUX_32/Super_MUX_32_fromMINT.json --case-output /home/student/Desktop/Neptune_2026/Microfluidics-Benchmarks/Results/tree_full_20260916_165459/artifacts/mint__Base__Super_MUX_32__Super_MUX_32_fromMINT --time-limit 3600.0 --solver-profile standard --mip-gap 0.0
Finish loading test case: Super_MUX_32_fromMINT
1/9, Finish initial placement, time spent: 3.504753112792969e-05 s
[0, 126800, 20500, 'mux_32', 0] [[63400.0, 0.0], [125400.0, 20500.0], [121400.0, 20500.0], [117400.0, 20500.0], [113400.0, 20500.0], [109400.0, 20500.0], [105400.0, 20500.0], [101400.0, 20500.0], [97400.0, 20500.0], [93400.0, 20500.0], [89400.0, 20500.0], [85400.0, 20500.0], [81400.0, 20500.0], [77400.0, 20500.0], [73400.0, 20500.0], [69400.0, 20500.0], [65400.0, 20500.0], [61400.0, 20500.0], [57400.0, 20500.0], [53400.0, 20500.0], [49400.0, 20500.0], [45400.0, 20500.0], [41400.0, 20500.0], [37400.0, 20500.0], [33400.0, 20500.0], [29400.0, 20500.0], [25400.0, 20500.0], [21400.0, 20500.0], [17400.0, 20500.0], [13400.0, 20500.0], [9400.0, 20500.0], [5400.0, 20500.0], [1400.0, 20500.0], [0.0, 4750.0], [126800.0, 5250.0], [0.0, 8250.0], [126800.0, 8750.0], [0.0, 11750.0], [126800.0, 12250.0], [0.0, 15250.0], [126800.0, 15750.0], [0.0, 18750.0], [126800.0, 19250.0]]
[1, 2000, 2000, 'port_out', 0] [[1000, 0], [2000, 1000], [1000, 2000], [0, 1000]]
[2, 2000, 2000, 'port_in_1', 0] [[1000, 0], [2000, 1000], [1000, 2000], [0, 1000]]
[3, 2000, 2000, 'port_in_2', 0] [[1000, 0], [2000, 1000], [1000, 2000], [0, 1000]]
[4, 2000, 2000, 'port_in_3', 0] [[1000, 0], [2000, 1000], [1000, 2000], [0, 1000]]
[5, 2000, 2000, 'port_in_4', 0] [[1000, 0], [2000, 1000], [1000, 2000], [0, 1000]]
[6, 2000, 2000, 'port_in_5', 0] [[1000, 0], [2000, 1000], [1000, 2000], [0, 1000]]
[7, 2000, 2000, 'port_in_6', 0] [[1000, 0], [2000, 1000], [1000, 2000], [0, 1000]]
[8, 2000, 2000, 'port_in_7', 0] [[1000, 0], [2000, 1000], [1000, 2000], [0, 1000]]
[9, 2000, 2000, 'port_in_8', 0] [[1000, 0], [2000, 1000], [1000, 2000], [0, 1000]]
[10, 2000, 2000, 'port_in_9', 0] [[1000, 0], [2000, 1000], [1000, 2000], [0, 1000]]
[11, 2000, 2000, 'port_in_10', 0] [[1000, 0], [2000, 1000], [1000, 2000], [0, 1000]]
[12, 2000, 2000, 'port_in_11', 0] [[1000, 0], [2000, 1000], [1000, 2000], [0, 1000]]
[13, 2000, 2000, 'port_in_12', 0] [[1000, 0], [2000, 1000], [1000, 2000], [0, 1000]]
[14, 2000, 2000, 'port_in_13', 0] [[1000, 0], [2000, 1000], [1000, 2000], [0, 1000]]
[15, 2000, 2000, 'port_in_14', 0] [[1000, 0], [2000, 1000], [1000, 2000], [0, 1000]]
[16, 2000, 2000, 'port_in_15', 0] [[1000, 0], [2000, 1000], [1000, 2000], [0, 1000]]
[17, 2000, 2000, 'port_in_16', 0] [[1000, 0], [2000, 1000], [1000, 2000], [0, 1000]]
[18, 2000, 2000, 'port_in_17', 0] [[1000, 0], [2000, 1000], [1000, 2000], [0, 1000]]
[19, 2000, 2000, 'port_in_18', 0] [[1000, 0], [2000, 1000], [1000, 2000], [0, 1000]]
[20, 2000, 2000, 'port_in_19', 0] [[1000, 0], [2000, 1000], [1000, 2000], [0, 1000]]
[21, 2000, 2000, 'port_in_20', 0] [[1000, 0], [2000, 1000], [1000, 2000], [0, 1000]]
[22, 2000, 2000, 'port_in_21', 0] [[1000, 0], [2000, 1000], [1000, 2000], [0, 1000]]
[23, 2000, 2000, 'port_in_22', 0] [[1000, 0], [2000, 1000], [1000, 2000], [0, 1000]]
[24, 2000, 2000, 'port_in_23', 0] [[1000, 0], [2000, 1000], [1000, 2000], [0, 1000]]
[25, 2000, 2000, 'port_in_24', 0] [[1000, 0], [2000, 1000], [1000, 2000], [0, 1000]]
[26, 2000, 2000, 'port_in_25', 0] [[1000, 0], [2000, 1000], [1000, 2000], [0, 1000]]
[27, 2000, 2000, 'port_in_26', 0] [[1000, 0], [2000, 1000], [1000, 2000], [0, 1000]]
[28, 2000, 2000, 'port_in_27', 0] [[1000, 0], [2000, 1000], [1000, 2000], [0, 1000]]
[29, 2000, 2000, 'port_in_28', 0] [[1000, 0], [2000, 1000], [1000, 2000], [0, 1000]]
[30, 2000, 2000, 'port_in_29', 0] [[1000, 0], [2000, 1000], [1000, 2000], [0, 1000]]
[31, 2000, 2000, 'port_in_30', 0] [[1000, 0], [2000, 1000], [1000, 2000], [0, 1000]]
[32, 2000, 2000, 'port_in_31', 0] [[1000, 0], [2000, 1000], [1000, 2000], [0, 1000]]
[33, 2000, 2000, 'port_in_32', 0] [[1000, 0], [2000, 1000], [1000, 2000], [0, 1000]]
2/9, Finish initial placement with rotation, time spent: 0.0005545616149902344 s
3/9, Finish symmetricalization, time spent: 2.5510787963867188e-05 s
4/9, Finish routing, time spent: 0.0010869503021240234 s
****************************************************
New valid order that can lead to planar graph found:
[[0], [0], [0, 1, 2, 3, 4, 5, 6, 7, 8, 9, 10, 11, 12, 13, 14, 15, 16, 17, 18, 19, 20, 21, 22, 23, 24, 25, 26, 27, 28, 29, 30, 31]]
****************************************************
--Finish applying new order
--Finish mirroring related components
5/9, Finish initialization of new orders, time spent: 0.001987934112548828 s
6/9, Finish shortening wirelength, time spent: 0.00013518333435058594 s
Skip stage7 LP according to user's need
8/9, Finish routing, time spent: 0.000865936279296875 s
9/9, Finish compaction and connecting ports, time spent: 0.13039064407348633 s
<<<<<<<<<<<<<<<<<<<<<<<<<<<<<< All P&R Done >>>>>>>>>>>>>>>>>>>>>>>>>>>>>>
Total Timeusage: 0.13508176803588867 s
Reordering Timeusage: 0.001987934112548828 s
LP-based Optimization Timeusage: 0 s
P&R for the new orders: 0.13337969779968262 s
Nudge MUX mux_32 by [11000.0, 5500.0] -> [79400.0, 26250.0]
Fit canvas to [216800.0, 86500.0] and center by [29000.0, 17000.0]
Done. Combined PR JSON: /home/student/Desktop/Neptune_2026/Microfluidics-Benchmarks/Results/tree_full_20260916_165459/artifacts/mint__Base__Super_MUX_32__Super_MUX_32_fromMINT/result.json
