$ systemd-run --user --scope -q -p MemoryMax=64.0G -p MemorySwapMax=0 /home/student/anaconda3/envs/neptune2026/bin/python /home/student/Desktop/Neptune_2026/scripts/run_all_synthesize_timeout_report.py --_worker --algorithm tree --input /home/student/Desktop/Neptune_2026/Microfluidics-Benchmarks/Results/MINT_TestCases/CIDAR_Lab_Past_Devices/Microalgal_Bioassay/Microalgal_Bioassay_fromMINT.json --case-output /home/student/Desktop/Neptune_2026/Microfluidics-Benchmarks/Results/tree_full_20260916_165459/artifacts/mint__CIDAR_Lab_Past_Devices__Microalgal_Bioassay__Microalgal_Bioassay_fromMINT --time-limit 3600.0 --solver-profile standard --mip-gap 0.0
Reversed 4 connection(s) with opposite-port direction conflicts: channel_1, channel_12, channel_13, channel_14.
Finish loading test case: Microalgal_Bioassay_fromMINT
1/9, Finish initial placement, time spent: 2.0742416381835938e-05 s
[0, 4060, 4860, 'mixer_1', 0] [[2030, 0], [2030, 4860]]
[1, 4000, 4000, 'square_cell_trap_1', 0] [[0, 2000], [4000, 2000], [2000, 0], [2000, 4000]]
[2, 4000, 4000, 'square_cell_trap_2', 0] [[0, 2000], [4000, 2000], [2000, 0], [2000, 4000]]
[3, 1400, 1400, 'port_1', 0] [[700, 0], [1400, 700], [700, 1400], [0, 700]]
[4, 4000, 4000, 'square_cell_trap_3', 0] [[0, 2000], [4000, 2000], [2000, 0], [2000, 4000]]
[5, 4000, 4000, 'square_cell_trap_4', 0] [[0, 2000], [4000, 2000], [2000, 0], [2000, 4000]]
[6, 4000, 4000, 'square_cell_trap_5', 0] [[0, 2000], [4000, 2000], [2000, 0], [2000, 4000]]
[7, 4000, 4000, 'square_cell_trap_6', 0] [[0, 2000], [4000, 2000], [2000, 0], [2000, 4000]]
[8, 4060, 4860, 'mixer_2', 0] [[2030, 0], [2030, 4860]]
[9, 1400, 1400, 'port_2', 0] [[700, 0], [1400, 700], [700, 1400], [0, 700]]
[10, 1400, 1400, 'port_3', 0] [[700, 0], [1400, 700], [700, 1400], [0, 700]]
2/9, Finish initial placement with rotation, time spent: 0.00018095970153808594 s
3/9, Finish symmetricalization, time spent: 1.5974044799804688e-05 s
4/9, Finish routing, time spent: 0.0002582073211669922 s
****************************************************
New valid order that can lead to planar graph found:
[[0, 1], [1, 0], [0, 1, 2, 3, 4, 5], [0]]
****************************************************
--Finish applying new order
--Finish mirroring related components
5/9, Finish initialization of new orders, time spent: 0.0008051395416259766 s
6/9, Finish shortening wirelength, time spent: 8.7738037109375e-05 s
Skip stage7 LP according to user's need
8/9, Finish routing, time spent: 0.0003285408020019531 s
9/9, Finish compaction and connecting ports, time spent: 0.06764006614685059 s
<<<<<<<<<<<<<<<<<<<<<<<<<<<<<< All P&R Done >>>>>>>>>>>>>>>>>>>>>>>>>>>>>>
Total Timeusage: 0.06933736801147461 s
Reordering Timeusage: 0.0008051395416259766 s
LP-based Optimization Timeusage: 0 s
P&R for the new orders: 0.06886148452758789 s
Spread 2 overlapping MIXER mixer_2 pads into 2399 row(s), stair 2400
Fit canvas to [84060.0, 77920.0] and center by [15000.0, 25600.0]
Done. Combined PR JSON: /home/student/Desktop/Neptune_2026/Microfluidics-Benchmarks/Results/tree_full_20260916_165459/artifacts/mint__CIDAR_Lab_Past_Devices__Microalgal_Bioassay__Microalgal_Bioassay_fromMINT/result.json
