$ systemd-run --user --scope -q -p MemoryMax=64.0G -p MemorySwapMax=0 /home/student/anaconda3/envs/neptune2026/bin/python /home/student/Desktop/Neptune_2026/scripts/run_all_synthesize_timeout_report.py --_worker --algorithm tree --input /home/student/Desktop/Neptune_2026/Microfluidics-Benchmarks/Results/MINT_TestCases/CIDAR_Lab_Past_Devices/Microdroplet/Microdroplet_fromMINT.json --case-output /home/student/Desktop/Neptune_2026/Microfluidics-Benchmarks/Results/tree_full_20260916_165459/artifacts/mint__CIDAR_Lab_Past_Devices__Microdroplet__Microdroplet_fromMINT --time-limit 3600.0 --solver-profile standard --mip-gap 0.0
Reversed 24 connection(s) with opposite-port direction conflicts: channel_5, channel_6, channel_10, channel_11, channel_12, channel_13, channel_14, channel_15, channel_16, channel_17, channel_18, channel_19, channel_20, channel_21, channel_22, channel_23, channel_24, channel_25, channel_26, channel_27, channel_28, channel_29, channel_30, channel_31.
Finish loading test case: Microdroplet_fromMINT
1/9, Finish initial placement, time spent: 6.008148193359375e-05 s
[0, 4000, 4000, 'port_1', 0] [[2000, 0], [4000, 2000], [2000, 4000], [0, 2000]]
[1, 4000, 4000, 'port_2', 0] [[2000, 0], [4000, 2000], [2000, 4000], [0, 2000]]
[2, 1800, 600, 'nozzle_droplet_generator_1', 0] [[400, 0], [1800, 300], [400, 600], [0, 300]]
[3, 4060, 4860, 'mixer_1', 0] [[2030, 0], [2030, 4860]]
[4, 4060, 4860, 'mixer_2', 0] [[2030, 0], [2030, 4860]]
[5, 4060, 4860, 'mixer_3', 0] [[2030, 0], [2030, 4860]]
[6, 4000, 4000, 'square_cell_trap_1', 0] [[0, 2000], [4000, 2000], [2000, 0], [2000, 4000]]
[7, 1400, 1400, 'port_3', 0] [[700, 0], [1400, 700], [700, 1400], [0, 700]]
[8, 1400, 1400, 'port_4', 0] [[700, 0], [1400, 700], [700, 1400], [0, 700]]
[9, 1400, 1400, 'port_5', 0] [[700, 0], [1400, 700], [700, 1400], [0, 700]]
[10, 4000, 4000, 'port_6', 0] [[2000, 0], [4000, 2000], [2000, 4000], [0, 2000]]
[11, 4000, 4000, 'port_7', 0] [[2000, 0], [4000, 2000], [2000, 4000], [0, 2000]]
[12, 1800, 600, 'nozzle_droplet_generator_2', 0] [[400, 0], [1800, 300], [400, 600], [0, 300]]
[13, 4060, 4860, 'mixer_4', 0] [[2030, 0], [2030, 4860]]
[14, 4060, 4860, 'mixer_5', 0] [[2030, 0], [2030, 4860]]
[15, 4060, 4860, 'mixer_6', 0] [[2030, 0], [2030, 4860]]
[16, 4060, 4860, 'mixer_7', 0] [[2030, 0], [2030, 4860]]
[17, 4060, 4860, 'mixer_8', 0] [[2030, 0], [2030, 4860]]
[18, 4060, 4860, 'mixer_9', 0] [[2030, 0], [2030, 4860]]
[19, 4060, 4860, 'mixer_10', 0] [[2030, 0], [2030, 4860]]
[20, 1400, 1400, 'port_8', 0] [[700, 0], [1400, 700], [700, 1400], [0, 700]]
[21, 1400, 1400, 'port_9', 0] [[700, 0], [1400, 700], [700, 1400], [0, 700]]
[22, 1400, 1400, 'port_10', 0] [[700, 0], [1400, 700], [700, 1400], [0, 700]]
[23, 1400, 1400, 'port_11', 0] [[700, 0], [1400, 700], [700, 1400], [0, 700]]
[24, 1400, 1400, 'port_12', 0] [[700, 0], [1400, 700], [700, 1400], [0, 700]]
[25, 1400, 1400, 'port_13', 0] [[700, 0], [1400, 700], [700, 1400], [0, 700]]
2/9, Finish initial placement with rotation, time spent: 0.0003581047058105469 s
3/9, Finish symmetricalization, time spent: 2.09808349609375e-05 s
4/9, Finish routing, time spent: 0.00038695335388183594 s
****************************************************
Fail to find valid order; keeping the initial row order
****************************************************
--Finish applying new order
--Finish mirroring related components
5/9, Finish initialization of new orders, time spent: 0.0022554397583007812 s
6/9, Finish shortening wirelength, time spent: 0.00014472007751464844 s
Skip stage7 LP according to user's need
8/9, Finish routing, time spent: 0.0005002021789550781 s
9/9, Finish compaction and connecting ports, time spent: 0.08368206024169922 s
<<<<<<<<<<<<<<<<<<<<<<<<<<<<<< All P&R Done >>>>>>>>>>>>>>>>>>>>>>>>>>>>>>
Total Timeusage: 0.08740854263305664 s
Reordering Timeusage: 0.0022554397583007812 s
LP-based Optimization Timeusage: 0 s
P&R for the new orders: 0.08658242225646973 s
Cannot finish valid layer-1 synthesis for:
- reason=routing:fallback_no_compliant_valve_escape valve=valve_0 flow_connection=channel_11 control_port=Cport_0
- reason=routing:fallback_no_compliant_valve_escape valve=valve_0 flow_connection=channel_11 control_port=Cport_1
- reason=routing:fallback_no_compliant_valve_escape valve=valve_0 flow_connection=channel_11 control_port=Cport_2
- reason=routing:fallback_no_compliant_valve_escape valve=valve_0 flow_connection=channel_11 control_port=Cport_3
- reason=routing:fallback_no_compliant_valve_escape valve=valve_0 flow_connection=channel_11 control_port=Cport_5
- reason=routing:fallback_no_compliant_valve_escape valve=valve_0 flow_connection=channel_11 control_port=Cport_6
- reason=routing:fallback_no_compliant_valve_escape valve=valve_0 flow_connection=channel_11 control_port=Cport_7
- reason=routing:fallback_no_compliant_valve_escape valve=valve_0 flow_connection=channel_11 control_port=Cport_8
Spread 3 overlapping SQUARE CELL TRAP square_cell_trap_1 pads into 2399 row(s), stair 2400
Spread 2 overlapping MIXER mixer_5 pads into 2399 row(s), stair 2400
Spread 9 overlapping VALVE3D valve_0 pads into 2399 row(s), stair 2400
Fit canvas to [92110.0, 124900.0] and center by [30460.0, 20800.0]
Done. Combined PR JSON: /home/student/Desktop/Neptune_2026/Microfluidics-Benchmarks/Results/tree_full_20260916_165459/artifacts/mint__CIDAR_Lab_Past_Devices__Microdroplet__Microdroplet_fromMINT/result.json
