$ systemd-run --user --scope -q -p MemoryMax=64.0G -p MemorySwapMax=0 /home/student/anaconda3/envs/neptune2026/bin/python /home/student/Desktop/Neptune_2026/scripts/run_all_synthesize_timeout_report.py --_worker --algorithm tree --input /home/student/Desktop/Neptune_2026/Microfluidics-Benchmarks/Results/MINT_TestCases/Base/Square_Cell_Trap_Ports/Square_Cell_Trap_Ports_fromMINT.json --case-output /home/student/Desktop/Neptune_2026/Microfluidics-Benchmarks/Results/tree_full_20260916_165459/artifacts/mint__Base__Square_Cell_Trap_Ports__Square_Cell_Trap_Ports_fromMINT --time-limit 3600.0 --solver-profile standard --mip-gap 0.0
Reversed 1 connection(s) with opposite-port direction conflicts: c3.
Finish loading test case: Square_Cell_Trap_Ports_fromMINT
1/9, Finish initial placement, time spent: 8.273124694824219e-05 s
[0, 1000, 1000, 'p1', 0] [[500, 0], [1000, 500], [500, 1000], [0, 500]]
[1, 1000, 1000, 'p2', 0] [[500, 0], [1000, 500], [500, 1000], [0, 500]]
[2, 1000, 1000, 'p3', 0] [[500, 0], [1000, 500], [500, 1000], [0, 500]]
[3, 1000, 1000, 'p4', 0] [[500, 0], [1000, 500], [500, 1000], [0, 500]]
[4, 4000, 4000, 'ct1', 0] [[0, 2000], [4000, 2000], [2000, 0], [2000, 4000]]
2/9, Finish initial placement with rotation, time spent: 0.0001544952392578125 s
3/9, Finish symmetricalization, time spent: 1.6927719116210938e-05 s
4/9, Finish routing, time spent: 0.00013828277587890625 s
****************************************************
New valid order that can lead to planar graph found:
[[0], [0], [0, 2, 1]]
****************************************************
--Finish applying new order
--Finish mirroring related components
5/9, Finish initialization of new orders, time spent: 0.0012173652648925781 s
6/9, Finish shortening wirelength, time spent: 5.507469177246094e-05 s
Skip stage7 LP according to user's need
8/9, Finish routing, time spent: 0.00020074844360351562 s
9/9, Finish compaction and connecting ports, time spent: 0.022129535675048828 s
<<<<<<<<<<<<<<<<<<<<<<<<<<<<<< All P&R Done >>>>>>>>>>>>>>>>>>>>>>>>>>>>>>
Total Timeusage: 0.023995161056518555 s
Reordering Timeusage: 0.0012173652648925781 s
LP-based Optimization Timeusage: 0 s
P&R for the new orders: 0.023602724075317383 s
Cannot finish valid layer-1 synthesis for:
- reason=routing:fallback_no_compliant_valve_escape valve=v3 flow_connection=c3 control_port=cp3
Fit canvas to [81750.0, 87375.0] and center by [24900.0, 21000.0]
Done. Combined PR JSON: /home/student/Desktop/Neptune_2026/Microfluidics-Benchmarks/Results/tree_full_20260916_165459/artifacts/mint__Base__Square_Cell_Trap_Ports__Square_Cell_Trap_Ports_fromMINT/result.json
