$ systemd-run --user --scope -q -p MemoryMax=64.0G -p MemorySwapMax=0 /home/student/anaconda3/envs/neptune2026/bin/python /home/student/Desktop/Neptune_2026/scripts/run_all_synthesize_timeout_report.py --_worker --algorithm tree --input /home/student/Desktop/Neptune_2026/Microfluidics-Benchmarks/Results/MINT_TestCases/Base/Horizontal_MUX_01/Horizontal_MUX_01_fromMINT.json --case-output /home/student/Desktop/Neptune_2026/Microfluidics-Benchmarks/Results/tree_full_20260916_165459/artifacts/mint__Base__Horizontal_MUX_01__Horizontal_MUX_01_fromMINT --time-limit 3600.0 --solver-profile standard --mip-gap 0.0
Reversed 1 connection(s) with opposite-port direction conflicts: c1.
Finish loading test case: Horizontal_MUX_01_fromMINT
1/9, Finish initial placement, time spent: 3.4809112548828125e-05 s
[0, 30000, 16300, 'm1', 0] [[15000.0, 0.0], [29000.0, 16300.0], [25000.0, 16300.0], [21000.0, 16300.0], [17000.0, 16300.0], [13000.0, 16300.0], [9000.0, 16300.0], [5000.0, 16300.0], [1000.0, 16300.0], [0.0, 5750.0], [30000.0, 6450.0], [0.0, 9850.0], [30000.0, 10550.0], [0.0, 13950.0], [30000.0, 14650.0]]
[1, 400, 400, 'p1', 0] [[200, 0], [400, 200], [200, 400], [0, 200]]
[2, 200, 200, 'pb_1', 0] [[100, 0], [200, 100], [100, 200], [0, 100]]
[3, 200, 200, 'pb_2', 0] [[100, 0], [200, 100], [100, 200], [0, 100]]
[4, 200, 200, 'pb_3', 0] [[100, 0], [200, 100], [100, 200], [0, 100]]
[5, 200, 200, 'pb_4', 0] [[100, 0], [200, 100], [100, 200], [0, 100]]
[6, 200, 200, 'pb_5', 0] [[100, 0], [200, 100], [100, 200], [0, 100]]
[7, 200, 200, 'pb_6', 0] [[100, 0], [200, 100], [100, 200], [0, 100]]
[8, 200, 200, 'pb_7', 0] [[100, 0], [200, 100], [100, 200], [0, 100]]
[9, 200, 200, 'pb_8', 0] [[100, 0], [200, 100], [100, 200], [0, 100]]
2/9, Finish initial placement with rotation, time spent: 0.00016832351684570312 s
3/9, Finish symmetricalization, time spent: 1.5497207641601562e-05 s
4/9, Finish routing, time spent: 0.00022935867309570312 s
****************************************************
New valid order that can lead to planar graph found:
[[0], [0], [0, 1, 2, 3, 4, 5, 6, 7]]
****************************************************
--Finish applying new order
--Finish mirroring related components
5/9, Finish initialization of new orders, time spent: 0.0008511543273925781 s
6/9, Finish shortening wirelength, time spent: 6.818771362304688e-05 s
Skip stage7 LP according to user's need
8/9, Finish routing, time spent: 0.00021767616271972656 s
9/9, Finish compaction and connecting ports, time spent: 0.04299640655517578 s
<<<<<<<<<<<<<<<<<<<<<<<<<<<<<< All P&R Done >>>>>>>>>>>>>>>>>>>>>>>>>>>>>>
Total Timeusage: 0.04458141326904297 s
Reordering Timeusage: 0.0008511543273925781 s
LP-based Optimization Timeusage: 0 s
P&R for the new orders: 0.04413342475891113 s
Nudge MUX m1 by [11000.0, 7500.0] -> [31000.0, 24150.0]
Fit canvas to [108000.0, 82300.0] and center by [23000.0, 17000.0]
Done. Combined PR JSON: /home/student/Desktop/Neptune_2026/Microfluidics-Benchmarks/Results/tree_full_20260916_165459/artifacts/mint__Base__Horizontal_MUX_01__Horizontal_MUX_01_fromMINT/result.json
