$ systemd-run --user --scope -q -p MemoryMax=64.0G -p MemorySwapMax=0 /home/student/anaconda3/envs/neptune2026/bin/python /home/student/Desktop/Neptune_2026/scripts/run_all_synthesize_timeout_report.py --_worker --algorithm tree --input /home/student/Desktop/Neptune_2026/Microfluidics-Benchmarks/Results/MINT_TestCases/Drop_Ref/Dx_13_Ref/Dx_13_Ref_fromMINT.json --case-output /home/student/Desktop/Neptune_2026/Microfluidics-Benchmarks/Results/tree_full_20260916_165459/artifacts/mint__Drop_Ref__Dx_13_Ref__Dx_13_Ref_fromMINT --time-limit 3600.0 --solver-profile standard --mip-gap 0.0
Reversed 9 connection(s) with opposite-port direction conflicts: c1, c5, c6, c7, c8, c9, c10, c12, c16.
Finish loading test case: Dx_13_Ref_fromMINT
1/9, Finish initial placement, time spent: 4.1961669921875e-05 s
[0, 4000, 4000, 'port_oil1', 0] [[2000, 0], [4000, 2000], [2000, 4000], [0, 2000]]
[1, 4000, 4000, 'port_oil2', 0] [[2000, 0], [4000, 2000], [2000, 4000], [0, 2000]]
[2, 4000, 4000, 'port_water1', 0] [[2000, 0], [4000, 2000], [2000, 4000], [0, 2000]]
[3, 5975, 375, 'nozzle_droplet_generator_1', 0] [[300, 0], [5975, 187], [300, 375], [0, 187]]
[4, 2600, 9300, 'mixer_1', 0] [[1300, 0], [1300, 9300]]
[5, 4000, 4000, 'port_injector1', 0] [[2000, 0], [4000, 2000], [2000, 4000], [0, 2000]]
[6, 10000, 9050, 'pico_injector_1', 0] [[0, 5550], [10000, 5550], [5000, 0]]
[7, 2600, 9300, 'mixer_2', 0] [[1300, 0], [1300, 9300]]
[8, 4000, 4000, 'port_waste1', 0] [[2000, 0], [4000, 2000], [2000, 4000], [0, 2000]]
[9, 21750, 12414, 'droplet_sorter_1', 0] [[0, 5834], [21750, 345], [21750, 11322]]
[10, 4000, 4000, 'port_injector2', 0] [[2000, 0], [4000, 2000], [2000, 4000], [0, 2000]]
[11, 10000, 9050, 'pico_injector_2', 0] [[0, 5550], [10000, 5550], [5000, 0]]
[12, 2600, 9300, 'mixer_3', 0] [[1300, 0], [1300, 9300]]
[13, 4000, 4000, 'port_waste2', 0] [[2000, 0], [4000, 2000], [2000, 4000], [0, 2000]]
[14, 21750, 12414, 'droplet_sorter_2', 0] [[0, 5834], [21750, 345], [21750, 11322]]
[15, 2000, 4300, 'droplet_splitter_1', 0] [[0, 2150], [1850, 0], [1850, 4300]]
[16, 4000, 4000, 'port_out1', 0] [[2000, 0], [4000, 2000], [2000, 4000], [0, 2000]]
[17, 4000, 4000, 'port_out2', 0] [[2000, 0], [4000, 2000], [2000, 4000], [0, 2000]]
2/9, Finish initial placement with rotation, time spent: 0.0002319812774658203 s
3/9, Finish symmetricalization, time spent: 1.9550323486328125e-05 s
4/9, Finish routing, time spent: 0.0003097057342529297 s
****************************************************
Fail to find valid order; keeping the initial row order
****************************************************
--Finish applying new order
--Finish mirroring related components
5/9, Finish initialization of new orders, time spent: 0.0015034675598144531 s
6/9, Finish shortening wirelength, time spent: 0.00011992454528808594 s
Skip stage7 LP according to user's need
8/9, Finish routing, time spent: 0.00035572052001953125 s
9/9, Finish compaction and connecting ports, time spent: 0.061667442321777344 s
<<<<<<<<<<<<<<<<<<<<<<<<<<<<<< All P&R Done >>>>>>>>>>>>>>>>>>>>>>>>>>>>>>
Total Timeusage: 0.06424975395202637 s
Reordering Timeusage: 0.0015034675598144531 s
LP-based Optimization Timeusage: 0 s
P&R for the new orders: 0.06364655494689941 s
Spread 3 overlapping NOZZLE DROPLET GENERATOR nozzle_droplet_generator_1 pads into 13 row(s), stair 2393
Fit canvas to [115425.0, 119300.0] and center by [35000.0, 400.0]
Done. Combined PR JSON: /home/student/Desktop/Neptune_2026/Microfluidics-Benchmarks/Results/tree_full_20260916_165459/artifacts/mint__Drop_Ref__Dx_13_Ref__Dx_13_Ref_fromMINT/result.json
