$ systemd-run --user --scope -q -p MemoryMax=64.0G -p MemorySwapMax=0 /home/student/anaconda3/envs/neptune2026/bin/python /home/student/Desktop/Neptune_2026/scripts/run_all_synthesize_timeout_report.py --_worker --algorithm tree --input /home/student/Desktop/Neptune_2026/Microfluidics-Benchmarks/Results/MINT_TestCases/Drop_Ref/Droplet_Generator_1/Droplet_Generator_1_fromMINT.json --case-output /home/student/Desktop/Neptune_2026/Microfluidics-Benchmarks/Results/tree_full_20260916_165459/artifacts/mint__Drop_Ref__Droplet_Generator_1__Droplet_Generator_1_fromMINT --time-limit 3600.0 --solver-profile standard --mip-gap 0.0
Reversed 2 connection(s) with opposite-port direction conflicts: channel_3, channel_4.
Finish loading test case: Droplet_Generator_1_fromMINT
1/9, Finish initial placement, time spent: 3.0994415283203125e-05 s
[0, 4000, 4000, 'port_1', 0] [[2000, 0], [4000, 2000], [2000, 4000], [0, 2000]]
[1, 4000, 4000, 'port_2', 0] [[2000, 0], [4000, 2000], [2000, 4000], [0, 2000]]
[2, 1800, 600, 'nozzle_droplet_generator_1', 0] [[400, 0], [1800, 300], [400, 600], [0, 300]]
[3, 1400, 1400, 'port_3', 0] [[700, 0], [1400, 700], [700, 1400], [0, 700]]
[4, 1400, 1400, 'port_4', 0] [[700, 0], [1400, 700], [700, 1400], [0, 700]]
2/9, Finish initial placement with rotation, time spent: 0.00011086463928222656 s
3/9, Finish symmetricalization, time spent: 1.4781951904296875e-05 s
4/9, Finish routing, time spent: 8.153915405273438e-05 s
****************************************************
New valid order that can lead to planar graph found:
[[0], [1, 0, 2], [0]]
****************************************************
--Finish applying new order
--Finish mirroring related components
5/9, Finish initialization of new orders, time spent: 0.00045943260192871094 s
6/9, Finish shortening wirelength, time spent: 3.8623809814453125e-05 s
Skip stage7 LP according to user's need
8/9, Finish routing, time spent: 0.00011134147644042969 s
9/9, Finish compaction and connecting ports, time spent: 0.019476890563964844 s
<<<<<<<<<<<<<<<<<<<<<<<<<<<<<< All P&R Done >>>>>>>>>>>>>>>>>>>>>>>>>>>>>>
Total Timeusage: 0.0203244686126709 s
Reordering Timeusage: 0.00045943260192871094 s
LP-based Optimization Timeusage: 0 s
P&R for the new orders: 0.020086288452148438 s
Spread 3 overlapping NOZZLE DROPLET GENERATOR nozzle_droplet_generator_1 pads into 8 row(s), stair 2381
Fit canvas to [76200.0, 76200.0] and center by [27381.2, 28000.0]
Done. Combined PR JSON: /home/student/Desktop/Neptune_2026/Microfluidics-Benchmarks/Results/tree_full_20260916_165459/artifacts/mint__Drop_Ref__Droplet_Generator_1__Droplet_Generator_1_fromMINT/result.json
