$ systemd-run --user --scope -q -p MemoryMax=64.0G -p MemorySwapMax=0 /home/student/anaconda3/envs/neptune2026/bin/python /home/student/Desktop/Neptune_2026/scripts/run_all_synthesize_timeout_report.py --_worker --algorithm tree --input /home/student/Desktop/Neptune_2026/Microfluidics-Benchmarks/Results/MINT_TestCases/Base/Node_Long_Cell_Trap_04/Node_Long_Cell_Trap_04_fromMINT.json --case-output /home/student/Desktop/Neptune_2026/Microfluidics-Benchmarks/Results/tree_full_20260916_165459/artifacts/mint__Base__Node_Long_Cell_Trap_04__Node_Long_Cell_Trap_04_fromMINT --time-limit 3600.0 --solver-profile standard --mip-gap 0.0
Reversed 3 connection(s) with opposite-port direction conflicts: c1, c3, c4.
Finish loading test case: Node_Long_Cell_Trap_04_fromMINT
1/9, Finish initial placement, time spent: 3.409385681152344e-05 s
[0, 200, 200, 'p1', 0] [[100, 0], [200, 100], [100, 200], [0, 100]]
[1, 200, 200, 'p2', 0] [[100, 0], [200, 100], [100, 200], [0, 100]]
[2, 200, 200, 'p3', 0] [[100, 0], [200, 100], [100, 200], [0, 100]]
[3, 100, 100, 'n1', 0] [[50.0, 0.0], [100.0, 50.0], [50.0, 100.0], [0.0, 50.0]]
[4, 800, 300, 'ct1', 0] [[0, 150], [800, 150]]
2/9, Finish initial placement with rotation, time spent: 0.00011563301086425781 s
3/9, Finish symmetricalization, time spent: 1.7881393432617188e-05 s
4/9, Finish routing, time spent: 0.00014257431030273438 s
****************************************************
New valid order that can lead to planar graph found:
[[0], [0], [1, 0], [0]]
****************************************************
--Finish applying new order
--Finish mirroring related components
5/9, Finish initialization of new orders, time spent: 0.0006272792816162109 s
6/9, Finish shortening wirelength, time spent: 6.961822509765625e-05 s
Skip stage7 LP according to user's need
8/9, Finish routing, time spent: 0.00020885467529296875 s
9/9, Finish compaction and connecting ports, time spent: 0.02251577377319336 s
<<<<<<<<<<<<<<<<<<<<<<<<<<<<<< All P&R Done >>>>>>>>>>>>>>>>>>>>>>>>>>>>>>
Total Timeusage: 0.023731708526611328 s
Reordering Timeusage: 0.0006272792816162109 s
LP-based Optimization Timeusage: 0 s
P&R for the new orders: 0.023421525955200195 s
Fit canvas to [76200.0, 76200.0] and center by [44025.0, 21750.0]
Done. Combined PR JSON: /home/student/Desktop/Neptune_2026/Microfluidics-Benchmarks/Results/tree_full_20260916_165459/artifacts/mint__Base__Node_Long_Cell_Trap_04__Node_Long_Cell_Trap_04_fromMINT/result.json
