$ systemd-run --user --scope -q -p MemoryMax=64.0G -p MemorySwapMax=0 /home/student/anaconda3/envs/neptune2026/bin/python /home/student/Desktop/Neptune_2026/scripts/run_all_synthesize_timeout_report.py --_worker --algorithm tree --input /home/student/Desktop/Neptune_2026/Microfluidics-Benchmarks/Results/MINT_TestCases/COVID/Part_2_Rt_Step/Part_2_Rt_Step_fromMINT.json --case-output /home/student/Desktop/Neptune_2026/Microfluidics-Benchmarks/Results/tree_full_20260916_165459/artifacts/mint__COVID__Part_2_Rt_Step__Part_2_Rt_Step_fromMINT --time-limit 3600.0 --solver-profile standard --mip-gap 0.0
Reversed 7 connection(s) with opposite-port direction conflicts: channel_1, channel_2, channel_3, channel_4, channel_5, channel_6, channel_7.
Finish loading test case: Part_2_Rt_Step_fromMINT
1/9, Finish initial placement, time spent: 2.0742416381835938e-05 s
[0, 4060, 4860, 'mixer_1', 0] [[2030, 0], [2030, 4860]]
[1, 4060, 4860, 'mixer_2', 0] [[2030, 0], [2030, 4860]]
[2, 1400, 1400, 'port_1', 0] [[700, 0], [1400, 700], [700, 1400], [0, 700]]
[3, 4060, 4860, 'mixer_3', 0] [[2030, 0], [2030, 4860]]
[4, 1400, 1400, 'port_2', 0] [[700, 0], [1400, 700], [700, 1400], [0, 700]]
[5, 1400, 1400, 'port_3', 0] [[700, 0], [1400, 700], [700, 1400], [0, 700]]
[6, 1400, 1400, 'port_4', 0] [[700, 0], [1400, 700], [700, 1400], [0, 700]]
[7, 1400, 1400, 'port_5', 0] [[700, 0], [1400, 700], [700, 1400], [0, 700]]
2/9, Finish initial placement with rotation, time spent: 0.00013756752014160156 s
3/9, Finish symmetricalization, time spent: 1.5497207641601562e-05 s
4/9, Finish routing, time spent: 0.00016450881958007812 s
****************************************************
New valid order that can lead to planar graph found:
[[0, 2, 1, 3], [0, 1], [0], [0]]
****************************************************
--Finish applying new order
--Finish mirroring related components
5/9, Finish initialization of new orders, time spent: 0.0006237030029296875 s
6/9, Finish shortening wirelength, time spent: 0.00018858909606933594 s
Skip stage7 LP according to user's need
8/9, Finish routing, time spent: 0.0002148151397705078 s
9/9, Finish compaction and connecting ports, time spent: 0.031853437423706055 s
<<<<<<<<<<<<<<<<<<<<<<<<<<<<<< All P&R Done >>>>>>>>>>>>>>>>>>>>>>>>>>>>>>
Total Timeusage: 0.0332188606262207 s
Reordering Timeusage: 0.0006237030029296875 s
LP-based Optimization Timeusage: 0 s
P&R for the new orders: 0.032880544662475586 s
Spread 2 overlapping MIXER mixer_1 pads into 2399 row(s), stair 2400
Spread 2 overlapping MIXER mixer_3 pads into 2399 row(s), stair 2400
Fit canvas to [76200.0, 82520.0] and center by [24970.0, 25600.0]
Done. Combined PR JSON: /home/student/Desktop/Neptune_2026/Microfluidics-Benchmarks/Results/tree_full_20260916_165459/artifacts/mint__COVID__Part_2_Rt_Step__Part_2_Rt_Step_fromMINT/result.json
