$ systemd-run --user --scope -q -p MemoryMax=64.0G -p MemorySwapMax=0 /home/student/anaconda3/envs/neptune2026/bin/python /home/student/Desktop/Neptune_2026/scripts/run_all_synthesize_timeout_report.py --_worker --algorithm tree --input /home/student/Desktop/Neptune_2026/Microfluidics-Benchmarks/Results/MINT_TestCases/Grid/Grid_08/Grid_08_fromMINT.json --case-output /home/student/Desktop/Neptune_2026/Microfluidics-Benchmarks/Results/tree_full_20260916_165459/artifacts/mint__Grid__Grid_08__Grid_08_fromMINT --time-limit 3600.0 --solver-profile standard --mip-gap 0.0
Reversed 10 connection(s) with opposite-port direction conflicts: c1, c2, c3, c4, c5, c6, c7, c8, c9, c130.
Finish loading test case: Grid_08_fromMINT
1/9, Finish initial placement, time spent: 0.00049591064453125 s
[0, 10600, 16300, 'm1', 0] [[5300, 0], [10550, 16300], [9050, 16300], [7550, 16300], [6050, 16300], [4550, 16300], [3050, 16300], [1550, 16300], [50, 16300]]
[1, 10600, 16300, 'm2', 0] [[5300, 0], [10550, 16300], [9050, 16300], [7550, 16300], [6050, 16300], [4550, 16300], [3050, 16300], [1550, 16300], [50, 16300]]
[2, 200, 200, 'p1', 0] [[100, 0], [200, 100], [100, 200], [0, 100]]
[3, 200, 200, 'p2', 0] [[100, 0], [200, 100], [100, 200], [0, 100]]
[4, 4000, 4000, 'ct1', 0] [[0, 2000], [4000, 2000], [2000, 0], [2000, 4000]]
[5, 4000, 4000, 'ct2', 0] [[0, 2000], [4000, 2000], [2000, 0], [2000, 4000]]
[6, 4000, 4000, 'ct3', 0] [[0, 2000], [4000, 2000], [2000, 0], [2000, 4000]]
[7, 4000, 4000, 'ct4', 0] [[0, 2000], [4000, 2000], [2000, 0], [2000, 4000]]
[8, 4000, 4000, 'ct5', 0] [[0, 2000], [4000, 2000], [2000, 0], [2000, 4000]]
[9, 4000, 4000, 'ct6', 0] [[0, 2000], [4000, 2000], [2000, 0], [2000, 4000]]
[10, 4000, 4000, 'ct7', 0] [[0, 2000], [4000, 2000], [2000, 0], [2000, 4000]]
[11, 4000, 4000, 'ct8', 0] [[0, 2000], [4000, 2000], [2000, 0], [2000, 4000]]
[12, 4000, 4000, 'ct9', 0] [[0, 2000], [4000, 2000], [2000, 0], [2000, 4000]]
[13, 4000, 4000, 'ct10', 0] [[0, 2000], [4000, 2000], [2000, 0], [2000, 4000]]
[14, 4000, 4000, 'ct11', 0] [[0, 2000], [4000, 2000], [2000, 0], [2000, 4000]]
[15, 4000, 4000, 'ct12', 0] [[0, 2000], [4000, 2000], [2000, 0], [2000, 4000]]
[16, 4000, 4000, 'ct13', 0] [[0, 2000], [4000, 2000], [2000, 0], [2000, 4000]]
[17, 4000, 4000, 'ct14', 0] [[0, 2000], [4000, 2000], [2000, 0], [2000, 4000]]
[18, 4000, 4000, 'ct15', 0] [[0, 2000], [4000, 2000], [2000, 0], [2000, 4000]]
[19, 4000, 4000, 'ct16', 0] [[0, 2000], [4000, 2000], [2000, 0], [2000, 4000]]
[20, 4000, 4000, 'ct17', 0] [[0, 2000], [4000, 2000], [2000, 0], [2000, 4000]]
[21, 4000, 4000, 'ct18', 0] [[0, 2000], [4000, 2000], [2000, 0], [2000, 4000]]
[22, 4000, 4000, 'ct19', 0] [[0, 2000], [4000, 2000], [2000, 0], [2000, 4000]]
[23, 4000, 4000, 'ct20', 0] [[0, 2000], [4000, 2000], [2000, 0], [2000, 4000]]
[24, 4000, 4000, 'ct21', 0] [[0, 2000], [4000, 2000], [2000, 0], [2000, 4000]]
[25, 4000, 4000, 'ct22', 0] [[0, 2000], [4000, 2000], [2000, 0], [2000, 4000]]
[26, 4000, 4000, 'ct23', 0] [[0, 2000], [4000, 2000], [2000, 0], [2000, 4000]]
[27, 4000, 4000, 'ct24', 0] [[0, 2000], [4000, 2000], [2000, 0], [2000, 4000]]
[28, 4000, 4000, 'ct25', 0] [[0, 2000], [4000, 2000], [2000, 0], [2000, 4000]]
[29, 4000, 4000, 'ct26', 0] [[0, 2000], [4000, 2000], [2000, 0], [2000, 4000]]
[30, 4000, 4000, 'ct27', 0] [[0, 2000], [4000, 2000], [2000, 0], [2000, 4000]]
[31, 4000, 4000, 'ct28', 0] [[0, 2000], [4000, 2000], [2000, 0], [2000, 4000]]
[32, 4000, 4000, 'ct29', 0] [[0, 2000], [4000, 2000], [2000, 0], [2000, 4000]]
[33, 4000, 4000, 'ct30', 0] [[0, 2000], [4000, 2000], [2000, 0], [2000, 4000]]
[34, 4000, 4000, 'ct31', 0] [[0, 2000], [4000, 2000], [2000, 0], [2000, 4000]]
[35, 4000, 4000, 'ct32', 0] [[0, 2000], [4000, 2000], [2000, 0], [2000, 4000]]
[36, 4000, 4000, 'ct33', 0] [[0, 2000], [4000, 2000], [2000, 0], [2000, 4000]]
[37, 4000, 4000, 'ct34', 0] [[0, 2000], [4000, 2000], [2000, 0], [2000, 4000]]
[38, 4000, 4000, 'ct35', 0] [[0, 2000], [4000, 2000], [2000, 0], [2000, 4000]]
[39, 4000, 4000, 'ct36', 0] [[0, 2000], [4000, 2000], [2000, 0], [2000, 4000]]
[40, 4000, 4000, 'ct37', 0] [[0, 2000], [4000, 2000], [2000, 0], [2000, 4000]]
[41, 4000, 4000, 'ct38', 0] [[0, 2000], [4000, 2000], [2000, 0], [2000, 4000]]
[42, 4000, 4000, 'ct39', 0] [[0, 2000], [4000, 2000], [2000, 0], [2000, 4000]]
[43, 4000, 4000, 'ct40', 0] [[0, 2000], [4000, 2000], [2000, 0], [2000, 4000]]
[44, 4000, 4000, 'ct41', 0] [[0, 2000], [4000, 2000], [2000, 0], [2000, 4000]]
[45, 4000, 4000, 'ct42', 0] [[0, 2000], [4000, 2000], [2000, 0], [2000, 4000]]
[46, 4000, 4000, 'ct43', 0] [[0, 2000], [4000, 2000], [2000, 0], [2000, 4000]]
[47, 4000, 4000, 'ct44', 0] [[0, 2000], [4000, 2000], [2000, 0], [2000, 4000]]
[48, 4000, 4000, 'ct45', 0] [[0, 2000], [4000, 2000], [2000, 0], [2000, 4000]]
[49, 4000, 4000, 'ct46', 0] [[0, 2000], [4000, 2000], [2000, 0], [2000, 4000]]
[50, 4000, 4000, 'ct47', 0] [[0, 2000], [4000, 2000], [2000, 0], [2000, 4000]]
[51, 4000, 4000, 'ct48', 0] [[0, 2000], [4000, 2000], [2000, 0], [2000, 4000]]
[52, 4000, 4000, 'ct49', 0] [[0, 2000], [4000, 2000], [2000, 0], [2000, 4000]]
[53, 4000, 4000, 'ct50', 0] [[0, 2000], [4000, 2000], [2000, 0], [2000, 4000]]
[54, 4000, 4000, 'ct51', 0] [[0, 2000], [4000, 2000], [2000, 0], [2000, 4000]]
[55, 4000, 4000, 'ct52', 0] [[0, 2000], [4000, 2000], [2000, 0], [2000, 4000]]
[56, 4000, 4000, 'ct53', 0] [[0, 2000], [4000, 2000], [2000, 0], [2000, 4000]]
[57, 4000, 4000, 'ct54', 0] [[0, 2000], [4000, 2000], [2000, 0], [2000, 4000]]
[58, 4000, 4000, 'ct55', 0] [[0, 2000], [4000, 2000], [2000, 0], [2000, 4000]]
[59, 4000, 4000, 'ct56', 0] [[0, 2000], [4000, 2000], [2000, 0], [2000, 4000]]
[60, 4000, 4000, 'ct57', 0] [[0, 2000], [4000, 2000], [2000, 0], [2000, 4000]]
[61, 4000, 4000, 'ct58', 0] [[0, 2000], [4000, 2000], [2000, 0], [2000, 4000]]
[62, 4000, 4000, 'ct59', 0] [[0, 2000], [4000, 2000], [2000, 0], [2000, 4000]]
[63, 4000, 4000, 'ct60', 0] [[0, 2000], [4000, 2000], [2000, 0], [2000, 4000]]
[64, 4000, 4000, 'ct61', 0] [[0, 2000], [4000, 2000], [2000, 0], [2000, 4000]]
[65, 4000, 4000, 'ct62', 0] [[0, 2000], [4000, 2000], [2000, 0], [2000, 4000]]
[66, 4000, 4000, 'ct63', 0] [[0, 2000], [4000, 2000], [2000, 0], [2000, 4000]]
[67, 4000, 4000, 'ct64', 0] [[0, 2000], [4000, 2000], [2000, 0], [2000, 4000]]
2/9, Finish initial placement with rotation, time spent: 0.0014276504516601562 s
3/9, Finish symmetricalization, time spent: 3.600120544433594e-05 s
4/9, Finish routing, time spent: 0.001631021499633789 s
****************************************************
Fail to find valid order; keeping the initial row order
****************************************************
--Finish applying new order
--Finish mirroring related components
5/9, Finish initialization of new orders, time spent: 0.012599945068359375 s
6/9, Finish shortening wirelength, time spent: 0.0003483295440673828 s
Skip stage7 LP according to user's need
8/9, Finish routing, time spent: 0.0021941661834716797 s
9/9, Finish compaction and connecting ports, time spent: 0.30407285690307617 s
<<<<<<<<<<<<<<<<<<<<<<<<<<<<<< All P&R Done >>>>>>>>>>>>>>>>>>>>>>>>>>>>>>
Total Timeusage: 0.32280588150024414 s
Reordering Timeusage: 0.012599945068359375 s
LP-based Optimization Timeusage: 0 s
P&R for the new orders: 0.3192152976989746 s
