$ systemd-run --user --scope -q -p MemoryMax=64.0G -p MemorySwapMax=0 /home/student/anaconda3/envs/neptune2026/bin/python /home/student/Desktop/Neptune_2026/scripts/run_all_synthesize_timeout_report.py --_worker --algorithm tree --input /home/student/Desktop/Neptune_2026/Microfluidics-Benchmarks/Results/MINT_TestCases/Constraints/Orthogonal_Constraint/Orthogonal_Constraint_fromMINT.json --case-output /home/student/Desktop/Neptune_2026/Microfluidics-Benchmarks/Results/tree_full_20260916_165459/artifacts/mint__Constraints__Orthogonal_Constraint__Orthogonal_Constraint_fromMINT --time-limit 3600.0 --solver-profile standard --mip-gap 0.0
Reversed 1 connection(s) with opposite-port direction conflicts: c_east.
Finish loading test case: Orthogonal_Constraint_fromMINT
1/9, Finish initial placement, time spent: 1.6927719116210938e-05 s
[0, 4000, 4000, 'north', 0] [[2000, 0], [4000, 2000], [2000, 4000], [0, 2000]]
[1, 4000, 4000, 'east', 0] [[2000, 0], [4000, 2000], [2000, 4000], [0, 2000]]
[2, 4000, 4000, 'west', 0] [[2000, 0], [4000, 2000], [2000, 4000], [0, 2000]]
[3, 4000, 4000, 'south', 0] [[2000, 0], [4000, 2000], [2000, 4000], [0, 2000]]
[4, 400, 400, 'n1', 0] [[200.0, 0.0], [400.0, 200.0], [200.0, 400.0], [0.0, 200.0]]
2/9, Finish initial placement with rotation, time spent: 0.0001087188720703125 s
3/9, Finish symmetricalization, time spent: 1.430511474609375e-05 s
4/9, Finish routing, time spent: 0.00011038780212402344 s
****************************************************
New valid order that can lead to planar graph found:
[[2, 0, 1], [0], [0]]
****************************************************
--Finish applying new order
--Finish mirroring related components
5/9, Finish initialization of new orders, time spent: 0.0004456043243408203 s
6/9, Finish shortening wirelength, time spent: 4.673004150390625e-05 s
Skip stage7 LP according to user's need
8/9, Finish routing, time spent: 0.00014066696166992188 s
9/9, Finish compaction and connecting ports, time spent: 0.022446155548095703 s
<<<<<<<<<<<<<<<<<<<<<<<<<<<<<< All P&R Done >>>>>>>>>>>>>>>>>>>>>>>>>>>>>>
Total Timeusage: 0.023329496383666992 s
Reordering Timeusage: 0.0004456043243408203 s
LP-based Optimization Timeusage: 0 s
P&R for the new orders: 0.02307915687561035 s
Fit canvas to [76200.0, 76200.0] and center by [25100.0, 25500.0]
Done. Combined PR JSON: /home/student/Desktop/Neptune_2026/Microfluidics-Benchmarks/Results/tree_full_20260916_165459/artifacts/mint__Constraints__Orthogonal_Constraint__Orthogonal_Constraint_fromMINT/result.json
