$ systemd-run --user --scope -q -p MemoryMax=64.0G -p MemorySwapMax=0 /home/student/anaconda3/envs/neptune2026/bin/python /home/student/Desktop/Neptune_2026/scripts/run_all_synthesize_timeout_report.py --_worker --algorithm tree --input /home/student/Desktop/Neptune_2026/Microfluidics-Benchmarks/Results/MINT_TestCases/Distribute_Library/MUX_02_In/MUX_02_In_fromMINT.json --case-output /home/student/Desktop/Neptune_2026/Microfluidics-Benchmarks/Results/tree_full_20260916_165459/artifacts/mint__Distribute_Library__MUX_02_In__MUX_02_In_fromMINT --time-limit 3600.0 --solver-profile standard --mip-gap 0.0
Finish loading test case: MUX_02_In_fromMINT
1/9, Finish initial placement, time spent: 2.8371810913085938e-05 s
[0, 1400, 1400, 'port_1', 0] [[700, 0], [1400, 700], [700, 1400], [0, 700]]
[1, 1400, 1400, 'port_2', 0] [[700, 0], [1400, 700], [700, 1400], [0, 700]]
[2, 1400, 1400, 'port_3', 0] [[700, 0], [1400, 700], [700, 1400], [0, 700]]
2/9, Finish initial placement with rotation, time spent: 7.510185241699219e-05 s
3/9, Finish symmetricalization, time spent: 1.2636184692382812e-05 s
4/9, Finish routing, time spent: 7.200241088867188e-05 s
****************************************************
New valid order that can lead to planar graph found:
[[0, 1], [0]]
****************************************************
--Finish applying new order
--Finish mirroring related components
5/9, Finish initialization of new orders, time spent: 0.00040602684020996094 s
6/9, Finish shortening wirelength, time spent: 3.361701965332031e-05 s
Skip stage7 LP according to user's need
8/9, Finish routing, time spent: 0.00015616416931152344 s
9/9, Finish compaction and connecting ports, time spent: 0.015196800231933594 s
<<<<<<<<<<<<<<<<<<<<<<<<<<<<<< All P&R Done >>>>>>>>>>>>>>>>>>>>>>>>>>>>>>
Total Timeusage: 0.01598072052001953 s
Reordering Timeusage: 0.00040602684020996094 s
LP-based Optimization Timeusage: 0 s
P&R for the new orders: 0.0157926082611084 s
Fit canvas to [76200.0, 76200.0] and center by [15950.0, 28200.0]
Done. Combined PR JSON: /home/student/Desktop/Neptune_2026/Microfluidics-Benchmarks/Results/tree_full_20260916_165459/artifacts/mint__Distribute_Library__MUX_02_In__MUX_02_In_fromMINT/result.json
