$ systemd-run --user --scope -q -p MemoryMax=64.0G -p MemorySwapMax=0 /home/student/anaconda3/envs/neptune2026/bin/python /home/student/Desktop/Neptune_2026/scripts/run_all_synthesize_timeout_report.py --_worker --algorithm tree --input /home/student/Desktop/Neptune_2026/Microfluidics-Benchmarks/Results/MINT_TestCases/COVID/Rt_Pcr/Rt_Pcr_fromMINT.json --case-output /home/student/Desktop/Neptune_2026/Microfluidics-Benchmarks/Results/tree_full_20260916_165459/artifacts/mint__COVID__Rt_Pcr__Rt_Pcr_fromMINT --time-limit 3600.0 --solver-profile standard --mip-gap 0.0
Finish loading test case: Rt_Pcr_fromMINT
1/9, Finish initial placement, time spent: 1.4066696166992188e-05 s
[0, 5000, 5000, 'reaction_chamber_1', 0] [[2500, 0], [5000, 2500], [2500, 5000], [0, 2500]]
[1, 1400, 1400, 'port_1', 0] [[700, 0], [1400, 700], [700, 1400], [0, 700]]
[2, 5000, 5000, 'reaction_chamber_2', 0] [[2500, 0], [5000, 2500], [2500, 5000], [0, 2500]]
[3, 1400, 1400, 'port_2', 0] [[700, 0], [1400, 700], [700, 1400], [0, 700]]
2/9, Finish initial placement with rotation, time spent: 7.82012939453125e-05 s
3/9, Finish symmetricalization, time spent: 1.2636184692382812e-05 s
4/9, Finish routing, time spent: 0.0001087188720703125 s
****************************************************
New valid order that can lead to planar graph found:
[[0], [0], [0], [0]]
****************************************************
--Finish applying new order
--Finish mirroring related components
5/9, Finish initialization of new orders, time spent: 0.00041675567626953125 s
6/9, Finish shortening wirelength, time spent: 4.696846008300781e-05 s
Skip stage7 LP according to user's need
8/9, Finish routing, time spent: 0.00014710426330566406 s
9/9, Finish compaction and connecting ports, time spent: 0.01856851577758789 s
<<<<<<<<<<<<<<<<<<<<<<<<<<<<<< All P&R Done >>>>>>>>>>>>>>>>>>>>>>>>>>>>>>
Total Timeusage: 0.019392967224121094 s
Reordering Timeusage: 0.00041675567626953125 s
LP-based Optimization Timeusage: 0 s
P&R for the new orders: 0.019179344177246094 s
Fit canvas to [76200.0, 80400.0] and center by [30600.0, 23200.0]
Done. Combined PR JSON: /home/student/Desktop/Neptune_2026/Microfluidics-Benchmarks/Results/tree_full_20260916_165459/artifacts/mint__COVID__Rt_Pcr__Rt_Pcr_fromMINT/result.json
