$ systemd-run --user --scope -q -p MemoryMax=64.0G -p MemorySwapMax=0 /home/student/anaconda3/envs/neptune2026/bin/python /home/student/Desktop/Neptune_2026/scripts/run_all_synthesize_timeout_report.py --_worker --algorithm tree --input /home/student/Desktop/Neptune_2026/Microfluidics-Benchmarks/Results/MINT_TestCases/CIDAR_Lab_Past_Devices/Rotary_Cells/Rotary_Cells_fromMINT.json --case-output /home/student/Desktop/Neptune_2026/Microfluidics-Benchmarks/Results/tree_full_20260916_165459/artifacts/mint__CIDAR_Lab_Past_Devices__Rotary_Cells__Rotary_Cells_fromMINT --time-limit 3600.0 --solver-profile standard --mip-gap 0.0
Reversed 16 connection(s) with opposite-port direction conflicts: channel_5, channel_6, channel_7, channel_8, channel_9, channel_10, channel_11, channel_12, channel_13, channel_14, channel_15, channel_16, channel_17, channel_18, channel_19, channel_20.
Finish loading test case: Rotary_Cells_fromMINT
1/9, Finish initial placement, time spent: 4.410743713378906e-05 s
[0, 4000, 4000, 'square_cell_trap_1', 0] [[0, 2000], [4000, 2000], [2000, 0], [2000, 4000]]
[1, 1400, 1400, 'port_1', 0] [[700, 0], [1400, 700], [700, 1400], [0, 700]]
[2, 4000, 4000, 'square_cell_trap_2', 0] [[0, 2000], [4000, 2000], [2000, 0], [2000, 4000]]
[3, 4000, 4000, 'square_cell_trap_3', 0] [[0, 2000], [4000, 2000], [2000, 0], [2000, 4000]]
[4, 4000, 4000, 'square_cell_trap_4', 0] [[0, 2000], [4000, 2000], [2000, 0], [2000, 4000]]
[5, 4060, 4860, 'mixer_1', 0] [[2030, 0], [2030, 4860]]
[6, 4060, 4860, 'mixer_2', 0] [[2030, 0], [2030, 4860]]
[7, 4060, 4860, 'mixer_3', 0] [[2030, 0], [2030, 4860]]
[8, 4060, 4860, 'mixer_4', 0] [[2030, 0], [2030, 4860]]
[9, 4060, 4860, 'mixer_5', 0] [[2030, 0], [2030, 4860]]
[10, 4060, 4860, 'mixer_6', 0] [[2030, 0], [2030, 4860]]
[11, 1400, 1400, 'port_2', 0] [[700, 0], [1400, 700], [700, 1400], [0, 700]]
[12, 1400, 1400, 'port_3', 0] [[700, 0], [1400, 700], [700, 1400], [0, 700]]
[13, 1400, 1400, 'port_4', 0] [[700, 0], [1400, 700], [700, 1400], [0, 700]]
[14, 1400, 1400, 'port_5', 0] [[700, 0], [1400, 700], [700, 1400], [0, 700]]
2/9, Finish initial placement with rotation, time spent: 0.00023651123046875 s
3/9, Finish symmetricalization, time spent: 1.8596649169921875e-05 s
4/9, Finish routing, time spent: 0.0002982616424560547 s
****************************************************
New valid order that can lead to planar graph found:
[[1, 0], [0, 1, 2], [0, 1, 2], [0, 1], [0, 1, 2, 3], [0]]
****************************************************
--Finish applying new order
--Finish mirroring related components
5/9, Finish initialization of new orders, time spent: 0.0010402202606201172 s
6/9, Finish shortening wirelength, time spent: 0.00010037422180175781 s
Skip stage7 LP according to user's need
8/9, Finish routing, time spent: 0.0003712177276611328 s
9/9, Finish compaction and connecting ports, time spent: 0.05336165428161621 s
<<<<<<<<<<<<<<<<<<<<<<<<<<<<<< All P&R Done >>>>>>>>>>>>>>>>>>>>>>>>>>>>>>
Total Timeusage: 0.055470943450927734 s
Reordering Timeusage: 0.0010402202606201172 s
LP-based Optimization Timeusage: 0 s
P&R for the new orders: 0.05487346649169922 s
Cannot finish valid layer-1 synthesis for:
- reason=routing:fallback_no_compliant_valve_escape valve=valve_0 flow_connection=channel_8 control_port=Cport_0
- reason=routing:fallback_no_compliant_valve_escape valve=valve_0 flow_connection=channel_8 control_port=Cport_2
- reason=routing:fallback_no_compliant_valve_escape valve=valve_0 flow_connection=channel_8 control_port=Cport_3
Spread 4 overlapping VALVE3D valve_0 pads into 2399 row(s), stair 2400
Fit canvas to [76200.0, 138180.0] and center by [-58935.0, 37300.0]
Done. Combined PR JSON: /home/student/Desktop/Neptune_2026/Microfluidics-Benchmarks/Results/tree_full_20260916_165459/artifacts/mint__CIDAR_Lab_Past_Devices__Rotary_Cells__Rotary_Cells_fromMINT/result.json
