$ systemd-run --user --scope -q -p MemoryMax=64.0G -p MemorySwapMax=0 /home/student/anaconda3/envs/neptune2026/bin/python /home/student/Desktop/Neptune_2026/scripts/run_all_synthesize_timeout_report.py --_worker --algorithm tree --input /home/student/Desktop/Neptune_2026/Microfluidics-Benchmarks/Results/MINT_TestCases/Distribute_Library/MUX_04_Out/MUX_04_Out_fromMINT.json --case-output /home/student/Desktop/Neptune_2026/Microfluidics-Benchmarks/Results/tree_full_20260916_165459/artifacts/mint__Distribute_Library__MUX_04_Out__MUX_04_Out_fromMINT --time-limit 3600.0 --solver-profile standard --mip-gap 0.0
Finish loading test case: MUX_04_Out_fromMINT
1/9, Finish initial placement, time spent: 6.580352783203125e-05 s
[0, 1400, 1400, 'port_1', 0] [[700, 0], [1400, 700], [700, 1400], [0, 700]]
[1, 1400, 1400, 'port_2', 0] [[700, 0], [1400, 700], [700, 1400], [0, 700]]
[2, 1400, 1400, 'port_3', 0] [[700, 0], [1400, 700], [700, 1400], [0, 700]]
[3, 1400, 1400, 'port_4', 0] [[700, 0], [1400, 700], [700, 1400], [0, 700]]
[4, 1400, 1400, 'port_5', 0] [[700, 0], [1400, 700], [700, 1400], [0, 700]]
2/9, Finish initial placement with rotation, time spent: 0.00014853477478027344 s
3/9, Finish symmetricalization, time spent: 1.3113021850585938e-05 s
4/9, Finish routing, time spent: 0.00010395050048828125 s
****************************************************
New valid order that can lead to planar graph found:
[[0, 1, 2, 3], [0]]
****************************************************
--Finish applying new order
--Finish mirroring related components
5/9, Finish initialization of new orders, time spent: 0.0006005764007568359 s
6/9, Finish shortening wirelength, time spent: 4.172325134277344e-05 s
Skip stage7 LP according to user's need
8/9, Finish routing, time spent: 0.00018095970153808594 s
9/9, Finish compaction and connecting ports, time spent: 0.022656679153442383 s
<<<<<<<<<<<<<<<<<<<<<<<<<<<<<< All P&R Done >>>>>>>>>>>>>>>>>>>>>>>>>>>>>>
Total Timeusage: 0.02381134033203125 s
Reordering Timeusage: 0.0006005764007568359 s
LP-based Optimization Timeusage: 0 s
P&R for the new orders: 0.023479938507080078 s
Fit canvas to [80500.0, 76200.0] and center by [13500.0, 28200.0]
Done. Combined PR JSON: /home/student/Desktop/Neptune_2026/Microfluidics-Benchmarks/Results/tree_full_20260916_165459/artifacts/mint__Distribute_Library__MUX_04_Out__MUX_04_Out_fromMINT/result.json
