$ systemd-run --user --scope -q -p MemoryMax=64.0G -p MemorySwapMax=0 /home/student/anaconda3/envs/neptune2026/bin/python /home/student/Desktop/Neptune_2026/scripts/run_all_synthesize_timeout_report.py --_worker --algorithm tree --input /home/student/Desktop/Neptune_2026/Microfluidics-Benchmarks/Results/MINT_TestCases/Drop_Ref/Dx_5_Ref/Dx_5_Ref_fromMINT.json --case-output /home/student/Desktop/Neptune_2026/Microfluidics-Benchmarks/Results/tree_full_20260916_165459/artifacts/mint__Drop_Ref__Dx_5_Ref__Dx_5_Ref_fromMINT --time-limit 3600.0 --solver-profile standard --mip-gap 0.0
Reversed 5 connection(s) with opposite-port direction conflicts: connection_1, connection_5, connection_8, connection_9, connection_10.
Finish loading test case: Dx_5_Ref_fromMINT
1/9, Finish initial placement, time spent: 4.220008850097656e-05 s
[0, 4000, 4000, 'port_oil1', 0] [[2000, 0], [4000, 2000], [2000, 4000], [0, 2000]]
[1, 4000, 4000, 'port_oil2', 0] [[2000, 0], [4000, 2000], [2000, 4000], [0, 2000]]
[2, 4000, 4000, 'port_water', 0] [[2000, 0], [4000, 2000], [2000, 4000], [0, 2000]]
[3, 5975, 375, 'nozzle_droplet_generator_1', 0] [[300, 0], [5975, 187], [300, 375], [0, 187]]
[4, 10000, 9050, 'picoinjector_1', 0] [[0, 5550], [10000, 5550], [5000, 0]]
[5, 4000, 4000, 'port_injection', 0] [[2000, 0], [4000, 2000], [2000, 4000], [0, 2000]]
[6, 2000, 4300, 'droplet_splitter_1', 0] [[0, 2150], [1850, 0], [1850, 4300]]
[7, 4060, 4860, 'mixer_1', 0] [[2030, 0], [2030, 4860]]
[8, 4060, 4860, 'mixer_2', 0] [[2030, 0], [2030, 4860]]
[9, 21750, 12414, 'droplet_sorter_1', 0] [[0, 5834], [21750, 345], [21750, 11322]]
[10, 21750, 12414, 'droplet_sorter_2', 0] [[0, 5834], [21750, 345], [21750, 11322]]
[11, 4000, 4000, 'port_out_waste1', 0] [[2000, 0], [4000, 2000], [2000, 4000], [0, 2000]]
[12, 4000, 4000, 'port_out_waste2', 0] [[2000, 0], [4000, 2000], [2000, 4000], [0, 2000]]
[13, 4000, 4000, 'port_out_keep1', 0] [[2000, 0], [4000, 2000], [2000, 4000], [0, 2000]]
[14, 4000, 4000, 'port_out_keep2', 0] [[2000, 0], [4000, 2000], [2000, 4000], [0, 2000]]
2/9, Finish initial placement with rotation, time spent: 0.00023603439331054688 s
3/9, Finish symmetricalization, time spent: 1.7881393432617188e-05 s
4/9, Finish routing, time spent: 0.0002593994140625 s
****************************************************
Fail to find valid order; keeping the initial row order
****************************************************
--Finish applying new order
--Finish mirroring related components
5/9, Finish initialization of new orders, time spent: 0.0067386627197265625 s
6/9, Finish shortening wirelength, time spent: 0.00010347366333007812 s
Skip stage7 LP according to user's need
8/9, Finish routing, time spent: 0.0003027915954589844 s
9/9, Finish compaction and connecting ports, time spent: 0.05173826217651367 s
<<<<<<<<<<<<<<<<<<<<<<<<<<<<<< All P&R Done >>>>>>>>>>>>>>>>>>>>>>>>>>>>>>
Total Timeusage: 0.05943870544433594 s
Reordering Timeusage: 0.0067386627197265625 s
LP-based Optimization Timeusage: 0 s
P&R for the new orders: 0.0588831901550293 s
Spread 3 overlapping NOZZLE DROPLET GENERATOR nozzle_droplet_generator_1 pads into 13 row(s), stair 2393
Fit canvas to [99397.9, 116250.0] and center by [25485.4, -21850.0]
Done. Combined PR JSON: /home/student/Desktop/Neptune_2026/Microfluidics-Benchmarks/Results/tree_full_20260916_165459/artifacts/mint__Drop_Ref__Dx_5_Ref__Dx_5_Ref_fromMINT/result.json
