$ systemd-run --user --scope -q -p MemoryMax=64.0G -p MemorySwapMax=0 /home/student/anaconda3/envs/neptune2026/bin/python /home/student/Desktop/Neptune_2026/scripts/run_all_synthesize_timeout_report.py --_worker --algorithm tree --input /home/student/Desktop/Neptune_2026/Microfluidics-Benchmarks/Results/MINT_TestCases/CIDAR_Lab_Past_Devices/Mixer_Trap_Simple/Mixer_Trap_Simple_fromMINT.json --case-output /home/student/Desktop/Neptune_2026/Microfluidics-Benchmarks/Results/tree_full_20260916_165459/artifacts/mint__CIDAR_Lab_Past_Devices__Mixer_Trap_Simple__Mixer_Trap_Simple_fromMINT --time-limit 3600.0 --solver-profile standard --mip-gap 0.0
Reversed 3 connection(s) with opposite-port direction conflicts: channel_1, channel_2, channel_3.
Finish loading test case: Mixer_Trap_Simple_fromMINT
1/9, Finish initial placement, time spent: 1.621246337890625e-05 s
[0, 2000, 2000, 'port_in', 0] [[1000, 0], [2000, 1000], [1000, 2000], [0, 1000]]
[1, 1600, 7600, 'mixer_1', 0] [[800, 0], [800, 7600]]
[2, 2000, 2000, 'cell_trapper_1', 0] [[0, 1000], [2000, 1000], [1000, 0], [1000, 2000]]
[3, 2000, 2000, 'port_out', 0] [[1000, 0], [2000, 1000], [1000, 2000], [0, 1000]]
2/9, Finish initial placement with rotation, time spent: 7.653236389160156e-05 s
3/9, Finish symmetricalization, time spent: 1.3589859008789062e-05 s
4/9, Finish routing, time spent: 0.00010561943054199219 s
****************************************************
New valid order that can lead to planar graph found:
[[0], [0], [0], [0]]
****************************************************
--Finish applying new order
--Finish mirroring related components
5/9, Finish initialization of new orders, time spent: 0.00039458274841308594 s
6/9, Finish shortening wirelength, time spent: 4.649162292480469e-05 s
Skip stage7 LP according to user's need
8/9, Finish routing, time spent: 0.00012636184692382812 s
9/9, Finish compaction and connecting ports, time spent: 0.017109155654907227 s
<<<<<<<<<<<<<<<<<<<<<<<<<<<<<< All P&R Done >>>>>>>>>>>>>>>>>>>>>>>>>>>>>>
Total Timeusage: 0.017888545989990234 s
Reordering Timeusage: 0.00039458274841308594 s
LP-based Optimization Timeusage: 0 s
P&R for the new orders: 0.017676591873168945 s
Fit canvas to [76200.0, 80000.0] and center by [32100.0, 22600.0]
Done. Combined PR JSON: /home/student/Desktop/Neptune_2026/Microfluidics-Benchmarks/Results/tree_full_20260916_165459/artifacts/mint__CIDAR_Lab_Past_Devices__Mixer_Trap_Simple__Mixer_Trap_Simple_fromMINT/result.json
