$ systemd-run --user --scope -q -p MemoryMax=64.0G -p MemorySwapMax=0 /home/student/anaconda3/envs/neptune2026/bin/python /home/student/Desktop/Neptune_2026/scripts/run_all_synthesize_timeout_report.py --_worker --algorithm tree --input /home/student/Desktop/Neptune_2026/Microfluidics-Benchmarks/Results/MINT_TestCases/Distribute_Library/MUX_08_Out/MUX_08_Out_fromMINT.json --case-output /home/student/Desktop/Neptune_2026/Microfluidics-Benchmarks/Results/tree_full_20260916_165459/artifacts/mint__Distribute_Library__MUX_08_Out__MUX_08_Out_fromMINT --time-limit 3600.0 --solver-profile standard --mip-gap 0.0
Finish loading test case: MUX_08_Out_fromMINT
1/9, Finish initial placement, time spent: 0.00010347366333007812 s
[0, 1400, 1400, 'port_1', 0] [[700, 0], [1400, 700], [700, 1400], [0, 700]]
[1, 1400, 1400, 'port_2', 0] [[700, 0], [1400, 700], [700, 1400], [0, 700]]
[2, 1400, 1400, 'port_3', 0] [[700, 0], [1400, 700], [700, 1400], [0, 700]]
[3, 1400, 1400, 'port_4', 0] [[700, 0], [1400, 700], [700, 1400], [0, 700]]
[4, 1400, 1400, 'port_5', 0] [[700, 0], [1400, 700], [700, 1400], [0, 700]]
[5, 1400, 1400, 'port_6', 0] [[700, 0], [1400, 700], [700, 1400], [0, 700]]
[6, 1400, 1400, 'port_7', 0] [[700, 0], [1400, 700], [700, 1400], [0, 700]]
[7, 1400, 1400, 'port_8', 0] [[700, 0], [1400, 700], [700, 1400], [0, 700]]
[8, 1400, 1400, 'port_9', 0] [[700, 0], [1400, 700], [700, 1400], [0, 700]]
2/9, Finish initial placement with rotation, time spent: 0.0002262592315673828 s
3/9, Finish symmetricalization, time spent: 1.3828277587890625e-05 s
4/9, Finish routing, time spent: 0.0001671314239501953 s
****************************************************
New valid order that can lead to planar graph found:
[[0, 1, 2, 3, 4, 5, 6, 7], [0]]
****************************************************
--Finish applying new order
--Finish mirroring related components
5/9, Finish initialization of new orders, time spent: 0.0007965564727783203 s
6/9, Finish shortening wirelength, time spent: 5.030632019042969e-05 s
Skip stage7 LP according to user's need
8/9, Finish routing, time spent: 0.0002567768096923828 s
9/9, Finish compaction and connecting ports, time spent: 0.035179853439331055 s
<<<<<<<<<<<<<<<<<<<<<<<<<<<<<< All P&R Done >>>>>>>>>>>>>>>>>>>>>>>>>>>>>>
Total Timeusage: 0.036794185638427734 s
Reordering Timeusage: 0.0007965564727783203 s
LP-based Optimization Timeusage: 0 s
P&R for the new orders: 0.03628349304199219 s
Cannot finish valid layer-1 synthesis for:
- reason=routing:fallback_no_compliant_valve_escape valve=valve_3 flow_connection=channel_6 control_port=Cport_3
- reason=routing:fallback_no_compliant_valve_escape valve=valve_5 flow_connection=channel_3 control_port=Cport_5
Fit canvas to [98900.0, 76200.0] and center by [13500.0, 28200.0]
Done. Combined PR JSON: /home/student/Desktop/Neptune_2026/Microfluidics-Benchmarks/Results/tree_full_20260916_165459/artifacts/mint__Distribute_Library__MUX_08_Out__MUX_08_Out_fromMINT/result.json
