$ systemd-run --user --scope -q -p MemoryMax=64.0G -p MemorySwapMax=0 /home/student/anaconda3/envs/neptune2026/bin/python /home/student/Desktop/Neptune_2026/scripts/run_all_synthesize_timeout_report.py --_worker --algorithm tree --input /home/student/Desktop/Neptune_2026/Microfluidics-Benchmarks/Results/MINT_TestCases/Distribute_Library/Transposer_03/Transposer_03_fromMINT.json --case-output /home/student/Desktop/Neptune_2026/Microfluidics-Benchmarks/Results/tree_full_20260916_165459/artifacts/mint__Distribute_Library__Transposer_03__Transposer_03_fromMINT --time-limit 3600.0 --solver-profile standard --mip-gap 0.0
Finish loading test case: Transposer_03_fromMINT
1/9, Finish initial placement, time spent: 9.870529174804688e-05 s
[0, 1400, 1400, 'port_1', 0] [[700, 0], [1400, 700], [700, 1400], [0, 700]]
[1, 1400, 1400, 'port_2', 0] [[700, 0], [1400, 700], [700, 1400], [0, 700]]
[2, 1400, 1400, 'port_3', 0] [[700, 0], [1400, 700], [700, 1400], [0, 700]]
[3, 1400, 1400, 'port_4', 0] [[700, 0], [1400, 700], [700, 1400], [0, 700]]
[4, 1400, 1400, 'port_5', 0] [[700, 0], [1400, 700], [700, 1400], [0, 700]]
[5, 1400, 1400, 'port_6', 0] [[700, 0], [1400, 700], [700, 1400], [0, 700]]
2/9, Finish initial placement with rotation, time spent: 0.0001780986785888672 s
3/9, Finish symmetricalization, time spent: 1.430511474609375e-05 s
4/9, Finish routing, time spent: 0.00018525123596191406 s
****************************************************
Fail to find valid order; keeping the initial row order
****************************************************
--Finish applying new order
--Finish mirroring related components
5/9, Finish initialization of new orders, time spent: 0.0007734298706054688 s
6/9, Finish shortening wirelength, time spent: 5.7220458984375e-05 s
Skip stage7 LP according to user's need
8/9, Finish routing, time spent: 0.000270843505859375 s
9/9, Finish compaction and connecting ports, time spent: 0.029037952423095703 s
<<<<<<<<<<<<<<<<<<<<<<<<<<<<<< All P&R Done >>>>>>>>>>>>>>>>>>>>>>>>>>>>>>
Total Timeusage: 0.030615806579589844 s
Reordering Timeusage: 0.0007734298706054688 s
LP-based Optimization Timeusage: 0 s
P&R for the new orders: 0.030139446258544922 s
Cannot finish valid layer-1 synthesis for:
- reason=routing:fallback_no_compliant_valve_escape valve=valve_0 flow_connection=channel_5 control_port=Cport_0
- reason=routing:fallback_no_compliant_valve_escape valve=valve_1 flow_connection=channel_4 control_port=Cport_1
- reason=routing:fallback_no_compliant_valve_escape valve=valve_2 flow_connection=channel_1 control_port=Cport_2
- reason=routing:fallback_no_compliant_valve_escape valve=valve_3 flow_connection=channel_3 control_port=Cport_3
- reason=routing:fallback_no_compliant_valve_escape valve=valve_4 flow_connection=channel_2 control_port=Cport_4
- reason=routing:fallback_no_compliant_valve_escape valve=valve_5 flow_connection=channel_7 control_port=Cport_5
- reason=routing:fallback_no_compliant_valve_escape valve=valve_6 flow_connection=channel_6 control_port=Cport_6
- reason=routing:fallback_no_compliant_valve_escape valve=valve_7 flow_connection=channel_8 control_port=Cport_7
Fit canvas to [76200.0, 76600.0] and center by [14950.0, 36700.0]
Done. Combined PR JSON: /home/student/Desktop/Neptune_2026/Microfluidics-Benchmarks/Results/tree_full_20260916_165459/artifacts/mint__Distribute_Library__Transposer_03__Transposer_03_fromMINT/result.json
