$ systemd-run --user --scope -q -p MemoryMax=64.0G -p MemorySwapMax=0 /home/student/anaconda3/envs/neptune2026/bin/python /home/student/Desktop/Neptune_2026/scripts/run_all_synthesize_timeout_report.py --_worker --algorithm tree --input /home/student/Desktop/Neptune_2026/Microfluidics-Benchmarks/Results/MINT_TestCases/Distribute_Library/Single_Storage_Grid_02/Single_Storage_Grid_02_fromMINT.json --case-output /home/student/Desktop/Neptune_2026/Microfluidics-Benchmarks/Results/tree_full_20260916_165459/artifacts/mint__Distribute_Library__Single_Storage_Grid_02__Single_Storage_Grid_02_fromMINT --time-limit 3600.0 --solver-profile standard --mip-gap 0.0
Finish loading test case: Single_Storage_Grid_02_fromMINT
1/9, Finish initial placement, time spent: 2.86102294921875e-05 s
[0, 1400, 1400, 'port_1', 0] [[700, 0], [1400, 700], [700, 1400], [0, 700]]
[1, 1400, 1400, 'port_2', 0] [[700, 0], [1400, 700], [700, 1400], [0, 700]]
2/9, Finish initial placement with rotation, time spent: 6.628036499023438e-05 s
3/9, Finish symmetricalization, time spent: 1.1444091796875e-05 s
4/9, Finish routing, time spent: 5.078315734863281e-05 s
****************************************************
New valid order that can lead to planar graph found:
[[0], [0]]
****************************************************
--Finish applying new order
--Finish mirroring related components
5/9, Finish initialization of new orders, time spent: 0.0002682209014892578 s
6/9, Finish shortening wirelength, time spent: 2.5033950805664062e-05 s
Skip stage7 LP according to user's need
8/9, Finish routing, time spent: 7.748603820800781e-05 s
9/9, Finish compaction and connecting ports, time spent: 0.01174306869506836 s
<<<<<<<<<<<<<<<<<<<<<<<<<<<<<< All P&R Done >>>>>>>>>>>>>>>>>>>>>>>>>>>>>>
Total Timeusage: 0.012270927429199219 s
Reordering Timeusage: 0.0002682209014892578 s
LP-based Optimization Timeusage: 0 s
P&R for the new orders: 0.012113809585571289 s
Fit canvas to [76200.0, 76200.0] and center by [32400.0, 30500.0]
Done. Combined PR JSON: /home/student/Desktop/Neptune_2026/Microfluidics-Benchmarks/Results/tree_full_20260916_165459/artifacts/mint__Distribute_Library__Single_Storage_Grid_02__Single_Storage_Grid_02_fromMINT/result.json
