$ systemd-run --user --scope -q -p MemoryMax=64.0G -p MemorySwapMax=0 /home/student/anaconda3/envs/neptune2026/bin/python /home/student/Desktop/Neptune_2026/scripts/run_all_synthesize_timeout_report.py --_worker --algorithm tree --input /home/student/Desktop/Neptune_2026/Microfluidics-Benchmarks/Results/MINT_TestCases/Base/Long_Cell_Trap_Two_Port/Long_Cell_Trap_Two_Port_fromMINT.json --case-output /home/student/Desktop/Neptune_2026/Microfluidics-Benchmarks/Results/tree_full_20260916_165459/artifacts/mint__Base__Long_Cell_Trap_Two_Port__Long_Cell_Trap_Two_Port_fromMINT --time-limit 3600.0 --solver-profile standard --mip-gap 0.0
Reversed 2 connection(s) with opposite-port direction conflicts: c1, c2.
Finish loading test case: Long_Cell_Trap_Two_Port_fromMINT
1/9, Finish initial placement, time spent: 1.430511474609375e-05 s
[0, 200, 200, 'p1', 0] [[100, 0], [200, 100], [100, 200], [0, 100]]
[1, 200, 200, 'p2', 0] [[100, 0], [200, 100], [100, 200], [0, 100]]
[2, 800, 300, 'ct1', 0] [[0, 150], [800, 150]]
2/9, Finish initial placement with rotation, time spent: 9.059906005859375e-05 s
3/9, Finish symmetricalization, time spent: 1.3113021850585938e-05 s
4/9, Finish routing, time spent: 8.20159912109375e-05 s
****************************************************
New valid order that can lead to planar graph found:
[[0], [0], [0]]
****************************************************
--Finish applying new order
--Finish mirroring related components
5/9, Finish initialization of new orders, time spent: 0.0003447532653808594 s
6/9, Finish shortening wirelength, time spent: 3.528594970703125e-05 s
Skip stage7 LP according to user's need
8/9, Finish routing, time spent: 0.0001163482666015625 s
9/9, Finish compaction and connecting ports, time spent: 0.014189958572387695 s
<<<<<<<<<<<<<<<<<<<<<<<<<<<<<< All P&R Done >>>>>>>>>>>>>>>>>>>>>>>>>>>>>>
Total Timeusage: 0.01488637924194336 s
Reordering Timeusage: 0.0003447532653808594 s
LP-based Optimization Timeusage: 0 s
P&R for the new orders: 0.014686346054077148 s
Fit canvas to [76200.0, 76200.0] and center by [32950.0, 29400.0]
Done. Combined PR JSON: /home/student/Desktop/Neptune_2026/Microfluidics-Benchmarks/Results/tree_full_20260916_165459/artifacts/mint__Base__Long_Cell_Trap_Two_Port__Long_Cell_Trap_Two_Port_fromMINT/result.json
