$ systemd-run --user --scope -q -p MemoryMax=64.0G -p MemorySwapMax=0 /home/student/anaconda3/envs/neptune2026/bin/python /home/student/Desktop/Neptune_2026/scripts/run_all_synthesize_timeout_report.py --_worker --algorithm tree --input /home/student/Desktop/Neptune_2026/Microfluidics-Benchmarks/Results/MINT_TestCases/Drop_Ref/Dx_1/Dx_1_fromMINT.json --case-output /home/student/Desktop/Neptune_2026/Microfluidics-Benchmarks/Results/tree_full_20260916_165459/artifacts/mint__Drop_Ref__Dx_1__Dx_1_fromMINT --time-limit 3600.0 --solver-profile standard --mip-gap 0.0
Reversed 5 connection(s) with opposite-port direction conflicts: channel_3, channel_4, channel_7, channel_8, channel_9.
Finish loading test case: Dx_1_fromMINT
1/9, Finish initial placement, time spent: 3.838539123535156e-05 s
[0, 4060, 4860, 'mixer_1', 0] [[2030, 0], [2030, 4860]]
[1, 18450, 11426, 'droplet_sorter_1', 0] [[0, 4845], [18450, 600], [18450, 9091]]
[2, 1400, 1400, 'port_1', 0] [[700, 0], [1400, 700], [700, 1400], [0, 700]]
[3, 1400, 1400, 'port_2', 0] [[700, 0], [1400, 700], [700, 1400], [0, 700]]
[4, 4000, 4000, 'port_3', 0] [[2000, 0], [4000, 2000], [2000, 4000], [0, 2000]]
[5, 4000, 4000, 'port_4', 0] [[2000, 0], [4000, 2000], [2000, 4000], [0, 2000]]
[6, 1800, 600, 'nozzle_droplet_generator_1', 0] [[400, 0], [1800, 300], [400, 600], [0, 300]]
[7, 4060, 4860, 'mixer_2', 0] [[2030, 0], [2030, 4860]]
[8, 1400, 1400, 'port_5', 0] [[700, 0], [1400, 700], [700, 1400], [0, 700]]
[9, 1400, 1400, 'port_6', 0] [[700, 0], [1400, 700], [700, 1400], [0, 700]]
2/9, Finish initial placement with rotation, time spent: 0.00016427040100097656 s
3/9, Finish symmetricalization, time spent: 1.6927719116210938e-05 s
4/9, Finish routing, time spent: 0.0001747608184814453 s
****************************************************
New valid order that can lead to planar graph found:
[[0], [1, 3, 0, 2], [0], [0, 1, 2], [0]]
****************************************************
--Finish applying new order
--Finish mirroring related components
5/9, Finish initialization of new orders, time spent: 0.0007274150848388672 s
6/9, Finish shortening wirelength, time spent: 6.866455078125e-05 s
Skip stage7 LP according to user's need
8/9, Finish routing, time spent: 0.00021505355834960938 s
9/9, Finish compaction and connecting ports, time spent: 0.03460550308227539 s
<<<<<<<<<<<<<<<<<<<<<<<<<<<<<< All P&R Done >>>>>>>>>>>>>>>>>>>>>>>>>>>>>>
Total Timeusage: 0.0360109806060791 s
Reordering Timeusage: 0.0007274150848388672 s
LP-based Optimization Timeusage: 0 s
P&R for the new orders: 0.03561663627624512 s
Spread 2 overlapping NOZZLE DROPLET GENERATOR nozzle_droplet_generator_1 pads into 8 row(s), stair 2381
Spread 2 overlapping DROPLET SORTER droplet_sorter_1 pads into 2399 row(s), stair 2400
Fit canvas to [110710.0, 77776.0] and center by [43460.0, 11630.0]
Done. Combined PR JSON: /home/student/Desktop/Neptune_2026/Microfluidics-Benchmarks/Results/tree_full_20260916_165459/artifacts/mint__Drop_Ref__Dx_1__Dx_1_fromMINT/result.json
