$ systemd-run --user --scope -q -p MemoryMax=64.0G -p MemorySwapMax=0 /home/student/anaconda3/envs/neptune2026/bin/python /home/student/Desktop/Neptune_2026/scripts/run_all_synthesize_timeout_report.py --_worker --algorithm tree --input /home/student/Desktop/Neptune_2026/Microfluidics-Benchmarks/Results/MINT_TestCases/Grid/Grid_05/Grid_05_fromMINT.json --case-output /home/student/Desktop/Neptune_2026/Microfluidics-Benchmarks/Results/tree_full_20260916_165459/artifacts/mint__Grid__Grid_05__Grid_05_fromMINT --time-limit 3600.0 --solver-profile standard --mip-gap 0.0
Reversed 7 connection(s) with opposite-port direction conflicts: c1, c2, c3, c4, c5, c6, c52.
Finish loading test case: Grid_05_fromMINT
1/9, Finish initial placement, time spent: 0.00022530555725097656 s
[0, 7450, 16300, 'm1', 0] [[3725, 0], [5825, 16300], [4775, 16300], [3725, 16300], [2675, 16300], [1625, 16300]]
[1, 7450, 16300, 'm2', 0] [[3725, 0], [5825, 16300], [4775, 16300], [3725, 16300], [2675, 16300], [1625, 16300]]
[2, 200, 200, 'p1', 0] [[100, 0], [200, 100], [100, 200], [0, 100]]
[3, 200, 200, 'p2', 0] [[100, 0], [200, 100], [100, 200], [0, 100]]
[4, 4000, 4000, 'ct1', 0] [[0, 2000], [4000, 2000], [2000, 0], [2000, 4000]]
[5, 4000, 4000, 'ct2', 0] [[0, 2000], [4000, 2000], [2000, 0], [2000, 4000]]
[6, 4000, 4000, 'ct3', 0] [[0, 2000], [4000, 2000], [2000, 0], [2000, 4000]]
[7, 4000, 4000, 'ct4', 0] [[0, 2000], [4000, 2000], [2000, 0], [2000, 4000]]
[8, 4000, 4000, 'ct5', 0] [[0, 2000], [4000, 2000], [2000, 0], [2000, 4000]]
[9, 4000, 4000, 'ct6', 0] [[0, 2000], [4000, 2000], [2000, 0], [2000, 4000]]
[10, 4000, 4000, 'ct7', 0] [[0, 2000], [4000, 2000], [2000, 0], [2000, 4000]]
[11, 4000, 4000, 'ct8', 0] [[0, 2000], [4000, 2000], [2000, 0], [2000, 4000]]
[12, 4000, 4000, 'ct9', 0] [[0, 2000], [4000, 2000], [2000, 0], [2000, 4000]]
[13, 4000, 4000, 'ct10', 0] [[0, 2000], [4000, 2000], [2000, 0], [2000, 4000]]
[14, 4000, 4000, 'ct11', 0] [[0, 2000], [4000, 2000], [2000, 0], [2000, 4000]]
[15, 4000, 4000, 'ct12', 0] [[0, 2000], [4000, 2000], [2000, 0], [2000, 4000]]
[16, 4000, 4000, 'ct13', 0] [[0, 2000], [4000, 2000], [2000, 0], [2000, 4000]]
[17, 4000, 4000, 'ct14', 0] [[0, 2000], [4000, 2000], [2000, 0], [2000, 4000]]
[18, 4000, 4000, 'ct15', 0] [[0, 2000], [4000, 2000], [2000, 0], [2000, 4000]]
[19, 4000, 4000, 'ct16', 0] [[0, 2000], [4000, 2000], [2000, 0], [2000, 4000]]
[20, 4000, 4000, 'ct17', 0] [[0, 2000], [4000, 2000], [2000, 0], [2000, 4000]]
[21, 4000, 4000, 'ct18', 0] [[0, 2000], [4000, 2000], [2000, 0], [2000, 4000]]
[22, 4000, 4000, 'ct19', 0] [[0, 2000], [4000, 2000], [2000, 0], [2000, 4000]]
[23, 4000, 4000, 'ct20', 0] [[0, 2000], [4000, 2000], [2000, 0], [2000, 4000]]
[24, 4000, 4000, 'ct21', 0] [[0, 2000], [4000, 2000], [2000, 0], [2000, 4000]]
[25, 4000, 4000, 'ct22', 0] [[0, 2000], [4000, 2000], [2000, 0], [2000, 4000]]
[26, 4000, 4000, 'ct23', 0] [[0, 2000], [4000, 2000], [2000, 0], [2000, 4000]]
[27, 4000, 4000, 'ct24', 0] [[0, 2000], [4000, 2000], [2000, 0], [2000, 4000]]
[28, 4000, 4000, 'ct25', 0] [[0, 2000], [4000, 2000], [2000, 0], [2000, 4000]]
2/9, Finish initial placement with rotation, time spent: 0.0005626678466796875 s
3/9, Finish symmetricalization, time spent: 2.2649765014648438e-05 s
4/9, Finish routing, time spent: 0.0006437301635742188 s
****************************************************
Fail to find valid order; keeping the initial row order
****************************************************
--Finish applying new order
--Finish mirroring related components
5/9, Finish initialization of new orders, time spent: 0.009124040603637695 s
6/9, Finish shortening wirelength, time spent: 0.00019121170043945312 s
Skip stage7 LP according to user's need
8/9, Finish routing, time spent: 0.0008499622344970703 s
9/9, Finish compaction and connecting ports, time spent: 0.1383960247039795 s
<<<<<<<<<<<<<<<<<<<<<<<<<<<<<< All P&R Done >>>>>>>>>>>>>>>>>>>>>>>>>>>>>>
Total Timeusage: 0.15001559257507324 s
Reordering Timeusage: 0.009124040603637695 s
LP-based Optimization Timeusage: 0 s
P&R for the new orders: 0.1485612392425537 s
Cannot finish valid layer-1 synthesis for:
- reason=routing:fallback_no_compliant_valve_escape valve=v14 flow_connection=c20 control_port=cpb2_2
- reason=routing:fallback_no_compliant_valve_escape valve=v35 flow_connection=c41 control_port=cpb2_4
Fit canvas to [185793.8, 119600.0] and center by [-5365.6, -54300.0]
Done. Combined PR JSON: /home/student/Desktop/Neptune_2026/Microfluidics-Benchmarks/Results/tree_full_20260916_165459/artifacts/mint__Grid__Grid_05__Grid_05_fromMINT/result.json
