$ systemd-run --user --scope -q -p MemoryMax=64.0G -p MemorySwapMax=0 /home/student/anaconda3/envs/neptune2026/bin/python /home/student/Desktop/Neptune_2026/scripts/run_all_synthesize_timeout_report.py --_worker --algorithm tree --input /home/student/Desktop/Neptune_2026/Microfluidics-Benchmarks/Results/MINT_TestCases/Drop_Ref/Dx_15_Ref/Dx_15_Ref_fromMINT.json --case-output /home/student/Desktop/Neptune_2026/Microfluidics-Benchmarks/Results/tree_full_20260916_165459/artifacts/mint__Drop_Ref__Dx_15_Ref__Dx_15_Ref_fromMINT --time-limit 3600.0 --solver-profile standard --mip-gap 0.0
Reversed 4 connection(s) with opposite-port direction conflicts: c1, c2, c3, c4.
Finish loading test case: Dx_15_Ref_fromMINT
1/9, Finish initial placement, time spent: 1.7881393432617188e-05 s
[0, 4000, 4000, 'port_in1', 0] [[2000, 0], [4000, 2000], [2000, 4000], [0, 2000]]
[1, 4000, 4000, 'port_in2', 0] [[2000, 0], [4000, 2000], [2000, 4000], [0, 2000]]
[2, 4000, 4000, 'port_in3', 0] [[2000, 0], [4000, 2000], [2000, 4000], [0, 2000]]
[3, 2600, 9300, 'mixer1', 0] [[1300, 0], [1300, 9300]]
[4, 21750, 12414, 'droplet_sorter1', 0] [[0, 5834], [21750, 345], [21750, 11322]]
[5, 4000, 4000, 'port_out_keep', 0] [[2000, 0], [4000, 2000], [2000, 4000], [0, 2000]]
[6, 4000, 4000, 'port_out_waste', 0] [[2000, 0], [4000, 2000], [2000, 4000], [0, 2000]]
2/9, Finish initial placement with rotation, time spent: 0.0001456737518310547 s
3/9, Finish symmetricalization, time spent: 1.430511474609375e-05 s
4/9, Finish routing, time spent: 0.00013756752014160156 s
****************************************************
New valid order that can lead to planar graph found:
[[0, 1, 2], [2, 0, 1], [0]]
****************************************************
--Finish applying new order
--Finish mirroring related components
5/9, Finish initialization of new orders, time spent: 0.0005445480346679688 s
6/9, Finish shortening wirelength, time spent: 5.91278076171875e-05 s
Skip stage7 LP according to user's need
8/9, Finish routing, time spent: 0.0001747608184814453 s
9/9, Finish compaction and connecting ports, time spent: 0.027174949645996094 s
<<<<<<<<<<<<<<<<<<<<<<<<<<<<<< All P&R Done >>>>>>>>>>>>>>>>>>>>>>>>>>>>>>
Total Timeusage: 0.028268814086914062 s
Reordering Timeusage: 0.0005445480346679688 s
LP-based Optimization Timeusage: 0 s
P&R for the new orders: 0.027953386306762695 s
Spread 3 overlapping MIXER mixer1 pads into 2399 row(s), stair 2400
Fit canvas to [76200.0, 93150.0] and center by [24099.2, 25500.0]
Done. Combined PR JSON: /home/student/Desktop/Neptune_2026/Microfluidics-Benchmarks/Results/tree_full_20260916_165459/artifacts/mint__Drop_Ref__Dx_15_Ref__Dx_15_Ref_fromMINT/result.json
