$ systemd-run --user --scope -q -p MemoryMax=64.0G -p MemorySwapMax=0 /home/student/anaconda3/envs/neptune2026/bin/python /home/student/Desktop/Neptune_2026/scripts/run_all_synthesize_timeout_report.py --_worker --algorithm tree --input /home/student/Desktop/Neptune_2026/Microfluidics-Benchmarks/Results/MINT_TestCases/Drop_Ref/Dx_2/Dx_2_fromMINT.json --case-output /home/student/Desktop/Neptune_2026/Microfluidics-Benchmarks/Results/tree_full_20260916_165459/artifacts/mint__Drop_Ref__Dx_2__Dx_2_fromMINT --time-limit 3600.0 --solver-profile standard --mip-gap 0.0
Reversed 6 connection(s) with opposite-port direction conflicts: channel_5, channel_6, channel_7, channel_10, channel_11, channel_12.
Finish loading test case: Dx_2_fromMINT
1/9, Finish initial placement, time spent: 2.4080276489257812e-05 s
[0, 4060, 4860, 'mixer_1', 0] [[2030, 0], [2030, 4860]]
[1, 18450, 11426, 'droplet_sorter_1', 0] [[0, 4845], [18450, 600], [18450, 9091]]
[2, 1400, 1400, 'port_1', 0] [[700, 0], [1400, 700], [700, 1400], [0, 700]]
[3, 1400, 1400, 'port_2', 0] [[700, 0], [1400, 700], [700, 1400], [0, 700]]
[4, 4000, 4000, 'port_3', 0] [[2000, 0], [4000, 2000], [2000, 4000], [0, 2000]]
[5, 4000, 4000, 'port_4', 0] [[2000, 0], [4000, 2000], [2000, 4000], [0, 2000]]
[6, 1800, 600, 'nozzle_droplet_generator_1', 0] [[400, 0], [1800, 300], [400, 600], [0, 300]]
[7, 4060, 4860, 'mixer_2', 0] [[2030, 0], [2030, 4860]]
[8, 4000, 4000, 'port_5', 0] [[2000, 0], [4000, 2000], [2000, 4000], [0, 2000]]
[9, 4000, 4000, 'port_6', 0] [[2000, 0], [4000, 2000], [2000, 4000], [0, 2000]]
[10, 1800, 600, 'nozzle_droplet_generator_2', 0] [[400, 0], [1800, 300], [400, 600], [0, 300]]
[11, 1400, 1400, 'port_7', 0] [[700, 0], [1400, 700], [700, 1400], [0, 700]]
[12, 1400, 1400, 'port_8', 0] [[700, 0], [1400, 700], [700, 1400], [0, 700]]
2/9, Finish initial placement with rotation, time spent: 0.00019979476928710938 s
3/9, Finish symmetricalization, time spent: 1.8596649169921875e-05 s
4/9, Finish routing, time spent: 0.00019025802612304688 s
****************************************************
New valid order that can lead to planar graph found:
[[1, 0], [1, 4, 0, 2, 3, 5], [0], [0, 1, 2], [0]]
****************************************************
--Finish applying new order
--Finish mirroring related components
5/9, Finish initialization of new orders, time spent: 0.0008347034454345703 s
6/9, Finish shortening wirelength, time spent: 7.414817810058594e-05 s
Skip stage7 LP according to user's need
8/9, Finish routing, time spent: 0.00022673606872558594 s
9/9, Finish compaction and connecting ports, time spent: 0.04337716102600098 s
<<<<<<<<<<<<<<<<<<<<<<<<<<<<<< All P&R Done >>>>>>>>>>>>>>>>>>>>>>>>>>>>>>
Total Timeusage: 0.044945478439331055 s
Reordering Timeusage: 0.0008347034454345703 s
LP-based Optimization Timeusage: 0 s
P&R for the new orders: 0.04451274871826172 s
Spread 2 overlapping NOZZLE DROPLET GENERATOR nozzle_droplet_generator_1 pads into 8 row(s), stair 2381
Spread 2 overlapping NOZZLE DROPLET GENERATOR nozzle_droplet_generator_2 pads into 8 row(s), stair 2381
Spread 2 overlapping DROPLET SORTER droplet_sorter_1 pads into 2399 row(s), stair 2400
Fit canvas to [94996.7, 77776.0] and center by [30460.0, 11630.0]
Done. Combined PR JSON: /home/student/Desktop/Neptune_2026/Microfluidics-Benchmarks/Results/tree_full_20260916_165459/artifacts/mint__Drop_Ref__Dx_2__Dx_2_fromMINT/result.json
