$ systemd-run --user --scope -q -p MemoryMax=64.0G -p MemorySwapMax=0 /home/student/anaconda3/envs/neptune2026/bin/python /home/student/Desktop/Neptune_2026/scripts/run_all_synthesize_timeout_report.py --_worker --algorithm tree --input /home/student/Desktop/Neptune_2026/Microfluidics-Benchmarks/Results/MINT_TestCases/Constraints/Orthogonal_Constraint_Large/Orthogonal_Constraint_Large_fromMINT.json --case-output /home/student/Desktop/Neptune_2026/Microfluidics-Benchmarks/Results/tree_full_20260916_165459/artifacts/mint__Constraints__Orthogonal_Constraint_Large__Orthogonal_Constraint_Large_fromMINT --time-limit 3600.0 --solver-profile standard --mip-gap 0.0
Reversed 10 connection(s) with opposite-port direction conflicts: c_2, c_3, c_4, c_7, c_9, c_10, c_12, c_13, c_17, c_20.
Finish loading test case: Orthogonal_Constraint_Large_fromMINT
1/9, Finish initial placement, time spent: 3.0994415283203125e-05 s
[0, 4000, 4000, 'p_6', 0] [[2000, 0], [4000, 2000], [2000, 4000], [0, 2000]]
[1, 4000, 4000, 'p_7', 0] [[2000, 0], [4000, 2000], [2000, 4000], [0, 2000]]
[2, 4000, 4000, 'p_8', 0] [[2000, 0], [4000, 2000], [2000, 4000], [0, 2000]]
[3, 4000, 4000, 'p_9', 0] [[2000, 0], [4000, 2000], [2000, 4000], [0, 2000]]
[4, 4000, 4000, 'p_10', 0] [[2000, 0], [4000, 2000], [2000, 4000], [0, 2000]]
[5, 4000, 4000, 'p_11', 0] [[2000, 0], [4000, 2000], [2000, 4000], [0, 2000]]
[6, 4000, 4000, 'p_15', 0] [[2000, 0], [4000, 2000], [2000, 4000], [0, 2000]]
[7, 4000, 4000, 'p_19', 0] [[2000, 0], [4000, 2000], [2000, 4000], [0, 2000]]
[8, 4000, 4000, 'p_20', 0] [[2000, 0], [4000, 2000], [2000, 4000], [0, 2000]]
[9, 4000, 4000, 'p_21', 0] [[2000, 0], [4000, 2000], [2000, 4000], [0, 2000]]
[10, 4000, 4000, 'p_22', 0] [[2000, 0], [4000, 2000], [2000, 4000], [0, 2000]]
[11, 400, 400, 'n_1', 0] [[200.0, 0.0], [400.0, 200.0], [200.0, 400.0], [0.0, 200.0]]
[12, 400, 400, 'n_2', 0] [[200.0, 0.0], [400.0, 200.0], [200.0, 400.0], [0.0, 200.0]]
[13, 400, 400, 'n_3', 0] [[200.0, 0.0], [400.0, 200.0], [200.0, 400.0], [0.0, 200.0]]
[14, 400, 400, 'n_4', 0] [[200.0, 0.0], [400.0, 200.0], [200.0, 400.0], [0.0, 200.0]]
[15, 400, 400, 'n_5', 0] [[200.0, 0.0], [400.0, 200.0], [200.0, 400.0], [0.0, 200.0]]
[16, 400, 400, 'n_14', 0] [[200.0, 0.0], [400.0, 200.0], [200.0, 400.0], [0.0, 200.0]]
[17, 400, 400, 'n_16', 0] [[200.0, 0.0], [400.0, 200.0], [200.0, 400.0], [0.0, 200.0]]
[18, 400, 400, 'n_18', 0] [[200.0, 0.0], [400.0, 200.0], [200.0, 400.0], [0.0, 200.0]]
[19, 4060, 4860, 'm12', 0] [[2030, 0], [2030, 4860]]
[20, 4060, 4860, 'm13', 0] [[2030, 0], [2030, 4860]]
[21, 4060, 4860, 'm17', 0] [[2030, 0], [2030, 4860]]
2/9, Finish initial placement with rotation, time spent: 0.0002906322479248047 s
3/9, Finish symmetricalization, time spent: 2.3126602172851562e-05 s
4/9, Finish routing, time spent: 0.0004410743713378906 s
****************************************************
Fail to find valid order; keeping the initial row order
****************************************************
--Finish applying new order
--Finish mirroring related components
5/9, Finish initialization of new orders, time spent: 0.17279958724975586 s
6/9, Finish shortening wirelength, time spent: 0.0001354217529296875 s
Skip stage7 LP according to user's need
8/9, Finish routing, time spent: 0.0004951953887939453 s
9/9, Finish compaction and connecting ports, time spent: 0.07822084426879883 s
<<<<<<<<<<<<<<<<<<<<<<<<<<<<<< All P&R Done >>>>>>>>>>>>>>>>>>>>>>>>>>>>>>
Total Timeusage: 0.25243687629699707 s
Reordering Timeusage: 0.17279958724975586 s
LP-based Optimization Timeusage: 0 s
P&R for the new orders: 0.2516510486602783 s
Fit canvas to [76200.0, 108180.0] and center by [21242.5, 14000.0]
Done. Combined PR JSON: /home/student/Desktop/Neptune_2026/Microfluidics-Benchmarks/Results/tree_full_20260916_165459/artifacts/mint__Constraints__Orthogonal_Constraint_Large__Orthogonal_Constraint_Large_fromMINT/result.json
