$ systemd-run --user --scope -q -p MemoryMax=64.0G -p MemorySwapMax=0 /home/student/anaconda3/envs/neptune2026/bin/python /home/student/Desktop/Neptune_2026/scripts/run_all_synthesize_timeout_report.py --_worker --algorithm tree --input /home/student/Desktop/Neptune_2026/Microfluidics-Benchmarks/Results/MINT_TestCases/Constraints/Array_Constraint/Array_Constraint_fromMINT.json --case-output /home/student/Desktop/Neptune_2026/Microfluidics-Benchmarks/Results/tree_full_20260916_165459/artifacts/mint__Constraints__Array_Constraint__Array_Constraint_fromMINT --time-limit 3600.0 --solver-profile standard --mip-gap 0.0
Reversed 56 connection(s) with opposite-port direction conflicts: c_in1, c_in2, c_in3, c_in4, c_in5, c_in6, c_in7, c_in8, c_g_1_2_1, c_g_1_2_2, c_g_1_2_3, c_g_1_2_4, c_g_1_2_5, c_g_1_2_6, c_g_1_2_7, c_g_1_2_8, c_g_2_3_1, c_g_2_3_2, c_g_2_3_3, c_g_2_3_4, c_g_2_3_5, c_g_2_3_6, c_g_2_3_7, c_g_2_3_8, c_g_3_4_1, c_g_3_4_2, c_g_3_4_3, c_g_3_4_4, c_g_3_4_5, c_g_3_4_6, c_g_3_4_7, c_g_3_4_8, c_g_4_5_1, c_g_4_5_2, c_g_4_5_3, c_g_4_5_4, c_g_4_5_5, c_g_4_5_6, c_g_4_5_7, c_g_4_5_8, c_g_5_6_1, c_g_5_6_2, c_g_5_6_3, c_g_5_6_4, c_g_5_6_5, c_g_5_6_6, c_g_5_6_7, c_g_5_6_8, c_g_6_7_1, c_g_6_7_2, c_g_6_7_3, c_g_6_7_4, c_g_6_7_5, c_g_6_7_6, c_g_6_7_7, c_g_6_7_8.
Detected 8 disconnected layer-0 cluster(s); running each independently.
Running independent cluster 1/8: ['ct1_1', 'ct2_1', 'ct3_1', 'ct4_1', 'ct5_1', 'ct6_1', 'ct7_1', 'ct8_1', 'p_in1', 'p_out1']
Finish loading test case: Array_Constraint_fromMINT__cluster_00
1/9, Finish initial placement, time spent: 4.029273986816406e-05 s
[0, 4000, 4000, 'p_in1', 0] [[2000, 0], [4000, 2000], [2000, 4000], [0, 2000]]
[1, 4000, 4000, 'p_out1', 0] [[2000, 0], [4000, 2000], [2000, 4000], [0, 2000]]
[2, 250, 250, 'ct1_1', 0] [[125, 0], [250, 125], [125, 250], [0, 125]]
[3, 250, 250, 'ct2_1', 0] [[125, 0], [250, 125], [125, 250], [0, 125]]
[4, 250, 250, 'ct3_1', 0] [[125, 0], [250, 125], [125, 250], [0, 125]]
[5, 250, 250, 'ct4_1', 0] [[125, 0], [250, 125], [125, 250], [0, 125]]
[6, 250, 250, 'ct5_1', 0] [[125, 0], [250, 125], [125, 250], [0, 125]]
[7, 250, 250, 'ct6_1', 0] [[125, 0], [250, 125], [125, 250], [0, 125]]
[8, 250, 250, 'ct7_1', 0] [[125, 0], [250, 125], [125, 250], [0, 125]]
[9, 250, 250, 'ct8_1', 0] [[125, 0], [250, 125], [125, 250], [0, 125]]
2/9, Finish initial placement with rotation, time spent: 0.00016760826110839844 s
3/9, Finish symmetricalization, time spent: 1.811981201171875e-05 s
4/9, Finish routing, time spent: 0.00023555755615234375 s
****************************************************
New valid order that can lead to planar graph found:
[[0], [0], [0], [0], [0], [1, 0], [0, 1], [0]]
****************************************************
--Finish applying new order
--Finish mirroring related components
5/9, Finish initialization of new orders, time spent: 0.000982046127319336 s
6/9, Finish shortening wirelength, time spent: 8.106231689453125e-05 s
Skip stage7 LP according to user's need
8/9, Finish routing, time spent: 0.0002639293670654297 s
9/9, Finish compaction and connecting ports, time spent: 0.03905940055847168 s
<<<<<<<<<<<<<<<<<<<<<<<<<<<<<< All P&R Done >>>>>>>>>>>>>>>>>>>>>>>>>>>>>>
Total Timeusage: 0.0408480167388916 s
Reordering Timeusage: 0.000982046127319336 s
LP-based Optimization Timeusage: 0 s
P&R for the new orders: 0.04038643836975098 s
Running independent cluster 2/8: ['ct1_2', 'ct2_2', 'ct3_2', 'ct4_2', 'ct5_2', 'ct6_2', 'ct7_2', 'ct8_2', 'p_in2', 'p_out2']
Finish loading test case: Array_Constraint_fromMINT__cluster_01
1/9, Finish initial placement, time spent: 3.218650817871094e-05 s
[0, 4000, 4000, 'p_in2', 0] [[2000, 0], [4000, 2000], [2000, 4000], [0, 2000]]
[1, 4000, 4000, 'p_out2', 0] [[2000, 0], [4000, 2000], [2000, 4000], [0, 2000]]
[2, 250, 250, 'ct1_2', 0] [[125, 0], [250, 125], [125, 250], [0, 125]]
[3, 250, 250, 'ct2_2', 0] [[125, 0], [250, 125], [125, 250], [0, 125]]
[4, 250, 250, 'ct3_2', 0] [[125, 0], [250, 125], [125, 250], [0, 125]]
[5, 250, 250, 'ct4_2', 0] [[125, 0], [250, 125], [125, 250], [0, 125]]
[6, 250, 250, 'ct5_2', 0] [[125, 0], [250, 125], [125, 250], [0, 125]]
[7, 250, 250, 'ct6_2', 0] [[125, 0], [250, 125], [125, 250], [0, 125]]
[8, 250, 250, 'ct7_2', 0] [[125, 0], [250, 125], [125, 250], [0, 125]]
[9, 250, 250, 'ct8_2', 0] [[125, 0], [250, 125], [125, 250], [0, 125]]
2/9, Finish initial placement with rotation, time spent: 0.0001895427703857422 s
3/9, Finish symmetricalization, time spent: 1.3828277587890625e-05 s
4/9, Finish routing, time spent: 0.00020694732666015625 s
****************************************************
New valid order that can lead to planar graph found:
[[0], [0], [0], [0], [0], [1, 0], [0, 1], [0]]
****************************************************
--Finish applying new order
--Finish mirroring related components
5/9, Finish initialization of new orders, time spent: 0.0008265972137451172 s
6/9, Finish shortening wirelength, time spent: 5.8650970458984375e-05 s
Skip stage7 LP according to user's need
8/9, Finish routing, time spent: 0.00025200843811035156 s
9/9, Finish compaction and connecting ports, time spent: 0.03803539276123047 s
<<<<<<<<<<<<<<<<<<<<<<<<<<<<<< All P&R Done >>>>>>>>>>>>>>>>>>>>>>>>>>>>>>
Total Timeusage: 0.03961515426635742 s
Reordering Timeusage: 0.0008265972137451172 s
LP-based Optimization Timeusage: 0 s
P&R for the new orders: 0.03917264938354492 s
Running independent cluster 3/8: ['ct1_3', 'ct2_3', 'ct3_3', 'ct4_3', 'ct5_3', 'ct6_3', 'ct7_3', 'ct8_3', 'p_in3', 'p_out3']
Finish loading test case: Array_Constraint_fromMINT__cluster_02
1/9, Finish initial placement, time spent: 1.621246337890625e-05 s
[0, 4000, 4000, 'p_in3', 0] [[2000, 0], [4000, 2000], [2000, 4000], [0, 2000]]
[1, 4000, 4000, 'p_out3', 0] [[2000, 0], [4000, 2000], [2000, 4000], [0, 2000]]
[2, 250, 250, 'ct1_3', 0] [[125, 0], [250, 125], [125, 250], [0, 125]]
[3, 250, 250, 'ct2_3', 0] [[125, 0], [250, 125], [125, 250], [0, 125]]
[4, 250, 250, 'ct3_3', 0] [[125, 0], [250, 125], [125, 250], [0, 125]]
[5, 250, 250, 'ct4_3', 0] [[125, 0], [250, 125], [125, 250], [0, 125]]
[6, 250, 250, 'ct5_3', 0] [[125, 0], [250, 125], [125, 250], [0, 125]]
[7, 250, 250, 'ct6_3', 0] [[125, 0], [250, 125], [125, 250], [0, 125]]
[8, 250, 250, 'ct7_3', 0] [[125, 0], [250, 125], [125, 250], [0, 125]]
[9, 250, 250, 'ct8_3', 0] [[125, 0], [250, 125], [125, 250], [0, 125]]
2/9, Finish initial placement with rotation, time spent: 0.00015687942504882812 s
3/9, Finish symmetricalization, time spent: 1.3113021850585938e-05 s
4/9, Finish routing, time spent: 0.00019621849060058594 s
****************************************************
New valid order that can lead to planar graph found:
[[0], [0], [0], [0], [0], [1, 0], [0, 1], [0]]
****************************************************
--Finish applying new order
--Finish mirroring related components
5/9, Finish initialization of new orders, time spent: 0.0008037090301513672 s
6/9, Finish shortening wirelength, time spent: 5.5789947509765625e-05 s
Skip stage7 LP according to user's need
8/9, Finish routing, time spent: 0.00025653839111328125 s
9/9, Finish compaction and connecting ports, time spent: 0.039472103118896484 s
<<<<<<<<<<<<<<<<<<<<<<<<<<<<<< All P&R Done >>>>>>>>>>>>>>>>>>>>>>>>>>>>>>
Total Timeusage: 0.040970563888549805 s
Reordering Timeusage: 0.0008037090301513672 s
LP-based Optimization Timeusage: 0 s
P&R for the new orders: 0.0405881404876709 s
Running independent cluster 4/8: ['ct1_4', 'ct2_4', 'ct3_4', 'ct4_4', 'ct5_4', 'ct6_4', 'ct7_4', 'ct8_4', 'p_in4', 'p_out4']
Finish loading test case: Array_Constraint_fromMINT__cluster_03
1/9, Finish initial placement, time spent: 1.5974044799804688e-05 s
[0, 4000, 4000, 'p_in4', 0] [[2000, 0], [4000, 2000], [2000, 4000], [0, 2000]]
[1, 4000, 4000, 'p_out4', 0] [[2000, 0], [4000, 2000], [2000, 4000], [0, 2000]]
[2, 250, 250, 'ct1_4', 0] [[125, 0], [250, 125], [125, 250], [0, 125]]
[3, 250, 250, 'ct2_4', 0] [[125, 0], [250, 125], [125, 250], [0, 125]]
[4, 250, 250, 'ct3_4', 0] [[125, 0], [250, 125], [125, 250], [0, 125]]
[5, 250, 250, 'ct4_4', 0] [[125, 0], [250, 125], [125, 250], [0, 125]]
[6, 250, 250, 'ct5_4', 0] [[125, 0], [250, 125], [125, 250], [0, 125]]
[7, 250, 250, 'ct6_4', 0] [[125, 0], [250, 125], [125, 250], [0, 125]]
[8, 250, 250, 'ct7_4', 0] [[125, 0], [250, 125], [125, 250], [0, 125]]
[9, 250, 250, 'ct8_4', 0] [[125, 0], [250, 125], [125, 250], [0, 125]]
2/9, Finish initial placement with rotation, time spent: 0.0001499652862548828 s
3/9, Finish symmetricalization, time spent: 1.3828277587890625e-05 s
4/9, Finish routing, time spent: 0.0002124309539794922 s
****************************************************
New valid order that can lead to planar graph found:
[[0], [0], [0], [0], [0], [1, 0], [0, 1], [0]]
****************************************************
--Finish applying new order
--Finish mirroring related components
5/9, Finish initialization of new orders, time spent: 0.0008232593536376953 s
6/9, Finish shortening wirelength, time spent: 5.936622619628906e-05 s
Skip stage7 LP according to user's need
8/9, Finish routing, time spent: 0.0002505779266357422 s
9/9, Finish compaction and connecting ports, time spent: 0.038771629333496094 s
<<<<<<<<<<<<<<<<<<<<<<<<<<<<<< All P&R Done >>>>>>>>>>>>>>>>>>>>>>>>>>>>>>
Total Timeusage: 0.04029703140258789 s
Reordering Timeusage: 0.0008232593536376953 s
LP-based Optimization Timeusage: 0 s
P&R for the new orders: 0.03990483283996582 s
Running independent cluster 5/8: ['ct1_5', 'ct2_5', 'ct3_5', 'ct4_5', 'ct5_5', 'ct6_5', 'ct7_5', 'ct8_5', 'p_in5', 'p_out5']
Finish loading test case: Array_Constraint_fromMINT__cluster_04
1/9, Finish initial placement, time spent: 3.170967102050781e-05 s
[0, 4000, 4000, 'p_in5', 0] [[2000, 0], [4000, 2000], [2000, 4000], [0, 2000]]
[1, 4000, 4000, 'p_out5', 0] [[2000, 0], [4000, 2000], [2000, 4000], [0, 2000]]
[2, 250, 250, 'ct1_5', 0] [[125, 0], [250, 125], [125, 250], [0, 125]]
[3, 250, 250, 'ct2_5', 0] [[125, 0], [250, 125], [125, 250], [0, 125]]
[4, 250, 250, 'ct3_5', 0] [[125, 0], [250, 125], [125, 250], [0, 125]]
[5, 250, 250, 'ct4_5', 0] [[125, 0], [250, 125], [125, 250], [0, 125]]
[6, 250, 250, 'ct5_5', 0] [[125, 0], [250, 125], [125, 250], [0, 125]]
[7, 250, 250, 'ct6_5', 0] [[125, 0], [250, 125], [125, 250], [0, 125]]
[8, 250, 250, 'ct7_5', 0] [[125, 0], [250, 125], [125, 250], [0, 125]]
[9, 250, 250, 'ct8_5', 0] [[125, 0], [250, 125], [125, 250], [0, 125]]
2/9, Finish initial placement with rotation, time spent: 0.00015091896057128906 s
3/9, Finish symmetricalization, time spent: 1.3828277587890625e-05 s
4/9, Finish routing, time spent: 0.00019359588623046875 s
****************************************************
New valid order that can lead to planar graph found:
[[0], [0], [0], [0], [0], [1, 0], [0, 1], [0]]
****************************************************
--Finish applying new order
--Finish mirroring related components
5/9, Finish initialization of new orders, time spent: 0.0008339881896972656 s
6/9, Finish shortening wirelength, time spent: 6.0558319091796875e-05 s
Skip stage7 LP according to user's need
8/9, Finish routing, time spent: 0.00024580955505371094 s
9/9, Finish compaction and connecting ports, time spent: 0.03971076011657715 s
<<<<<<<<<<<<<<<<<<<<<<<<<<<<<< All P&R Done >>>>>>>>>>>>>>>>>>>>>>>>>>>>>>
Total Timeusage: 0.04124116897583008 s
Reordering Timeusage: 0.0008339881896972656 s
LP-based Optimization Timeusage: 0 s
P&R for the new orders: 0.04085111618041992 s
Running independent cluster 6/8: ['ct1_6', 'ct2_6', 'ct3_6', 'ct4_6', 'ct5_6', 'ct6_6', 'ct7_6', 'ct8_6', 'p_in6', 'p_out6']
Finish loading test case: Array_Constraint_fromMINT__cluster_05
1/9, Finish initial placement, time spent: 3.170967102050781e-05 s
[0, 4000, 4000, 'p_in6', 0] [[2000, 0], [4000, 2000], [2000, 4000], [0, 2000]]
[1, 4000, 4000, 'p_out6', 0] [[2000, 0], [4000, 2000], [2000, 4000], [0, 2000]]
[2, 250, 250, 'ct1_6', 0] [[125, 0], [250, 125], [125, 250], [0, 125]]
[3, 250, 250, 'ct2_6', 0] [[125, 0], [250, 125], [125, 250], [0, 125]]
[4, 250, 250, 'ct3_6', 0] [[125, 0], [250, 125], [125, 250], [0, 125]]
[5, 250, 250, 'ct4_6', 0] [[125, 0], [250, 125], [125, 250], [0, 125]]
[6, 250, 250, 'ct5_6', 0] [[125, 0], [250, 125], [125, 250], [0, 125]]
[7, 250, 250, 'ct6_6', 0] [[125, 0], [250, 125], [125, 250], [0, 125]]
[8, 250, 250, 'ct7_6', 0] [[125, 0], [250, 125], [125, 250], [0, 125]]
[9, 250, 250, 'ct8_6', 0] [[125, 0], [250, 125], [125, 250], [0, 125]]
2/9, Finish initial placement with rotation, time spent: 0.00015997886657714844 s
3/9, Finish symmetricalization, time spent: 1.33514404296875e-05 s
4/9, Finish routing, time spent: 0.0002186298370361328 s
****************************************************
New valid order that can lead to planar graph found:
[[0], [0], [0], [0], [0], [1, 0], [0, 1], [0]]
****************************************************
--Finish applying new order
--Finish mirroring related components
5/9, Finish initialization of new orders, time spent: 0.0008838176727294922 s
6/9, Finish shortening wirelength, time spent: 5.7220458984375e-05 s
Skip stage7 LP according to user's need
8/9, Finish routing, time spent: 0.0002334117889404297 s
9/9, Finish compaction and connecting ports, time spent: 0.038814544677734375 s
<<<<<<<<<<<<<<<<<<<<<<<<<<<<<< All P&R Done >>>>>>>>>>>>>>>>>>>>>>>>>>>>>>
Total Timeusage: 0.04041266441345215 s
Reordering Timeusage: 0.0008838176727294922 s
LP-based Optimization Timeusage: 0 s
P&R for the new orders: 0.03998899459838867 s
Running independent cluster 7/8: ['ct1_7', 'ct2_7', 'ct3_7', 'ct4_7', 'ct5_7', 'ct6_7', 'ct7_7', 'ct8_7', 'p_in7', 'p_out7']
Finish loading test case: Array_Constraint_fromMINT__cluster_06
1/9, Finish initial placement, time spent: 1.5735626220703125e-05 s
[0, 4000, 4000, 'p_in7', 0] [[2000, 0], [4000, 2000], [2000, 4000], [0, 2000]]
[1, 4000, 4000, 'p_out7', 0] [[2000, 0], [4000, 2000], [2000, 4000], [0, 2000]]
[2, 250, 250, 'ct1_7', 0] [[125, 0], [250, 125], [125, 250], [0, 125]]
[3, 250, 250, 'ct2_7', 0] [[125, 0], [250, 125], [125, 250], [0, 125]]
[4, 250, 250, 'ct3_7', 0] [[125, 0], [250, 125], [125, 250], [0, 125]]
[5, 250, 250, 'ct4_7', 0] [[125, 0], [250, 125], [125, 250], [0, 125]]
[6, 250, 250, 'ct5_7', 0] [[125, 0], [250, 125], [125, 250], [0, 125]]
[7, 250, 250, 'ct6_7', 0] [[125, 0], [250, 125], [125, 250], [0, 125]]
[8, 250, 250, 'ct7_7', 0] [[125, 0], [250, 125], [125, 250], [0, 125]]
[9, 250, 250, 'ct8_7', 0] [[125, 0], [250, 125], [125, 250], [0, 125]]
2/9, Finish initial placement with rotation, time spent: 0.00015664100646972656 s
3/9, Finish symmetricalization, time spent: 1.3113021850585938e-05 s
4/9, Finish routing, time spent: 0.0002009868621826172 s
****************************************************
New valid order that can lead to planar graph found:
[[0], [0], [0], [0], [0], [1, 0], [0, 1], [0]]
****************************************************
--Finish applying new order
--Finish mirroring related components
5/9, Finish initialization of new orders, time spent: 0.0008614063262939453 s
6/9, Finish shortening wirelength, time spent: 5.984306335449219e-05 s
Skip stage7 LP according to user's need
8/9, Finish routing, time spent: 0.00026798248291015625 s
9/9, Finish compaction and connecting ports, time spent: 0.03865528106689453 s
<<<<<<<<<<<<<<<<<<<<<<<<<<<<<< All P&R Done >>>>>>>>>>>>>>>>>>>>>>>>>>>>>>
Total Timeusage: 0.04023098945617676 s
Reordering Timeusage: 0.0008614063262939453 s
LP-based Optimization Timeusage: 0 s
P&R for the new orders: 0.039844512939453125 s
Running independent cluster 8/8: ['ct1_8', 'ct2_8', 'ct3_8', 'ct4_8', 'ct5_8', 'ct6_8', 'ct7_8', 'ct8_8', 'p_in8', 'p_out8']
Finish loading test case: Array_Constraint_fromMINT__cluster_07
1/9, Finish initial placement, time spent: 1.5735626220703125e-05 s
[0, 4000, 4000, 'p_in8', 0] [[2000, 0], [4000, 2000], [2000, 4000], [0, 2000]]
[1, 4000, 4000, 'p_out8', 0] [[2000, 0], [4000, 2000], [2000, 4000], [0, 2000]]
[2, 250, 250, 'ct1_8', 0] [[125, 0], [250, 125], [125, 250], [0, 125]]
[3, 250, 250, 'ct2_8', 0] [[125, 0], [250, 125], [125, 250], [0, 125]]
[4, 250, 250, 'ct3_8', 0] [[125, 0], [250, 125], [125, 250], [0, 125]]
[5, 250, 250, 'ct4_8', 0] [[125, 0], [250, 125], [125, 250], [0, 125]]
[6, 250, 250, 'ct5_8', 0] [[125, 0], [250, 125], [125, 250], [0, 125]]
[7, 250, 250, 'ct6_8', 0] [[125, 0], [250, 125], [125, 250], [0, 125]]
[8, 250, 250, 'ct7_8', 0] [[125, 0], [250, 125], [125, 250], [0, 125]]
[9, 250, 250, 'ct8_8', 0] [[125, 0], [250, 125], [125, 250], [0, 125]]
2/9, Finish initial placement with rotation, time spent: 0.0001461505889892578 s
3/9, Finish symmetricalization, time spent: 1.3113021850585938e-05 s
4/9, Finish routing, time spent: 0.00020313262939453125 s
****************************************************
New valid order that can lead to planar graph found:
[[0], [0], [0], [0], [0], [1, 0], [0, 1], [0]]
****************************************************
--Finish applying new order
--Finish mirroring related components
5/9, Finish initialization of new orders, time spent: 0.0008673667907714844 s
6/9, Finish shortening wirelength, time spent: 5.698204040527344e-05 s
Skip stage7 LP according to user's need
8/9, Finish routing, time spent: 0.00024819374084472656 s
9/9, Finish compaction and connecting ports, time spent: 0.03893756866455078 s
<<<<<<<<<<<<<<<<<<<<<<<<<<<<<< All P&R Done >>>>>>>>>>>>>>>>>>>>>>>>>>>>>>
Total Timeusage: 0.040488243103027344 s
Reordering Timeusage: 0.0008673667907714844 s
LP-based Optimization Timeusage: 0 s
P&R for the new orders: 0.040110111236572266 s
Fit canvas to [76200.0, 341500.0] and center by [26162.5, 20900.0]
Done. Combined PR JSON: /home/student/Desktop/Neptune_2026/Microfluidics-Benchmarks/Results/tree_full_20260916_165459/artifacts/mint__Constraints__Array_Constraint__Array_Constraint_fromMINT/result.json
