$ systemd-run --user --scope -q -p MemoryMax=64.0G -p MemorySwapMax=0 /home/student/anaconda3/envs/neptune2026/bin/python /home/student/Desktop/Neptune_2026/scripts/run_all_synthesize_timeout_report.py --_worker --algorithm tree --input /home/student/Desktop/Neptune_2026/Microfluidics-Benchmarks/Results/MINT_TestCases/CIDAR_Lab_Past_Devices/Mfd_005_Chip/Mfd_005_Chip_fromMINT.json --case-output /home/student/Desktop/Neptune_2026/Microfluidics-Benchmarks/Results/tree_full_20260916_165459/artifacts/mint__CIDAR_Lab_Past_Devices__Mfd_005_Chip__Mfd_005_Chip_fromMINT --time-limit 3600.0 --solver-profile standard --mip-gap 0.0
Reversed 7 connection(s) with opposite-port direction conflicts: channel_5, channel_6, channel_7, channel_8, channel_9, channel_10, channel_11.
Finish loading test case: Mfd_005_Chip_fromMINT
1/9, Finish initial placement, time spent: 2.288818359375e-05 s
[0, 5000, 5000, 'reaction_chamber_1', 0] [[2500, 0], [5000, 2500], [2500, 5000], [0, 2500]]
[1, 1400, 1400, 'port_1', 0] [[700, 0], [1400, 700], [700, 1400], [0, 700]]
[2, 5000, 5000, 'reaction_chamber_2', 0] [[2500, 0], [5000, 2500], [2500, 5000], [0, 2500]]
[3, 4000, 4000, 'square_cell_trap_1', 0] [[0, 2000], [4000, 2000], [2000, 0], [2000, 4000]]
[4, 5000, 5000, 'reaction_chamber_3', 0] [[2500, 0], [5000, 2500], [2500, 5000], [0, 2500]]
[5, 4060, 4860, 'mixer_1', 0] [[2030, 0], [2030, 4860]]
[6, 4060, 4860, 'mixer_2', 0] [[2030, 0], [2030, 4860]]
[7, 4060, 4860, 'mixer_3', 0] [[2030, 0], [2030, 4860]]
[8, 1400, 1400, 'port_2', 0] [[700, 0], [1400, 700], [700, 1400], [0, 700]]
[9, 1400, 1400, 'port_3', 0] [[700, 0], [1400, 700], [700, 1400], [0, 700]]
[10, 1400, 1400, 'port_4', 0] [[700, 0], [1400, 700], [700, 1400], [0, 700]]
[11, 1400, 1400, 'port_5', 0] [[700, 0], [1400, 700], [700, 1400], [0, 700]]
2/9, Finish initial placement with rotation, time spent: 0.0001766681671142578 s
3/9, Finish symmetricalization, time spent: 1.71661376953125e-05 s
4/9, Finish routing, time spent: 0.00020742416381835938 s
****************************************************
New valid order that can lead to planar graph found:
[[0, 1, 2], [0, 1, 2], [0, 1, 2], [0, 1], [0]]
****************************************************
--Finish applying new order
--Finish mirroring related components
5/9, Finish initialization of new orders, time spent: 0.0008339881896972656 s
6/9, Finish shortening wirelength, time spent: 8.988380432128906e-05 s
Skip stage7 LP according to user's need
8/9, Finish routing, time spent: 0.00026106834411621094 s
9/9, Finish compaction and connecting ports, time spent: 0.06547737121582031 s
<<<<<<<<<<<<<<<<<<<<<<<<<<<<<< All P&R Done >>>>>>>>>>>>>>>>>>>>>>>>>>>>>>
Total Timeusage: 0.06708645820617676 s
Reordering Timeusage: 0.0008339881896972656 s
LP-based Optimization Timeusage: 0 s
P&R for the new orders: 0.06666231155395508 s
Spread 2 overlapping MIXER mixer_3 pads into 2399 row(s), stair 2400
Fit canvas to [76200.0, 88460.0] and center by [23705.0, 25600.0]
Done. Combined PR JSON: /home/student/Desktop/Neptune_2026/Microfluidics-Benchmarks/Results/tree_full_20260916_165459/artifacts/mint__CIDAR_Lab_Past_Devices__Mfd_005_Chip__Mfd_005_Chip_fromMINT/result.json
