$ systemd-run --user --scope -q -p MemoryMax=64.0G -p MemorySwapMax=0 /home/student/anaconda3/envs/neptune2026/bin/python /home/student/Desktop/Neptune_2026/scripts/run_all_synthesize_timeout_report.py --_worker --algorithm tree --input /home/student/Desktop/Neptune_2026/Microfluidics-Benchmarks/Results/MINT_TestCases/Expressions/Expression_3/Expression_3_fromMINT.json --case-output /home/student/Desktop/Neptune_2026/Microfluidics-Benchmarks/Results/tree_full_20260916_165459/artifacts/mint__Expressions__Expression_3__Expression_3_fromMINT --time-limit 3600.0 --solver-profile standard --mip-gap 0.0
Reversed 6 connection(s) with opposite-port direction conflicts: channel_2, channel_3, channel_4, channel_5, channel_6, channel_1.
Finish loading test case: Expression_3_fromMINT
1/9, Finish initial placement, time spent: 3.4332275390625e-05 s
[0, 10000, 14000, 'droplet_capacitance_sensor_1', 0] [[0, 7000], [10000, 7000]]
[1, 1400, 1400, 'port_1', 0] [[700, 0], [1400, 700], [700, 1400], [0, 700]]
[2, 4060, 4860, 'mixer_1', 0] [[2030, 0], [2030, 4860]]
[3, 4060, 4860, 'mixer_2', 0] [[2030, 0], [2030, 4860]]
[4, 1400, 1400, 'port_2', 0] [[700, 0], [1400, 700], [700, 1400], [0, 700]]
[5, 1400, 1400, 'port_3', 0] [[700, 0], [1400, 700], [700, 1400], [0, 700]]
[6, 1400, 1400, 'port_4', 0] [[700, 0], [1400, 700], [700, 1400], [0, 700]]
2/9, Finish initial placement with rotation, time spent: 0.0001251697540283203 s
3/9, Finish symmetricalization, time spent: 1.5497207641601562e-05 s
4/9, Finish routing, time spent: 0.0001614093780517578 s
****************************************************
New valid order that can lead to planar graph found:
[[0, 1], [0, 1], [0], [0], [0]]
****************************************************
--Finish applying new order
--Finish mirroring related components
5/9, Finish initialization of new orders, time spent: 0.0006146430969238281 s
6/9, Finish shortening wirelength, time spent: 7.367134094238281e-05 s
Skip stage7 LP according to user's need
8/9, Finish routing, time spent: 0.00019025802612304688 s
9/9, Finish compaction and connecting ports, time spent: 0.02682805061340332 s
<<<<<<<<<<<<<<<<<<<<<<<<<<<<<< All P&R Done >>>>>>>>>>>>>>>>>>>>>>>>>>>>>>
Total Timeusage: 0.028043031692504883 s
Reordering Timeusage: 0.0006146430969238281 s
LP-based Optimization Timeusage: 0 s
P&R for the new orders: 0.027706623077392578 s
Spread 2 overlapping MIXER mixer_2 pads into 2399 row(s), stair 2400
Fit canvas to [76200.0, 96920.0] and center by [26100.0, 25600.0]
Done. Combined PR JSON: /home/student/Desktop/Neptune_2026/Microfluidics-Benchmarks/Results/tree_full_20260916_165459/artifacts/mint__Expressions__Expression_3__Expression_3_fromMINT/result.json
