$ systemd-run --user --scope -q -p MemoryMax=64.0G -p MemorySwapMax=0 /home/student/anaconda3/envs/neptune2026/bin/python /home/student/Desktop/Neptune_2026/scripts/run_all_synthesize_timeout_report.py --_worker --algorithm tree --input /home/student/Desktop/Neptune_2026/Microfluidics-Benchmarks/Results/MINT_TestCases/CIDAR_Lab_Past_Devices/Root_Chip/Root_Chip_fromMINT.json --case-output /home/student/Desktop/Neptune_2026/Microfluidics-Benchmarks/Results/tree_full_20260916_165459/artifacts/mint__CIDAR_Lab_Past_Devices__Root_Chip__Root_Chip_fromMINT --time-limit 3600.0 --solver-profile standard --mip-gap 0.0
Reversed 4 connection(s) with opposite-port direction conflicts: channel_17, channel_18, channel_22, channel_23.
Finish loading test case: Root_Chip_fromMINT
1/9, Finish initial placement, time spent: 5.435943603515625e-05 s
[0, 4000, 4000, 'square_cell_trap_1', 0] [[0, 2000], [4000, 2000], [2000, 0], [2000, 4000]]
[1, 1400, 1400, 'port_1', 0] [[700, 0], [1400, 700], [700, 1400], [0, 700]]
[2, 4000, 4000, 'square_cell_trap_2', 0] [[0, 2000], [4000, 2000], [2000, 0], [2000, 4000]]
[3, 1400, 1400, 'port_2', 0] [[700, 0], [1400, 700], [700, 1400], [0, 700]]
[4, 4000, 4000, 'square_cell_trap_3', 0] [[0, 2000], [4000, 2000], [2000, 0], [2000, 4000]]
[5, 1400, 1400, 'port_3', 0] [[700, 0], [1400, 700], [700, 1400], [0, 700]]
[6, 4000, 4000, 'square_cell_trap_4', 0] [[0, 2000], [4000, 2000], [2000, 0], [2000, 4000]]
[7, 1400, 1400, 'port_4', 0] [[700, 0], [1400, 700], [700, 1400], [0, 700]]
[8, 4000, 4000, 'square_cell_trap_5', 0] [[0, 2000], [4000, 2000], [2000, 0], [2000, 4000]]
[9, 1400, 1400, 'port_5', 0] [[700, 0], [1400, 700], [700, 1400], [0, 700]]
[10, 4000, 4000, 'square_cell_trap_6', 0] [[0, 2000], [4000, 2000], [2000, 0], [2000, 4000]]
[11, 1400, 1400, 'port_6', 0] [[700, 0], [1400, 700], [700, 1400], [0, 700]]
[12, 4000, 4000, 'square_cell_trap_7', 0] [[0, 2000], [4000, 2000], [2000, 0], [2000, 4000]]
[13, 1400, 1400, 'port_7', 0] [[700, 0], [1400, 700], [700, 1400], [0, 700]]
[14, 4000, 4000, 'square_cell_trap_8', 0] [[0, 2000], [4000, 2000], [2000, 0], [2000, 4000]]
[15, 1400, 1400, 'port_8', 0] [[700, 0], [1400, 700], [700, 1400], [0, 700]]
[16, 4000, 4000, 'square_cell_trap_9', 0] [[0, 2000], [4000, 2000], [2000, 0], [2000, 4000]]
[17, 4060, 4860, 'mixer_1', 0] [[2030, 0], [2030, 4860]]
[18, 4060, 4860, 'mixer_2', 0] [[2030, 0], [2030, 4860]]
[19, 1400, 1400, 'port_9', 0] [[700, 0], [1400, 700], [700, 1400], [0, 700]]
[20, 1400, 1400, 'port_10', 0] [[700, 0], [1400, 700], [700, 1400], [0, 700]]
[21, 1400, 1400, 'port_11', 0] [[700, 0], [1400, 700], [700, 1400], [0, 700]]
2/9, Finish initial placement with rotation, time spent: 0.00032830238342285156 s
3/9, Finish symmetricalization, time spent: 2.193450927734375e-05 s
4/9, Finish routing, time spent: 0.0004119873046875 s
****************************************************
New valid order that can lead to planar graph found:
[[0], [0], [0], [0, 1, 2, 3, 4, 5, 6, 7], [0, 1, 2, 3, 4, 5, 6, 7], [0], [0, 1]]
****************************************************
--Finish applying new order
--Finish mirroring related components
5/9, Finish initialization of new orders, time spent: 0.002229452133178711 s
6/9, Finish shortening wirelength, time spent: 0.00011730194091796875 s
Skip stage7 LP according to user's need
8/9, Finish routing, time spent: 0.0005018711090087891 s
9/9, Finish compaction and connecting ports, time spent: 0.07652807235717773 s
<<<<<<<<<<<<<<<<<<<<<<<<<<<<<< All P&R Done >>>>>>>>>>>>>>>>>>>>>>>>>>>>>>
Total Timeusage: 0.08019328117370605 s
Reordering Timeusage: 0.002229452133178711 s
LP-based Optimization Timeusage: 0 s
P&R for the new orders: 0.0793766975402832 s
Cannot finish valid layer-1 synthesis for:
- reason=routing:fallback_no_compliant_valve_escape valve=valve_0 flow_connection=channel_18 control_port=Cport_1
- reason=routing:fallback_no_compliant_valve_escape valve=valve_0 flow_connection=channel_18 control_port=Cport_2
- reason=routing:fallback_no_compliant_valve_escape valve=valve_0 flow_connection=channel_18 control_port=Cport_3
- reason=routing:fallback_no_compliant_valve_escape valve=valve_0 flow_connection=channel_18 control_port=Cport_4
- reason=routing:fallback_no_compliant_valve_escape valve=valve_0 flow_connection=channel_18 control_port=Cport_5
- reason=routing:fallback_no_compliant_valve_escape valve=valve_0 flow_connection=channel_18 control_port=Cport_6
- reason=routing:fallback_no_compliant_valve_escape valve=valve_0 flow_connection=channel_18 control_port=Cport_7
- reason=routing:fallback_no_compliant_valve_escape valve=valve_0 flow_connection=channel_18 control_port=Cport_8
- reason=routing:fallback_no_compliant_valve_escape valve=valve_0 flow_connection=channel_18 control_port=Cport_9
- reason=routing:fallback_no_compliant_valve_escape valve=valve_0 flow_connection=channel_18 control_port=Cport_10
- reason=routing:fallback_no_compliant_valve_escape valve=valve_0 flow_connection=channel_18 control_port=Cport_11
- reason=routing:fallback_no_compliant_valve_escape valve=valve_0 flow_connection=channel_18 control_port=Cport_12
- reason=routing:fallback_no_compliant_valve_escape valve=valve_0 flow_connection=channel_18 control_port=Cport_13
- reason=routing:fallback_no_compliant_valve_escape valve=valve_0 flow_connection=channel_18 control_port=Cport_14
- reason=routing:fallback_no_compliant_valve_escape valve=valve_0 flow_connection=channel_18 control_port=Cport_15
- reason=routing:fallback_no_compliant_valve_escape valve=valve_0 flow_connection=channel_18 control_port=Cport_16
Spread 3 overlapping SQUARE CELL TRAP square_cell_trap_9 pads into 2399 row(s), stair 2400
Spread 17 overlapping VALVE3D valve_0 pads into 2399 row(s), stair 2400
Fit canvas to [110200.0, 115320.0] and center by [15000.0, 18800.0]
Done. Combined PR JSON: /home/student/Desktop/Neptune_2026/Microfluidics-Benchmarks/Results/tree_full_20260916_165459/artifacts/mint__CIDAR_Lab_Past_Devices__Root_Chip__Root_Chip_fromMINT/result.json
