$ /home/student/anaconda3/envs/neptune2026/bin/python /home/student/Desktop/Neptune_2026/scripts/run_all_synthesize_timeout_report.py --_worker --algorithm tree --input /home/student/Desktop/Neptune_2026/Microfluidics-Benchmarks/Results/LFR-TestCases/Drop_Ref/Dx_13/Dx_13_fromLFR.json --case-output /home/student/Desktop/Neptune_2026/Microfluidics-Benchmarks/Results/tree_full_20260915_165225/artifacts/lfr__Drop_Ref__Dx_13__Dx_13_fromLFR --time-limit 3600.0 --solver-profile standard --mip-gap 0.0
Reversed 12 connection(s) with opposite-port direction conflicts: channel_3, channel_4, channel_5, channel_6, channel_7, channel_8, channel_11, channel_13, channel_14, channel_15, channel_16, channel_17.
Finish loading test case: Dx_13_fromLFR
1/9, Finish initial placement, time spent: 3.0517578125e-05 s
[0, 4060, 4860, 'mixer_1', 0] [[2030, 0], [2030, 4860]]
[1, 18450, 11426, 'droplet_sorter_1', 0] [[0, 4845], [18450, 600], [18450, 9091]]
[2, 6000, 8000, 'droplet_splitter_1', 0] [[0, 4000], [5500, 0], [5000, 8000]]
[3, 2000, 2000, 'port_1', 0] [[1000, 0], [2000, 1000], [1000, 2000], [0, 1000]]
[4, 2000, 2000, 'port_2', 0] [[1000, 0], [2000, 1000], [1000, 2000], [0, 1000]]
[5, 2000, 2000, 'port_3', 0] [[1000, 0], [2000, 1000], [1000, 2000], [0, 1000]]
[6, 4060, 4860, 'mixer_2', 0] [[2030, 0], [2030, 4860]]
[7, 18450, 11426, 'droplet_sorter_2', 0] [[0, 4845], [18450, 600], [18450, 9091]]
[8, 4060, 4860, 'mixer_3', 0] [[2030, 0], [2030, 4860]]
[9, 2000, 2000, 'port_4', 0] [[1000, 0], [2000, 1000], [1000, 2000], [0, 1000]]
[10, 4060, 4860, 'mixer_4', 0] [[2030, 0], [2030, 4860]]
[11, 4060, 4860, 'mixer_5', 0] [[2030, 0], [2030, 4860]]
[12, 4000, 4000, 'port_5', 0] [[2000, 0], [4000, 2000], [2000, 4000], [0, 2000]]
[13, 4000, 4000, 'port_6', 0] [[2000, 0], [4000, 2000], [2000, 4000], [0, 2000]]
[14, 1800, 600, 'nozzle_droplet_generator_1', 0] [[400, 0], [1800, 300], [400, 600], [0, 300]]
[15, 2000, 2000, 'port_7', 0] [[1000, 0], [2000, 1000], [1000, 2000], [0, 1000]]
[16, 2000, 2000, 'port_8', 0] [[1000, 0], [2000, 1000], [1000, 2000], [0, 1000]]
[17, 2000, 2000, 'port_9', 0] [[1000, 0], [2000, 1000], [1000, 2000], [0, 1000]]
2/9, Finish initial placement with rotation, time spent: 0.0003046989440917969 s
3/9, Finish symmetricalization, time spent: 4.220008850097656e-05 s
4/9, Finish routing, time spent: 0.0003495216369628906 s
****************************************************
New valid order that can lead to planar graph found:
[[0], [1, 0, 2], [0, 1], [0], [0, 1], [0, 1], [0], [2, 0, 1], [0, 1, 2]]
****************************************************
--Finish applying new order
--Finish mirroring related components
5/9, Finish initialization of new orders, time spent: 0.0013761520385742188 s
6/9, Finish shortening wirelength, time spent: 0.000141143798828125 s
Skip stage7 LP according to user's need
8/9, Finish routing, time spent: 0.0004215240478515625 s
9/9, Finish compaction and connecting ports, time spent: 0.0692293643951416 s
<<<<<<<<<<<<<<<<<<<<<<<<<<<<<< All P&R Done >>>>>>>>>>>>>>>>>>>>>>>>>>>>>>
Total Timeusage: 0.07189512252807617 s
Reordering Timeusage: 0.0013761520385742188 s
LP-based Optimization Timeusage: 0 s
P&R for the new orders: 0.07116818428039551 s
Done. Combined PR JSON: /home/student/Desktop/Neptune_2026/Microfluidics-Benchmarks/Results/tree_full_20260915_165225/artifacts/lfr__Drop_Ref__Dx_13__Dx_13_fromLFR/result.json
