$ /home/student/anaconda3/envs/neptune2026/bin/python /home/student/Desktop/Neptune_2026/scripts/run_all_synthesize_timeout_report.py --_worker --algorithm tree --input /home/student/Desktop/Neptune_2026/Microfluidics-Benchmarks/Results/LFR-TestCases/CIDAR_Lab_Past_Devices/Kinetics/Kinetics_fromLFR.json --case-output /home/student/Desktop/Neptune_2026/Microfluidics-Benchmarks/Results/tree_full_20260915_165225/artifacts/lfr__CIDAR_Lab_Past_Devices__Kinetics__Kinetics_fromLFR --time-limit 3600.0 --solver-profile standard --mip-gap 0.0
Reversed 5 connection(s) with opposite-port direction conflicts: channel_1, channel_2, channel_3, channel_4, channel_5.
Finish loading test case: Kinetics_fromLFR
1/9, Finish initial placement, time spent: 1.8358230590820312e-05 s
[0, 4060, 4860, 'mixer_1', 0] [[2030, 0], [2030, 4860]]
[1, 2000, 2000, 'port_1', 0] [[1000, 0], [2000, 1000], [1000, 2000], [0, 1000]]
[2, 4060, 4860, 'mixer_2', 0] [[2030, 0], [2030, 4860]]
[3, 2000, 2000, 'port_2', 0] [[1000, 0], [2000, 1000], [1000, 2000], [0, 1000]]
[4, 2000, 2000, 'port_3', 0] [[1000, 0], [2000, 1000], [1000, 2000], [0, 1000]]
[5, 2000, 2000, 'port_4', 0] [[1000, 0], [2000, 1000], [1000, 2000], [0, 1000]]
2/9, Finish initial placement with rotation, time spent: 0.00012922286987304688 s
3/9, Finish symmetricalization, time spent: 1.7404556274414062e-05 s
4/9, Finish routing, time spent: 0.00015473365783691406 s
****************************************************
New valid order that can lead to planar graph found:
[[0, 1], [0, 1], [0], [0]]
****************************************************
--Finish applying new order
--Finish mirroring related components
5/9, Finish initialization of new orders, time spent: 0.0006010532379150391 s
6/9, Finish shortening wirelength, time spent: 6.437301635742188e-05 s
Skip stage7 LP according to user's need
8/9, Finish routing, time spent: 0.00019431114196777344 s
9/9, Finish compaction and connecting ports, time spent: 0.02654886245727539 s
<<<<<<<<<<<<<<<<<<<<<<<<<<<<<< All P&R Done >>>>>>>>>>>>>>>>>>>>>>>>>>>>>>
Total Timeusage: 0.02772831916809082 s
Reordering Timeusage: 0.0006010532379150391 s
LP-based Optimization Timeusage: 0 s
P&R for the new orders: 0.027408599853515625 s
Done. Combined PR JSON: /home/student/Desktop/Neptune_2026/Microfluidics-Benchmarks/Results/tree_full_20260915_165225/artifacts/lfr__CIDAR_Lab_Past_Devices__Kinetics__Kinetics_fromLFR/result.json
