$ /home/student/anaconda3/envs/neptune2026/bin/python /home/student/Desktop/Neptune_2026/scripts/run_all_synthesize_timeout_report.py --_worker --algorithm tree --input /home/student/Desktop/Neptune_2026/Microfluidics-Benchmarks/Results/LFR-TestCases/Distribute_Expressions/Dist_Expression_1/Dist_Expression_1_fromLFR.json --case-output /home/student/Desktop/Neptune_2026/Microfluidics-Benchmarks/Results/tree_full_20260915_165225/artifacts/lfr__Distribute_Expressions__Dist_Expression_1__Dist_Expression_1_fromLFR --time-limit 3600.0 --solver-profile standard --mip-gap 0.0
Finish loading test case: Dist_Expression_1_fromLFR
1/9, Finish initial placement, time spent: 1.239776611328125e-05 s
[0, 2000, 2000, 'port_1', 0] [[1000, 0], [2000, 1000], [1000, 2000], [0, 1000]]
[1, 2000, 2000, 'port_2', 0] [[1000, 0], [2000, 1000], [1000, 2000], [0, 1000]]
2/9, Finish initial placement with rotation, time spent: 6.151199340820312e-05 s
3/9, Finish symmetricalization, time spent: 1.4066696166992188e-05 s
4/9, Finish routing, time spent: 6.890296936035156e-05 s
****************************************************
New valid order that can lead to planar graph found:
[[0], [0]]
****************************************************
--Finish applying new order
--Finish mirroring related components
5/9, Finish initialization of new orders, time spent: 0.0003554821014404297 s
6/9, Finish shortening wirelength, time spent: 3.266334533691406e-05 s
Skip stage7 LP according to user's need
8/9, Finish routing, time spent: 0.00011754035949707031 s
9/9, Finish compaction and connecting ports, time spent: 0.01312565803527832 s
<<<<<<<<<<<<<<<<<<<<<<<<<<<<<< All P&R Done >>>>>>>>>>>>>>>>>>>>>>>>>>>>>>
Total Timeusage: 0.013788223266601562 s
Reordering Timeusage: 0.0003554821014404297 s
LP-based Optimization Timeusage: 0 s
P&R for the new orders: 0.013631343841552734 s
Done. Combined PR JSON: /home/student/Desktop/Neptune_2026/Microfluidics-Benchmarks/Results/tree_full_20260915_165225/artifacts/lfr__Distribute_Expressions__Dist_Expression_1__Dist_Expression_1_fromLFR/result.json
