$ /home/student/anaconda3/envs/neptune2026/bin/python /home/student/Desktop/Neptune_2026/scripts/run_all_synthesize_timeout_report.py --_worker --algorithm tree --input /home/student/Desktop/Neptune_2026/Microfluidics-Benchmarks/Results/LFR-TestCases/Mars/Sorting/Sorting_fromLFR.json --case-output /home/student/Desktop/Neptune_2026/Microfluidics-Benchmarks/Results/tree_full_20260915_165225/artifacts/lfr__Mars__Sorting__Sorting_fromLFR --time-limit 3600.0 --solver-profile standard --mip-gap 0.0
Reversed 3 connection(s) with opposite-port direction conflicts: channel_1, channel_2, channel_3.
Finish loading test case: Sorting_fromLFR
1/9, Finish initial placement, time spent: 1.71661376953125e-05 s
[0, 6000, 8000, 'droplet_splitter_1', 0] [[0, 4000], [5500, 0], [5000, 8000]]
[1, 2000, 2000, 'port_1', 0] [[1000, 0], [2000, 1000], [1000, 2000], [0, 1000]]
[2, 2000, 2000, 'port_2', 0] [[1000, 0], [2000, 1000], [1000, 2000], [0, 1000]]
[3, 2000, 2000, 'port_3', 0] [[1000, 0], [2000, 1000], [1000, 2000], [0, 1000]]
[4, 2000, 2000, 'port_4', 0] [[1000, 0], [2000, 1000], [1000, 2000], [0, 1000]]
2/9, Finish initial placement with rotation, time spent: 0.00010180473327636719 s
3/9, Finish symmetricalization, time spent: 1.621246337890625e-05 s
4/9, Finish routing, time spent: 0.0001399517059326172 s
****************************************************
New valid order that can lead to planar graph found:
[[0], [3, 0, 1, 2]]
****************************************************
--Finish applying new order
--Finish mirroring related components
5/9, Finish initialization of new orders, time spent: 0.0005714893341064453 s
6/9, Finish shortening wirelength, time spent: 5.1021575927734375e-05 s
Skip stage7 LP according to user's need
8/9, Finish routing, time spent: 0.0001728534698486328 s
9/9, Finish compaction and connecting ports, time spent: 0.02388930320739746 s
<<<<<<<<<<<<<<<<<<<<<<<<<<<<<< All P&R Done >>>>>>>>>>>>>>>>>>>>>>>>>>>>>>
Total Timeusage: 0.024959802627563477 s
Reordering Timeusage: 0.0005714893341064453 s
LP-based Optimization Timeusage: 0 s
P&R for the new orders: 0.024684667587280273 s
Done. Combined PR JSON: /home/student/Desktop/Neptune_2026/Microfluidics-Benchmarks/Results/tree_full_20260915_165225/artifacts/lfr__Mars__Sorting__Sorting_fromLFR/result.json
