$ /home/student/anaconda3/envs/neptune2026/bin/python /home/student/Desktop/Neptune_2026/scripts/run_all_synthesize_timeout_report.py --_worker --algorithm tree --input /home/student/Desktop/Neptune_2026/Microfluidics-Benchmarks/Results/LFR-TestCases/Mars/Pcr/Pcr_fromLFR.json --case-output /home/student/Desktop/Neptune_2026/Microfluidics-Benchmarks/Results/tree_full_20260915_165225/artifacts/lfr__Mars__Pcr__Pcr_fromLFR --time-limit 3600.0 --solver-profile standard --mip-gap 0.0
Finish loading test case: Pcr_fromLFR
1/9, Finish initial placement, time spent: 3.123283386230469e-05 s
[0, 10000, 14000, 'droplet_capacitance_sensor_1', 0] [[0, 7000], [10000, 7000]]
[1, 2000, 2000, 'port_1', 0] [[1000, 0], [2000, 1000], [1000, 2000], [0, 1000]]
[2, 10000, 14000, 'droplet_capacitance_sensor_2', 0] [[0, 7000], [10000, 7000]]
[3, 2000, 2000, 'port_2', 0] [[1000, 0], [2000, 1000], [1000, 2000], [0, 1000]]
2/9, Finish initial placement with rotation, time spent: 0.000102996826171875 s
3/9, Finish symmetricalization, time spent: 1.52587890625e-05 s
4/9, Finish routing, time spent: 0.00012564659118652344 s
****************************************************
New valid order that can lead to planar graph found:
[[0], [0], [0], [0]]
****************************************************
--Finish applying new order
--Finish mirroring related components
5/9, Finish initialization of new orders, time spent: 0.0005550384521484375 s
6/9, Finish shortening wirelength, time spent: 5.4836273193359375e-05 s
Skip stage7 LP according to user's need
8/9, Finish routing, time spent: 0.00022554397583007812 s
9/9, Finish compaction and connecting ports, time spent: 0.01806807518005371 s
<<<<<<<<<<<<<<<<<<<<<<<<<<<<<< All P&R Done >>>>>>>>>>>>>>>>>>>>>>>>>>>>>>
Total Timeusage: 0.01917862892150879 s
Reordering Timeusage: 0.0005550384521484375 s
LP-based Optimization Timeusage: 0 s
P&R for the new orders: 0.018903493881225586 s
Done. Combined PR JSON: /home/student/Desktop/Neptune_2026/Microfluidics-Benchmarks/Results/tree_full_20260915_165225/artifacts/lfr__Mars__Pcr__Pcr_fromLFR/result.json
