$ /home/student/anaconda3/envs/neptune2026/bin/python /home/student/Desktop/Neptune_2026/scripts/run_all_synthesize_timeout_report.py --_worker --algorithm tree --input /home/student/Desktop/Neptune_2026/Microfluidics-Benchmarks/Results/LFR-TestCases/Drop_Ref/Dx_12/Dx_12_fromLFR.json --case-output /home/student/Desktop/Neptune_2026/Microfluidics-Benchmarks/Results/tree_full_20260915_165225/artifacts/lfr__Drop_Ref__Dx_12__Dx_12_fromLFR --time-limit 3600.0 --solver-profile standard --mip-gap 0.0
Reversed 7 connection(s) with opposite-port direction conflicts: channel_3, channel_4, channel_7, channel_8, channel_9, channel_10, channel_11.
Finish loading test case: Dx_12_fromLFR
1/9, Finish initial placement, time spent: 2.5987625122070312e-05 s
[0, 4060, 4860, 'mixer_1', 0] [[2030, 0], [2030, 4860]]
[1, 18450, 11426, 'droplet_sorter_1', 0] [[0, 4845], [18450, 600], [18450, 9091]]
[2, 2000, 2000, 'port_1', 0] [[1000, 0], [2000, 1000], [1000, 2000], [0, 1000]]
[3, 2000, 2000, 'port_2', 0] [[1000, 0], [2000, 1000], [1000, 2000], [0, 1000]]
[4, 4000, 4000, 'port_3', 0] [[2000, 0], [4000, 2000], [2000, 4000], [0, 2000]]
[5, 4000, 4000, 'port_4', 0] [[2000, 0], [4000, 2000], [2000, 4000], [0, 2000]]
[6, 1800, 600, 'nozzle_droplet_generator_1', 0] [[400, 0], [1800, 300], [400, 600], [0, 300]]
[7, 4060, 4860, 'mixer_2', 0] [[2030, 0], [2030, 4860]]
[8, 4060, 4860, 'mixer_3', 0] [[2030, 0], [2030, 4860]]
[9, 2000, 2000, 'port_5', 0] [[1000, 0], [2000, 1000], [1000, 2000], [0, 1000]]
[10, 2000, 2000, 'port_6', 0] [[1000, 0], [2000, 1000], [1000, 2000], [0, 1000]]
[11, 2000, 2000, 'port_7', 0] [[1000, 0], [2000, 1000], [1000, 2000], [0, 1000]]
2/9, Finish initial placement with rotation, time spent: 0.0002384185791015625 s
3/9, Finish symmetricalization, time spent: 2.5033950805664062e-05 s
4/9, Finish routing, time spent: 0.0002338886260986328 s
****************************************************
New valid order that can lead to planar graph found:
[[0], [1, 3, 0, 2], [0, 1], [0], [0, 1, 2], [0]]
****************************************************
--Finish applying new order
--Finish mirroring related components
5/9, Finish initialization of new orders, time spent: 0.0009884834289550781 s
6/9, Finish shortening wirelength, time spent: 0.00010466575622558594 s
Skip stage7 LP according to user's need
8/9, Finish routing, time spent: 0.0002892017364501953 s
9/9, Finish compaction and connecting ports, time spent: 0.07970023155212402 s
<<<<<<<<<<<<<<<<<<<<<<<<<<<<<< All P&R Done >>>>>>>>>>>>>>>>>>>>>>>>>>>>>>
Total Timeusage: 0.08160591125488281 s
Reordering Timeusage: 0.0009884834289550781 s
LP-based Optimization Timeusage: 0 s
P&R for the new orders: 0.08108258247375488 s
Done. Combined PR JSON: /home/student/Desktop/Neptune_2026/Microfluidics-Benchmarks/Results/tree_full_20260915_165225/artifacts/lfr__Drop_Ref__Dx_12__Dx_12_fromLFR/result.json
