$ /home/student/anaconda3/envs/neptune2026/bin/python /home/student/Desktop/Neptune_2026/scripts/run_all_synthesize_timeout_report.py --_worker --algorithm tree --input /home/student/Desktop/Neptune_2026/Microfluidics-Benchmarks/Results/LFR-TestCases/Ghissues/Issue_7/Issue_7_fromLFR.json --case-output /home/student/Desktop/Neptune_2026/Microfluidics-Benchmarks/Results/tree_full_20260915_165225/artifacts/lfr__Ghissues__Issue_7__Issue_7_fromLFR --time-limit 3600.0 --solver-profile standard --mip-gap 0.0
Reversed 50 connection(s) with opposite-port direction conflicts: channel_1, channel_2, channel_3, channel_4, channel_5, channel_6, channel_7, channel_8, channel_9, channel_10, channel_11, channel_12, channel_13, channel_14, channel_15, channel_16, channel_17, channel_18, channel_19, channel_20, channel_21, channel_22, channel_23, channel_24, channel_25, channel_26, channel_27, channel_28, channel_29, channel_30, channel_31, channel_32, channel_33, channel_34, channel_35, channel_36, channel_37, channel_39, channel_40, channel_41, channel_42, channel_43, channel_44, channel_46, channel_47, channel_48, channel_49, channel_50, channel_51, channel_52.
Finish loading test case: Issue_7_fromLFR
1/9, Finish initial placement, time spent: 4.863739013671875e-05 s
[0, 4060, 4860, 'mixer_1', 0] [[2030, 0], [2030, 4860]]
[1, 4060, 4860, 'mixer_2', 0] [[2030, 0], [2030, 4860]]
[2, 4060, 4860, 'mixer_3', 0] [[2030, 0], [2030, 4860]]
[3, 2000, 2000, 'port_1', 0] [[1000, 0], [2000, 1000], [1000, 2000], [0, 1000]]
[4, 4060, 4860, 'mixer_4', 0] [[2030, 0], [2030, 4860]]
[5, 2000, 2000, 'port_2', 0] [[1000, 0], [2000, 1000], [1000, 2000], [0, 1000]]
[6, 4060, 4860, 'mixer_5', 0] [[2030, 0], [2030, 4860]]
[7, 4060, 4860, 'mixer_6', 0] [[2030, 0], [2030, 4860]]
[8, 4060, 4860, 'mixer_7', 0] [[2030, 0], [2030, 4860]]
[9, 2000, 2000, 'port_3', 0] [[1000, 0], [2000, 1000], [1000, 2000], [0, 1000]]
[10, 4060, 4860, 'mixer_8', 0] [[2030, 0], [2030, 4860]]
[11, 2000, 2000, 'port_4', 0] [[1000, 0], [2000, 1000], [1000, 2000], [0, 1000]]
[12, 4060, 4860, 'mixer_9', 0] [[2030, 0], [2030, 4860]]
[13, 2000, 2000, 'port_5', 0] [[1000, 0], [2000, 1000], [1000, 2000], [0, 1000]]
[14, 4060, 4860, 'mixer_10', 0] [[2030, 0], [2030, 4860]]
[15, 4060, 4860, 'mixer_11', 0] [[2030, 0], [2030, 4860]]
[16, 4060, 4860, 'mixer_12', 0] [[2030, 0], [2030, 4860]]
[17, 2000, 2000, 'port_6', 0] [[1000, 0], [2000, 1000], [1000, 2000], [0, 1000]]
[18, 4060, 4860, 'mixer_13', 0] [[2030, 0], [2030, 4860]]
[19, 4060, 4860, 'mixer_14', 0] [[2030, 0], [2030, 4860]]
[20, 4060, 4860, 'mixer_15', 0] [[2030, 0], [2030, 4860]]
[21, 4060, 4860, 'mixer_16', 0] [[2030, 0], [2030, 4860]]
[22, 4060, 4860, 'mixer_17', 0] [[2030, 0], [2030, 4860]]
[23, 4060, 4860, 'mixer_18', 0] [[2030, 0], [2030, 4860]]
[24, 4060, 4860, 'mixer_19', 0] [[2030, 0], [2030, 4860]]
[25, 4060, 4860, 'mixer_20', 0] [[2030, 0], [2030, 4860]]
[26, 4060, 4860, 'mixer_21', 0] [[2030, 0], [2030, 4860]]
[27, 4060, 4860, 'mixer_22', 0] [[2030, 0], [2030, 4860]]
[28, 2000, 2000, 'port_7', 0] [[1000, 0], [2000, 1000], [1000, 2000], [0, 1000]]
[29, 4060, 4860, 'mixer_23', 0] [[2030, 0], [2030, 4860]]
[30, 4060, 4860, 'mixer_24', 0] [[2030, 0], [2030, 4860]]
[31, 4060, 4860, 'mixer_25', 0] [[2030, 0], [2030, 4860]]
[32, 4060, 4860, 'mixer_26', 0] [[2030, 0], [2030, 4860]]
[33, 4060, 4860, 'mixer_27', 0] [[2030, 0], [2030, 4860]]
[34, 4060, 4860, 'mixer_28', 0] [[2030, 0], [2030, 4860]]
[35, 4060, 4860, 'mixer_29', 0] [[2030, 0], [2030, 4860]]
[36, 4060, 4860, 'mixer_30', 0] [[2030, 0], [2030, 4860]]
[37, 4060, 4860, 'mixer_31', 0] [[2030, 0], [2030, 4860]]
[38, 4060, 4860, 'mixer_32', 0] [[2030, 0], [2030, 4860]]
[39, 2000, 2000, 'port_8', 0] [[1000, 0], [2000, 1000], [1000, 2000], [0, 1000]]
[40, 2000, 2000, 'port_9', 0] [[1000, 0], [2000, 1000], [1000, 2000], [0, 1000]]
[41, 2000, 2000, 'port_10', 0] [[1000, 0], [2000, 1000], [1000, 2000], [0, 1000]]
[42, 2000, 2000, 'port_11', 0] [[1000, 0], [2000, 1000], [1000, 2000], [0, 1000]]
[43, 2000, 2000, 'port_12', 0] [[1000, 0], [2000, 1000], [1000, 2000], [0, 1000]]
2/9, Finish initial placement with rotation, time spent: 0.0005991458892822266 s
3/9, Finish symmetricalization, time spent: 3.218650817871094e-05 s
4/9, Finish routing, time spent: 0.0009958744049072266 s
****************************************************
