$ /home/student/anaconda3/envs/neptune2026/bin/python /home/student/Desktop/Neptune_2026/scripts/run_all_synthesize_timeout_report.py --_worker --algorithm tree --input /home/student/Desktop/Neptune_2026/Microfluidics-Benchmarks/Results/LFR-TestCases/Literature_Benchmarks/Device_4_Molecular_Diagnostics/Device_4_Molecular_Diagnostics_fromLFR.json --case-output /home/student/Desktop/Neptune_2026/Microfluidics-Benchmarks/Results/tree_full_20260915_165225/artifacts/lfr__Literature_Benchmarks__Device_4_Molecular_Diagnostics__Device_4_Molecular_Diagnostics_fromLFR --time-limit 3600.0 --solver-profile standard --mip-gap 0.0
Reversed 7 connection(s) with opposite-port direction conflicts: channel_5, channel_6, channel_7, channel_8, channel_9, channel_10, channel_4.
Finish loading test case: Device_4_Molecular_Diagnostics_fromLFR
1/9, Finish initial placement, time spent: 2.2172927856445312e-05 s
[0, 4000, 4000, 'square_cell_trap_1', 0] [[0, 2000], [4000, 2000], [2000, 0], [2000, 4000]]
[1, 2000, 2000, 'port_1', 0] [[1000, 0], [2000, 1000], [1000, 2000], [0, 1000]]
[2, 2000, 2000, 'port_2', 0] [[1000, 0], [2000, 1000], [1000, 2000], [0, 1000]]
[3, 4000, 4000, 'square_cell_trap_2', 0] [[0, 2000], [4000, 2000], [2000, 0], [2000, 4000]]
[4, 4000, 4000, 'square_cell_trap_3', 0] [[0, 2000], [4000, 2000], [2000, 0], [2000, 4000]]
[5, 2000, 2000, 'port_3', 0] [[1000, 0], [2000, 1000], [1000, 2000], [0, 1000]]
[6, 4060, 4860, 'mixer_1', 0] [[2030, 0], [2030, 4860]]
[7, 4060, 4860, 'mixer_2', 0] [[2030, 0], [2030, 4860]]
[8, 2000, 2000, 'port_4', 0] [[1000, 0], [2000, 1000], [1000, 2000], [0, 1000]]
[9, 2000, 2000, 'port_5', 0] [[1000, 0], [2000, 1000], [1000, 2000], [0, 1000]]
2/9, Finish initial placement with rotation, time spent: 0.00019860267639160156 s
3/9, Finish symmetricalization, time spent: 2.002716064453125e-05 s
4/9, Finish routing, time spent: 0.00023365020751953125 s
****************************************************
Fail to find valid order; keeping the initial row order
****************************************************
--Finish applying new order
--Finish mirroring related components
5/9, Finish initialization of new orders, time spent: 0.005127906799316406 s
6/9, Finish shortening wirelength, time spent: 0.00010800361633300781 s
Skip stage7 LP according to user's need
8/9, Finish routing, time spent: 0.000308990478515625 s
9/9, Finish compaction and connecting ports, time spent: 0.07951569557189941 s
<<<<<<<<<<<<<<<<<<<<<<<<<<<<<< All P&R Done >>>>>>>>>>>>>>>>>>>>>>>>>>>>>>
Total Timeusage: 0.08553504943847656 s
Reordering Timeusage: 0.005127906799316406 s
LP-based Optimization Timeusage: 0 s
P&R for the new orders: 0.08506059646606445 s
Done. Combined PR JSON: /home/student/Desktop/Neptune_2026/Microfluidics-Benchmarks/Results/tree_full_20260915_165225/artifacts/lfr__Literature_Benchmarks__Device_4_Molecular_Diagnostics__Device_4_Molecular_Diagnostics_fromLFR/result.json
