$ /home/student/anaconda3/envs/neptune2026/bin/python /home/student/Desktop/Neptune_2026/scripts/run_all_synthesize_timeout_report.py --_worker --algorithm tree --input /home/student/Desktop/Neptune_2026/Microfluidics-Benchmarks/Results/LFR-TestCases/Ghissues/Issue_6/Issue_6_fromLFR.json --case-output /home/student/Desktop/Neptune_2026/Microfluidics-Benchmarks/Results/tree_full_20260915_165225/artifacts/lfr__Ghissues__Issue_6__Issue_6_fromLFR --time-limit 3600.0 --solver-profile standard --mip-gap 0.0
Reversed 51 connection(s) with opposite-port direction conflicts: channel_1, channel_2, channel_3, channel_4, channel_5, channel_6, channel_7, channel_8, channel_9, channel_10, channel_11, channel_12, channel_13, channel_14, channel_15, channel_16, channel_17, channel_18, channel_19, channel_20, channel_21, channel_22, channel_23, channel_24, channel_25, channel_26, channel_27, channel_28, channel_29, channel_30, channel_31, channel_32, channel_33, channel_34, channel_35, channel_36, channel_37, channel_38, channel_39, channel_40, channel_41, channel_42, channel_43, channel_44, channel_45, channel_46, channel_47, channel_48, channel_49, channel_50, channel_51.
Finish loading test case: Issue_6_fromLFR
1/9, Finish initial placement, time spent: 0.00017690658569335938 s
[0, 4060, 4860, 'mixer_1', 0] [[2030, 0], [2030, 4860]]
[1, 4060, 4860, 'mixer_2', 0] [[2030, 0], [2030, 4860]]
[2, 4060, 4860, 'mixer_3', 0] [[2030, 0], [2030, 4860]]
[3, 4060, 4860, 'mixer_4', 0] [[2030, 0], [2030, 4860]]
[4, 4060, 4860, 'mixer_5', 0] [[2030, 0], [2030, 4860]]
[5, 4060, 4860, 'mixer_6', 0] [[2030, 0], [2030, 4860]]
[6, 2000, 2000, 'port_1', 0] [[1000, 0], [2000, 1000], [1000, 2000], [0, 1000]]
[7, 4060, 4860, 'mixer_7', 0] [[2030, 0], [2030, 4860]]
[8, 4060, 4860, 'mixer_8', 0] [[2030, 0], [2030, 4860]]
[9, 4060, 4860, 'mixer_9', 0] [[2030, 0], [2030, 4860]]
[10, 4060, 4860, 'mixer_10', 0] [[2030, 0], [2030, 4860]]
[11, 4060, 4860, 'mixer_11', 0] [[2030, 0], [2030, 4860]]
[12, 4060, 4860, 'mixer_12', 0] [[2030, 0], [2030, 4860]]
[13, 4060, 4860, 'mixer_13', 0] [[2030, 0], [2030, 4860]]
[14, 4060, 4860, 'mixer_14', 0] [[2030, 0], [2030, 4860]]
[15, 4060, 4860, 'mixer_15', 0] [[2030, 0], [2030, 4860]]
[16, 4060, 4860, 'mixer_16', 0] [[2030, 0], [2030, 4860]]
[17, 4060, 4860, 'mixer_17', 0] [[2030, 0], [2030, 4860]]
[18, 4060, 4860, 'mixer_18', 0] [[2030, 0], [2030, 4860]]
[19, 4060, 4860, 'mixer_19', 0] [[2030, 0], [2030, 4860]]
[20, 4060, 4860, 'mixer_20', 0] [[2030, 0], [2030, 4860]]
[21, 4060, 4860, 'mixer_21', 0] [[2030, 0], [2030, 4860]]
[22, 4060, 4860, 'mixer_22', 0] [[2030, 0], [2030, 4860]]
[23, 4060, 4860, 'mixer_23', 0] [[2030, 0], [2030, 4860]]
[24, 2000, 2000, 'port_2', 0] [[1000, 0], [2000, 1000], [1000, 2000], [0, 1000]]
[25, 4060, 4860, 'mixer_24', 0] [[2030, 0], [2030, 4860]]
[26, 2000, 2000, 'port_3', 0] [[1000, 0], [2000, 1000], [1000, 2000], [0, 1000]]
[27, 2000, 2000, 'port_4', 0] [[1000, 0], [2000, 1000], [1000, 2000], [0, 1000]]
[28, 2000, 2000, 'port_5', 0] [[1000, 0], [2000, 1000], [1000, 2000], [0, 1000]]
[29, 2000, 2000, 'port_6', 0] [[1000, 0], [2000, 1000], [1000, 2000], [0, 1000]]
[30, 2000, 2000, 'port_7', 0] [[1000, 0], [2000, 1000], [1000, 2000], [0, 1000]]
[31, 2000, 2000, 'port_8', 0] [[1000, 0], [2000, 1000], [1000, 2000], [0, 1000]]
[32, 2000, 2000, 'port_9', 0] [[1000, 0], [2000, 1000], [1000, 2000], [0, 1000]]
[33, 2000, 2000, 'port_10', 0] [[1000, 0], [2000, 1000], [1000, 2000], [0, 1000]]
[34, 2000, 2000, 'port_11', 0] [[1000, 0], [2000, 1000], [1000, 2000], [0, 1000]]
2/9, Finish initial placement with rotation, time spent: 0.0006425380706787109 s
3/9, Finish symmetricalization, time spent: 3.838539123535156e-05 s
4/9, Finish routing, time spent: 0.0008740425109863281 s
****************************************************
Fail to find valid order; keeping the initial row order
****************************************************
--Finish applying new order
--Finish mirroring related components
5/9, Finish initialization of new orders, time spent: 0.00456690788269043 s
6/9, Finish shortening wirelength, time spent: 0.00023245811462402344 s
Skip stage7 LP according to user's need
8/9, Finish routing, time spent: 0.0010302066802978516 s
9/9, Finish compaction and connecting ports, time spent: 0.17498111724853516 s
<<<<<<<<<<<<<<<<<<<<<<<<<<<<<< All P&R Done >>>>>>>>>>>>>>>>>>>>>>>>>>>>>>
Total Timeusage: 0.1825425624847412 s
Reordering Timeusage: 0.00456690788269043 s
LP-based Optimization Timeusage: 0 s
P&R for the new orders: 0.18081068992614746 s
