$ /home/student/anaconda3/envs/neptune2026/bin/python /home/student/Desktop/Neptune_2026/scripts/run_all_synthesize_timeout_report.py --_worker --algorithm tree --input /home/student/Desktop/Neptune_2026/Microfluidics-Benchmarks/Results/LFR-TestCases/Transport_Networks/One_To_One/One_To_One_fromLFR.json --case-output /home/student/Desktop/Neptune_2026/Microfluidics-Benchmarks/Results/tree_full_20260915_165225/artifacts/lfr__Transport_Networks__One_To_One__One_To_One_fromLFR --time-limit 3600.0 --solver-profile standard --mip-gap 0.0
Finish loading test case: One_To_One_fromLFR
1/9, Finish initial placement, time spent: 2.7418136596679688e-05 s
[0, 2000, 2000, 'port_1', 0] [[1000, 0], [2000, 1000], [1000, 2000], [0, 1000]]
[1, 2000, 2000, 'port_2', 0] [[1000, 0], [2000, 1000], [1000, 2000], [0, 1000]]
2/9, Finish initial placement with rotation, time spent: 9.202957153320312e-05 s
3/9, Finish symmetricalization, time spent: 1.3589859008789062e-05 s
4/9, Finish routing, time spent: 7.128715515136719e-05 s
****************************************************
New valid order that can lead to planar graph found:
[[0], [0]]
****************************************************
--Finish applying new order
--Finish mirroring related components
5/9, Finish initialization of new orders, time spent: 0.0004286766052246094 s
6/9, Finish shortening wirelength, time spent: 4.5299530029296875e-05 s
Skip stage7 LP according to user's need
8/9, Finish routing, time spent: 0.00013709068298339844 s
9/9, Finish compaction and connecting ports, time spent: 0.014228105545043945 s
<<<<<<<<<<<<<<<<<<<<<<<<<<<<<< All P&R Done >>>>>>>>>>>>>>>>>>>>>>>>>>>>>>
Total Timeusage: 0.015043497085571289 s
Reordering Timeusage: 0.0004286766052246094 s
LP-based Optimization Timeusage: 0 s
P&R for the new orders: 0.01483917236328125 s
Done. Combined PR JSON: /home/student/Desktop/Neptune_2026/Microfluidics-Benchmarks/Results/tree_full_20260915_165225/artifacts/lfr__Transport_Networks__One_To_One__One_To_One_fromLFR/result.json
