$ /home/student/anaconda3/envs/neptune2026/bin/python /home/student/Desktop/Neptune_2026/scripts/run_all_synthesize_timeout_report.py --_worker --algorithm tree --input /home/student/Desktop/Neptune_2026/Microfluidics-Benchmarks/Results/LFR-TestCases/COVID/Covid_Crispr/Covid_Crispr_fromLFR.json --case-output /home/student/Desktop/Neptune_2026/Microfluidics-Benchmarks/Results/tree_full_20260915_165225/artifacts/lfr__COVID__Covid_Crispr__Covid_Crispr_fromLFR --time-limit 3600.0 --solver-profile standard --mip-gap 0.0
Reversed 3 connection(s) with opposite-port direction conflicts: channel_1, channel_2, channel_3.
Finish loading test case: Covid_Crispr_fromLFR
1/9, Finish initial placement, time spent: 1.4543533325195312e-05 s
[0, 4060, 4860, 'mixer_1', 0] [[2030, 0], [2030, 4860]]
[1, 2000, 2000, 'port_1', 0] [[1000, 0], [2000, 1000], [1000, 2000], [0, 1000]]
[2, 2000, 2000, 'port_2', 0] [[1000, 0], [2000, 1000], [1000, 2000], [0, 1000]]
[3, 2000, 2000, 'port_3', 0] [[1000, 0], [2000, 1000], [1000, 2000], [0, 1000]]
2/9, Finish initial placement with rotation, time spent: 9.512901306152344e-05 s
3/9, Finish symmetricalization, time spent: 1.4781951904296875e-05 s
4/9, Finish routing, time spent: 0.00011229515075683594 s
****************************************************
New valid order that can lead to planar graph found:
[[0, 1], [0], [0]]
****************************************************
--Finish applying new order
--Finish mirroring related components
5/9, Finish initialization of new orders, time spent: 0.0004818439483642578 s
6/9, Finish shortening wirelength, time spent: 5.1021575927734375e-05 s
Skip stage7 LP according to user's need
8/9, Finish routing, time spent: 0.000152587890625 s
9/9, Finish compaction and connecting ports, time spent: 0.019101619720458984 s
<<<<<<<<<<<<<<<<<<<<<<<<<<<<<< All P&R Done >>>>>>>>>>>>>>>>>>>>>>>>>>>>>>
Total Timeusage: 0.020023822784423828 s
Reordering Timeusage: 0.0004818439483642578 s
LP-based Optimization Timeusage: 0 s
P&R for the new orders: 0.019787073135375977 s
Done. Combined PR JSON: /home/student/Desktop/Neptune_2026/Microfluidics-Benchmarks/Results/tree_full_20260915_165225/artifacts/lfr__COVID__Covid_Crispr__Covid_Crispr_fromLFR/result.json
