$ /home/student/anaconda3/envs/neptune2026/bin/python /home/student/Desktop/Neptune_2026/scripts/run_all_synthesize_timeout_report.py --_worker --algorithm tree --input /home/student/Desktop/Neptune_2026/Microfluidics-Benchmarks/Results/LFR-TestCases/CIDAR_Lab_Past_Devices/Chemostat_Chip/Chemostat_Chip_fromLFR.json --case-output /home/student/Desktop/Neptune_2026/Microfluidics-Benchmarks/Results/tree_full_20260915_165225/artifacts/lfr__CIDAR_Lab_Past_Devices__Chemostat_Chip__Chemostat_Chip_fromLFR --time-limit 3600.0 --solver-profile standard --mip-gap 0.0
Finish loading test case: Chemostat_Chip_fromLFR
1/9, Finish initial placement, time spent: 0.00024390220642089844 s
[0, 4060, 4860, 'mixer_1', 0] [[2030, 0], [2030, 4860]]
[1, 4000, 4000, 'square_cell_trap_1', 0] [[0, 2000], [4000, 2000], [2000, 0], [2000, 4000]]
[2, 4000, 4000, 'square_cell_trap_2', 0] [[0, 2000], [4000, 2000], [2000, 0], [2000, 4000]]
[3, 2000, 2000, 'port_1', 0] [[1000, 0], [2000, 1000], [1000, 2000], [0, 1000]]
[4, 4000, 4000, 'square_cell_trap_3', 0] [[0, 2000], [4000, 2000], [2000, 0], [2000, 4000]]
[5, 4000, 4000, 'square_cell_trap_4', 0] [[0, 2000], [4000, 2000], [2000, 0], [2000, 4000]]
[6, 4000, 4000, 'square_cell_trap_5', 0] [[0, 2000], [4000, 2000], [2000, 0], [2000, 4000]]
[7, 4000, 4000, 'square_cell_trap_6', 0] [[0, 2000], [4000, 2000], [2000, 0], [2000, 4000]]
[8, 4000, 4000, 'square_cell_trap_7', 0] [[0, 2000], [4000, 2000], [2000, 0], [2000, 4000]]
[9, 4000, 4000, 'square_cell_trap_8', 0] [[0, 2000], [4000, 2000], [2000, 0], [2000, 4000]]
[10, 4000, 4000, 'square_cell_trap_9', 0] [[0, 2000], [4000, 2000], [2000, 0], [2000, 4000]]
[11, 4060, 4860, 'mixer_2', 0] [[2030, 0], [2030, 4860]]
[12, 4060, 4860, 'mixer_3', 0] [[2030, 0], [2030, 4860]]
[13, 4060, 4860, 'mixer_4', 0] [[2030, 0], [2030, 4860]]
[14, 4060, 4860, 'mixer_5', 0] [[2030, 0], [2030, 4860]]
[15, 4060, 4860, 'mixer_6', 0] [[2030, 0], [2030, 4860]]
[16, 4060, 4860, 'mixer_7', 0] [[2030, 0], [2030, 4860]]
[17, 4060, 4860, 'mixer_8', 0] [[2030, 0], [2030, 4860]]
[18, 4060, 4860, 'mixer_9', 0] [[2030, 0], [2030, 4860]]
[19, 4060, 4860, 'mixer_10', 0] [[2030, 0], [2030, 4860]]
[20, 4060, 4860, 'mixer_11', 0] [[2030, 0], [2030, 4860]]
[21, 4060, 4860, 'mixer_12', 0] [[2030, 0], [2030, 4860]]
[22, 4060, 4860, 'mixer_13', 0] [[2030, 0], [2030, 4860]]
[23, 4060, 4860, 'mixer_14', 0] [[2030, 0], [2030, 4860]]
[24, 4060, 4860, 'mixer_15', 0] [[2030, 0], [2030, 4860]]
[25, 4060, 4860, 'mixer_16', 0] [[2030, 0], [2030, 4860]]
[26, 4060, 4860, 'mixer_17', 0] [[2030, 0], [2030, 4860]]
[27, 2000, 2000, 'port_2', 0] [[1000, 0], [2000, 1000], [1000, 2000], [0, 1000]]
[28, 2000, 2000, 'port_3', 0] [[1000, 0], [2000, 1000], [1000, 2000], [0, 1000]]
[29, 2000, 2000, 'port_4', 0] [[1000, 0], [2000, 1000], [1000, 2000], [0, 1000]]
[30, 2000, 2000, 'port_5', 0] [[1000, 0], [2000, 1000], [1000, 2000], [0, 1000]]
[31, 2000, 2000, 'port_6', 0] [[1000, 0], [2000, 1000], [1000, 2000], [0, 1000]]
[32, 2000, 2000, 'port_7', 0] [[1000, 0], [2000, 1000], [1000, 2000], [0, 1000]]
[33, 2000, 2000, 'port_8', 0] [[1000, 0], [2000, 1000], [1000, 2000], [0, 1000]]
[34, 2000, 2000, 'port_9', 0] [[1000, 0], [2000, 1000], [1000, 2000], [0, 1000]]
[35, 2000, 2000, 'port_10', 0] [[1000, 0], [2000, 1000], [1000, 2000], [0, 1000]]
2/9, Finish initial placement with rotation, time spent: 0.0008664131164550781 s
3/9, Finish symmetricalization, time spent: 3.218650817871094e-05 s
4/9, Finish routing, time spent: 0.0008399486541748047 s
****************************************************
New valid order that can lead to planar graph found:
[[0], [0], [0], [6, 9, 8, 7, 3, 1, 2, 4, 5, 0], [0, 1, 2, 3, 4, 5, 6, 7, 8, 9], [0, 1], [0], [0], [0], [0, 1, 2, 3, 4, 5, 6, 7]]
****************************************************
--Finish applying new order
--Finish mirroring related components
5/9, Finish initialization of new orders, time spent: 29.122056245803833 s
6/9, Finish shortening wirelength, time spent: 0.00023317337036132812 s
Skip stage7 LP according to user's need
8/9, Finish routing, time spent: 0.0010213851928710938 s
9/9, Finish compaction and connecting ports, time spent: 0.17077994346618652 s
<<<<<<<<<<<<<<<<<<<<<<<<<<<<<< All P&R Done >>>>>>>>>>>>>>>>>>>>>>>>>>>>>>
Total Timeusage: 29.29607319831848 s
Reordering Timeusage: 29.122056245803833 s
LP-based Optimization Timeusage: 0 s
P&R for the new orders: 29.294090747833252 s
Cannot finish valid layer-1 synthesis for:
- reason=routing:fallback_no_compliant_valve_escape valve=valve_0 flow_connection=channel_30 control_port=Cport_0
- reason=routing:fallback_no_compliant_valve_escape valve=valve_1 flow_connection=channel_30 control_port=Cport_1
- reason=routing:fallback_no_compliant_valve_escape valve=valve_2 flow_connection=channel_30 control_port=Cport_2
- reason=routing:fallback_no_compliant_valve_escape valve=valve_3 flow_connection=channel_30 control_port=Cport_3
- reason=routing:fallback_no_compliant_valve_escape valve=valve_4 flow_connection=channel_30 control_port=Cport_4
- reason=routing:fallback_no_compliant_valve_escape valve=valve_5 flow_connection=channel_30 control_port=Cport_5
- reason=routing:fallback_no_compliant_valve_escape valve=valve_6 flow_connection=channel_30 control_port=Cport_6
- reason=routing:fallback_no_compliant_valve_escape valve=valve_7 flow_connection=channel_30 control_port=Cport_7
- reason=routing:fallback_no_compliant_valve_escape valve=valve_8 flow_connection=channel_30 control_port=Cport_8
- reason=routing:fallback_no_compliant_valve_escape valve=valve_9 flow_connection=channel_30 control_port=Cport_9
- reason=routing:fallback_no_compliant_valve_escape valve=valve_10 flow_connection=channel_30 control_port=Cport_10
- reason=routing:fallback_no_compliant_valve_escape valve=valve_11 flow_connection=channel_30 control_port=Cport_11
- reason=routing:fallback_no_compliant_valve_escape valve=valve_12 flow_connection=channel_30 control_port=Cport_12
- reason=routing:fallback_no_compliant_valve_escape valve=valve_13 flow_connection=channel_30 control_port=Cport_13
- reason=routing:fallback_no_compliant_valve_escape valve=valve_14 flow_connection=channel_30 control_port=Cport_14
- reason=routing:fallback_no_compliant_valve_escape valve=valve_15 flow_connection=channel_30 control_port=Cport_15
- reason=routing:fallback_no_compliant_valve_escape valve=valve_16 flow_connection=channel_30 control_port=Cport_16
- reason=routing:fallback_no_compliant_valve_escape valve=valve_17 flow_connection=channel_30 control_port=Cport_17
- reason=routing:fallback_no_compliant_valve_escape valve=valve_18 flow_connection=channel_30 control_port=Cport_18
- reason=routing:fallback_no_compliant_valve_escape valve=valve_19 flow_connection=channel_30 control_port=Cport_19
- reason=routing:fallback_no_compliant_valve_escape valve=valve_20 flow_connection=channel_30 control_port=Cport_20
- reason=routing:fallback_no_compliant_valve_escape valve=valve_21 flow_connection=channel_30 control_port=Cport_21
- reason=routing:fallback_no_compliant_valve_escape valve=valve_22 flow_connection=channel_30 control_port=Cport_22
- reason=routing:fallback_no_compliant_valve_escape valve=valve_23 flow_connection=channel_30 control_port=Cport_23
Done. Combined PR JSON: /home/student/Desktop/Neptune_2026/Microfluidics-Benchmarks/Results/tree_full_20260915_165225/artifacts/lfr__CIDAR_Lab_Past_Devices__Chemostat_Chip__Chemostat_Chip_fromLFR/result.json
