$ /home/student/anaconda3/envs/neptune2026/bin/python /home/student/Desktop/Neptune_2026/scripts/run_all_synthesize_timeout_report.py --_worker --algorithm tree --input /home/student/Desktop/Neptune_2026/Microfluidics-Benchmarks/Results/LFR-TestCases/Technology_Mapping/Instance_Mapping/Instance_Mapping_fromLFR.json --case-output /home/student/Desktop/Neptune_2026/Microfluidics-Benchmarks/Results/tree_full_20260915_165225/artifacts/lfr__Technology_Mapping__Instance_Mapping__Instance_Mapping_fromLFR --time-limit 3600.0 --solver-profile standard --mip-gap 0.0
Reversed 2 connection(s) with opposite-port direction conflicts: channel_1, channel_2.
Finish loading test case: Instance_Mapping_fromLFR
1/9, Finish initial placement, time spent: 1.621246337890625e-05 s
[0, 4060, 4860, 'mixer_1', 0] [[2030, 0], [2030, 4860]]
[1, 2000, 2000, 'port_1', 0] [[1000, 0], [2000, 1000], [1000, 2000], [0, 1000]]
[2, 2000, 2000, 'port_2', 0] [[1000, 0], [2000, 1000], [1000, 2000], [0, 1000]]
2/9, Finish initial placement with rotation, time spent: 7.963180541992188e-05 s
3/9, Finish symmetricalization, time spent: 1.811981201171875e-05 s
4/9, Finish routing, time spent: 0.00011181831359863281 s
****************************************************
New valid order that can lead to planar graph found:
[[0], [0], [0]]
****************************************************
--Finish applying new order
--Finish mirroring related components
5/9, Finish initialization of new orders, time spent: 0.0004696846008300781 s
6/9, Finish shortening wirelength, time spent: 5.340576171875e-05 s
Skip stage7 LP according to user's need
8/9, Finish routing, time spent: 0.00014090538024902344 s
9/9, Finish compaction and connecting ports, time spent: 0.017180442810058594 s
<<<<<<<<<<<<<<<<<<<<<<<<<<<<<< All P&R Done >>>>>>>>>>>>>>>>>>>>>>>>>>>>>>
Total Timeusage: 0.018070220947265625 s
Reordering Timeusage: 0.0004696846008300781 s
LP-based Optimization Timeusage: 0 s
P&R for the new orders: 0.017844438552856445 s
Done. Combined PR JSON: /home/student/Desktop/Neptune_2026/Microfluidics-Benchmarks/Results/tree_full_20260915_165225/artifacts/lfr__Technology_Mapping__Instance_Mapping__Instance_Mapping_fromLFR/result.json
