$ /home/student/anaconda3/envs/neptune2026/bin/python /home/student/Desktop/Neptune_2026/scripts/run_all_synthesize_timeout_report.py --_worker --algorithm tree --input /home/student/Desktop/Neptune_2026/Microfluidics-Benchmarks/Results/LFR-TestCases/Ghissues/Issue_10/Issue_10_fromLFR.json --case-output /home/student/Desktop/Neptune_2026/Microfluidics-Benchmarks/Results/tree_full_20260915_165225/artifacts/lfr__Ghissues__Issue_10__Issue_10_fromLFR --time-limit 3600.0 --solver-profile standard --mip-gap 0.0
Reversed 36 connection(s) with opposite-port direction conflicts: channel_1, channel_2, channel_3, channel_4, channel_5, channel_6, channel_7, channel_8, channel_9, channel_10, channel_11, channel_12, channel_13, channel_14, channel_15, channel_16, channel_17, channel_18, channel_19, channel_20, channel_21, channel_22, channel_23, channel_24, channel_25, channel_26, channel_27, channel_28, channel_29, channel_30, channel_31, channel_32, channel_33, channel_34, channel_35, channel_36.
Finish loading test case: Issue_10_fromLFR
1/9, Finish initial placement, time spent: 0.0001895427703857422 s
[0, 4060, 4860, 'mixer_1', 0] [[2030, 0], [2030, 4860]]
[1, 4060, 4860, 'mixer_2', 0] [[2030, 0], [2030, 4860]]
[2, 4060, 4860, 'mixer_3', 0] [[2030, 0], [2030, 4860]]
[3, 4060, 4860, 'mixer_4', 0] [[2030, 0], [2030, 4860]]
[4, 2000, 2000, 'port_1', 0] [[1000, 0], [2000, 1000], [1000, 2000], [0, 1000]]
[5, 4060, 4860, 'mixer_5', 0] [[2030, 0], [2030, 4860]]
[6, 2000, 2000, 'port_2', 0] [[1000, 0], [2000, 1000], [1000, 2000], [0, 1000]]
[7, 4060, 4860, 'mixer_6', 0] [[2030, 0], [2030, 4860]]
[8, 4060, 4860, 'mixer_7', 0] [[2030, 0], [2030, 4860]]
[9, 4060, 4860, 'mixer_8', 0] [[2030, 0], [2030, 4860]]
[10, 4060, 4860, 'mixer_9', 0] [[2030, 0], [2030, 4860]]
[11, 4060, 4860, 'mixer_10', 0] [[2030, 0], [2030, 4860]]
[12, 4060, 4860, 'mixer_11', 0] [[2030, 0], [2030, 4860]]
[13, 4060, 4860, 'mixer_12', 0] [[2030, 0], [2030, 4860]]
[14, 4060, 4860, 'mixer_13', 0] [[2030, 0], [2030, 4860]]
[15, 4060, 4860, 'mixer_14', 0] [[2030, 0], [2030, 4860]]
[16, 4060, 4860, 'mixer_15', 0] [[2030, 0], [2030, 4860]]
[17, 2000, 2000, 'port_3', 0] [[1000, 0], [2000, 1000], [1000, 2000], [0, 1000]]
[18, 4060, 4860, 'mixer_16', 0] [[2030, 0], [2030, 4860]]
[19, 2000, 2000, 'port_4', 0] [[1000, 0], [2000, 1000], [1000, 2000], [0, 1000]]
[20, 2000, 2000, 'port_5', 0] [[1000, 0], [2000, 1000], [1000, 2000], [0, 1000]]
[21, 2000, 2000, 'port_6', 0] [[1000, 0], [2000, 1000], [1000, 2000], [0, 1000]]
[22, 2000, 2000, 'port_7', 0] [[1000, 0], [2000, 1000], [1000, 2000], [0, 1000]]
[23, 2000, 2000, 'port_8', 0] [[1000, 0], [2000, 1000], [1000, 2000], [0, 1000]]
2/9, Finish initial placement with rotation, time spent: 0.0005927085876464844 s
3/9, Finish symmetricalization, time spent: 3.075599670410156e-05 s
4/9, Finish routing, time spent: 0.0006923675537109375 s
****************************************************
Fail to find valid order; keeping the initial row order
****************************************************
--Finish applying new order
--Finish mirroring related components
5/9, Finish initialization of new orders, time spent: 0.013275861740112305 s
6/9, Finish shortening wirelength, time spent: 0.0001971721649169922 s
Skip stage7 LP according to user's need
8/9, Finish routing, time spent: 0.0008978843688964844 s
9/9, Finish compaction and connecting ports, time spent: 0.10437154769897461 s
<<<<<<<<<<<<<<<<<<<<<<<<<<<<<< All P&R Done >>>>>>>>>>>>>>>>>>>>>>>>>>>>>>
Total Timeusage: 0.12024784088134766 s
Reordering Timeusage: 0.013275861740112305 s
LP-based Optimization Timeusage: 0 s
P&R for the new orders: 0.11874246597290039 s
