$ /home/student/anaconda3/envs/neptune2026/bin/python /home/student/Desktop/Neptune_2026/scripts/run_all_synthesize_timeout_report.py --_worker --algorithm tree --input /home/student/Desktop/Neptune_2026/Microfluidics-Benchmarks/Results/LFR-TestCases/Distribute_Library/Transposer_32/Transposer_32_fromLFR.json --case-output /home/student/Desktop/Neptune_2026/Microfluidics-Benchmarks/Results/tree_full_20260915_165225/artifacts/lfr__Distribute_Library__Transposer_32__Transposer_32_fromLFR --time-limit 3600.0 --solver-profile standard --mip-gap 0.0
Finish loading test case: Transposer_32_fromLFR
1/9, Finish initial placement, time spent: 1.3589859008789062e-05 s
[0, 2000, 2000, 'port_1', 0] [[1000, 0], [2000, 1000], [1000, 2000], [0, 1000]]
[1, 2000, 2000, 'port_2', 0] [[1000, 0], [2000, 1000], [1000, 2000], [0, 1000]]
2/9, Finish initial placement with rotation, time spent: 6.341934204101562e-05 s
3/9, Finish symmetricalization, time spent: 1.430511474609375e-05 s
4/9, Finish routing, time spent: 6.222724914550781e-05 s
****************************************************
New valid order that can lead to planar graph found:
[[0], [0]]
****************************************************
--Finish applying new order
--Finish mirroring related components
5/9, Finish initialization of new orders, time spent: 0.0003540515899658203 s
6/9, Finish shortening wirelength, time spent: 3.2901763916015625e-05 s
Skip stage7 LP according to user's need
8/9, Finish routing, time spent: 0.0001049041748046875 s
9/9, Finish compaction and connecting ports, time spent: 0.012387752532958984 s
<<<<<<<<<<<<<<<<<<<<<<<<<<<<<< All P&R Done >>>>>>>>>>>>>>>>>>>>>>>>>>>>>>
Total Timeusage: 0.013033151626586914 s
Reordering Timeusage: 0.0003540515899658203 s
LP-based Optimization Timeusage: 0 s
P&R for the new orders: 0.012879610061645508 s
Done. Combined PR JSON: /home/student/Desktop/Neptune_2026/Microfluidics-Benchmarks/Results/tree_full_20260915_165225/artifacts/lfr__Distribute_Library__Transposer_32__Transposer_32_fromLFR/result.json
