$ /home/student/anaconda3/envs/neptune2026/bin/python /home/student/Desktop/Neptune_2026/scripts/run_all_synthesize_timeout_report.py --_worker --algorithm tree --input /home/student/Desktop/Neptune_2026/Microfluidics-Benchmarks/Results/LFR-TestCases/Mars/Ligation/Ligation_fromLFR.json --case-output /home/student/Desktop/Neptune_2026/Microfluidics-Benchmarks/Results/tree_full_20260915_165225/artifacts/lfr__Mars__Ligation__Ligation_fromLFR --time-limit 3600.0 --solver-profile standard --mip-gap 0.0
Reversed 15 connection(s) with opposite-port direction conflicts: channel_11, channel_12, channel_13, channel_14, channel_15, channel_16, channel_17, channel_18, channel_19, channel_20, channel_21, channel_22, channel_23, channel_24, channel_25.
Finish loading test case: Ligation_fromLFR
1/9, Finish initial placement, time spent: 6.341934204101562e-05 s
[0, 5000, 5000, 'reaction_chamber_1', 0] [[2500, 0], [5000, 2500], [2500, 5000], [0, 2500]]
[1, 2000, 2000, 'port_1', 0] [[1000, 0], [2000, 1000], [1000, 2000], [0, 1000]]
[2, 4000, 4000, 'port_2', 0] [[2000, 0], [4000, 2000], [2000, 4000], [0, 2000]]
[3, 4000, 4000, 'port_3', 0] [[2000, 0], [4000, 2000], [2000, 4000], [0, 2000]]
[4, 1800, 600, 'nozzle_droplet_generator_1', 0] [[400, 0], [1800, 300], [400, 600], [0, 300]]
[5, 4060, 4860, 'mixer_1', 0] [[2030, 0], [2030, 4860]]
[6, 4060, 4860, 'mixer_2', 0] [[2030, 0], [2030, 4860]]
[7, 4060, 4860, 'mixer_3', 0] [[2030, 0], [2030, 4860]]
[8, 4060, 4860, 'mixer_4', 0] [[2030, 0], [2030, 4860]]
[9, 4000, 4000, 'port_4', 0] [[2000, 0], [4000, 2000], [2000, 4000], [0, 2000]]
[10, 4000, 4000, 'port_5', 0] [[2000, 0], [4000, 2000], [2000, 4000], [0, 2000]]
[11, 1800, 600, 'nozzle_droplet_generator_2', 0] [[400, 0], [1800, 300], [400, 600], [0, 300]]
[12, 4000, 4000, 'port_6', 0] [[2000, 0], [4000, 2000], [2000, 4000], [0, 2000]]
[13, 4000, 4000, 'port_7', 0] [[2000, 0], [4000, 2000], [2000, 4000], [0, 2000]]
[14, 1800, 600, 'nozzle_droplet_generator_3', 0] [[400, 0], [1800, 300], [400, 600], [0, 300]]
[15, 4000, 4000, 'port_8', 0] [[2000, 0], [4000, 2000], [2000, 4000], [0, 2000]]
[16, 4000, 4000, 'port_9', 0] [[2000, 0], [4000, 2000], [2000, 4000], [0, 2000]]
[17, 1800, 600, 'nozzle_droplet_generator_4', 0] [[400, 0], [1800, 300], [400, 600], [0, 300]]
[18, 4000, 4000, 'port_10', 0] [[2000, 0], [4000, 2000], [2000, 4000], [0, 2000]]
[19, 4000, 4000, 'port_11', 0] [[2000, 0], [4000, 2000], [2000, 4000], [0, 2000]]
[20, 1800, 600, 'nozzle_droplet_generator_5', 0] [[400, 0], [1800, 300], [400, 600], [0, 300]]
[21, 2000, 2000, 'port_12', 0] [[1000, 0], [2000, 1000], [1000, 2000], [0, 1000]]
[22, 2000, 2000, 'port_13', 0] [[1000, 0], [2000, 1000], [1000, 2000], [0, 1000]]
[23, 2000, 2000, 'port_14', 0] [[1000, 0], [2000, 1000], [1000, 2000], [0, 1000]]
[24, 2000, 2000, 'port_15', 0] [[1000, 0], [2000, 1000], [1000, 2000], [0, 1000]]
[25, 2000, 2000, 'port_16', 0] [[1000, 0], [2000, 1000], [1000, 2000], [0, 1000]]
2/9, Finish initial placement with rotation, time spent: 0.0004248619079589844 s
3/9, Finish symmetricalization, time spent: 3.218650817871094e-05 s
4/9, Finish routing, time spent: 0.0003604888916015625 s
****************************************************
New valid order that can lead to planar graph found:
[[0, 1], [6, 1, 4, 0, 2, 3, 5], [4, 1, 3, 0, 2], [4, 1, 3, 0, 2], [1, 3, 0, 2], [0], [0], [0]]
****************************************************
--Finish applying new order
--Finish mirroring related components
5/9, Finish initialization of new orders, time spent: 0.0017752647399902344 s
6/9, Finish shortening wirelength, time spent: 0.00014829635620117188 s
Skip stage7 LP according to user's need
8/9, Finish routing, time spent: 0.00047898292541503906 s
9/9, Finish compaction and connecting ports, time spent: 0.08409667015075684 s
<<<<<<<<<<<<<<<<<<<<<<<<<<<<<< All P&R Done >>>>>>>>>>>>>>>>>>>>>>>>>>>>>>
Total Timeusage: 0.08738017082214355 s
Reordering Timeusage: 0.0017752647399902344 s
LP-based Optimization Timeusage: 0 s
P&R for the new orders: 0.08649921417236328 s
