$ /home/student/anaconda3/envs/neptune2026/bin/python /home/student/Desktop/Neptune_2026/scripts/run_all_synthesize_timeout_report.py --_worker --algorithm tree --input /home/student/Desktop/Neptune_2026/Microfluidics-Benchmarks/Results/LFR-TestCases/Protocols/Cell_Sorting/Cell_Sorting_fromLFR.json --case-output /home/student/Desktop/Neptune_2026/Microfluidics-Benchmarks/Results/tree_full_20260915_165225/artifacts/lfr__Protocols__Cell_Sorting__Cell_Sorting_fromLFR --time-limit 3600.0 --solver-profile standard --mip-gap 0.0
Finish loading test case: Cell_Sorting_fromLFR
1/9, Finish initial placement, time spent: 1.6450881958007812e-05 s
[0, 2000, 2000, 'port_1', 0] [[1000, 0], [2000, 1000], [1000, 2000], [0, 1000]]
[1, 2000, 2000, 'port_2', 0] [[1000, 0], [2000, 1000], [1000, 2000], [0, 1000]]
[2, 2000, 2000, 'port_3', 0] [[1000, 0], [2000, 1000], [1000, 2000], [0, 1000]]
[3, 2000, 2000, 'port_4', 0] [[1000, 0], [2000, 1000], [1000, 2000], [0, 1000]]
2/9, Finish initial placement with rotation, time spent: 9.298324584960938e-05 s
3/9, Finish symmetricalization, time spent: 1.8358230590820312e-05 s
4/9, Finish routing, time spent: 0.00010466575622558594 s
****************************************************
New valid order that can lead to planar graph found:
[[0, 1, 2], [0]]
****************************************************
--Finish applying new order
--Finish mirroring related components
5/9, Finish initialization of new orders, time spent: 0.0004928112030029297 s
6/9, Finish shortening wirelength, time spent: 5.078315734863281e-05 s
Skip stage7 LP according to user's need
8/9, Finish routing, time spent: 0.0001544952392578125 s
9/9, Finish compaction and connecting ports, time spent: 0.020838260650634766 s
<<<<<<<<<<<<<<<<<<<<<<<<<<<<<< All P&R Done >>>>>>>>>>>>>>>>>>>>>>>>>>>>>>
Total Timeusage: 0.021768808364868164 s
Reordering Timeusage: 0.0004928112030029297 s
LP-based Optimization Timeusage: 0 s
P&R for the new orders: 0.02153635025024414 s
Done. Combined PR JSON: /home/student/Desktop/Neptune_2026/Microfluidics-Benchmarks/Results/tree_full_20260915_165225/artifacts/lfr__Protocols__Cell_Sorting__Cell_Sorting_fromLFR/result.json
