$ /home/student/anaconda3/envs/neptune2026/bin/python /home/student/Desktop/Neptune_2026/scripts/run_all_synthesize_timeout_report.py --_worker --algorithm tree --input /home/student/Desktop/Neptune_2026/Microfluidics-Benchmarks/Results/LFR-TestCases/Distribute_Library/Mux_04_In/Mux_04_In_fromLFR.json --case-output /home/student/Desktop/Neptune_2026/Microfluidics-Benchmarks/Results/tree_full_20260915_165225/artifacts/lfr__Distribute_Library__Mux_04_In__Mux_04_In_fromLFR --time-limit 3600.0 --solver-profile standard --mip-gap 0.0
Finish loading test case: Mux_04_In_fromLFR
1/9, Finish initial placement, time spent: 6.747245788574219e-05 s
[0, 2000, 2000, 'port_1', 0] [[1000, 0], [2000, 1000], [1000, 2000], [0, 1000]]
[1, 2000, 2000, 'port_2', 0] [[1000, 0], [2000, 1000], [1000, 2000], [0, 1000]]
[2, 2000, 2000, 'port_3', 0] [[1000, 0], [2000, 1000], [1000, 2000], [0, 1000]]
[3, 2000, 2000, 'port_4', 0] [[1000, 0], [2000, 1000], [1000, 2000], [0, 1000]]
[4, 2000, 2000, 'port_5', 0] [[1000, 0], [2000, 1000], [1000, 2000], [0, 1000]]
2/9, Finish initial placement with rotation, time spent: 0.0001544952392578125 s
3/9, Finish symmetricalization, time spent: 1.71661376953125e-05 s
4/9, Finish routing, time spent: 0.00014019012451171875 s
****************************************************
New valid order that can lead to planar graph found:
[[0], [0, 1, 2, 3]]
****************************************************
--Finish applying new order
--Finish mirroring related components
5/9, Finish initialization of new orders, time spent: 0.00070953369140625 s
6/9, Finish shortening wirelength, time spent: 5.340576171875e-05 s
Skip stage7 LP according to user's need
8/9, Finish routing, time spent: 0.00022172927856445312 s
9/9, Finish compaction and connecting ports, time spent: 0.025565385818481445 s
<<<<<<<<<<<<<<<<<<<<<<<<<<<<<< All P&R Done >>>>>>>>>>>>>>>>>>>>>>>>>>>>>>
Total Timeusage: 0.026929378509521484 s
Reordering Timeusage: 0.00070953369140625 s
LP-based Optimization Timeusage: 0 s
P&R for the new orders: 0.0265500545501709 s
Done. Combined PR JSON: /home/student/Desktop/Neptune_2026/Microfluidics-Benchmarks/Results/tree_full_20260915_165225/artifacts/lfr__Distribute_Library__Mux_04_In__Mux_04_In_fromLFR/result.json
