$ /home/student/anaconda3/envs/neptune2026/bin/python /home/student/Desktop/Neptune_2026/scripts/run_all_synthesize_timeout_report.py --_worker --algorithm tree --input /home/student/Desktop/Neptune_2026/Microfluidics-Benchmarks/Results/LFR-TestCases/CIDAR_Lab_Past_Devices/Logic_04/Logic_04_fromLFR.json --case-output /home/student/Desktop/Neptune_2026/Microfluidics-Benchmarks/Results/tree_full_20260915_165225/artifacts/lfr__CIDAR_Lab_Past_Devices__Logic_04__Logic_04_fromLFR --time-limit 3600.0 --solver-profile standard --mip-gap 0.0
Reversed 45 connection(s) with opposite-port direction conflicts: channel_1, channel_2, channel_3, channel_4, channel_5, channel_6, channel_7, channel_8, channel_9, channel_10, channel_11, channel_12, channel_13, channel_14, channel_15, channel_16, channel_17, channel_18, channel_19, channel_20, channel_21, channel_22, channel_23, channel_24, channel_25, channel_26, channel_27, channel_28, channel_29, channel_30, channel_31, channel_32, channel_33, channel_34, channel_35, channel_36, channel_37, channel_38, channel_39, channel_40, channel_41, channel_42, channel_43, channel_44, channel_45.
Finish loading test case: Logic_04_fromLFR
1/9, Finish initial placement, time spent: 0.00017380714416503906 s
[0, 49, 20, 'ytree_1', 0] [[24, 0], [46, 20], [40, 20], [33, 20], [27, 20], [21, 20], [15, 20], [8, 20], [2, 20]]
[1, 4060, 4860, 'mixer_1', 0] [[2030, 0], [2030, 4860]]
[2, 4060, 4860, 'mixer_2', 0] [[2030, 0], [2030, 4860]]
[3, 4060, 4860, 'mixer_3', 0] [[2030, 0], [2030, 4860]]
[4, 4060, 4860, 'mixer_4', 0] [[2030, 0], [2030, 4860]]
[5, 4060, 4860, 'mixer_5', 0] [[2030, 0], [2030, 4860]]
[6, 4060, 4860, 'mixer_6', 0] [[2030, 0], [2030, 4860]]
[7, 4060, 4860, 'mixer_7', 0] [[2030, 0], [2030, 4860]]
[8, 4000, 4000, 'square_cell_trap_1', 0] [[0, 2000], [4000, 2000], [2000, 0], [2000, 4000]]
[9, 4000, 4000, 'square_cell_trap_2', 0] [[0, 2000], [4000, 2000], [2000, 0], [2000, 4000]]
[10, 4000, 4000, 'square_cell_trap_3', 0] [[0, 2000], [4000, 2000], [2000, 0], [2000, 4000]]
[11, 4000, 4000, 'square_cell_trap_4', 0] [[0, 2000], [4000, 2000], [2000, 0], [2000, 4000]]
[12, 4060, 4860, 'mixer_8', 0] [[2030, 0], [2030, 4860]]
[13, 4060, 4860, 'mixer_9', 0] [[2030, 0], [2030, 4860]]
[14, 4060, 4860, 'mixer_10', 0] [[2030, 0], [2030, 4860]]
[15, 2000, 2000, 'port_1', 0] [[1000, 0], [2000, 1000], [1000, 2000], [0, 1000]]
[16, 4060, 4860, 'mixer_11', 0] [[2030, 0], [2030, 4860]]
[17, 4060, 4860, 'mixer_12', 0] [[2030, 0], [2030, 4860]]
[18, 4060, 4860, 'mixer_13', 0] [[2030, 0], [2030, 4860]]
[19, 4060, 4860, 'mixer_14', 0] [[2030, 0], [2030, 4860]]
[20, 2000, 2000, 'port_2', 0] [[1000, 0], [2000, 1000], [1000, 2000], [0, 1000]]
[21, 2000, 2000, 'port_3', 0] [[1000, 0], [2000, 1000], [1000, 2000], [0, 1000]]
[22, 2000, 2000, 'port_4', 0] [[1000, 0], [2000, 1000], [1000, 2000], [0, 1000]]
[23, 2000, 2000, 'port_5', 0] [[1000, 0], [2000, 1000], [1000, 2000], [0, 1000]]
[24, 2000, 2000, 'port_6', 0] [[1000, 0], [2000, 1000], [1000, 2000], [0, 1000]]
[25, 2000, 2000, 'port_7', 0] [[1000, 0], [2000, 1000], [1000, 2000], [0, 1000]]
[26, 2000, 2000, 'port_8', 0] [[1000, 0], [2000, 1000], [1000, 2000], [0, 1000]]
[27, 2000, 2000, 'port_9', 0] [[1000, 0], [2000, 1000], [1000, 2000], [0, 1000]]
[28, 2000, 2000, 'port_10', 0] [[1000, 0], [2000, 1000], [1000, 2000], [0, 1000]]
[29, 2000, 2000, 'port_11', 0] [[1000, 0], [2000, 1000], [1000, 2000], [0, 1000]]
[30, 2000, 2000, 'port_12', 0] [[1000, 0], [2000, 1000], [1000, 2000], [0, 1000]]
2/9, Finish initial placement with rotation, time spent: 0.0006804466247558594 s
3/9, Finish symmetricalization, time spent: 3.5762786865234375e-05 s
4/9, Finish routing, time spent: 0.0006604194641113281 s
****************************************************
Fail to find valid order; keeping the initial row order
****************************************************
--Finish applying new order
--Finish mirroring related components
5/9, Finish initialization of new orders, time spent: 1.8129427433013916 s
6/9, Finish shortening wirelength, time spent: 0.00019502639770507812 s
Skip stage7 LP according to user's need
8/9, Finish routing, time spent: 0.0007867813110351562 s
9/9, Finish compaction and connecting ports, time spent: 0.1139838695526123 s
<<<<<<<<<<<<<<<<<<<<<<<<<<<<<< All P&R Done >>>>>>>>>>>>>>>>>>>>>>>>>>>>>>
Total Timeusage: 1.9294588565826416 s
Reordering Timeusage: 1.8129427433013916 s
LP-based Optimization Timeusage: 0 s
P&R for the new orders: 1.9279084205627441 s
Cannot finish valid layer-1 synthesis for:
- reason=routing:fallback_no_compliant_valve_escape valve=valve_0 flow_connection=channel_22 control_port=Cport_0
- reason=routing:fallback_no_compliant_valve_escape valve=valve_1 flow_connection=channel_22 control_port=Cport_1
- reason=routing:fallback_no_compliant_valve_escape valve=valve_2 flow_connection=channel_22 control_port=Cport_2
- reason=routing:fallback_no_compliant_valve_escape valve=valve_3 flow_connection=channel_22 control_port=Cport_3
- reason=routing:fallback_no_compliant_valve_escape valve=valve_4 flow_connection=channel_22 control_port=Cport_4
- reason=routing:fallback_no_compliant_valve_escape valve=valve_5 flow_connection=channel_22 control_port=Cport_5
- reason=routing:fallback_no_compliant_valve_escape valve=valve_6 flow_connection=channel_22 control_port=Cport_6
- reason=routing:fallback_no_compliant_valve_escape valve=valve_7 flow_connection=channel_22 control_port=Cport_7
Done. Combined PR JSON: /home/student/Desktop/Neptune_2026/Microfluidics-Benchmarks/Results/tree_full_20260915_165225/artifacts/lfr__CIDAR_Lab_Past_Devices__Logic_04__Logic_04_fromLFR/result.json
