$ /home/student/anaconda3/envs/neptune2026/bin/python /home/student/Desktop/Neptune_2026/scripts/run_all_synthesize_timeout_report.py --_worker --algorithm tree --input /home/student/Desktop/Neptune_2026/Microfluidics-Benchmarks/Results/LFR-TestCases/Mars/Dna_Digest/Dna_Digest_fromLFR.json --case-output /home/student/Desktop/Neptune_2026/Microfluidics-Benchmarks/Results/tree_full_20260915_165225/artifacts/lfr__Mars__Dna_Digest__Dna_Digest_fromLFR --time-limit 3600.0 --solver-profile standard --mip-gap 0.0
Reversed 9 connection(s) with opposite-port direction conflicts: channel_7, channel_8, channel_9, channel_10, channel_11, channel_12, channel_13, channel_14, channel_15.
Finish loading test case: Dna_Digest_fromLFR
1/9, Finish initial placement, time spent: 5.1021575927734375e-05 s
[0, 5000, 5000, 'reaction_chamber_1', 0] [[2500, 0], [5000, 2500], [2500, 5000], [0, 2500]]
[1, 2000, 2000, 'port_1', 0] [[1000, 0], [2000, 1000], [1000, 2000], [0, 1000]]
[2, 4000, 4000, 'port_2', 0] [[2000, 0], [4000, 2000], [2000, 4000], [0, 2000]]
[3, 4000, 4000, 'port_3', 0] [[2000, 0], [4000, 2000], [2000, 4000], [0, 2000]]
[4, 1800, 600, 'nozzle_droplet_generator_1', 0] [[400, 0], [1800, 300], [400, 600], [0, 300]]
[5, 4060, 4860, 'mixer_1', 0] [[2030, 0], [2030, 4860]]
[6, 4060, 4860, 'mixer_2', 0] [[2030, 0], [2030, 4860]]
[7, 4000, 4000, 'port_4', 0] [[2000, 0], [4000, 2000], [2000, 4000], [0, 2000]]
[8, 4000, 4000, 'port_5', 0] [[2000, 0], [4000, 2000], [2000, 4000], [0, 2000]]
[9, 1800, 600, 'nozzle_droplet_generator_2', 0] [[400, 0], [1800, 300], [400, 600], [0, 300]]
[10, 4000, 4000, 'port_6', 0] [[2000, 0], [4000, 2000], [2000, 4000], [0, 2000]]
[11, 4000, 4000, 'port_7', 0] [[2000, 0], [4000, 2000], [2000, 4000], [0, 2000]]
[12, 1800, 600, 'nozzle_droplet_generator_3', 0] [[400, 0], [1800, 300], [400, 600], [0, 300]]
[13, 2000, 2000, 'port_8', 0] [[1000, 0], [2000, 1000], [1000, 2000], [0, 1000]]
[14, 2000, 2000, 'port_9', 0] [[1000, 0], [2000, 1000], [1000, 2000], [0, 1000]]
[15, 2000, 2000, 'port_10', 0] [[1000, 0], [2000, 1000], [1000, 2000], [0, 1000]]
2/9, Finish initial placement with rotation, time spent: 0.00029468536376953125 s
3/9, Finish symmetricalization, time spent: 3.2901763916015625e-05 s
4/9, Finish routing, time spent: 0.0002598762512207031 s
****************************************************
New valid order that can lead to planar graph found:
[[1, 0], [6, 1, 4, 0, 2, 3, 5], [1, 3, 0, 2], [0], [0], [0]]
****************************************************
--Finish applying new order
--Finish mirroring related components
5/9, Finish initialization of new orders, time spent: 0.0012011528015136719 s
6/9, Finish shortening wirelength, time spent: 0.00011277198791503906 s
Skip stage7 LP according to user's need
8/9, Finish routing, time spent: 0.0003399848937988281 s
9/9, Finish compaction and connecting ports, time spent: 0.05611705780029297 s
<<<<<<<<<<<<<<<<<<<<<<<<<<<<<< All P&R Done >>>>>>>>>>>>>>>>>>>>>>>>>>>>>>
Total Timeusage: 0.05840945243835449 s
Reordering Timeusage: 0.0012011528015136719 s
LP-based Optimization Timeusage: 0 s
P&R for the new orders: 0.05777096748352051 s
Done. Combined PR JSON: /home/student/Desktop/Neptune_2026/Microfluidics-Benchmarks/Results/tree_full_20260915_165225/artifacts/lfr__Mars__Dna_Digest__Dna_Digest_fromLFR/result.json
