$ /home/student/anaconda3/envs/neptune2026/bin/python /home/student/Desktop/Neptune_2026/scripts/run_all_synthesize_timeout_report.py --_worker --algorithm tree --input /home/student/Desktop/Neptune_2026/Microfluidics-Benchmarks/Results/LFR-TestCases/COVID/Elisa/Elisa_fromLFR.json --case-output /home/student/Desktop/Neptune_2026/Microfluidics-Benchmarks/Results/tree_full_20260915_165225/artifacts/lfr__COVID__Elisa__Elisa_fromLFR --time-limit 3600.0 --solver-profile standard --mip-gap 0.0
Reversed 8 connection(s) with opposite-port direction conflicts: channel_1, channel_2, channel_3, channel_4, channel_5, channel_6, channel_7, channel_8.
Finish loading test case: Elisa_fromLFR
1/9, Finish initial placement, time spent: 3.647804260253906e-05 s
[0, 4060, 4860, 'mixer_1', 0] [[2030, 0], [2030, 4860]]
[1, 2000, 2000, 'port_1', 0] [[1000, 0], [2000, 1000], [1000, 2000], [0, 1000]]
[2, 4060, 4860, 'mixer_2', 0] [[2030, 0], [2030, 4860]]
[3, 4060, 4860, 'mixer_3', 0] [[2030, 0], [2030, 4860]]
[4, 2000, 2000, 'port_2', 0] [[1000, 0], [2000, 1000], [1000, 2000], [0, 1000]]
[5, 2000, 2000, 'port_3', 0] [[1000, 0], [2000, 1000], [1000, 2000], [0, 1000]]
[6, 2000, 2000, 'port_4', 0] [[1000, 0], [2000, 1000], [1000, 2000], [0, 1000]]
[7, 2000, 2000, 'port_5', 0] [[1000, 0], [2000, 1000], [1000, 2000], [0, 1000]]
2/9, Finish initial placement with rotation, time spent: 0.00015473365783691406 s
3/9, Finish symmetricalization, time spent: 2.09808349609375e-05 s
4/9, Finish routing, time spent: 0.0002205371856689453 s
****************************************************
Fail to find valid order; keeping the initial row order
****************************************************
--Finish applying new order
--Finish mirroring related components
5/9, Finish initialization of new orders, time spent: 0.001779317855834961 s
6/9, Finish shortening wirelength, time spent: 9.560585021972656e-05 s
Skip stage7 LP according to user's need
8/9, Finish routing, time spent: 0.0002741813659667969 s
9/9, Finish compaction and connecting ports, time spent: 0.03828096389770508 s
<<<<<<<<<<<<<<<<<<<<<<<<<<<<<< All P&R Done >>>>>>>>>>>>>>>>>>>>>>>>>>>>>>
Total Timeusage: 0.0408627986907959 s
Reordering Timeusage: 0.001779317855834961 s
LP-based Optimization Timeusage: 0 s
P&R for the new orders: 0.04043006896972656 s
Done. Combined PR JSON: /home/student/Desktop/Neptune_2026/Microfluidics-Benchmarks/Results/tree_full_20260915_165225/artifacts/lfr__COVID__Elisa__Elisa_fromLFR/result.json
