$ /home/student/anaconda3/envs/neptune2026/bin/python /home/student/Desktop/Neptune_2026/scripts/run_all_synthesize_timeout_report.py --_worker --algorithm tree --input /home/student/Desktop/Neptune_2026/Microfluidics-Benchmarks/Results/MINT-TestCases/Primitive/Flow_Focus_Droplet_Generator/Flow_Focus_Droplet_Generator_fromMINT.json --case-output /home/student/Desktop/Neptune_2026/Microfluidics-Benchmarks/Results/tree_full_20260915_165225/artifacts/mint__Primitive__Flow_Focus_Droplet_Generator__Flow_Focus_Droplet_Generator_fromMINT --time-limit 3600.0 --solver-profile standard --mip-gap 0.0
Finish loading test case: Flow_Focus_Droplet_Generator_fromMINT
1/9, Finish initial placement, time spent: 1.2159347534179688e-05 s
[0, 2000, 2000, 'p1', 0] [[1000, 0], [2000, 1000], [1000, 2000], [0, 1000]]
[1, 7500, 10200, 'd', 0] [[7500, 5100]]
2/9, Finish initial placement with rotation, time spent: 5.3882598876953125e-05 s
3/9, Finish symmetricalization, time spent: 1.2159347534179688e-05 s
4/9, Finish routing, time spent: 5.698204040527344e-05 s
****************************************************
New valid order that can lead to planar graph found:
[[0], [0]]
****************************************************
--Finish applying new order
--Finish mirroring related components
5/9, Finish initialization of new orders, time spent: 0.00033283233642578125 s
6/9, Finish shortening wirelength, time spent: 2.765655517578125e-05 s
Skip stage7 LP according to user's need
8/9, Finish routing, time spent: 9.918212890625e-05 s
9/9, Finish compaction and connecting ports, time spent: 0.011023521423339844 s
<<<<<<<<<<<<<<<<<<<<<<<<<<<<<< All P&R Done >>>>>>>>>>>>>>>>>>>>>>>>>>>>>>
Total Timeusage: 0.011618375778198242 s
Reordering Timeusage: 0.00033283233642578125 s
LP-based Optimization Timeusage: 0 s
P&R for the new orders: 0.011483192443847656 s
Done. Combined PR JSON: /home/student/Desktop/Neptune_2026/Microfluidics-Benchmarks/Results/tree_full_20260915_165225/artifacts/mint__Primitive__Flow_Focus_Droplet_Generator__Flow_Focus_Droplet_Generator_fromMINT/result.json
