$ /home/student/anaconda3/envs/neptune2026/bin/python /home/student/Desktop/Neptune_2026/scripts/run_all_synthesize_timeout_report.py --_worker --algorithm tree --input /home/student/Desktop/Neptune_2026/Microfluidics-Benchmarks/Results/MINT-TestCases/CIDAR_Lab_Past_Devices/Net_Mux/Net_Mux_fromMINT.json --case-output /home/student/Desktop/Neptune_2026/Microfluidics-Benchmarks/Results/tree_full_20260915_165225/artifacts/mint__CIDAR_Lab_Past_Devices__Net_Mux__Net_Mux_fromMINT --time-limit 3600.0 --solver-profile standard --mip-gap 0.0
Reversed 50 connection(s) with opposite-port direction conflicts: channel_1, channel_2, channel_3, channel_4, channel_5, channel_6, channel_7, channel_8, channel_9, channel_10, channel_11, channel_12, channel_13, channel_14, channel_15, channel_16, channel_17, channel_18, channel_19, channel_20, channel_21, channel_22, channel_23, channel_24, channel_25, channel_26, channel_27, channel_28, channel_29, channel_30, channel_31, channel_32, channel_33, channel_34, channel_35, channel_36, channel_37, channel_38, channel_39, channel_40, channel_41, channel_42, channel_43, channel_44, channel_45, channel_46, channel_47, channel_48, channel_49, channel_50.
Finish loading test case: Net_Mux_fromMINT
1/9, Finish initial placement, time spent: 7.295608520507812e-05 s
[0, 4060, 4860, 'mixer_1', 0] [[2030, 0], [2030, 4860]]
[1, 1400, 1400, 'port_1', 0] [[700, 0], [1400, 700], [700, 1400], [0, 700]]
[2, 4060, 4860, 'mixer_2', 0] [[2030, 0], [2030, 4860]]
[3, 4060, 4860, 'mixer_3', 0] [[2030, 0], [2030, 4860]]
[4, 1400, 1400, 'port_2', 0] [[700, 0], [1400, 700], [700, 1400], [0, 700]]
[5, 4060, 4860, 'mixer_4', 0] [[2030, 0], [2030, 4860]]
[6, 1400, 1400, 'port_3', 0] [[700, 0], [1400, 700], [700, 1400], [0, 700]]
[7, 4060, 4860, 'mixer_5', 0] [[2030, 0], [2030, 4860]]
[8, 4060, 4860, 'mixer_6', 0] [[2030, 0], [2030, 4860]]
[9, 1400, 1400, 'port_4', 0] [[700, 0], [1400, 700], [700, 1400], [0, 700]]
[10, 4060, 4860, 'mixer_7', 0] [[2030, 0], [2030, 4860]]
[11, 4060, 4860, 'mixer_8', 0] [[2030, 0], [2030, 4860]]
[12, 1400, 1400, 'port_5', 0] [[700, 0], [1400, 700], [700, 1400], [0, 700]]
[13, 4060, 4860, 'mixer_9', 0] [[2030, 0], [2030, 4860]]
[14, 1400, 1400, 'port_6', 0] [[700, 0], [1400, 700], [700, 1400], [0, 700]]
[15, 4060, 4860, 'mixer_10', 0] [[2030, 0], [2030, 4860]]
[16, 1400, 1400, 'port_7', 0] [[700, 0], [1400, 700], [700, 1400], [0, 700]]
[17, 4060, 4860, 'mixer_11', 0] [[2030, 0], [2030, 4860]]
[18, 4060, 4860, 'mixer_12', 0] [[2030, 0], [2030, 4860]]
[19, 1400, 1400, 'port_8', 0] [[700, 0], [1400, 700], [700, 1400], [0, 700]]
[20, 4060, 4860, 'mixer_13', 0] [[2030, 0], [2030, 4860]]
[21, 4060, 4860, 'mixer_14', 0] [[2030, 0], [2030, 4860]]
[22, 1400, 1400, 'port_9', 0] [[700, 0], [1400, 700], [700, 1400], [0, 700]]
[23, 4060, 4860, 'mixer_15', 0] [[2030, 0], [2030, 4860]]
[24, 4060, 4860, 'mixer_16', 0] [[2030, 0], [2030, 4860]]
[25, 4060, 4860, 'mixer_17', 0] [[2030, 0], [2030, 4860]]
[26, 4060, 4860, 'mixer_18', 0] [[2030, 0], [2030, 4860]]
[27, 4060, 4860, 'mixer_19', 0] [[2030, 0], [2030, 4860]]
[28, 4060, 4860, 'mixer_20', 0] [[2030, 0], [2030, 4860]]
[29, 1400, 1400, 'port_10', 0] [[700, 0], [1400, 700], [700, 1400], [0, 700]]
[30, 1400, 1400, 'port_11', 0] [[700, 0], [1400, 700], [700, 1400], [0, 700]]
[31, 1400, 1400, 'port_12', 0] [[700, 0], [1400, 700], [700, 1400], [0, 700]]
2/9, Finish initial placement with rotation, time spent: 0.0005843639373779297 s
3/9, Finish symmetricalization, time spent: 3.266334533691406e-05 s
4/9, Finish routing, time spent: 0.0011518001556396484 s
****************************************************
