$ /home/student/anaconda3/envs/neptune2026/bin/python /home/student/Desktop/Neptune_2026/scripts/run_all_synthesize_timeout_report.py --_worker --algorithm tree --input /home/student/Desktop/Neptune_2026/Microfluidics-Benchmarks/Results/MINT-TestCases/Constraints/Relative_Orientation_Constraint/Relative_Orientation_Constraint_fromMINT.json --case-output /home/student/Desktop/Neptune_2026/Microfluidics-Benchmarks/Results/tree_full_20260915_165225/artifacts/mint__Constraints__Relative_Orientation_Constraint__Relative_Orientation_Constraint_fromMINT --time-limit 3600.0 --solver-profile standard --mip-gap 0.0
Reversed 3 connection(s) with opposite-port direction conflicts: c1, c2, c3.
Detected 2 disconnected layer-0 cluster(s); running each independently.
Running independent cluster 1/2: ['ct1', 'ct2', 'ct3', 'pin']
Finish loading test case: Relative_Orientation_Constraint_fromMINT__cluster_00
1/9, Finish initial placement, time spent: 1.5974044799804688e-05 s
[0, 4000, 4000, 'pin', 0] [[2000, 0], [4000, 2000], [2000, 4000], [0, 2000]]
[1, 13530, 2810, 'ct1', 0] [[0, 1405], [13530, 1405]]
[2, 13530, 2810, 'ct2', 0] [[0, 1405], [13530, 1405]]
[3, 13530, 2810, 'ct3', 0] [[0, 1405], [13530, 1405]]
2/9, Finish initial placement with rotation, time spent: 9.059906005859375e-05 s
3/9, Finish symmetricalization, time spent: 1.6927719116210938e-05 s
4/9, Finish routing, time spent: 0.0001347064971923828 s
****************************************************
New valid order that can lead to planar graph found:
[[0], [0], [0], [0]]
****************************************************
--Finish applying new order
--Finish mirroring related components
5/9, Finish initialization of new orders, time spent: 0.0005190372467041016 s
6/9, Finish shortening wirelength, time spent: 4.839897155761719e-05 s
Skip stage7 LP according to user's need
8/9, Finish routing, time spent: 0.00016188621520996094 s
9/9, Finish compaction and connecting ports, time spent: 0.017183780670166016 s
<<<<<<<<<<<<<<<<<<<<<<<<<<<<<< All P&R Done >>>>>>>>>>>>>>>>>>>>>>>>>>>>>>
Total Timeusage: 0.018171310424804688 s
Reordering Timeusage: 0.0005190372467041016 s
LP-based Optimization Timeusage: 0 s
P&R for the new orders: 0.017913103103637695 s
Running independent cluster 2/2: ['pout']
Done. Combined PR JSON: /home/student/Desktop/Neptune_2026/Microfluidics-Benchmarks/Results/tree_full_20260915_165225/artifacts/mint__Constraints__Relative_Orientation_Constraint__Relative_Orientation_Constraint_fromMINT/result.json
