$ /home/student/anaconda3/envs/neptune2026/bin/python /home/student/Desktop/Neptune_2026/scripts/run_all_synthesize_timeout_report.py --_worker --algorithm tree --input /home/student/Desktop/Neptune_2026/Microfluidics-Benchmarks/Results/MINT-TestCases/CIDAR_Lab_Past_Devices/Droplet_Merger_Simple/Droplet_Merger_Simple_fromMINT.json --case-output /home/student/Desktop/Neptune_2026/Microfluidics-Benchmarks/Results/tree_full_20260915_165225/artifacts/mint__CIDAR_Lab_Past_Devices__Droplet_Merger_Simple__Droplet_Merger_Simple_fromMINT --time-limit 3600.0 --solver-profile standard --mip-gap 0.0
Reversed 8 connection(s) with opposite-port direction conflicts: ca1, ca3, ca4, cb1, cb3, cb4, cw, cout.
Finish loading test case: Droplet_Merger_Simple_fromMINT
1/9, Finish initial placement, time spent: 2.3126602172851562e-05 s
[0, 2000, 2000, 'oil_a1', 0] [[1000, 0], [2000, 1000], [1000, 2000], [0, 1000]]
[1, 2000, 2000, 'oil_a2', 0] [[1000, 0], [2000, 1000], [1000, 2000], [0, 1000]]
[2, 2000, 2000, 'oil_b1', 0] [[1000, 0], [2000, 1000], [1000, 2000], [0, 1000]]
[3, 2000, 2000, 'oil_b2', 0] [[1000, 0], [2000, 1000], [1000, 2000], [0, 1000]]
[4, 2000, 2000, 'aqueous', 0] [[1000, 0], [2000, 1000], [1000, 2000], [0, 1000]]
[5, 2000, 2000, 'droplets', 0] [[1000, 0], [2000, 1000], [1000, 2000], [0, 1000]]
[6, 600, 600, 'join_a', 0] [[300.0, 0.0], [600.0, 300.0], [300.0, 600.0], [0.0, 300.0]]
[7, 600, 600, 'join_b', 0] [[300.0, 0.0], [600.0, 300.0], [300.0, 600.0], [0.0, 300.0]]
[8, 4060, 4860, 'mixer_a', 0] [[2030, 0], [2030, 4860]]
[9, 4060, 4860, 'mixer_b', 0] [[2030, 0], [2030, 4860]]
[10, 1800, 600, 'dg', 0] [[400, 0], [1800, 300], [400, 600], [0, 300]]
2/9, Finish initial placement with rotation, time spent: 0.00018906593322753906 s
3/9, Finish symmetricalization, time spent: 2.7418136596679688e-05 s
4/9, Finish routing, time spent: 0.0002422332763671875 s
****************************************************
New valid order that can lead to planar graph found:
[[1, 0], [1, 0], [1, 4, 2, 3, 0], [0], [0]]
****************************************************
--Finish applying new order
--Finish mirroring related components
5/9, Finish initialization of new orders, time spent: 0.0011894702911376953 s
6/9, Finish shortening wirelength, time spent: 9.918212890625e-05 s
Skip stage7 LP according to user's need
8/9, Finish routing, time spent: 0.00029468536376953125 s
9/9, Finish compaction and connecting ports, time spent: 0.07113003730773926 s
<<<<<<<<<<<<<<<<<<<<<<<<<<<<<< All P&R Done >>>>>>>>>>>>>>>>>>>>>>>>>>>>>>
Total Timeusage: 0.07319521903991699 s
Reordering Timeusage: 0.0011894702911376953 s
LP-based Optimization Timeusage: 0 s
P&R for the new orders: 0.07271337509155273 s
Done. Combined PR JSON: /home/student/Desktop/Neptune_2026/Microfluidics-Benchmarks/Results/tree_full_20260915_165225/artifacts/mint__CIDAR_Lab_Past_Devices__Droplet_Merger_Simple__Droplet_Merger_Simple_fromMINT/result.json
