$ /home/student/anaconda3/envs/neptune2026/bin/python /home/student/Desktop/Neptune_2026/scripts/run_all_synthesize_timeout_report.py --_worker --algorithm tree --input /home/student/Desktop/Neptune_2026/Microfluidics-Benchmarks/Results/MINT-TestCases/Primitive/Rotary_Mixer/Rotary_Mixer_fromMINT.json --case-output /home/student/Desktop/Neptune_2026/Microfluidics-Benchmarks/Results/tree_full_20260915_165225/artifacts/mint__Primitive__Rotary_Mixer__Rotary_Mixer_fromMINT --time-limit 3600.0 --solver-profile standard --mip-gap 0.0
Finish loading test case: Rotary_Mixer_fromMINT
1/9, Finish initial placement, time spent: 1.430511474609375e-05 s
[0, 2000, 2000, 'p1', 0] [[1000, 0], [2000, 1000], [1000, 2000], [0, 1000]]
[1, 2000, 2000, 'p2', 0] [[1000, 0], [2000, 1000], [1000, 2000], [0, 1000]]
[2, 9500, 9800, 'r1', 0] [[9200, 2400], [0, 7400], [8400, 0], [4600, 0], [9500, 4900], [4600, 9800], [800, 9800]]
2/9, Finish initial placement with rotation, time spent: 7.367134094238281e-05 s
3/9, Finish symmetricalization, time spent: 1.3589859008789062e-05 s
4/9, Finish routing, time spent: 9.107589721679688e-05 s
****************************************************
New valid order that can lead to planar graph found:
[[0], [0], [0]]
****************************************************
--Finish applying new order
--Finish mirroring related components
5/9, Finish initialization of new orders, time spent: 0.0004162788391113281 s
6/9, Finish shortening wirelength, time spent: 3.9577484130859375e-05 s
Skip stage7 LP according to user's need
8/9, Finish routing, time spent: 0.0001251697540283203 s
9/9, Finish compaction and connecting ports, time spent: 0.01619410514831543 s
<<<<<<<<<<<<<<<<<<<<<<<<<<<<<< All P&R Done >>>>>>>>>>>>>>>>>>>>>>>>>>>>>>
Total Timeusage: 0.0169677734375 s
Reordering Timeusage: 0.0004162788391113281 s
LP-based Optimization Timeusage: 0 s
P&R for the new orders: 0.016775131225585938 s
Done. Combined PR JSON: /home/student/Desktop/Neptune_2026/Microfluidics-Benchmarks/Results/tree_full_20260915_165225/artifacts/mint__Primitive__Rotary_Mixer__Rotary_Mixer_fromMINT/result.json
