$ /home/student/anaconda3/envs/neptune2026/bin/python /home/student/Desktop/Neptune_2026/scripts/run_all_synthesize_timeout_report.py --_worker --algorithm tree --input /home/student/Desktop/Neptune_2026/Microfluidics-Benchmarks/Results/MINT-TestCases/Technology_Mapping/One_To_One_Mapping/One_To_One_Mapping_fromMINT.json --case-output /home/student/Desktop/Neptune_2026/Microfluidics-Benchmarks/Results/tree_full_20260915_165225/artifacts/mint__Technology_Mapping__One_To_One_Mapping__One_To_One_Mapping_fromMINT --time-limit 3600.0 --solver-profile standard --mip-gap 0.0
Reversed 2 connection(s) with opposite-port direction conflicts: channel_1, channel_2.
Finish loading test case: One_To_One_Mapping_fromMINT
1/9, Finish initial placement, time spent: 1.33514404296875e-05 s
[0, 4060, 4860, 'mixer_1', 0] [[2030, 0], [2030, 4860]]
[1, 1400, 1400, 'port_1', 0] [[700, 0], [1400, 700], [700, 1400], [0, 700]]
[2, 1400, 1400, 'port_2', 0] [[700, 0], [1400, 700], [700, 1400], [0, 700]]
2/9, Finish initial placement with rotation, time spent: 6.628036499023438e-05 s
3/9, Finish symmetricalization, time spent: 1.3589859008789062e-05 s
4/9, Finish routing, time spent: 8.559226989746094e-05 s
****************************************************
New valid order that can lead to planar graph found:
[[0], [0], [0]]
****************************************************
--Finish applying new order
--Finish mirroring related components
5/9, Finish initialization of new orders, time spent: 0.0003676414489746094 s
6/9, Finish shortening wirelength, time spent: 3.814697265625e-05 s
Skip stage7 LP according to user's need
8/9, Finish routing, time spent: 0.00011491775512695312 s
9/9, Finish compaction and connecting ports, time spent: 0.014679193496704102 s
<<<<<<<<<<<<<<<<<<<<<<<<<<<<<< All P&R Done >>>>>>>>>>>>>>>>>>>>>>>>>>>>>>
Total Timeusage: 0.015378713607788086 s
Reordering Timeusage: 0.0003676414489746094 s
LP-based Optimization Timeusage: 0 s
P&R for the new orders: 0.015199899673461914 s
Done. Combined PR JSON: /home/student/Desktop/Neptune_2026/Microfluidics-Benchmarks/Results/tree_full_20260915_165225/artifacts/mint__Technology_Mapping__One_To_One_Mapping__One_To_One_Mapping_fromMINT/result.json
