$ /home/student/anaconda3/envs/neptune2026/bin/python /home/student/Desktop/Neptune_2026/scripts/run_all_synthesize_timeout_report.py --_worker --algorithm tree --input /home/student/Desktop/Neptune_2026/Microfluidics-Benchmarks/Results/MINT-TestCases/Expressions/Expression_12/Expression_12_fromMINT.json --case-output /home/student/Desktop/Neptune_2026/Microfluidics-Benchmarks/Results/tree_full_20260915_165225/artifacts/mint__Expressions__Expression_12__Expression_12_fromMINT --time-limit 3600.0 --solver-profile standard --mip-gap 0.0
Reversed 24 connection(s) with opposite-port direction conflicts: channel_11, channel_13, channel_15, channel_17, channel_19, channel_21, channel_23, channel_25, channel_27, channel_29, channel_31, channel_33, channel_35, channel_37, channel_39, channel_41, channel_42, channel_43, channel_44, channel_45, channel_46, channel_47, channel_48, channel_49.
Finish loading test case: Expression_12_fromMINT
1/9, Finish initial placement, time spent: 3.075599670410156e-05 s
[0, 49, 20, 'ytree_1', 0] [[24, 0], [46, 20], [40, 20], [33, 20], [27, 20], [21, 20], [15, 20], [8, 20], [2, 20]]
[1, 1400, 1400, 'port_1', 0] [[700, 0], [1400, 700], [700, 1400], [0, 700]]
[2, 4060, 4860, 'mixer_1', 0] [[2030, 0], [2030, 4860]]
[3, 4060, 4860, 'mixer_2', 0] [[2030, 0], [2030, 4860]]
[4, 4060, 4860, 'mixer_3', 0] [[2030, 0], [2030, 4860]]
[5, 4060, 4860, 'mixer_4', 0] [[2030, 0], [2030, 4860]]
[6, 4060, 4860, 'mixer_5', 0] [[2030, 0], [2030, 4860]]
[7, 4060, 4860, 'mixer_6', 0] [[2030, 0], [2030, 4860]]
[8, 4060, 4860, 'mixer_7', 0] [[2030, 0], [2030, 4860]]
[9, 4060, 4860, 'mixer_8', 0] [[2030, 0], [2030, 4860]]
[10, 1400, 1400, 'port_2', 0] [[700, 0], [1400, 700], [700, 1400], [0, 700]]
[11, 1400, 1400, 'port_3', 0] [[700, 0], [1400, 700], [700, 1400], [0, 700]]
[12, 1400, 1400, 'port_4', 0] [[700, 0], [1400, 700], [700, 1400], [0, 700]]
[13, 1400, 1400, 'port_5', 0] [[700, 0], [1400, 700], [700, 1400], [0, 700]]
[14, 1400, 1400, 'port_6', 0] [[700, 0], [1400, 700], [700, 1400], [0, 700]]
[15, 1400, 1400, 'port_7', 0] [[700, 0], [1400, 700], [700, 1400], [0, 700]]
[16, 1400, 1400, 'port_8', 0] [[700, 0], [1400, 700], [700, 1400], [0, 700]]
[17, 1400, 1400, 'port_9', 0] [[700, 0], [1400, 700], [700, 1400], [0, 700]]
[18, 1400, 1400, 'port_10', 0] [[700, 0], [1400, 700], [700, 1400], [0, 700]]
[19, 1400, 1400, 'port_11', 0] [[700, 0], [1400, 700], [700, 1400], [0, 700]]
[20, 1400, 1400, 'port_12', 0] [[700, 0], [1400, 700], [700, 1400], [0, 700]]
[21, 1400, 1400, 'port_13', 0] [[700, 0], [1400, 700], [700, 1400], [0, 700]]
[22, 1400, 1400, 'port_14', 0] [[700, 0], [1400, 700], [700, 1400], [0, 700]]
[23, 1400, 1400, 'port_15', 0] [[700, 0], [1400, 700], [700, 1400], [0, 700]]
[24, 1400, 1400, 'port_16', 0] [[700, 0], [1400, 700], [700, 1400], [0, 700]]
[25, 1400, 1400, 'port_17', 0] [[700, 0], [1400, 700], [700, 1400], [0, 700]]
2/9, Finish initial placement with rotation, time spent: 0.00037860870361328125 s
3/9, Finish symmetricalization, time spent: 2.3603439331054688e-05 s
4/9, Finish routing, time spent: 0.0005397796630859375 s
****************************************************
New valid order that can lead to planar graph found:
[[0, 11, 5, 9, 2, 10, 12, 14, 1, 15, 4, 6, 7, 8, 3, 13], [0, 1, 2, 3, 4, 5, 6, 7], [0], [0]]
****************************************************
--Finish applying new order
--Finish mirroring related components
5/9, Finish initialization of new orders, time spent: 0.0016732215881347656 s
6/9, Finish shortening wirelength, time spent: 0.00014543533325195312 s
Skip stage7 LP according to user's need
8/9, Finish routing, time spent: 0.0006256103515625 s
9/9, Finish compaction and connecting ports, time spent: 0.09851193428039551 s
<<<<<<<<<<<<<<<<<<<<<<<<<<<<<< All P&R Done >>>>>>>>>>>>>>>>>>>>>>>>>>>>>>
Total Timeusage: 0.1019289493560791 s
Reordering Timeusage: 0.0016732215881347656 s
LP-based Optimization Timeusage: 0 s
P&R for the new orders: 0.10095620155334473 s
Done. Combined PR JSON: /home/student/Desktop/Neptune_2026/Microfluidics-Benchmarks/Results/tree_full_20260915_165225/artifacts/mint__Expressions__Expression_12__Expression_12_fromMINT/result.json
