$ /home/student/anaconda3/envs/neptune2026/bin/python /home/student/Desktop/Neptune_2026/scripts/run_all_synthesize_timeout_report.py --_worker --algorithm tree --input /home/student/Desktop/Neptune_2026/Microfluidics-Benchmarks/Results/MINT-TestCases/Ghissues/Issue_3/Issue_3_fromMINT.json --case-output /home/student/Desktop/Neptune_2026/Microfluidics-Benchmarks/Results/tree_full_20260915_165225/artifacts/mint__Ghissues__Issue_3__Issue_3_fromMINT --time-limit 3600.0 --solver-profile standard --mip-gap 0.0
Finish loading test case: Issue_3_fromMINT
1/9, Finish initial placement, time spent: 2.765655517578125e-05 s
[0, 4060, 4860, 'mixer_1', 0] [[2030, 0], [2030, 4860]]
[1, 4060, 4860, 'mixer_2', 0] [[2030, 0], [2030, 4860]]
[2, 4060, 4860, 'mixer_3', 0] [[2030, 0], [2030, 4860]]
[3, 1400, 1400, 'port_1', 0] [[700, 0], [1400, 700], [700, 1400], [0, 700]]
[4, 4060, 4860, 'mixer_4', 0] [[2030, 0], [2030, 4860]]
[5, 4060, 4860, 'mixer_5', 0] [[2030, 0], [2030, 4860]]
[6, 1400, 1400, 'port_2', 0] [[700, 0], [1400, 700], [700, 1400], [0, 700]]
[7, 4060, 4860, 'mixer_6', 0] [[2030, 0], [2030, 4860]]
[8, 4060, 4860, 'mixer_7', 0] [[2030, 0], [2030, 4860]]
[9, 1400, 1400, 'port_3', 0] [[700, 0], [1400, 700], [700, 1400], [0, 700]]
[10, 4060, 4860, 'mixer_8', 0] [[2030, 0], [2030, 4860]]
[11, 4060, 4860, 'mixer_9', 0] [[2030, 0], [2030, 4860]]
[12, 4060, 4860, 'mixer_10', 0] [[2030, 0], [2030, 4860]]
[13, 1400, 1400, 'port_4', 0] [[700, 0], [1400, 700], [700, 1400], [0, 700]]
[14, 4060, 4860, 'mixer_11', 0] [[2030, 0], [2030, 4860]]
[15, 4060, 4860, 'mixer_12', 0] [[2030, 0], [2030, 4860]]
[16, 1400, 1400, 'port_5', 0] [[700, 0], [1400, 700], [700, 1400], [0, 700]]
[17, 1400, 1400, 'port_6', 0] [[700, 0], [1400, 700], [700, 1400], [0, 700]]
[18, 1400, 1400, 'port_7', 0] [[700, 0], [1400, 700], [700, 1400], [0, 700]]
[19, 1400, 1400, 'port_8', 0] [[700, 0], [1400, 700], [700, 1400], [0, 700]]
2/9, Finish initial placement with rotation, time spent: 0.00029778480529785156 s
3/9, Finish symmetricalization, time spent: 2.3365020751953125e-05 s
4/9, Finish routing, time spent: 0.0005283355712890625 s
****************************************************
Fail to find valid order; keeping the initial row order
****************************************************
--Finish applying new order
--Finish mirroring related components
5/9, Finish initialization of new orders, time spent: 0.027202606201171875 s
6/9, Finish shortening wirelength, time spent: 0.000152587890625 s
Skip stage7 LP according to user's need
8/9, Finish routing, time spent: 0.0005843639373779297 s
9/9, Finish compaction and connecting ports, time spent: 0.08363938331604004 s
<<<<<<<<<<<<<<<<<<<<<<<<<<<<<< All P&R Done >>>>>>>>>>>>>>>>>>>>>>>>>>>>>>
Total Timeusage: 0.11245608329772949 s
Reordering Timeusage: 0.027202606201171875 s
LP-based Optimization Timeusage: 0 s
P&R for the new orders: 0.11157894134521484 s
Done. Combined PR JSON: /home/student/Desktop/Neptune_2026/Microfluidics-Benchmarks/Results/tree_full_20260915_165225/artifacts/mint__Ghissues__Issue_3__Issue_3_fromMINT/result.json
