$ /home/student/anaconda3/envs/neptune2026/bin/python /home/student/Desktop/Neptune_2026/scripts/run_all_synthesize_timeout_report.py --_worker --algorithm tree --input /home/student/Desktop/Neptune_2026/Microfluidics-Benchmarks/Results/MINT-TestCases/Drop_Ref/Dx_5/Dx_5_fromMINT.json --case-output /home/student/Desktop/Neptune_2026/Microfluidics-Benchmarks/Results/tree_full_20260915_165225/artifacts/mint__Drop_Ref__Dx_5__Dx_5_fromMINT --time-limit 3600.0 --solver-profile standard --mip-gap 0.0
Reversed 8 connection(s) with opposite-port direction conflicts: channel_3, channel_4, channel_5, channel_6, channel_7, channel_12, channel_13, channel_14.
Finish loading test case: Dx_5_fromMINT
1/9, Finish initial placement, time spent: 2.574920654296875e-05 s
[0, 4060, 4860, 'mixer_1', 0] [[2030, 0], [2030, 4860]]
[1, 18450, 11426, 'droplet_sorter_1', 0] [[0, 4845], [18450, 600], [18450, 9091]]
[2, 1400, 1400, 'port_1', 0] [[700, 0], [1400, 700], [700, 1400], [0, 700]]
[3, 1400, 1400, 'port_2', 0] [[700, 0], [1400, 700], [700, 1400], [0, 700]]
[4, 4060, 4860, 'mixer_2', 0] [[2030, 0], [2030, 4860]]
[5, 18450, 11426, 'droplet_sorter_2', 0] [[0, 4845], [18450, 600], [18450, 9091]]
[6, 1400, 1400, 'port_3', 0] [[700, 0], [1400, 700], [700, 1400], [0, 700]]
[7, 1400, 1400, 'port_4', 0] [[700, 0], [1400, 700], [700, 1400], [0, 700]]
[8, 4000, 4000, 'port_5', 0] [[2000, 0], [4000, 2000], [2000, 4000], [0, 2000]]
[9, 4000, 4000, 'port_6', 0] [[2000, 0], [4000, 2000], [2000, 4000], [0, 2000]]
[10, 1800, 600, 'nozzle_droplet_generator_1', 0] [[400, 0], [1800, 300], [400, 600], [0, 300]]
[11, 4060, 4860, 'mixer_3', 0] [[2030, 0], [2030, 4860]]
[12, 6000, 8000, 'droplet_splitter_1', 0] [[0, 4000], [5500, 0], [5000, 8000]]
[13, 1400, 1400, 'port_7', 0] [[700, 0], [1400, 700], [700, 1400], [0, 700]]
[14, 1400, 1400, 'port_8', 0] [[700, 0], [1400, 700], [700, 1400], [0, 700]]
2/9, Finish initial placement with rotation, time spent: 0.00021648406982421875 s
3/9, Finish symmetricalization, time spent: 2.09808349609375e-05 s
4/9, Finish routing, time spent: 0.00028014183044433594 s
****************************************************
New valid order that can lead to planar graph found:
[[0], [1, 3, 0, 2], [0], [0], [2, 1, 0, 3, 4, 5], [0, 1]]
****************************************************
--Finish applying new order
--Finish mirroring related components
5/9, Finish initialization of new orders, time spent: 0.0018723011016845703 s
6/9, Finish shortening wirelength, time spent: 0.00010919570922851562 s
Skip stage7 LP according to user's need
8/9, Finish routing, time spent: 0.0003294944763183594 s
9/9, Finish compaction and connecting ports, time spent: 0.05229663848876953 s
<<<<<<<<<<<<<<<<<<<<<<<<<<<<<< All P&R Done >>>>>>>>>>>>>>>>>>>>>>>>>>>>>>
Total Timeusage: 0.05515098571777344 s
Reordering Timeusage: 0.0018723011016845703 s
LP-based Optimization Timeusage: 0 s
P&R for the new orders: 0.05460762977600098 s
Done. Combined PR JSON: /home/student/Desktop/Neptune_2026/Microfluidics-Benchmarks/Results/tree_full_20260915_165225/artifacts/mint__Drop_Ref__Dx_5__Dx_5_fromMINT/result.json
