$ /home/student/anaconda3/envs/neptune2026/bin/python /home/student/Desktop/Neptune_2026/scripts/run_all_synthesize_timeout_report.py --_worker --algorithm tree --input /home/student/Desktop/Neptune_2026/Microfluidics-Benchmarks/Results/MINT-TestCases/Primitive/Mux/Mux_fromMINT.json --case-output /home/student/Desktop/Neptune_2026/Microfluidics-Benchmarks/Results/tree_full_20260915_165225/artifacts/mint__Primitive__Mux__Mux_fromMINT --time-limit 3600.0 --solver-profile standard --mip-gap 0.0
Reversed 5 connection(s) with opposite-port direction conflicts: ci1, co1, co2, co3, co4.
Finish loading test case: Mux_fromMINT
1/9, Finish initial placement, time spent: 1.7881393432617188e-05 s
[0, 2000, 2000, 'p_in', 0] [[1000, 0], [2000, 1000], [1000, 2000], [0, 1000]]
[1, 2000, 2000, 'p_out1', 0] [[1000, 0], [2000, 1000], [1000, 2000], [0, 1000]]
[2, 2000, 2000, 'p_out2', 0] [[1000, 0], [2000, 1000], [1000, 2000], [0, 1000]]
[3, 2000, 2000, 'p_out3', 0] [[1000, 0], [2000, 1000], [1000, 2000], [0, 1000]]
[4, 2000, 2000, 'p_out4', 0] [[1000, 0], [2000, 1000], [1000, 2000], [0, 1000]]
[5, 15400, 13600, 'm', 0] [[7700.0, 0.0], [13700.0, 13600.0], [9700.0, 13600.0], [5700.0, 13600.0], [1700.0, 13600.0], [0.0, 6450.0], [15400.0, 7150.0], [0.0, 11250.0], [15400.0, 11950.0]]
2/9, Finish initial placement with rotation, time spent: 0.00013685226440429688 s
3/9, Finish symmetricalization, time spent: 1.5020370483398438e-05 s
4/9, Finish routing, time spent: 0.0001461505889892578 s
****************************************************
New valid order that can lead to planar graph found:
[[0], [0], [0, 1, 2, 3]]
****************************************************
--Finish applying new order
--Finish mirroring related components
5/9, Finish initialization of new orders, time spent: 0.0006844997406005859 s
6/9, Finish shortening wirelength, time spent: 5.602836608886719e-05 s
Skip stage7 LP according to user's need
8/9, Finish routing, time spent: 0.00017595291137695312 s
9/9, Finish compaction and connecting ports, time spent: 0.02719593048095703 s
<<<<<<<<<<<<<<<<<<<<<<<<<<<<<< All P&R Done >>>>>>>>>>>>>>>>>>>>>>>>>>>>>>
Total Timeusage: 0.028428316116333008 s
Reordering Timeusage: 0.0006844997406005859 s
LP-based Optimization Timeusage: 0 s
P&R for the new orders: 0.028112411499023438 s
Done. Combined PR JSON: /home/student/Desktop/Neptune_2026/Microfluidics-Benchmarks/Results/tree_full_20260915_165225/artifacts/mint__Primitive__Mux__Mux_fromMINT/result.json
