$ /home/student/anaconda3/envs/neptune2026/bin/python /home/student/Desktop/Neptune_2026/scripts/run_all_synthesize_timeout_report.py --_worker --algorithm tree --input /home/student/Desktop/Neptune_2026/Microfluidics-Benchmarks/Results/MINT-TestCases/Primitive/Droplet_Sorter/Droplet_Sorter_fromMINT.json --case-output /home/student/Desktop/Neptune_2026/Microfluidics-Benchmarks/Results/tree_full_20260915_165225/artifacts/mint__Primitive__Droplet_Sorter__Droplet_Sorter_fromMINT --time-limit 3600.0 --solver-profile standard --mip-gap 0.0
Finish loading test case: Droplet_Sorter_fromMINT
1/9, Finish initial placement, time spent: 1.5735626220703125e-05 s
[0, 2000, 2000, 'p1', 0] [[1000, 0], [2000, 1000], [1000, 2000], [0, 1000]]
[1, 2000, 2000, 'p2', 0] [[1000, 0], [2000, 1000], [1000, 2000], [0, 1000]]
[2, 2000, 2000, 'p3', 0] [[1000, 0], [2000, 1000], [1000, 2000], [0, 1000]]
[3, 18450, 11426, 's', 0] [[0, 4845], [18450, 600], [18450, 9091]]
2/9, Finish initial placement with rotation, time spent: 8.392333984375e-05 s
3/9, Finish symmetricalization, time spent: 1.33514404296875e-05 s
4/9, Finish routing, time spent: 8.7738037109375e-05 s
****************************************************
New valid order that can lead to planar graph found:
[[0], [2, 0, 1]]
****************************************************
--Finish applying new order
--Finish mirroring related components
5/9, Finish initialization of new orders, time spent: 0.00046133995056152344 s
6/9, Finish shortening wirelength, time spent: 4.601478576660156e-05 s
Skip stage7 LP according to user's need
8/9, Finish routing, time spent: 0.00012063980102539062 s
9/9, Finish compaction and connecting ports, time spent: 0.018523454666137695 s
<<<<<<<<<<<<<<<<<<<<<<<<<<<<<< All P&R Done >>>>>>>>>>>>>>>>>>>>>>>>>>>>>>
Total Timeusage: 0.019352197647094727 s
Reordering Timeusage: 0.00046133995056152344 s
LP-based Optimization Timeusage: 0 s
P&R for the new orders: 0.01915144920349121 s
Done. Combined PR JSON: /home/student/Desktop/Neptune_2026/Microfluidics-Benchmarks/Results/tree_full_20260915_165225/artifacts/mint__Primitive__Droplet_Sorter__Droplet_Sorter_fromMINT/result.json
