$ /home/student/anaconda3/envs/neptune2026/bin/python /home/student/Desktop/Neptune_2026/scripts/run_all_synthesize_timeout_report.py --_worker --algorithm tree --input /home/student/Desktop/Neptune_2026/Microfluidics-Benchmarks/Results/MINT-TestCases/Primitive/Long_Cell_Trap/Long_Cell_Trap_fromMINT.json --case-output /home/student/Desktop/Neptune_2026/Microfluidics-Benchmarks/Results/tree_full_20260915_165225/artifacts/mint__Primitive__Long_Cell_Trap__Long_Cell_Trap_fromMINT --time-limit 3600.0 --solver-profile standard --mip-gap 0.0
Reversed 1 connection(s) with opposite-port direction conflicts: c1.
Finish loading test case: Long_Cell_Trap_fromMINT
1/9, Finish initial placement, time spent: 1.4066696166992188e-05 s
[0, 2000, 2000, 'p1', 0] [[1000, 0], [2000, 1000], [1000, 2000], [0, 1000]]
[1, 2000, 2000, 'p2', 0] [[1000, 0], [2000, 1000], [1000, 2000], [0, 1000]]
[2, 13530, 2810, 'lct1', 0] [[0, 1405], [13530, 1405]]
2/9, Finish initial placement with rotation, time spent: 7.152557373046875e-05 s
3/9, Finish symmetricalization, time spent: 1.33514404296875e-05 s
4/9, Finish routing, time spent: 8.344650268554688e-05 s
****************************************************
New valid order that can lead to planar graph found:
[[0], [0], [0]]
****************************************************
--Finish applying new order
--Finish mirroring related components
5/9, Finish initialization of new orders, time spent: 0.00038242340087890625 s
6/9, Finish shortening wirelength, time spent: 4.0531158447265625e-05 s
Skip stage7 LP according to user's need
8/9, Finish routing, time spent: 0.00010991096496582031 s
9/9, Finish compaction and connecting ports, time spent: 0.014986038208007812 s
<<<<<<<<<<<<<<<<<<<<<<<<<<<<<< All P&R Done >>>>>>>>>>>>>>>>>>>>>>>>>>>>>>
Total Timeusage: 0.0157012939453125 s
Reordering Timeusage: 0.00038242340087890625 s
LP-based Optimization Timeusage: 0 s
P&R for the new orders: 0.015518903732299805 s
Done. Combined PR JSON: /home/student/Desktop/Neptune_2026/Microfluidics-Benchmarks/Results/tree_full_20260915_165225/artifacts/mint__Primitive__Long_Cell_Trap__Long_Cell_Trap_fromMINT/result.json
