$ /home/student/anaconda3/envs/neptune2026/bin/python /home/student/Desktop/Neptune_2026/scripts/run_all_synthesize_timeout_report.py --_worker --algorithm tree --input /home/student/Desktop/Neptune_2026/Microfluidics-Benchmarks/Results/MINT-TestCases/Ghissues/Issue_10/Issue_10_fromMINT.json --case-output /home/student/Desktop/Neptune_2026/Microfluidics-Benchmarks/Results/tree_full_20260915_165225/artifacts/mint__Ghissues__Issue_10__Issue_10_fromMINT --time-limit 3600.0 --solver-profile standard --mip-gap 0.0
Reversed 36 connection(s) with opposite-port direction conflicts: channel_1, channel_2, channel_3, channel_4, channel_5, channel_6, channel_7, channel_8, channel_9, channel_10, channel_11, channel_12, channel_13, channel_14, channel_15, channel_16, channel_17, channel_18, channel_19, channel_20, channel_21, channel_22, channel_23, channel_24, channel_25, channel_26, channel_27, channel_28, channel_29, channel_30, channel_31, channel_32, channel_33, channel_34, channel_35, channel_36.
Finish loading test case: Issue_10_fromMINT
1/9, Finish initial placement, time spent: 6.389617919921875e-05 s
[0, 4060, 4860, 'mixer_1', 0] [[2030, 0], [2030, 4860]]
[1, 4060, 4860, 'mixer_2', 0] [[2030, 0], [2030, 4860]]
[2, 1400, 1400, 'port_1', 0] [[700, 0], [1400, 700], [700, 1400], [0, 700]]
[3, 4060, 4860, 'mixer_3', 0] [[2030, 0], [2030, 4860]]
[4, 1400, 1400, 'port_2', 0] [[700, 0], [1400, 700], [700, 1400], [0, 700]]
[5, 4060, 4860, 'mixer_4', 0] [[2030, 0], [2030, 4860]]
[6, 4060, 4860, 'mixer_5', 0] [[2030, 0], [2030, 4860]]
[7, 4060, 4860, 'mixer_6', 0] [[2030, 0], [2030, 4860]]
[8, 4060, 4860, 'mixer_7', 0] [[2030, 0], [2030, 4860]]
[9, 4060, 4860, 'mixer_8', 0] [[2030, 0], [2030, 4860]]
[10, 4060, 4860, 'mixer_9', 0] [[2030, 0], [2030, 4860]]
[11, 4060, 4860, 'mixer_10', 0] [[2030, 0], [2030, 4860]]
[12, 1400, 1400, 'port_3', 0] [[700, 0], [1400, 700], [700, 1400], [0, 700]]
[13, 4060, 4860, 'mixer_11', 0] [[2030, 0], [2030, 4860]]
[14, 4060, 4860, 'mixer_12', 0] [[2030, 0], [2030, 4860]]
[15, 4060, 4860, 'mixer_13', 0] [[2030, 0], [2030, 4860]]
[16, 4060, 4860, 'mixer_14', 0] [[2030, 0], [2030, 4860]]
[17, 4060, 4860, 'mixer_15', 0] [[2030, 0], [2030, 4860]]
[18, 4060, 4860, 'mixer_16', 0] [[2030, 0], [2030, 4860]]
[19, 1400, 1400, 'port_4', 0] [[700, 0], [1400, 700], [700, 1400], [0, 700]]
[20, 1400, 1400, 'port_5', 0] [[700, 0], [1400, 700], [700, 1400], [0, 700]]
[21, 1400, 1400, 'port_6', 0] [[700, 0], [1400, 700], [700, 1400], [0, 700]]
[22, 1400, 1400, 'port_7', 0] [[700, 0], [1400, 700], [700, 1400], [0, 700]]
[23, 1400, 1400, 'port_8', 0] [[700, 0], [1400, 700], [700, 1400], [0, 700]]
2/9, Finish initial placement with rotation, time spent: 0.0003905296325683594 s
3/9, Finish symmetricalization, time spent: 2.3126602172851562e-05 s
4/9, Finish routing, time spent: 0.0006732940673828125 s
****************************************************
Fail to find valid order; keeping the initial row order
****************************************************
--Finish applying new order
--Finish mirroring related components
5/9, Finish initialization of new orders, time spent: 0.003719806671142578 s
6/9, Finish shortening wirelength, time spent: 0.00018024444580078125 s
Skip stage7 LP according to user's need
8/9, Finish routing, time spent: 0.0007665157318115234 s
9/9, Finish compaction and connecting ports, time spent: 0.09814262390136719 s
<<<<<<<<<<<<<<<<<<<<<<<<<<<<<< All P&R Done >>>>>>>>>>>>>>>>>>>>>>>>>>>>>>
Total Timeusage: 0.10396003723144531 s
Reordering Timeusage: 0.003719806671142578 s
LP-based Optimization Timeusage: 0 s
P&R for the new orders: 0.10280919075012207 s
