$ /home/student/anaconda3/envs/neptune2026/bin/python /home/student/Desktop/Neptune_2026/scripts/run_all_synthesize_timeout_report.py --_worker --algorithm tree --input /home/student/Desktop/Neptune_2026/Microfluidics-Benchmarks/Results/MINT-TestCases/Drop_Ref/Dx_8_Ref/Dx_8_Ref_fromMINT.json --case-output /home/student/Desktop/Neptune_2026/Microfluidics-Benchmarks/Results/tree_full_20260915_165225/artifacts/mint__Drop_Ref__Dx_8_Ref__Dx_8_Ref_fromMINT --time-limit 3600.0 --solver-profile standard --mip-gap 0.0
Reversed 6 connection(s) with opposite-port direction conflicts: connection_4, connection_9, connection_10, connection_11, connection_12, connection_13.
Detected 2 disconnected layer-0 cluster(s); running each independently.
Running independent cluster 1/2: ['droplet_sorter_1', 'droplet_sorter_2', 'mixer_1', 'nozzle_droplet_generator_1', 'pico_injector_1', 'pico_injector_2', 'pico_injector_3', 'port_in1', 'port_in2', 'port_in3', 'port_injector1', 'port_injector2', 'port_injector3', 'port_oil1', 'port_oil2', 'port_out1', 'port_out2']
Finish loading test case: Dx_8_Ref_fromMINT__cluster_00
1/9, Finish initial placement, time spent: 2.574920654296875e-05 s
[0, 4000, 4000, 'port_oil1', 0] [[2000, 0], [4000, 2000], [2000, 4000], [0, 2000]]
[1, 4000, 4000, 'port_oil2', 0] [[2000, 0], [4000, 2000], [2000, 4000], [0, 2000]]
[2, 4000, 4000, 'port_in1', 0] [[2000, 0], [4000, 2000], [2000, 4000], [0, 2000]]
[3, 4000, 4000, 'port_in2', 0] [[2000, 0], [4000, 2000], [2000, 4000], [0, 2000]]
[4, 4000, 4000, 'port_in3', 0] [[2000, 0], [4000, 2000], [2000, 4000], [0, 2000]]
[5, 5975, 375, 'nozzle_droplet_generator_1', 0] [[300, 0], [5975, 187], [300, 375], [0, 187]]
[6, 10000, 9050, 'pico_injector_1', 0] [[0, 5550], [10000, 5550], [5000, 0]]
[7, 10000, 9050, 'pico_injector_2', 0] [[0, 5550], [10000, 5550], [5000, 0]]
[8, 10000, 9050, 'pico_injector_3', 0] [[0, 5550], [10000, 5550], [5000, 0]]
[9, 4000, 4000, 'port_injector1', 0] [[2000, 0], [4000, 2000], [2000, 4000], [0, 2000]]
[10, 4000, 4000, 'port_injector2', 0] [[2000, 0], [4000, 2000], [2000, 4000], [0, 2000]]
[11, 4000, 4000, 'port_injector3', 0] [[2000, 0], [4000, 2000], [2000, 4000], [0, 2000]]
[12, 2600, 9300, 'mixer_1', 0] [[1300, 0], [1300, 9300]]
[13, 21750, 12414, 'droplet_sorter_1', 0] [[0, 5834], [21750, 345], [21750, 11322]]
[14, 21750, 12414, 'droplet_sorter_2', 0] [[0, 5834], [21750, 345], [21750, 11322]]
[15, 4000, 4000, 'port_out1', 0] [[2000, 0], [4000, 2000], [2000, 4000], [0, 2000]]
[16, 4000, 4000, 'port_out2', 0] [[2000, 0], [4000, 2000], [2000, 4000], [0, 2000]]
2/9, Finish initial placement with rotation, time spent: 0.0002493858337402344 s
3/9, Finish symmetricalization, time spent: 2.1457672119140625e-05 s
4/9, Finish routing, time spent: 0.00030684471130371094 s
****************************************************
Fail to find valid order; keeping the initial row order
****************************************************
--Finish applying new order
--Finish mirroring related components
5/9, Finish initialization of new orders, time spent: 0.0015304088592529297 s
6/9, Finish shortening wirelength, time spent: 0.00013780593872070312 s
Skip stage7 LP according to user's need
8/9, Finish routing, time spent: 0.0003719329833984375 s
9/9, Finish compaction and connecting ports, time spent: 0.061347246170043945 s
<<<<<<<<<<<<<<<<<<<<<<<<<<<<<< All P&R Done >>>>>>>>>>>>>>>>>>>>>>>>>>>>>>
Total Timeusage: 0.06399083137512207 s
Reordering Timeusage: 0.0015304088592529297 s
LP-based Optimization Timeusage: 0 s
P&R for the new orders: 0.06338739395141602 s
Running independent cluster 2/2: ['port_out3']
Done. Combined PR JSON: /home/student/Desktop/Neptune_2026/Microfluidics-Benchmarks/Results/tree_full_20260915_165225/artifacts/mint__Drop_Ref__Dx_8_Ref__Dx_8_Ref_fromMINT/result.json
