$ /home/student/anaconda3/envs/neptune2026/bin/python /home/student/Desktop/Neptune_2026/scripts/run_all_synthesize_timeout_report.py --_worker --algorithm tree --input /home/student/Desktop/Neptune_2026/Microfluidics-Benchmarks/Results/MINT-TestCases/Mars/Pcr/Pcr_fromMINT.json --case-output /home/student/Desktop/Neptune_2026/Microfluidics-Benchmarks/Results/tree_full_20260915_165225/artifacts/mint__Mars__Pcr__Pcr_fromMINT --time-limit 3600.0 --solver-profile standard --mip-gap 0.0
Finish loading test case: Pcr_fromMINT
1/9, Finish initial placement, time spent: 2.86102294921875e-05 s
[0, 10000, 14000, 'droplet_capacitance_sensor_1', 0] [[0, 7000], [10000, 7000]]
[1, 10000, 14000, 'droplet_capacitance_sensor_2', 0] [[0, 7000], [10000, 7000]]
[2, 1400, 1400, 'port_1', 0] [[700, 0], [1400, 700], [700, 1400], [0, 700]]
[3, 1400, 1400, 'port_2', 0] [[700, 0], [1400, 700], [700, 1400], [0, 700]]
2/9, Finish initial placement with rotation, time spent: 9.465217590332031e-05 s
3/9, Finish symmetricalization, time spent: 1.4543533325195312e-05 s
4/9, Finish routing, time spent: 0.0001163482666015625 s
****************************************************
New valid order that can lead to planar graph found:
[[0], [0], [0], [0]]
****************************************************
--Finish applying new order
--Finish mirroring related components
5/9, Finish initialization of new orders, time spent: 0.000518798828125 s
6/9, Finish shortening wirelength, time spent: 5.030632019042969e-05 s
Skip stage7 LP according to user's need
8/9, Finish routing, time spent: 0.00016808509826660156 s
9/9, Finish compaction and connecting ports, time spent: 0.017595529556274414 s
<<<<<<<<<<<<<<<<<<<<<<<<<<<<<< All P&R Done >>>>>>>>>>>>>>>>>>>>>>>>>>>>>>
Total Timeusage: 0.01858687400817871 s
Reordering Timeusage: 0.000518798828125 s
LP-based Optimization Timeusage: 0 s
P&R for the new orders: 0.018332719802856445 s
Cannot finish valid layer-1 synthesis for:
- reason=routing:fallback_no_compliant_valve_escape valve=valve_0 flow_connection=channel_2 control_port=Cport_1
Done. Combined PR JSON: /home/student/Desktop/Neptune_2026/Microfluidics-Benchmarks/Results/tree_full_20260915_165225/artifacts/mint__Mars__Pcr__Pcr_fromMINT/result.json
