$ /home/student/anaconda3/envs/neptune2026/bin/python /home/student/Desktop/Neptune_2026/scripts/run_all_synthesize_timeout_report.py --_worker --algorithm tree --input /home/student/Desktop/Neptune_2026/Microfluidics-Benchmarks/Results/MINT-TestCases/Transport_Networks/One_To_One/One_To_One_fromMINT.json --case-output /home/student/Desktop/Neptune_2026/Microfluidics-Benchmarks/Results/tree_full_20260915_165225/artifacts/mint__Transport_Networks__One_To_One__One_To_One_fromMINT --time-limit 3600.0 --solver-profile standard --mip-gap 0.0
Finish loading test case: One_To_One_fromMINT
1/9, Finish initial placement, time spent: 2.3365020751953125e-05 s
[0, 1400, 1400, 'port_1', 0] [[700, 0], [1400, 700], [700, 1400], [0, 700]]
[1, 1400, 1400, 'port_2', 0] [[700, 0], [1400, 700], [700, 1400], [0, 700]]
2/9, Finish initial placement with rotation, time spent: 6.842613220214844e-05 s
3/9, Finish symmetricalization, time spent: 1.2159347534179688e-05 s
4/9, Finish routing, time spent: 5.53131103515625e-05 s
****************************************************
New valid order that can lead to planar graph found:
[[0], [0]]
****************************************************
--Finish applying new order
--Finish mirroring related components
5/9, Finish initialization of new orders, time spent: 0.0003483295440673828 s
6/9, Finish shortening wirelength, time spent: 2.9325485229492188e-05 s
Skip stage7 LP according to user's need
8/9, Finish routing, time spent: 0.00010514259338378906 s
9/9, Finish compaction and connecting ports, time spent: 0.011977434158325195 s
<<<<<<<<<<<<<<<<<<<<<<<<<<<<<< All P&R Done >>>>>>>>>>>>>>>>>>>>>>>>>>>>>>
Total Timeusage: 0.012619495391845703 s
Reordering Timeusage: 0.0003483295440673828 s
LP-based Optimization Timeusage: 0 s
P&R for the new orders: 0.01246023178100586 s
Done. Combined PR JSON: /home/student/Desktop/Neptune_2026/Microfluidics-Benchmarks/Results/tree_full_20260915_165225/artifacts/mint__Transport_Networks__One_To_One__One_To_One_fromMINT/result.json
