$ /home/student/anaconda3/envs/neptune2026/bin/python /home/student/Desktop/Neptune_2026/scripts/run_all_synthesize_timeout_report.py --_worker --algorithm tree --input /home/student/Desktop/Neptune_2026/Microfluidics-Benchmarks/Results/MINT-TestCases/Base/Node_Long_Cell_Trap_04/Node_Long_Cell_Trap_04_fromMINT.json --case-output /home/student/Desktop/Neptune_2026/Microfluidics-Benchmarks/Results/tree_full_20260915_165225/artifacts/mint__Base__Node_Long_Cell_Trap_04__Node_Long_Cell_Trap_04_fromMINT --time-limit 3600.0 --solver-profile standard --mip-gap 0.0
Reversed 3 connection(s) with opposite-port direction conflicts: c1, c3, c4.
Finish loading test case: Node_Long_Cell_Trap_04_fromMINT
1/9, Finish initial placement, time spent: 3.218650817871094e-05 s
[0, 200, 200, 'p1', 0] [[100, 0], [200, 100], [100, 200], [0, 100]]
[1, 200, 200, 'p2', 0] [[100, 0], [200, 100], [100, 200], [0, 100]]
[2, 200, 200, 'p3', 0] [[100, 0], [200, 100], [100, 200], [0, 100]]
[3, 100, 100, 'n1', 0] [[50.0, 0.0], [100.0, 50.0], [50.0, 100.0], [0.0, 50.0]]
[4, 800, 300, 'ct1', 0] [[0, 150], [800, 150]]
2/9, Finish initial placement with rotation, time spent: 0.00011396408081054688 s
3/9, Finish symmetricalization, time spent: 1.6450881958007812e-05 s
4/9, Finish routing, time spent: 0.0001437664031982422 s
****************************************************
New valid order that can lead to planar graph found:
[[0], [0], [1, 0], [0]]
****************************************************
--Finish applying new order
--Finish mirroring related components
5/9, Finish initialization of new orders, time spent: 0.0006618499755859375 s
6/9, Finish shortening wirelength, time spent: 5.8650970458984375e-05 s
Skip stage7 LP according to user's need
8/9, Finish routing, time spent: 0.00021386146545410156 s
9/9, Finish compaction and connecting ports, time spent: 0.022179126739501953 s
<<<<<<<<<<<<<<<<<<<<<<<<<<<<<< All P&R Done >>>>>>>>>>>>>>>>>>>>>>>>>>>>>>
Total Timeusage: 0.023419857025146484 s
Reordering Timeusage: 0.0006618499755859375 s
LP-based Optimization Timeusage: 0 s
P&R for the new orders: 0.023113489151000977 s
Done. Combined PR JSON: /home/student/Desktop/Neptune_2026/Microfluidics-Benchmarks/Results/tree_full_20260915_165225/artifacts/mint__Base__Node_Long_Cell_Trap_04__Node_Long_Cell_Trap_04_fromMINT/result.json
