$ /home/student/anaconda3/envs/neptune2026/bin/python /home/student/Desktop/Neptune_2026/scripts/run_all_synthesize_timeout_report.py --_worker --algorithm tree --input /home/student/Desktop/Neptune_2026/Microfluidics-Benchmarks/Results/MINT-TestCases/CIDAR_Lab_Past_Devices/Flow_Focus/Flow_Focus_fromMINT.json --case-output /home/student/Desktop/Neptune_2026/Microfluidics-Benchmarks/Results/tree_full_20260915_165225/artifacts/mint__CIDAR_Lab_Past_Devices__Flow_Focus__Flow_Focus_fromMINT --time-limit 3600.0 --solver-profile standard --mip-gap 0.0
Reversed 2 connection(s) with opposite-port direction conflicts: c1, c2.
Finish loading test case: Flow_Focus_fromMINT
1/9, Finish initial placement, time spent: 1.52587890625e-05 s
[0, 200, 200, 'p', 0] [[100, 0], [200, 100], [100, 200], [0, 100]]
[1, 1267, 1171, 'ff', 0] [[1266, 585]]
[2, 100, 100, 'n1', 0] [[50.0, 0.0], [100.0, 50.0], [50.0, 100.0], [0.0, 50.0]]
[3, 100, 100, 'n2', 0] [[50.0, 0.0], [100.0, 50.0], [50.0, 100.0], [0.0, 50.0]]
2/9, Finish initial placement with rotation, time spent: 0.00010728836059570312 s
3/9, Finish symmetricalization, time spent: 1.5020370483398438e-05 s
4/9, Finish routing, time spent: 0.00010943412780761719 s
****************************************************
New valid order that can lead to planar graph found:
[[0], [0, 1], [0]]
****************************************************
--Finish applying new order
--Finish mirroring related components
5/9, Finish initialization of new orders, time spent: 0.0004961490631103516 s
6/9, Finish shortening wirelength, time spent: 5.054473876953125e-05 s
Skip stage7 LP according to user's need
8/9, Finish routing, time spent: 0.00013899803161621094 s
9/9, Finish compaction and connecting ports, time spent: 0.018460750579833984 s
<<<<<<<<<<<<<<<<<<<<<<<<<<<<<< All P&R Done >>>>>>>>>>>>>>>>>>>>>>>>>>>>>>
Total Timeusage: 0.019393444061279297 s
Reordering Timeusage: 0.0004961490631103516 s
LP-based Optimization Timeusage: 0 s
P&R for the new orders: 0.019146442413330078 s
Done. Combined PR JSON: /home/student/Desktop/Neptune_2026/Microfluidics-Benchmarks/Results/tree_full_20260915_165225/artifacts/mint__CIDAR_Lab_Past_Devices__Flow_Focus__Flow_Focus_fromMINT/result.json
