$ /home/student/anaconda3/envs/neptune2026/bin/python /home/student/Desktop/Neptune_2026/scripts/run_all_synthesize_timeout_report.py --_worker --algorithm tree --input /home/student/Desktop/Neptune_2026/Microfluidics-Benchmarks/Results/MINT-TestCases/Mars/Cell_Lysis/Cell_Lysis_fromMINT.json --case-output /home/student/Desktop/Neptune_2026/Microfluidics-Benchmarks/Results/tree_full_20260915_165225/artifacts/mint__Mars__Cell_Lysis__Cell_Lysis_fromMINT --time-limit 3600.0 --solver-profile standard --mip-gap 0.0
Reversed 8 connection(s) with opposite-port direction conflicts: channel_1, channel_2, channel_3, channel_4, channel_5, channel_6, channel_7, channel_8.
Finish loading test case: Cell_Lysis_fromMINT
1/9, Finish initial placement, time spent: 2.1457672119140625e-05 s
[0, 5000, 5000, 'reaction_chamber_1', 0] [[2500, 0], [5000, 2500], [2500, 5000], [0, 2500]]
[1, 4060, 4860, 'mixer_1', 0] [[2030, 0], [2030, 4860]]
[2, 1400, 1400, 'port_1', 0] [[700, 0], [1400, 700], [700, 1400], [0, 700]]
[3, 4060, 4860, 'mixer_2', 0] [[2030, 0], [2030, 4860]]
[4, 4060, 4860, 'mixer_3', 0] [[2030, 0], [2030, 4860]]
[5, 1400, 1400, 'port_2', 0] [[700, 0], [1400, 700], [700, 1400], [0, 700]]
[6, 1400, 1400, 'port_3', 0] [[700, 0], [1400, 700], [700, 1400], [0, 700]]
[7, 1400, 1400, 'port_4', 0] [[700, 0], [1400, 700], [700, 1400], [0, 700]]
[8, 1400, 1400, 'port_5', 0] [[700, 0], [1400, 700], [700, 1400], [0, 700]]
2/9, Finish initial placement with rotation, time spent: 0.00014710426330566406 s
3/9, Finish symmetricalization, time spent: 1.7881393432617188e-05 s
4/9, Finish routing, time spent: 0.00021791458129882812 s
****************************************************
New valid order that can lead to planar graph found:
[[0, 1], [0, 1], [0], [0, 1], [0], [0]]
****************************************************
--Finish applying new order
--Finish mirroring related components
5/9, Finish initialization of new orders, time spent: 0.0007009506225585938 s
6/9, Finish shortening wirelength, time spent: 8.249282836914062e-05 s
Skip stage7 LP according to user's need
8/9, Finish routing, time spent: 0.00024962425231933594 s
9/9, Finish compaction and connecting ports, time spent: 0.034540414810180664 s
<<<<<<<<<<<<<<<<<<<<<<<<<<<<<< All P&R Done >>>>>>>>>>>>>>>>>>>>>>>>>>>>>>
Total Timeusage: 0.035977840423583984 s
Reordering Timeusage: 0.0007009506225585938 s
LP-based Optimization Timeusage: 0 s
P&R for the new orders: 0.035573482513427734 s
Done. Combined PR JSON: /home/student/Desktop/Neptune_2026/Microfluidics-Benchmarks/Results/tree_full_20260915_165225/artifacts/mint__Mars__Cell_Lysis__Cell_Lysis_fromMINT/result.json
