$ /home/student/anaconda3/envs/neptune2026/bin/python /home/student/Desktop/Neptune_2026/scripts/run_all_synthesize_timeout_report.py --_worker --algorithm tree --input /home/student/Desktop/Neptune_2026/Microfluidics-Benchmarks/Results/MINT-TestCases/Distribute_Library/Single_Storage_Grid_01/Single_Storage_Grid_01_fromMINT.json --case-output /home/student/Desktop/Neptune_2026/Microfluidics-Benchmarks/Results/tree_full_20260915_165225/artifacts/mint__Distribute_Library__Single_Storage_Grid_01__Single_Storage_Grid_01_fromMINT --time-limit 3600.0 --solver-profile standard --mip-gap 0.0
Finish loading test case: Single_Storage_Grid_01_fromMINT
1/9, Finish initial placement, time spent: 1.4066696166992188e-05 s
[0, 1400, 1400, 'port_1', 0] [[700, 0], [1400, 700], [700, 1400], [0, 700]]
[1, 1400, 1400, 'port_2', 0] [[700, 0], [1400, 700], [700, 1400], [0, 700]]
2/9, Finish initial placement with rotation, time spent: 5.5789947509765625e-05 s
3/9, Finish symmetricalization, time spent: 1.33514404296875e-05 s
4/9, Finish routing, time spent: 6.127357482910156e-05 s
****************************************************
New valid order that can lead to planar graph found:
[[0], [0]]
****************************************************
--Finish applying new order
--Finish mirroring related components
5/9, Finish initialization of new orders, time spent: 0.0003325939178466797 s
6/9, Finish shortening wirelength, time spent: 3.0040740966796875e-05 s
Skip stage7 LP according to user's need
8/9, Finish routing, time spent: 0.00010180473327636719 s
9/9, Finish compaction and connecting ports, time spent: 0.012434244155883789 s
<<<<<<<<<<<<<<<<<<<<<<<<<<<<<< All P&R Done >>>>>>>>>>>>>>>>>>>>>>>>>>>>>>
Total Timeusage: 0.01304316520690918 s
Reordering Timeusage: 0.0003325939178466797 s
LP-based Optimization Timeusage: 0 s
P&R for the new orders: 0.012898683547973633 s
Done. Combined PR JSON: /home/student/Desktop/Neptune_2026/Microfluidics-Benchmarks/Results/tree_full_20260915_165225/artifacts/mint__Distribute_Library__Single_Storage_Grid_01__Single_Storage_Grid_01_fromMINT/result.json
