$ /home/student/anaconda3/envs/neptune2026/bin/python /home/student/Desktop/Neptune_2026/scripts/run_all_synthesize_timeout_report.py --_worker --algorithm tree --input /home/student/Desktop/Neptune_2026/Microfluidics-Benchmarks/Results/MINT-TestCases/Constraints/Array_Constraint/Array_Constraint_fromMINT.json --case-output /home/student/Desktop/Neptune_2026/Microfluidics-Benchmarks/Results/tree_full_20260915_165225/artifacts/mint__Constraints__Array_Constraint__Array_Constraint_fromMINT --time-limit 3600.0 --solver-profile standard --mip-gap 0.0
Reversed 56 connection(s) with opposite-port direction conflicts: c_in1, c_in2, c_in3, c_in4, c_in5, c_in6, c_in7, c_in8, c_g_1_2_1, c_g_1_2_2, c_g_1_2_3, c_g_1_2_4, c_g_1_2_5, c_g_1_2_6, c_g_1_2_7, c_g_1_2_8, c_g_2_3_1, c_g_2_3_2, c_g_2_3_3, c_g_2_3_4, c_g_2_3_5, c_g_2_3_6, c_g_2_3_7, c_g_2_3_8, c_g_3_4_1, c_g_3_4_2, c_g_3_4_3, c_g_3_4_4, c_g_3_4_5, c_g_3_4_6, c_g_3_4_7, c_g_3_4_8, c_g_4_5_1, c_g_4_5_2, c_g_4_5_3, c_g_4_5_4, c_g_4_5_5, c_g_4_5_6, c_g_4_5_7, c_g_4_5_8, c_g_5_6_1, c_g_5_6_2, c_g_5_6_3, c_g_5_6_4, c_g_5_6_5, c_g_5_6_6, c_g_5_6_7, c_g_5_6_8, c_g_6_7_1, c_g_6_7_2, c_g_6_7_3, c_g_6_7_4, c_g_6_7_5, c_g_6_7_6, c_g_6_7_7, c_g_6_7_8.
Detected 8 disconnected layer-0 cluster(s); running each independently.
Running independent cluster 1/8: ['ct1_1', 'ct2_1', 'ct3_1', 'ct4_1', 'ct5_1', 'ct6_1', 'ct7_1', 'ct8_1', 'p_in1', 'p_out1']
Finish loading test case: Array_Constraint_fromMINT__cluster_00
1/9, Finish initial placement, time spent: 2.4318695068359375e-05 s
[0, 4000, 4000, 'p_in1', 0] [[2000, 0], [4000, 2000], [2000, 4000], [0, 2000]]
[1, 4000, 4000, 'p_out1', 0] [[2000, 0], [4000, 2000], [2000, 4000], [0, 2000]]
[2, 250, 250, 'ct1_1', 0] [[125, 0], [250, 125], [125, 250], [0, 125]]
[3, 250, 250, 'ct2_1', 0] [[125, 0], [250, 125], [125, 250], [0, 125]]
[4, 250, 250, 'ct3_1', 0] [[125, 0], [250, 125], [125, 250], [0, 125]]
[5, 250, 250, 'ct4_1', 0] [[125, 0], [250, 125], [125, 250], [0, 125]]
[6, 250, 250, 'ct5_1', 0] [[125, 0], [250, 125], [125, 250], [0, 125]]
[7, 250, 250, 'ct6_1', 0] [[125, 0], [250, 125], [125, 250], [0, 125]]
[8, 250, 250, 'ct7_1', 0] [[125, 0], [250, 125], [125, 250], [0, 125]]
[9, 250, 250, 'ct8_1', 0] [[125, 0], [250, 125], [125, 250], [0, 125]]
2/9, Finish initial placement with rotation, time spent: 0.00016236305236816406 s
3/9, Finish symmetricalization, time spent: 2.09808349609375e-05 s
4/9, Finish routing, time spent: 0.0002529621124267578 s
****************************************************
New valid order that can lead to planar graph found:
[[0], [0], [0], [0], [0], [1, 0], [0, 1], [0]]
****************************************************
--Finish applying new order
--Finish mirroring related components
5/9, Finish initialization of new orders, time spent: 0.0010139942169189453 s
6/9, Finish shortening wirelength, time spent: 8.7738037109375e-05 s
Skip stage7 LP according to user's need
8/9, Finish routing, time spent: 0.0002956390380859375 s
9/9, Finish compaction and connecting ports, time spent: 0.06860661506652832 s
<<<<<<<<<<<<<<<<<<<<<<<<<<<<<< All P&R Done >>>>>>>>>>>>>>>>>>>>>>>>>>>>>>
Total Timeusage: 0.0704646110534668 s
Reordering Timeusage: 0.0010139942169189453 s
LP-based Optimization Timeusage: 0 s
P&R for the new orders: 0.07000398635864258 s
Running independent cluster 2/8: ['ct1_2', 'ct2_2', 'ct3_2', 'ct4_2', 'ct5_2', 'ct6_2', 'ct7_2', 'ct8_2', 'p_in2', 'p_out2']
Finish loading test case: Array_Constraint_fromMINT__cluster_01
1/9, Finish initial placement, time spent: 1.811981201171875e-05 s
[0, 4000, 4000, 'p_in2', 0] [[2000, 0], [4000, 2000], [2000, 4000], [0, 2000]]
[1, 4000, 4000, 'p_out2', 0] [[2000, 0], [4000, 2000], [2000, 4000], [0, 2000]]
[2, 250, 250, 'ct1_2', 0] [[125, 0], [250, 125], [125, 250], [0, 125]]
[3, 250, 250, 'ct2_2', 0] [[125, 0], [250, 125], [125, 250], [0, 125]]
[4, 250, 250, 'ct3_2', 0] [[125, 0], [250, 125], [125, 250], [0, 125]]
[5, 250, 250, 'ct4_2', 0] [[125, 0], [250, 125], [125, 250], [0, 125]]
[6, 250, 250, 'ct5_2', 0] [[125, 0], [250, 125], [125, 250], [0, 125]]
[7, 250, 250, 'ct6_2', 0] [[125, 0], [250, 125], [125, 250], [0, 125]]
[8, 250, 250, 'ct7_2', 0] [[125, 0], [250, 125], [125, 250], [0, 125]]
[9, 250, 250, 'ct8_2', 0] [[125, 0], [250, 125], [125, 250], [0, 125]]
2/9, Finish initial placement with rotation, time spent: 0.00015997886657714844 s
3/9, Finish symmetricalization, time spent: 1.5497207641601562e-05 s
4/9, Finish routing, time spent: 0.0002186298370361328 s
****************************************************
New valid order that can lead to planar graph found:
[[0], [0], [0], [0], [0], [1, 0], [0, 1], [0]]
****************************************************
--Finish applying new order
--Finish mirroring related components
5/9, Finish initialization of new orders, time spent: 0.0009064674377441406 s
6/9, Finish shortening wirelength, time spent: 6.961822509765625e-05 s
Skip stage7 LP according to user's need
8/9, Finish routing, time spent: 0.00028014183044433594 s
9/9, Finish compaction and connecting ports, time spent: 0.04165029525756836 s
<<<<<<<<<<<<<<<<<<<<<<<<<<<<<< All P&R Done >>>>>>>>>>>>>>>>>>>>>>>>>>>>>>
Total Timeusage: 0.043318748474121094 s
Reordering Timeusage: 0.0009064674377441406 s
LP-based Optimization Timeusage: 0 s
P&R for the new orders: 0.04290652275085449 s
Running independent cluster 3/8: ['ct1_3', 'ct2_3', 'ct3_3', 'ct4_3', 'ct5_3', 'ct6_3', 'ct7_3', 'ct8_3', 'p_in3', 'p_out3']
Finish loading test case: Array_Constraint_fromMINT__cluster_02
1/9, Finish initial placement, time spent: 1.8596649169921875e-05 s
[0, 4000, 4000, 'p_in3', 0] [[2000, 0], [4000, 2000], [2000, 4000], [0, 2000]]
[1, 4000, 4000, 'p_out3', 0] [[2000, 0], [4000, 2000], [2000, 4000], [0, 2000]]
[2, 250, 250, 'ct1_3', 0] [[125, 0], [250, 125], [125, 250], [0, 125]]
[3, 250, 250, 'ct2_3', 0] [[125, 0], [250, 125], [125, 250], [0, 125]]
[4, 250, 250, 'ct3_3', 0] [[125, 0], [250, 125], [125, 250], [0, 125]]
[5, 250, 250, 'ct4_3', 0] [[125, 0], [250, 125], [125, 250], [0, 125]]
[6, 250, 250, 'ct5_3', 0] [[125, 0], [250, 125], [125, 250], [0, 125]]
[7, 250, 250, 'ct6_3', 0] [[125, 0], [250, 125], [125, 250], [0, 125]]
[8, 250, 250, 'ct7_3', 0] [[125, 0], [250, 125], [125, 250], [0, 125]]
[9, 250, 250, 'ct8_3', 0] [[125, 0], [250, 125], [125, 250], [0, 125]]
2/9, Finish initial placement with rotation, time spent: 0.00015425682067871094 s
3/9, Finish symmetricalization, time spent: 1.52587890625e-05 s
4/9, Finish routing, time spent: 0.0002186298370361328 s
****************************************************
New valid order that can lead to planar graph found:
[[0], [0], [0], [0], [0], [1, 0], [0, 1], [0]]
****************************************************
--Finish applying new order
--Finish mirroring related components
5/9, Finish initialization of new orders, time spent: 0.0008955001831054688 s
6/9, Finish shortening wirelength, time spent: 6.29425048828125e-05 s
Skip stage7 LP according to user's need
8/9, Finish routing, time spent: 0.0002758502960205078 s
9/9, Finish compaction and connecting ports, time spent: 0.04045438766479492 s
<<<<<<<<<<<<<<<<<<<<<<<<<<<<<< All P&R Done >>>>>>>>>>>>>>>>>>>>>>>>>>>>>>
Total Timeusage: 0.04209542274475098 s
Reordering Timeusage: 0.0008955001831054688 s
LP-based Optimization Timeusage: 0 s
P&R for the new orders: 0.04168868064880371 s
Running independent cluster 4/8: ['ct1_4', 'ct2_4', 'ct3_4', 'ct4_4', 'ct5_4', 'ct6_4', 'ct7_4', 'ct8_4', 'p_in4', 'p_out4']
Finish loading test case: Array_Constraint_fromMINT__cluster_03
1/9, Finish initial placement, time spent: 1.8358230590820312e-05 s
[0, 4000, 4000, 'p_in4', 0] [[2000, 0], [4000, 2000], [2000, 4000], [0, 2000]]
[1, 4000, 4000, 'p_out4', 0] [[2000, 0], [4000, 2000], [2000, 4000], [0, 2000]]
[2, 250, 250, 'ct1_4', 0] [[125, 0], [250, 125], [125, 250], [0, 125]]
[3, 250, 250, 'ct2_4', 0] [[125, 0], [250, 125], [125, 250], [0, 125]]
[4, 250, 250, 'ct3_4', 0] [[125, 0], [250, 125], [125, 250], [0, 125]]
[5, 250, 250, 'ct4_4', 0] [[125, 0], [250, 125], [125, 250], [0, 125]]
[6, 250, 250, 'ct5_4', 0] [[125, 0], [250, 125], [125, 250], [0, 125]]
[7, 250, 250, 'ct6_4', 0] [[125, 0], [250, 125], [125, 250], [0, 125]]
[8, 250, 250, 'ct7_4', 0] [[125, 0], [250, 125], [125, 250], [0, 125]]
[9, 250, 250, 'ct8_4', 0] [[125, 0], [250, 125], [125, 250], [0, 125]]
2/9, Finish initial placement with rotation, time spent: 0.0001595020294189453 s
3/9, Finish symmetricalization, time spent: 1.4066696166992188e-05 s
4/9, Finish routing, time spent: 0.0002181529998779297 s
****************************************************
New valid order that can lead to planar graph found:
[[0], [0], [0], [0], [0], [1, 0], [0, 1], [0]]
****************************************************
--Finish applying new order
--Finish mirroring related components
5/9, Finish initialization of new orders, time spent: 0.0009014606475830078 s
6/9, Finish shortening wirelength, time spent: 6.127357482910156e-05 s
Skip stage7 LP according to user's need
8/9, Finish routing, time spent: 0.0002772808074951172 s
9/9, Finish compaction and connecting ports, time spent: 0.04080462455749512 s
<<<<<<<<<<<<<<<<<<<<<<<<<<<<<< All P&R Done >>>>>>>>>>>>>>>>>>>>>>>>>>>>>>
Total Timeusage: 0.04245471954345703 s
Reordering Timeusage: 0.0009014606475830078 s
LP-based Optimization Timeusage: 0 s
P&R for the new orders: 0.042044639587402344 s
Running independent cluster 5/8: ['ct1_5', 'ct2_5', 'ct3_5', 'ct4_5', 'ct5_5', 'ct6_5', 'ct7_5', 'ct8_5', 'p_in5', 'p_out5']
Finish loading test case: Array_Constraint_fromMINT__cluster_04
1/9, Finish initial placement, time spent: 1.7404556274414062e-05 s
[0, 4000, 4000, 'p_in5', 0] [[2000, 0], [4000, 2000], [2000, 4000], [0, 2000]]
[1, 4000, 4000, 'p_out5', 0] [[2000, 0], [4000, 2000], [2000, 4000], [0, 2000]]
[2, 250, 250, 'ct1_5', 0] [[125, 0], [250, 125], [125, 250], [0, 125]]
[3, 250, 250, 'ct2_5', 0] [[125, 0], [250, 125], [125, 250], [0, 125]]
[4, 250, 250, 'ct3_5', 0] [[125, 0], [250, 125], [125, 250], [0, 125]]
[5, 250, 250, 'ct4_5', 0] [[125, 0], [250, 125], [125, 250], [0, 125]]
[6, 250, 250, 'ct5_5', 0] [[125, 0], [250, 125], [125, 250], [0, 125]]
[7, 250, 250, 'ct6_5', 0] [[125, 0], [250, 125], [125, 250], [0, 125]]
[8, 250, 250, 'ct7_5', 0] [[125, 0], [250, 125], [125, 250], [0, 125]]
[9, 250, 250, 'ct8_5', 0] [[125, 0], [250, 125], [125, 250], [0, 125]]
2/9, Finish initial placement with rotation, time spent: 0.00014853477478027344 s
3/9, Finish symmetricalization, time spent: 1.430511474609375e-05 s
4/9, Finish routing, time spent: 0.00022983551025390625 s
****************************************************
New valid order that can lead to planar graph found:
[[0], [0], [0], [0], [0], [1, 0], [0, 1], [0]]
****************************************************
--Finish applying new order
--Finish mirroring related components
5/9, Finish initialization of new orders, time spent: 0.0009338855743408203 s
6/9, Finish shortening wirelength, time spent: 6.29425048828125e-05 s
Skip stage7 LP according to user's need
8/9, Finish routing, time spent: 0.00028014183044433594 s
9/9, Finish compaction and connecting ports, time spent: 0.04100966453552246 s
<<<<<<<<<<<<<<<<<<<<<<<<<<<<<< All P&R Done >>>>>>>>>>>>>>>>>>>>>>>>>>>>>>
Total Timeusage: 0.04269671440124512 s
Reordering Timeusage: 0.0009338855743408203 s
LP-based Optimization Timeusage: 0 s
P&R for the new orders: 0.04228663444519043 s
Running independent cluster 6/8: ['ct1_6', 'ct2_6', 'ct3_6', 'ct4_6', 'ct5_6', 'ct6_6', 'ct7_6', 'ct8_6', 'p_in6', 'p_out6']
Finish loading test case: Array_Constraint_fromMINT__cluster_05
1/9, Finish initial placement, time spent: 1.71661376953125e-05 s
[0, 4000, 4000, 'p_in6', 0] [[2000, 0], [4000, 2000], [2000, 4000], [0, 2000]]
[1, 4000, 4000, 'p_out6', 0] [[2000, 0], [4000, 2000], [2000, 4000], [0, 2000]]
[2, 250, 250, 'ct1_6', 0] [[125, 0], [250, 125], [125, 250], [0, 125]]
[3, 250, 250, 'ct2_6', 0] [[125, 0], [250, 125], [125, 250], [0, 125]]
[4, 250, 250, 'ct3_6', 0] [[125, 0], [250, 125], [125, 250], [0, 125]]
[5, 250, 250, 'ct4_6', 0] [[125, 0], [250, 125], [125, 250], [0, 125]]
[6, 250, 250, 'ct5_6', 0] [[125, 0], [250, 125], [125, 250], [0, 125]]
[7, 250, 250, 'ct6_6', 0] [[125, 0], [250, 125], [125, 250], [0, 125]]
[8, 250, 250, 'ct7_6', 0] [[125, 0], [250, 125], [125, 250], [0, 125]]
[9, 250, 250, 'ct8_6', 0] [[125, 0], [250, 125], [125, 250], [0, 125]]
2/9, Finish initial placement with rotation, time spent: 0.00015974044799804688 s
3/9, Finish symmetricalization, time spent: 1.4781951904296875e-05 s
4/9, Finish routing, time spent: 0.00022482872009277344 s
****************************************************
New valid order that can lead to planar graph found:
[[0], [0], [0], [0], [0], [1, 0], [0, 1], [0]]
****************************************************
--Finish applying new order
--Finish mirroring related components
5/9, Finish initialization of new orders, time spent: 0.0009114742279052734 s
6/9, Finish shortening wirelength, time spent: 6.318092346191406e-05 s
Skip stage7 LP according to user's need
8/9, Finish routing, time spent: 0.0002636909484863281 s
9/9, Finish compaction and connecting ports, time spent: 0.040487051010131836 s
<<<<<<<<<<<<<<<<<<<<<<<<<<<<<< All P&R Done >>>>>>>>>>>>>>>>>>>>>>>>>>>>>>
Total Timeusage: 0.04214191436767578 s
Reordering Timeusage: 0.0009114742279052734 s
LP-based Optimization Timeusage: 0 s
P&R for the new orders: 0.04172539710998535 s
Running independent cluster 7/8: ['ct1_7', 'ct2_7', 'ct3_7', 'ct4_7', 'ct5_7', 'ct6_7', 'ct7_7', 'ct8_7', 'p_in7', 'p_out7']
Finish loading test case: Array_Constraint_fromMINT__cluster_06
1/9, Finish initial placement, time spent: 1.8596649169921875e-05 s
[0, 4000, 4000, 'p_in7', 0] [[2000, 0], [4000, 2000], [2000, 4000], [0, 2000]]
[1, 4000, 4000, 'p_out7', 0] [[2000, 0], [4000, 2000], [2000, 4000], [0, 2000]]
[2, 250, 250, 'ct1_7', 0] [[125, 0], [250, 125], [125, 250], [0, 125]]
[3, 250, 250, 'ct2_7', 0] [[125, 0], [250, 125], [125, 250], [0, 125]]
[4, 250, 250, 'ct3_7', 0] [[125, 0], [250, 125], [125, 250], [0, 125]]
[5, 250, 250, 'ct4_7', 0] [[125, 0], [250, 125], [125, 250], [0, 125]]
[6, 250, 250, 'ct5_7', 0] [[125, 0], [250, 125], [125, 250], [0, 125]]
[7, 250, 250, 'ct6_7', 0] [[125, 0], [250, 125], [125, 250], [0, 125]]
[8, 250, 250, 'ct7_7', 0] [[125, 0], [250, 125], [125, 250], [0, 125]]
[9, 250, 250, 'ct8_7', 0] [[125, 0], [250, 125], [125, 250], [0, 125]]
2/9, Finish initial placement with rotation, time spent: 0.0001494884490966797 s
3/9, Finish symmetricalization, time spent: 1.3828277587890625e-05 s
4/9, Finish routing, time spent: 0.0002238750457763672 s
****************************************************
New valid order that can lead to planar graph found:
[[0], [0], [0], [0], [0], [1, 0], [0, 1], [0]]
****************************************************
--Finish applying new order
--Finish mirroring related components
5/9, Finish initialization of new orders, time spent: 0.0009212493896484375 s
6/9, Finish shortening wirelength, time spent: 6.318092346191406e-05 s
Skip stage7 LP according to user's need
8/9, Finish routing, time spent: 0.00027942657470703125 s
9/9, Finish compaction and connecting ports, time spent: 0.04074215888977051 s
<<<<<<<<<<<<<<<<<<<<<<<<<<<<<< All P&R Done >>>>>>>>>>>>>>>>>>>>>>>>>>>>>>
Total Timeusage: 0.04241180419921875 s
Reordering Timeusage: 0.0009212493896484375 s
LP-based Optimization Timeusage: 0 s
P&R for the new orders: 0.04200601577758789 s
Running independent cluster 8/8: ['ct1_8', 'ct2_8', 'ct3_8', 'ct4_8', 'ct5_8', 'ct6_8', 'ct7_8', 'ct8_8', 'p_in8', 'p_out8']
Finish loading test case: Array_Constraint_fromMINT__cluster_07
1/9, Finish initial placement, time spent: 2.0265579223632812e-05 s
[0, 4000, 4000, 'p_in8', 0] [[2000, 0], [4000, 2000], [2000, 4000], [0, 2000]]
[1, 4000, 4000, 'p_out8', 0] [[2000, 0], [4000, 2000], [2000, 4000], [0, 2000]]
[2, 250, 250, 'ct1_8', 0] [[125, 0], [250, 125], [125, 250], [0, 125]]
[3, 250, 250, 'ct2_8', 0] [[125, 0], [250, 125], [125, 250], [0, 125]]
[4, 250, 250, 'ct3_8', 0] [[125, 0], [250, 125], [125, 250], [0, 125]]
[5, 250, 250, 'ct4_8', 0] [[125, 0], [250, 125], [125, 250], [0, 125]]
[6, 250, 250, 'ct5_8', 0] [[125, 0], [250, 125], [125, 250], [0, 125]]
[7, 250, 250, 'ct6_8', 0] [[125, 0], [250, 125], [125, 250], [0, 125]]
[8, 250, 250, 'ct7_8', 0] [[125, 0], [250, 125], [125, 250], [0, 125]]
[9, 250, 250, 'ct8_8', 0] [[125, 0], [250, 125], [125, 250], [0, 125]]
2/9, Finish initial placement with rotation, time spent: 0.0001850128173828125 s
3/9, Finish symmetricalization, time spent: 1.8835067749023438e-05 s
4/9, Finish routing, time spent: 0.000232696533203125 s
****************************************************
New valid order that can lead to planar graph found:
[[0], [0], [0], [0], [0], [1, 0], [0, 1], [0]]
****************************************************
--Finish applying new order
--Finish mirroring related components
5/9, Finish initialization of new orders, time spent: 0.0009455680847167969 s
6/9, Finish shortening wirelength, time spent: 7.605552673339844e-05 s
Skip stage7 LP according to user's need
8/9, Finish routing, time spent: 0.00027370452880859375 s
9/9, Finish compaction and connecting ports, time spent: 0.04295182228088379 s
<<<<<<<<<<<<<<<<<<<<<<<<<<<<<< All P&R Done >>>>>>>>>>>>>>>>>>>>>>>>>>>>>>
Total Timeusage: 0.04470396041870117 s
Reordering Timeusage: 0.0009455680847167969 s
LP-based Optimization Timeusage: 0 s
P&R for the new orders: 0.04424715042114258 s
Done. Combined PR JSON: /home/student/Desktop/Neptune_2026/Microfluidics-Benchmarks/Results/tree_full_20260915_165225/artifacts/mint__Constraints__Array_Constraint__Array_Constraint_fromMINT/result.json
