$ /home/student/anaconda3/envs/neptune2026/bin/python /home/student/Desktop/Neptune_2026/scripts/run_all_synthesize_timeout_report.py --_worker --algorithm tree --input /home/student/Desktop/Neptune_2026/Microfluidics-Benchmarks/Results/MINT-TestCases/Primitive/Droplet_Generator_T/Droplet_Generator_T_fromMINT.json --case-output /home/student/Desktop/Neptune_2026/Microfluidics-Benchmarks/Results/tree_full_20260915_165225/artifacts/mint__Primitive__Droplet_Generator_T__Droplet_Generator_T_fromMINT --time-limit 3600.0 --solver-profile standard --mip-gap 0.0
Finish loading test case: Droplet_Generator_T_fromMINT
1/9, Finish initial placement, time spent: 1.239776611328125e-05 s
[0, 2000, 2000, 'p1', 0] [[1000, 0], [2000, 1000], [1000, 2000], [0, 1000]]
[1, 5500, 3500, 'd', 0] [[5500, 500]]
2/9, Finish initial placement with rotation, time spent: 5.125999450683594e-05 s
3/9, Finish symmetricalization, time spent: 1.2159347534179688e-05 s
4/9, Finish routing, time spent: 5.340576171875e-05 s
****************************************************
New valid order that can lead to planar graph found:
[[0], [0]]
****************************************************
--Finish applying new order
--Finish mirroring related components
5/9, Finish initialization of new orders, time spent: 0.000301361083984375 s
6/9, Finish shortening wirelength, time spent: 2.6702880859375e-05 s
Skip stage7 LP according to user's need
8/9, Finish routing, time spent: 8.654594421386719e-05 s
9/9, Finish compaction and connecting ports, time spent: 0.011028766632080078 s
<<<<<<<<<<<<<<<<<<<<<<<<<<<<<< All P&R Done >>>>>>>>>>>>>>>>>>>>>>>>>>>>>>
Total Timeusage: 0.011572599411010742 s
Reordering Timeusage: 0.000301361083984375 s
LP-based Optimization Timeusage: 0 s
P&R for the new orders: 0.011443376541137695 s
Done. Combined PR JSON: /home/student/Desktop/Neptune_2026/Microfluidics-Benchmarks/Results/tree_full_20260915_165225/artifacts/mint__Primitive__Droplet_Generator_T__Droplet_Generator_T_fromMINT/result.json
