$ /home/student/anaconda3/envs/neptune2026/bin/python /home/student/Desktop/Neptune_2026/scripts/run_all_synthesize_timeout_report.py --_worker --algorithm tree --input /home/student/Desktop/Neptune_2026/Microfluidics-Benchmarks/Results/MINT-TestCases/CIDAR_Lab_Past_Devices/Single_Port/Single_Port_fromMINT.json --case-output /home/student/Desktop/Neptune_2026/Microfluidics-Benchmarks/Results/tree_full_20260915_165225/artifacts/mint__CIDAR_Lab_Past_Devices__Single_Port__Single_Port_fromMINT --time-limit 3600.0 --solver-profile standard --mip-gap 0.0
Finish loading test case: Single_Port_fromMINT
1/9, Finish initial placement, time spent: 1.0013580322265625e-05 s
[0, 200, 200, 'p1', 0] [[100, 0], [200, 100], [100, 200], [0, 100]]
2/9, Finish initial placement with rotation, time spent: 3.647804260253906e-05 s
3/9, Finish symmetricalization, time spent: 9.5367431640625e-06 s
4/9, Finish routing, time spent: 6.67572021484375e-06 s
****************************************************
New valid order that can lead to planar graph found:
[[0]]
****************************************************
--Finish applying new order
--Finish mirroring related components
5/9, Finish initialization of new orders, time spent: 0.0002079010009765625 s
6/9, Finish shortening wirelength, time spent: 1.0251998901367188e-05 s
Skip stage7 LP according to user's need
8/9, Finish routing, time spent: 3.9577484130859375e-05 s
9/9, Finish compaction and connecting ports, time spent: 0.008161544799804688 s
<<<<<<<<<<<<<<<<<<<<<<<<<<<<<< All P&R Done >>>>>>>>>>>>>>>>>>>>>>>>>>>>>>
Total Timeusage: 0.008481979370117188 s
Reordering Timeusage: 0.0002079010009765625 s
LP-based Optimization Timeusage: 0 s
P&R for the new orders: 0.008419275283813477 s
Done. Combined PR JSON: /home/student/Desktop/Neptune_2026/Microfluidics-Benchmarks/Results/tree_full_20260915_165225/artifacts/mint__CIDAR_Lab_Past_Devices__Single_Port__Single_Port_fromMINT/result.json
