$ /home/student/anaconda3/envs/neptune2026/bin/python /home/student/Desktop/Neptune_2026/scripts/run_all_synthesize_timeout_report.py --_worker --algorithm tree --input /home/student/Desktop/Neptune_2026/Microfluidics-Benchmarks/Results/MINT-TestCases/Drop_Ref/Dx_11_Ref/Dx_11_Ref_fromMINT.json --case-output /home/student/Desktop/Neptune_2026/Microfluidics-Benchmarks/Results/tree_full_20260915_165225/artifacts/mint__Drop_Ref__Dx_11_Ref__Dx_11_Ref_fromMINT --time-limit 3600.0 --solver-profile standard --mip-gap 0.0
Reversed 9 connection(s) with opposite-port direction conflicts: connection_1, connection_4, connection_5, connection_7, connection_8, connection_9, connection_10, connection_11, connection_12.
Finish loading test case: Dx_11_Ref_fromMINT
1/9, Finish initial placement, time spent: 3.075599670410156e-05 s
[0, 4000, 4000, 'port_oil1', 0] [[2000, 0], [4000, 2000], [2000, 4000], [0, 2000]]
[1, 4000, 4000, 'port_water1', 0] [[2000, 0], [4000, 2000], [2000, 4000], [0, 2000]]
[2, 4000, 4000, 'port_oil2', 0] [[2000, 0], [4000, 2000], [2000, 4000], [0, 2000]]
[3, 5975, 375, 'nozzle_droplet_generator_1', 0] [[300, 0], [5975, 187], [300, 375], [0, 187]]
[4, 4000, 4000, 'port_injector1', 0] [[2000, 0], [4000, 2000], [2000, 4000], [0, 2000]]
[5, 10000, 9050, 'pico_injector_1', 0] [[0, 5550], [10000, 5550], [5000, 0]]
[6, 2600, 9300, 'mix_1', 0] [[1300, 0], [1300, 9300]]
[7, 21750, 12414, 'droplet_sorter_1', 0] [[0, 5834], [21750, 345], [21750, 11322]]
[8, 2600, 9300, 'mix_2', 0] [[1300, 0], [1300, 9300]]
[9, 4000, 4000, 'port_out_waste1', 0] [[2000, 0], [4000, 2000], [2000, 4000], [0, 2000]]
[10, 4000, 4000, 'port_injector2', 0] [[2000, 0], [4000, 2000], [2000, 4000], [0, 2000]]
[11, 10000, 9050, 'pico_injector_2', 0] [[0, 5550], [10000, 5550], [5000, 0]]
[12, 2600, 9300, 'mix_3', 0] [[1300, 0], [1300, 9300]]
[13, 21750, 12414, 'droplet_sorter_2', 0] [[0, 5834], [21750, 345], [21750, 11322]]
[14, 4000, 4000, 'port_out_waste2', 0] [[2000, 0], [4000, 2000], [2000, 4000], [0, 2000]]
[15, 4000, 4000, 'port_out_keep', 0] [[2000, 0], [4000, 2000], [2000, 4000], [0, 2000]]
2/9, Finish initial placement with rotation, time spent: 0.00022649765014648438 s
3/9, Finish symmetricalization, time spent: 2.1457672119140625e-05 s
4/9, Finish routing, time spent: 0.0003037452697753906 s
****************************************************
New valid order that can lead to planar graph found:
[[0], [1, 0], [3, 2, 1, 0], [1, 0], [0, 1], [0], [2, 0, 1], [0]]
****************************************************
--Finish applying new order
--Finish mirroring related components
5/9, Finish initialization of new orders, time spent: 0.0011997222900390625 s
6/9, Finish shortening wirelength, time spent: 0.00012230873107910156 s
Skip stage7 LP according to user's need
8/9, Finish routing, time spent: 0.0003695487976074219 s
9/9, Finish compaction and connecting ports, time spent: 0.056723833084106445 s
<<<<<<<<<<<<<<<<<<<<<<<<<<<<<< All P&R Done >>>>>>>>>>>>>>>>>>>>>>>>>>>>>>
Total Timeusage: 0.05899786949157715 s
Reordering Timeusage: 0.0011997222900390625 s
LP-based Optimization Timeusage: 0 s
P&R for the new orders: 0.05841541290283203 s
Done. Combined PR JSON: /home/student/Desktop/Neptune_2026/Microfluidics-Benchmarks/Results/tree_full_20260915_165225/artifacts/mint__Drop_Ref__Dx_11_Ref__Dx_11_Ref_fromMINT/result.json
