$ /home/student/anaconda3/envs/neptune2026/bin/python /home/student/Desktop/Neptune_2026/scripts/run_all_synthesize_timeout_report.py --_worker --algorithm tree --input /home/student/Desktop/Neptune_2026/Microfluidics-Benchmarks/Results/MINT-TestCases/COVID/Elisa/Elisa_fromMINT.json --case-output /home/student/Desktop/Neptune_2026/Microfluidics-Benchmarks/Results/tree_full_20260915_165225/artifacts/mint__COVID__Elisa__Elisa_fromMINT --time-limit 3600.0 --solver-profile standard --mip-gap 0.0
Reversed 8 connection(s) with opposite-port direction conflicts: channel_1, channel_2, channel_3, channel_4, channel_5, channel_6, channel_7, channel_8.
Finish loading test case: Elisa_fromMINT
1/9, Finish initial placement, time spent: 2.2649765014648438e-05 s
[0, 4060, 4860, 'mixer_1', 0] [[2030, 0], [2030, 4860]]
[1, 1400, 1400, 'port_1', 0] [[700, 0], [1400, 700], [700, 1400], [0, 700]]
[2, 4060, 4860, 'mixer_2', 0] [[2030, 0], [2030, 4860]]
[3, 4060, 4860, 'mixer_3', 0] [[2030, 0], [2030, 4860]]
[4, 1400, 1400, 'port_2', 0] [[700, 0], [1400, 700], [700, 1400], [0, 700]]
[5, 1400, 1400, 'port_3', 0] [[700, 0], [1400, 700], [700, 1400], [0, 700]]
[6, 1400, 1400, 'port_4', 0] [[700, 0], [1400, 700], [700, 1400], [0, 700]]
[7, 1400, 1400, 'port_5', 0] [[700, 0], [1400, 700], [700, 1400], [0, 700]]
2/9, Finish initial placement with rotation, time spent: 0.00015974044799804688 s
3/9, Finish symmetricalization, time spent: 2.3126602172851562e-05 s
4/9, Finish routing, time spent: 0.00022149085998535156 s
****************************************************
Fail to find valid order; keeping the initial row order
****************************************************
--Finish applying new order
--Finish mirroring related components
5/9, Finish initialization of new orders, time spent: 0.001811981201171875 s
6/9, Finish shortening wirelength, time spent: 0.00010180473327636719 s
Skip stage7 LP according to user's need
8/9, Finish routing, time spent: 0.0002703666687011719 s
9/9, Finish compaction and connecting ports, time spent: 0.03682279586791992 s
<<<<<<<<<<<<<<<<<<<<<<<<<<<<<< All P&R Done >>>>>>>>>>>>>>>>>>>>>>>>>>>>>>
Total Timeusage: 0.039433956146240234 s
Reordering Timeusage: 0.001811981201171875 s
LP-based Optimization Timeusage: 0 s
P&R for the new orders: 0.039006948471069336 s
Done. Combined PR JSON: /home/student/Desktop/Neptune_2026/Microfluidics-Benchmarks/Results/tree_full_20260915_165225/artifacts/mint__COVID__Elisa__Elisa_fromMINT/result.json
