$ /home/student/anaconda3/envs/neptune2026/bin/python /home/student/Desktop/Neptune_2026/scripts/run_all_synthesize_timeout_report.py --_worker --algorithm tree --input /home/student/Desktop/Neptune_2026/Microfluidics-Benchmarks/Results/MINT-TestCases/Primitive/Diamond_Chamber/Diamond_Chamber_fromMINT.json --case-output /home/student/Desktop/Neptune_2026/Microfluidics-Benchmarks/Results/tree_full_20260915_165225/artifacts/mint__Primitive__Diamond_Chamber__Diamond_Chamber_fromMINT --time-limit 3600.0 --solver-profile standard --mip-gap 0.0
Finish loading test case: Diamond_Chamber_fromMINT
1/9, Finish initial placement, time spent: 1.5974044799804688e-05 s
[0, 2000, 2000, 'p1', 0] [[1000, 0], [2000, 1000], [1000, 2000], [0, 1000]]
[1, 2000, 2000, 'p2', 0] [[1000, 0], [2000, 1000], [1000, 2000], [0, 1000]]
[2, 4920, 3260, 'd', 0] [[0, 1630], [4920, 1630]]
2/9, Finish initial placement with rotation, time spent: 6.914138793945312e-05 s
3/9, Finish symmetricalization, time spent: 1.239776611328125e-05 s
4/9, Finish routing, time spent: 8.177757263183594e-05 s
****************************************************
New valid order that can lead to planar graph found:
[[0], [0, 1]]
****************************************************
--Finish applying new order
--Finish mirroring related components
5/9, Finish initialization of new orders, time spent: 0.0003540515899658203 s
6/9, Finish shortening wirelength, time spent: 4.410743713378906e-05 s
Skip stage7 LP according to user's need
8/9, Finish routing, time spent: 0.00011420249938964844 s
9/9, Finish compaction and connecting ports, time spent: 0.014789581298828125 s
<<<<<<<<<<<<<<<<<<<<<<<<<<<<<< All P&R Done >>>>>>>>>>>>>>>>>>>>>>>>>>>>>>
Total Timeusage: 0.015481233596801758 s
Reordering Timeusage: 0.0003540515899658203 s
LP-based Optimization Timeusage: 0 s
P&R for the new orders: 0.015301942825317383 s
Done. Combined PR JSON: /home/student/Desktop/Neptune_2026/Microfluidics-Benchmarks/Results/tree_full_20260915_165225/artifacts/mint__Primitive__Diamond_Chamber__Diamond_Chamber_fromMINT/result.json
