$ /home/student/anaconda3/envs/neptune2026/bin/python /home/student/Desktop/Neptune_2026/scripts/run_all_synthesize_timeout_report.py --_worker --algorithm tree --input /home/student/Desktop/Neptune_2026/Microfluidics-Benchmarks/Results/MINT-TestCases/Primitive/Nozzle_Droplet_Generator/Nozzle_Droplet_Generator_fromMINT.json --case-output /home/student/Desktop/Neptune_2026/Microfluidics-Benchmarks/Results/tree_full_20260915_165225/artifacts/mint__Primitive__Nozzle_Droplet_Generator__Nozzle_Droplet_Generator_fromMINT --time-limit 3600.0 --solver-profile standard --mip-gap 0.0
Reversed 1 connection(s) with opposite-port direction conflicts: co3.
Finish loading test case: Nozzle_Droplet_Generator_fromMINT
1/9, Finish initial placement, time spent: 1.7642974853515625e-05 s
[0, 2000, 2000, 'p1', 0] [[1000, 0], [2000, 1000], [1000, 2000], [0, 1000]]
[1, 2000, 2000, 'p2', 0] [[1000, 0], [2000, 1000], [1000, 2000], [0, 1000]]
[2, 2000, 2000, 'p3', 0] [[1000, 0], [2000, 1000], [1000, 2000], [0, 1000]]
[3, 2000, 2000, 'p4', 0] [[1000, 0], [2000, 1000], [1000, 2000], [0, 1000]]
[4, 1800, 600, 'g', 0] [[400, 0], [1800, 300], [400, 600], [0, 300]]
2/9, Finish initial placement with rotation, time spent: 9.894371032714844e-05 s
3/9, Finish symmetricalization, time spent: 1.9311904907226562e-05 s
4/9, Finish routing, time spent: 8.940696716308594e-05 s
****************************************************
New valid order that can lead to planar graph found:
[[0], [1, 0, 2], [0]]
****************************************************
--Finish applying new order
--Finish mirroring related components
5/9, Finish initialization of new orders, time spent: 0.0004940032958984375 s
6/9, Finish shortening wirelength, time spent: 4.076957702636719e-05 s
Skip stage7 LP according to user's need
8/9, Finish routing, time spent: 0.0001277923583984375 s
9/9, Finish compaction and connecting ports, time spent: 0.020025968551635742 s
<<<<<<<<<<<<<<<<<<<<<<<<<<<<<< All P&R Done >>>>>>>>>>>>>>>>>>>>>>>>>>>>>>
Total Timeusage: 0.02091383934020996 s
Reordering Timeusage: 0.0004940032958984375 s
LP-based Optimization Timeusage: 0 s
P&R for the new orders: 0.020688533782958984 s
Done. Combined PR JSON: /home/student/Desktop/Neptune_2026/Microfluidics-Benchmarks/Results/tree_full_20260915_165225/artifacts/mint__Primitive__Nozzle_Droplet_Generator__Nozzle_Droplet_Generator_fromMINT/result.json
