$ /home/student/anaconda3/envs/neptune2026/bin/python /home/student/Desktop/Neptune_2026/scripts/run_all_synthesize_timeout_report.py --_worker --algorithm tree --input /home/student/Desktop/Neptune_2026/Microfluidics-Benchmarks/Results/MINT-TestCases/Drop_Ref/Dx_7_Ref/Dx_7_Ref_fromMINT.json --case-output /home/student/Desktop/Neptune_2026/Microfluidics-Benchmarks/Results/tree_full_20260915_165225/artifacts/mint__Drop_Ref__Dx_7_Ref__Dx_7_Ref_fromMINT --time-limit 3600.0 --solver-profile standard --mip-gap 0.0
Reversed 5 connection(s) with opposite-port direction conflicts: connection_1, connection_4, connection_9, connection_10, connection_11.
Finish loading test case: Dx_7_Ref_fromMINT
1/9, Finish initial placement, time spent: 2.7179718017578125e-05 s
[0, 4000, 4000, 'port_oil1', 0] [[2000, 0], [4000, 2000], [2000, 4000], [0, 2000]]
[1, 4000, 4000, 'port_oil2', 0] [[2000, 0], [4000, 2000], [2000, 4000], [0, 2000]]
[2, 4000, 4000, 'port_water1', 0] [[2000, 0], [4000, 2000], [2000, 4000], [0, 2000]]
[3, 5975, 375, 'nozzle_droplet_generator_1', 0] [[300, 0], [5975, 187], [300, 375], [0, 187]]
[4, 4000, 4000, 'port_oil3', 0] [[2000, 0], [4000, 2000], [2000, 4000], [0, 2000]]
[5, 4000, 4000, 'port_oil4', 0] [[2000, 0], [4000, 2000], [2000, 4000], [0, 2000]]
[6, 4000, 4000, 'port_water2', 0] [[2000, 0], [4000, 2000], [2000, 4000], [0, 2000]]
[7, 5975, 375, 'nozzle_droplet_generator_2', 0] [[300, 0], [5975, 187], [300, 375], [0, 187]]
[8, 8800, 5000, 'droplet_merger_1', 0] [[0, 2500], [8800, 2500]]
[9, 4000, 4000, 'port_injector1', 0] [[2000, 0], [4000, 2000], [2000, 4000], [0, 2000]]
[10, 4000, 4000, 'port_injector2', 0] [[2000, 0], [4000, 2000], [2000, 4000], [0, 2000]]
[11, 2600, 9300, 'mixer_1', 0] [[1300, 0], [1300, 9300]]
[12, 10000, 9050, 'picoinjector_1', 0] [[0, 5550], [10000, 5550], [5000, 0]]
[13, 21750, 12414, 'droplet_sorter_1', 0] [[0, 5834], [21750, 345], [21750, 11322]]
[14, 4000, 4000, 'port_out_waste', 0] [[2000, 0], [4000, 2000], [2000, 4000], [0, 2000]]
[15, 4000, 4000, 'port_out_keep', 0] [[2000, 0], [4000, 2000], [2000, 4000], [0, 2000]]
2/9, Finish initial placement with rotation, time spent: 0.0002529621124267578 s
3/9, Finish symmetricalization, time spent: 2.0503997802734375e-05 s
4/9, Finish routing, time spent: 0.0002810955047607422 s
****************************************************
New valid order that can lead to planar graph found:
[[0, 1, 2, 3], [0, 1], [0], [0, 2, 1], [0, 2, 3, 1], [0, 1]]
****************************************************
--Finish applying new order
--Finish mirroring related components
5/9, Finish initialization of new orders, time spent: 0.0032701492309570312 s
6/9, Finish shortening wirelength, time spent: 0.00011134147644042969 s
Skip stage7 LP according to user's need
8/9, Finish routing, time spent: 0.0003612041473388672 s
9/9, Finish compaction and connecting ports, time spent: 0.05924701690673828 s
<<<<<<<<<<<<<<<<<<<<<<<<<<<<<< All P&R Done >>>>>>>>>>>>>>>>>>>>>>>>>>>>>>
Total Timeusage: 0.06357145309448242 s
Reordering Timeusage: 0.0032701492309570312 s
LP-based Optimization Timeusage: 0 s
P&R for the new orders: 0.06298971176147461 s
Done. Combined PR JSON: /home/student/Desktop/Neptune_2026/Microfluidics-Benchmarks/Results/tree_full_20260915_165225/artifacts/mint__Drop_Ref__Dx_7_Ref__Dx_7_Ref_fromMINT/result.json
