$ /home/student/anaconda3/envs/neptune2026/bin/python /home/student/Desktop/Neptune_2026/scripts/run_all_synthesize_timeout_report.py --_worker --algorithm tree --input /home/student/Desktop/Neptune_2026/Microfluidics-Benchmarks/Results/MINT-TestCases/Base/Super_Mux_2/Super_Mux_2_fromMINT.json --case-output /home/student/Desktop/Neptune_2026/Microfluidics-Benchmarks/Results/tree_full_20260915_165225/artifacts/mint__Base__Super_Mux_2__Super_Mux_2_fromMINT --time-limit 3600.0 --solver-profile standard --mip-gap 0.0
Reversed 1 connection(s) with opposite-port direction conflicts: c_out.
Finish loading test case: Super_Mux_2_fromMINT
1/9, Finish initial placement, time spent: 1.6450881958007812e-05 s
[0, 6800, 6500, 'mux_2', 0] [[3400.0, 0.0], [5400.0, 6500.0], [1400.0, 6500.0], [0.0, 4750.0], [6800.0, 5250.0]]
[1, 2000, 2000, 'port_out', 0] [[1000, 0], [2000, 1000], [1000, 2000], [0, 1000]]
[2, 2000, 2000, 'port_in_1', 0] [[1000, 0], [2000, 1000], [1000, 2000], [0, 1000]]
[3, 2000, 2000, 'port_in_2', 0] [[1000, 0], [2000, 1000], [1000, 2000], [0, 1000]]
2/9, Finish initial placement with rotation, time spent: 9.465217590332031e-05 s
3/9, Finish symmetricalization, time spent: 1.6689300537109375e-05 s
4/9, Finish routing, time spent: 0.00012826919555664062 s
****************************************************
New valid order that can lead to planar graph found:
[[0], [0], [0, 1]]
****************************************************
--Finish applying new order
--Finish mirroring related components
5/9, Finish initialization of new orders, time spent: 0.0005528926849365234 s
6/9, Finish shortening wirelength, time spent: 6.031990051269531e-05 s
Skip stage7 LP according to user's need
8/9, Finish routing, time spent: 0.00017452239990234375 s
9/9, Finish compaction and connecting ports, time spent: 0.02128148078918457 s
<<<<<<<<<<<<<<<<<<<<<<<<<<<<<< All P&R Done >>>>>>>>>>>>>>>>>>>>>>>>>>>>>>
Total Timeusage: 0.02232527732849121 s
Reordering Timeusage: 0.0005528926849365234 s
LP-based Optimization Timeusage: 0 s
P&R for the new orders: 0.022069215774536133 s
Done. Combined PR JSON: /home/student/Desktop/Neptune_2026/Microfluidics-Benchmarks/Results/tree_full_20260915_165225/artifacts/mint__Base__Super_Mux_2__Super_Mux_2_fromMINT/result.json
