$ /home/student/anaconda3/envs/neptune2026/bin/python /home/student/Desktop/Neptune_2026/scripts/run_all_synthesize_timeout_report.py --_worker --algorithm tree --input /home/student/Desktop/Neptune_2026/Microfluidics-Benchmarks/Results/MINT-TestCases/Grid/Grid_04/Grid_04_fromMINT.json --case-output /home/student/Desktop/Neptune_2026/Microfluidics-Benchmarks/Results/tree_full_20260915_165225/artifacts/mint__Grid__Grid_04__Grid_04_fromMINT --time-limit 3600.0 --solver-profile standard --mip-gap 0.0
Reversed 6 connection(s) with opposite-port direction conflicts: c1, c2, c3, c4, c5, c34.
Finish loading test case: Grid_04_fromMINT
1/9, Finish initial placement, time spent: 0.00018739700317382812 s
[0, 5500, 12200, 'm1', 0] [[2750, 0], [5450, 12200], [3650, 12200], [1850, 12200], [50, 12200]]
[1, 5500, 12200, 'm2', 0] [[2750, 0], [5450, 12200], [3650, 12200], [1850, 12200], [50, 12200]]
[2, 200, 200, 'p1', 0] [[100, 0], [200, 100], [100, 200], [0, 100]]
[3, 200, 200, 'p2', 0] [[100, 0], [200, 100], [100, 200], [0, 100]]
[4, 4000, 4000, 'ct1', 0] [[0, 2000], [4000, 2000], [2000, 0], [2000, 4000]]
[5, 4000, 4000, 'ct2', 0] [[0, 2000], [4000, 2000], [2000, 0], [2000, 4000]]
[6, 4000, 4000, 'ct3', 0] [[0, 2000], [4000, 2000], [2000, 0], [2000, 4000]]
[7, 4000, 4000, 'ct4', 0] [[0, 2000], [4000, 2000], [2000, 0], [2000, 4000]]
[8, 4000, 4000, 'ct5', 0] [[0, 2000], [4000, 2000], [2000, 0], [2000, 4000]]
[9, 4000, 4000, 'ct6', 0] [[0, 2000], [4000, 2000], [2000, 0], [2000, 4000]]
[10, 4000, 4000, 'ct7', 0] [[0, 2000], [4000, 2000], [2000, 0], [2000, 4000]]
[11, 4000, 4000, 'ct8', 0] [[0, 2000], [4000, 2000], [2000, 0], [2000, 4000]]
[12, 4000, 4000, 'ct9', 0] [[0, 2000], [4000, 2000], [2000, 0], [2000, 4000]]
[13, 4000, 4000, 'ct10', 0] [[0, 2000], [4000, 2000], [2000, 0], [2000, 4000]]
[14, 4000, 4000, 'ct11', 0] [[0, 2000], [4000, 2000], [2000, 0], [2000, 4000]]
[15, 4000, 4000, 'ct12', 0] [[0, 2000], [4000, 2000], [2000, 0], [2000, 4000]]
[16, 4000, 4000, 'ct13', 0] [[0, 2000], [4000, 2000], [2000, 0], [2000, 4000]]
[17, 4000, 4000, 'ct14', 0] [[0, 2000], [4000, 2000], [2000, 0], [2000, 4000]]
[18, 4000, 4000, 'ct15', 0] [[0, 2000], [4000, 2000], [2000, 0], [2000, 4000]]
[19, 4000, 4000, 'ct16', 0] [[0, 2000], [4000, 2000], [2000, 0], [2000, 4000]]
2/9, Finish initial placement with rotation, time spent: 0.0005257129669189453 s
3/9, Finish symmetricalization, time spent: 2.4557113647460938e-05 s
4/9, Finish routing, time spent: 0.0005116462707519531 s
****************************************************
Fail to find valid order; keeping the initial row order
****************************************************
--Finish applying new order
--Finish mirroring related components
5/9, Finish initialization of new orders, time spent: 0.01154470443725586 s
6/9, Finish shortening wirelength, time spent: 0.00016832351684570312 s
Skip stage7 LP according to user's need
8/9, Finish routing, time spent: 0.0006895065307617188 s
9/9, Finish compaction and connecting ports, time spent: 0.0871589183807373 s
<<<<<<<<<<<<<<<<<<<<<<<<<<<<<< All P&R Done >>>>>>>>>>>>>>>>>>>>>>>>>>>>>>
Total Timeusage: 0.10081076622009277 s
Reordering Timeusage: 0.01154470443725586 s
LP-based Optimization Timeusage: 0 s
P&R for the new orders: 0.09956145286560059 s
Done. Combined PR JSON: /home/student/Desktop/Neptune_2026/Microfluidics-Benchmarks/Results/tree_full_20260915_165225/artifacts/mint__Grid__Grid_04__Grid_04_fromMINT/result.json
