$ /home/student/anaconda3/envs/neptune2026/bin/python /home/student/Desktop/Neptune_2026/scripts/run_all_synthesize_timeout_report.py --_worker --algorithm tree --input /home/student/Desktop/Neptune_2026/Microfluidics-Benchmarks/Results/MINT-TestCases/Primitive/Capacitance_Sensor/Capacitance_Sensor_fromMINT.json --case-output /home/student/Desktop/Neptune_2026/Microfluidics-Benchmarks/Results/tree_full_20260915_165225/artifacts/mint__Primitive__Capacitance_Sensor__Capacitance_Sensor_fromMINT --time-limit 3600.0 --solver-profile standard --mip-gap 0.0
Finish loading test case: Capacitance_Sensor_fromMINT
1/9, Finish initial placement, time spent: 1.4543533325195312e-05 s
[0, 2000, 2000, 'p1', 0] [[1000, 0], [2000, 1000], [1000, 2000], [0, 1000]]
[1, 2000, 2000, 'p2', 0] [[1000, 0], [2000, 1000], [1000, 2000], [0, 1000]]
[2, 10000, 14000, 'cs1', 0] [[0, 7000], [10000, 7000]]
2/9, Finish initial placement with rotation, time spent: 7.081031799316406e-05 s
3/9, Finish symmetricalization, time spent: 1.3589859008789062e-05 s
4/9, Finish routing, time spent: 7.343292236328125e-05 s
****************************************************
New valid order that can lead to planar graph found:
[[0], [0, 1]]
****************************************************
--Finish applying new order
--Finish mirroring related components
5/9, Finish initialization of new orders, time spent: 0.00038743019104003906 s
6/9, Finish shortening wirelength, time spent: 3.647804260253906e-05 s
Skip stage7 LP according to user's need
8/9, Finish routing, time spent: 0.0001068115234375 s
9/9, Finish compaction and connecting ports, time spent: 0.015027999877929688 s
<<<<<<<<<<<<<<<<<<<<<<<<<<<<<< All P&R Done >>>>>>>>>>>>>>>>>>>>>>>>>>>>>>
Total Timeusage: 0.015731096267700195 s
Reordering Timeusage: 0.00038743019104003906 s
LP-based Optimization Timeusage: 0 s
P&R for the new orders: 0.015558719635009766 s
Done. Combined PR JSON: /home/student/Desktop/Neptune_2026/Microfluidics-Benchmarks/Results/tree_full_20260915_165225/artifacts/mint__Primitive__Capacitance_Sensor__Capacitance_Sensor_fromMINT/result.json
