$ /home/student/anaconda3/envs/neptune2026/bin/python /home/student/Desktop/Neptune_2026/scripts/run_all_synthesize_timeout_report.py --_worker --algorithm tree --input /home/student/Desktop/Neptune_2026/Microfluidics-Benchmarks/Results/MINT-TestCases/Base/Nonplanar/Nonplanar_fromMINT.json --case-output /home/student/Desktop/Neptune_2026/Microfluidics-Benchmarks/Results/tree_full_20260915_165225/artifacts/mint__Base__Nonplanar__Nonplanar_fromMINT --time-limit 3600.0 --solver-profile standard --mip-gap 0.0
Finish loading test case: Nonplanar_fromMINT
1/9, Finish initial placement, time spent: 1.5735626220703125e-05 s
[0, 800, 800, 'p1', 0] [[400, 0], [800, 400], [400, 800], [0, 400]]
[1, 800, 800, 'p2', 0] [[400, 0], [800, 400], [400, 800], [0, 400]]
[2, 800, 800, 'p3', 0] [[400, 0], [800, 400], [400, 800], [0, 400]]
[3, 800, 800, 'p4', 0] [[400, 0], [800, 400], [400, 800], [0, 400]]
2/9, Finish initial placement with rotation, time spent: 8.296966552734375e-05 s
3/9, Finish symmetricalization, time spent: 1.5497207641601562e-05 s
4/9, Finish routing, time spent: 0.00012421607971191406 s
****************************************************
New valid order that can lead to planar graph found:
[[0], [0], [0], [0]]
****************************************************
--Finish applying new order
--Finish mirroring related components
5/9, Finish initialization of new orders, time spent: 0.0006585121154785156 s
6/9, Finish shortening wirelength, time spent: 5.745887756347656e-05 s
Skip stage7 LP according to user's need
8/9, Finish routing, time spent: 0.00016260147094726562 s
9/9, Finish compaction and connecting ports, time spent: 0.02043008804321289 s
<<<<<<<<<<<<<<<<<<<<<<<<<<<<<< All P&R Done >>>>>>>>>>>>>>>>>>>>>>>>>>>>>>
Total Timeusage: 0.02154707908630371 s
Reordering Timeusage: 0.0006585121154785156 s
LP-based Optimization Timeusage: 0 s
P&R for the new orders: 0.02130866050720215 s
Done. Combined PR JSON: /home/student/Desktop/Neptune_2026/Microfluidics-Benchmarks/Results/tree_full_20260915_165225/artifacts/mint__Base__Nonplanar__Nonplanar_fromMINT/result.json
