$ /home/student/anaconda3/envs/neptune2026/bin/python /home/student/Desktop/Neptune_2026/scripts/run_all_synthesize_timeout_report.py --_worker --algorithm tree --input /home/student/Desktop/Neptune_2026/Microfluidics-Benchmarks/Results/MINT-TestCases/Base/Crossing_V/Crossing_V_fromMINT.json --case-output /home/student/Desktop/Neptune_2026/Microfluidics-Benchmarks/Results/tree_full_20260915_165225/artifacts/mint__Base__Crossing_V__Crossing_V_fromMINT --time-limit 3600.0 --solver-profile standard --mip-gap 0.0
Reversed 9 connection(s) with opposite-port direction conflicts: c1, c2, c3, c4, c5, c6, c7, c8, c9.
Finish loading test case: Crossing_V_fromMINT
1/9, Finish initial placement, time spent: 5.364418029785156e-05 s
[0, 200, 200, 'b1_1', 0] [[100, 0], [200, 100], [100, 200], [0, 100]]
[1, 200, 200, 'b1_2', 0] [[100, 0], [200, 100], [100, 200], [0, 100]]
[2, 200, 200, 'b1_3', 0] [[100, 0], [200, 100], [100, 200], [0, 100]]
[3, 200, 200, 'b2_1', 0] [[100, 0], [200, 100], [100, 200], [0, 100]]
[4, 200, 200, 'b2_2', 0] [[100, 0], [200, 100], [100, 200], [0, 100]]
[5, 200, 200, 'b2_3', 0] [[100, 0], [200, 100], [100, 200], [0, 100]]
[6, 100, 100, 'n1', 0] [[50.0, 0.0], [100.0, 50.0], [50.0, 100.0], [0.0, 50.0]]
[7, 100, 100, 'n2', 0] [[50.0, 0.0], [100.0, 50.0], [50.0, 100.0], [0.0, 50.0]]
[8, 100, 100, 'n3', 0] [[50.0, 0.0], [100.0, 50.0], [50.0, 100.0], [0.0, 50.0]]
[9, 100, 100, 'n4', 0] [[50.0, 0.0], [100.0, 50.0], [50.0, 100.0], [0.0, 50.0]]
[10, 100, 100, 'n5', 0] [[50.0, 0.0], [100.0, 50.0], [50.0, 100.0], [0.0, 50.0]]
[11, 100, 100, 'n6', 0] [[50.0, 0.0], [100.0, 50.0], [50.0, 100.0], [0.0, 50.0]]
2/9, Finish initial placement with rotation, time spent: 0.00026702880859375 s
3/9, Finish symmetricalization, time spent: 2.6464462280273438e-05 s
4/9, Finish routing, time spent: 0.0003058910369873047 s
****************************************************
New valid order that can lead to planar graph found:
[[0], [1, 0], [2, 1, 0], [0, 2, 1], [0, 1], [0]]
****************************************************
--Finish applying new order
--Finish mirroring related components
5/9, Finish initialization of new orders, time spent: 0.003816843032836914 s
6/9, Finish shortening wirelength, time spent: 0.0001385211944580078 s
Skip stage7 LP according to user's need
8/9, Finish routing, time spent: 0.0003955364227294922 s
9/9, Finish compaction and connecting ports, time spent: 0.055826425552368164 s
<<<<<<<<<<<<<<<<<<<<<<<<<<<<<< All P&R Done >>>>>>>>>>>>>>>>>>>>>>>>>>>>>>
Total Timeusage: 0.06083035469055176 s
Reordering Timeusage: 0.003816843032836914 s
LP-based Optimization Timeusage: 0 s
P&R for the new orders: 0.06017732620239258 s
Done. Combined PR JSON: /home/student/Desktop/Neptune_2026/Microfluidics-Benchmarks/Results/tree_full_20260915_165225/artifacts/mint__Base__Crossing_V__Crossing_V_fromMINT/result.json
