$ /home/student/anaconda3/envs/neptune2026/bin/python /home/student/Desktop/Neptune_2026/scripts/run_all_synthesize_timeout_report.py --_worker --algorithm tree --input /home/student/Desktop/Neptune_2026/Microfluidics-Benchmarks/Results/MINT-TestCases/COVID/Gel_Electrophoresis/Gel_Electrophoresis_fromMINT.json --case-output /home/student/Desktop/Neptune_2026/Microfluidics-Benchmarks/Results/tree_full_20260915_165225/artifacts/mint__COVID__Gel_Electrophoresis__Gel_Electrophoresis_fromMINT --time-limit 3600.0 --solver-profile standard --mip-gap 0.0
Reversed 14 connection(s) with opposite-port direction conflicts: channel_1, channel_2, channel_3, channel_4, channel_5, channel_6, channel_7, channel_8, channel_9, channel_10, channel_11, channel_12, channel_13, channel_14.
Finish loading test case: Gel_Electrophoresis_fromMINT
1/9, Finish initial placement, time spent: 2.47955322265625e-05 s
[0, 4060, 4860, 'mixer_1', 0] [[2030, 0], [2030, 4860]]
[1, 4060, 4860, 'mixer_2', 0] [[2030, 0], [2030, 4860]]
[2, 1400, 1400, 'port_1', 0] [[700, 0], [1400, 700], [700, 1400], [0, 700]]
[3, 4060, 4860, 'mixer_3', 0] [[2030, 0], [2030, 4860]]
[4, 4060, 4860, 'mixer_4', 0] [[2030, 0], [2030, 4860]]
[5, 4060, 4860, 'mixer_5', 0] [[2030, 0], [2030, 4860]]
[6, 4060, 4860, 'mixer_6', 0] [[2030, 0], [2030, 4860]]
[7, 1400, 1400, 'port_2', 0] [[700, 0], [1400, 700], [700, 1400], [0, 700]]
[8, 1400, 1400, 'port_3', 0] [[700, 0], [1400, 700], [700, 1400], [0, 700]]
[9, 1400, 1400, 'port_4', 0] [[700, 0], [1400, 700], [700, 1400], [0, 700]]
[10, 1400, 1400, 'port_5', 0] [[700, 0], [1400, 700], [700, 1400], [0, 700]]
[11, 1400, 1400, 'port_6', 0] [[700, 0], [1400, 700], [700, 1400], [0, 700]]
2/9, Finish initial placement with rotation, time spent: 0.00019860267639160156 s
3/9, Finish symmetricalization, time spent: 2.0742416381835938e-05 s
4/9, Finish routing, time spent: 0.00029397010803222656 s
****************************************************
Fail to find valid order; keeping the initial row order
****************************************************
--Finish applying new order
--Finish mirroring related components
5/9, Finish initialization of new orders, time spent: 0.0017421245574951172 s
6/9, Finish shortening wirelength, time spent: 0.00010371208190917969 s
Skip stage7 LP according to user's need
8/9, Finish routing, time spent: 0.00037980079650878906 s
9/9, Finish compaction and connecting ports, time spent: 0.08576560020446777 s
<<<<<<<<<<<<<<<<<<<<<<<<<<<<<< All P&R Done >>>>>>>>>>>>>>>>>>>>>>>>>>>>>>
Total Timeusage: 0.08852934837341309 s
Reordering Timeusage: 0.0017421245574951172 s
LP-based Optimization Timeusage: 0 s
P&R for the new orders: 0.08799123764038086 s
Done. Combined PR JSON: /home/student/Desktop/Neptune_2026/Microfluidics-Benchmarks/Results/tree_full_20260915_165225/artifacts/mint__COVID__Gel_Electrophoresis__Gel_Electrophoresis_fromMINT/result.json
