$ /home/student/anaconda3/envs/neptune2026/bin/python /home/student/Desktop/Neptune_2026/scripts/run_all_synthesize_timeout_report.py --_worker --algorithm tree --input /home/student/Desktop/Neptune_2026/Microfluidics-Benchmarks/Results/MINT-TestCases/Primitive/Tree/Tree_fromMINT.json --case-output /home/student/Desktop/Neptune_2026/Microfluidics-Benchmarks/Results/tree_full_20260915_165225/artifacts/mint__Primitive__Tree__Tree_fromMINT --time-limit 3600.0 --solver-profile standard --mip-gap 0.0
Reversed 5 connection(s) with opposite-port direction conflicts: ci1, co1, co2, co3, c04.
Finish loading test case: Tree_fromMINT
1/9, Finish initial placement, time spent: 2.0265579223632812e-05 s
[0, 2000, 2000, 'p_in', 0] [[1000, 0], [2000, 1000], [1000, 2000], [0, 1000]]
[1, 2000, 2000, 'p_out1', 0] [[1000, 0], [2000, 1000], [1000, 2000], [0, 1000]]
[2, 2000, 2000, 'p_out2', 0] [[1000, 0], [2000, 1000], [1000, 2000], [0, 1000]]
[3, 2000, 2000, 'p_out3', 0] [[1000, 0], [2000, 1000], [1000, 2000], [0, 1000]]
[4, 2000, 2000, 'p_out4', 0] [[1000, 0], [2000, 1000], [1000, 2000], [0, 1000]]
[5, 18800, 13600, 't', 0] [[9400, 0], [18400, 13600], [12400, 13600], [6400, 13600], [400, 13600]]
2/9, Finish initial placement with rotation, time spent: 0.00010824203491210938 s
3/9, Finish symmetricalization, time spent: 1.4781951904296875e-05 s
4/9, Finish routing, time spent: 0.00015616416931152344 s
****************************************************
New valid order that can lead to planar graph found:
[[0], [0], [0, 1, 2, 3]]
****************************************************
--Finish applying new order
--Finish mirroring related components
5/9, Finish initialization of new orders, time spent: 0.0005266666412353516 s
6/9, Finish shortening wirelength, time spent: 5.626678466796875e-05 s
Skip stage7 LP according to user's need
8/9, Finish routing, time spent: 0.00016188621520996094 s
9/9, Finish compaction and connecting ports, time spent: 0.02625870704650879 s
<<<<<<<<<<<<<<<<<<<<<<<<<<<<<< All P&R Done >>>>>>>>>>>>>>>>>>>>>>>>>>>>>>
Total Timeusage: 0.027302980422973633 s
Reordering Timeusage: 0.0005266666412353516 s
LP-based Optimization Timeusage: 0 s
P&R for the new orders: 0.02700352668762207 s
Done. Combined PR JSON: /home/student/Desktop/Neptune_2026/Microfluidics-Benchmarks/Results/tree_full_20260915_165225/artifacts/mint__Primitive__Tree__Tree_fromMINT/result.json
