$ /home/student/anaconda3/envs/neptune2026/bin/python /home/student/Desktop/Neptune_2026/scripts/run_all_synthesize_timeout_report.py --_worker --algorithm tree --input /home/student/Desktop/Neptune_2026/Microfluidics-Benchmarks/Results/MINT-TestCases/CIDAR_Lab_Past_Devices/Kinetics/Kinetics_fromMINT.json --case-output /home/student/Desktop/Neptune_2026/Microfluidics-Benchmarks/Results/tree_full_20260915_165225/artifacts/mint__CIDAR_Lab_Past_Devices__Kinetics__Kinetics_fromMINT --time-limit 3600.0 --solver-profile standard --mip-gap 0.0
Reversed 5 connection(s) with opposite-port direction conflicts: channel_1, channel_2, channel_3, channel_4, channel_5.
Finish loading test case: Kinetics_fromMINT
1/9, Finish initial placement, time spent: 2.0265579223632812e-05 s
[0, 4060, 4860, 'mixer_1', 0] [[2030, 0], [2030, 4860]]
[1, 1400, 1400, 'port_1', 0] [[700, 0], [1400, 700], [700, 1400], [0, 700]]
[2, 4060, 4860, 'mixer_2', 0] [[2030, 0], [2030, 4860]]
[3, 1400, 1400, 'port_2', 0] [[700, 0], [1400, 700], [700, 1400], [0, 700]]
[4, 1400, 1400, 'port_3', 0] [[700, 0], [1400, 700], [700, 1400], [0, 700]]
[5, 1400, 1400, 'port_4', 0] [[700, 0], [1400, 700], [700, 1400], [0, 700]]
2/9, Finish initial placement with rotation, time spent: 0.00013828277587890625 s
3/9, Finish symmetricalization, time spent: 2.1219253540039062e-05 s
4/9, Finish routing, time spent: 0.00018167495727539062 s
****************************************************
New valid order that can lead to planar graph found:
[[0, 1], [0, 1], [0], [0]]
****************************************************
--Finish applying new order
--Finish mirroring related components
5/9, Finish initialization of new orders, time spent: 0.0006442070007324219 s
6/9, Finish shortening wirelength, time spent: 7.557868957519531e-05 s
Skip stage7 LP according to user's need
8/9, Finish routing, time spent: 0.0002129077911376953 s
9/9, Finish compaction and connecting ports, time spent: 0.028255462646484375 s
<<<<<<<<<<<<<<<<<<<<<<<<<<<<<< All P&R Done >>>>>>>>>>>>>>>>>>>>>>>>>>>>>>
Total Timeusage: 0.029549598693847656 s
Reordering Timeusage: 0.0006442070007324219 s
LP-based Optimization Timeusage: 0 s
P&R for the new orders: 0.029188156127929688 s
Done. Combined PR JSON: /home/student/Desktop/Neptune_2026/Microfluidics-Benchmarks/Results/tree_full_20260915_165225/artifacts/mint__CIDAR_Lab_Past_Devices__Kinetics__Kinetics_fromMINT/result.json
