$ /home/student/anaconda3/envs/neptune2026/bin/python /home/student/Desktop/Neptune_2026/scripts/run_all_synthesize_timeout_report.py --_worker --algorithm tree --input /home/student/Desktop/Neptune_2026/Microfluidics-Benchmarks/Results/MINT-TestCases/Distribute_Library/Hv_Storage_Grid_64/Hv_Storage_Grid_64_fromMINT.json --case-output /home/student/Desktop/Neptune_2026/Microfluidics-Benchmarks/Results/tree_full_20260915_165225/artifacts/mint__Distribute_Library__Hv_Storage_Grid_64__Hv_Storage_Grid_64_fromMINT --time-limit 3600.0 --solver-profile standard --mip-gap 0.0
Finish loading test case: Hv_Storage_Grid_64_fromMINT
1/9, Finish initial placement, time spent: 1.6450881958007812e-05 s
[0, 1400, 1400, 'port_1', 0] [[700, 0], [1400, 700], [700, 1400], [0, 700]]
[1, 1400, 1400, 'port_2', 0] [[700, 0], [1400, 700], [700, 1400], [0, 700]]
2/9, Finish initial placement with rotation, time spent: 7.367134094238281e-05 s
3/9, Finish symmetricalization, time spent: 1.5020370483398438e-05 s
4/9, Finish routing, time spent: 7.2479248046875e-05 s
****************************************************
New valid order that can lead to planar graph found:
[[0], [0]]
****************************************************
--Finish applying new order
--Finish mirroring related components
5/9, Finish initialization of new orders, time spent: 0.0004124641418457031 s
6/9, Finish shortening wirelength, time spent: 3.528594970703125e-05 s
Skip stage7 LP according to user's need
8/9, Finish routing, time spent: 0.00011873245239257812 s
9/9, Finish compaction and connecting ports, time spent: 0.012897014617919922 s
<<<<<<<<<<<<<<<<<<<<<<<<<<<<<< All P&R Done >>>>>>>>>>>>>>>>>>>>>>>>>>>>>>
Total Timeusage: 0.013641119003295898 s
Reordering Timeusage: 0.0004124641418457031 s
LP-based Optimization Timeusage: 0 s
P&R for the new orders: 0.013463497161865234 s
Done. Combined PR JSON: /home/student/Desktop/Neptune_2026/Microfluidics-Benchmarks/Results/tree_full_20260915_165225/artifacts/mint__Distribute_Library__Hv_Storage_Grid_64__Hv_Storage_Grid_64_fromMINT/result.json
