$ /home/student/anaconda3/envs/neptune2026/bin/python /home/student/Desktop/Neptune_2026/scripts/run_all_synthesize_timeout_report.py --_worker --algorithm tree --input /home/student/Desktop/Neptune_2026/Microfluidics-Benchmarks/Results/MINT-TestCases/Primitive/Pump_3d/Pump_3d_fromMINT.json --case-output /home/student/Desktop/Neptune_2026/Microfluidics-Benchmarks/Results/tree_full_20260915_165225/artifacts/mint__Primitive__Pump_3d__Pump_3d_fromMINT --time-limit 3600.0 --solver-profile standard --mip-gap 0.0
Finish loading test case: Pump_3d_fromMINT
1/9, Finish initial placement, time spent: 1.5020370483398438e-05 s
[0, 2000, 2000, 'p1', 0] [[1000, 0], [2000, 1000], [1000, 2000], [0, 1000]]
[1, 2000, 2000, 'p2', 0] [[1000, 0], [2000, 1000], [1000, 2000], [0, 1000]]
[2, 2400, 12400, 'pump', 0] [[1200, 0], [1200, 12400], [1200, 1200], [1200, 6200], [1200, 11200]]
2/9, Finish initial placement with rotation, time spent: 8.0108642578125e-05 s
3/9, Finish symmetricalization, time spent: 1.2159347534179688e-05 s
4/9, Finish routing, time spent: 8.296966552734375e-05 s
****************************************************
New valid order that can lead to planar graph found:
[[0], [0, 1]]
****************************************************
--Finish applying new order
--Finish mirroring related components
5/9, Finish initialization of new orders, time spent: 0.0004363059997558594 s
6/9, Finish shortening wirelength, time spent: 3.552436828613281e-05 s
Skip stage7 LP according to user's need
8/9, Finish routing, time spent: 0.00011920928955078125 s
9/9, Finish compaction and connecting ports, time spent: 0.015681743621826172 s
<<<<<<<<<<<<<<<<<<<<<<<<<<<<<< All P&R Done >>>>>>>>>>>>>>>>>>>>>>>>>>>>>>
Total Timeusage: 0.016463041305541992 s
Reordering Timeusage: 0.0004363059997558594 s
LP-based Optimization Timeusage: 0 s
P&R for the new orders: 0.016272783279418945 s
Done. Combined PR JSON: /home/student/Desktop/Neptune_2026/Microfluidics-Benchmarks/Results/tree_full_20260915_165225/artifacts/mint__Primitive__Pump_3d__Pump_3d_fromMINT/result.json
