$ /home/student/anaconda3/envs/neptune2026/bin/python /home/student/Desktop/Neptune_2026/scripts/run_all_synthesize_timeout_report.py --_worker --algorithm tree --input /home/student/Desktop/Neptune_2026/Microfluidics-Benchmarks/Results/MINT-TestCases/Distribute_Library/Hv_Storage_Grid_08/Hv_Storage_Grid_08_fromMINT.json --case-output /home/student/Desktop/Neptune_2026/Microfluidics-Benchmarks/Results/tree_full_20260915_165225/artifacts/mint__Distribute_Library__Hv_Storage_Grid_08__Hv_Storage_Grid_08_fromMINT --time-limit 3600.0 --solver-profile standard --mip-gap 0.0
Finish loading test case: Hv_Storage_Grid_08_fromMINT
1/9, Finish initial placement, time spent: 1.4781951904296875e-05 s
[0, 1400, 1400, 'port_1', 0] [[700, 0], [1400, 700], [700, 1400], [0, 700]]
[1, 1400, 1400, 'port_2', 0] [[700, 0], [1400, 700], [700, 1400], [0, 700]]
2/9, Finish initial placement with rotation, time spent: 6.413459777832031e-05 s
3/9, Finish symmetricalization, time spent: 1.4543533325195312e-05 s
4/9, Finish routing, time spent: 6.914138793945312e-05 s
****************************************************
New valid order that can lead to planar graph found:
[[0], [0]]
****************************************************
--Finish applying new order
--Finish mirroring related components
5/9, Finish initialization of new orders, time spent: 0.0003933906555175781 s
6/9, Finish shortening wirelength, time spent: 3.6716461181640625e-05 s
Skip stage7 LP according to user's need
8/9, Finish routing, time spent: 0.00011873245239257812 s
9/9, Finish compaction and connecting ports, time spent: 0.012587547302246094 s
<<<<<<<<<<<<<<<<<<<<<<<<<<<<<< All P&R Done >>>>>>>>>>>>>>>>>>>>>>>>>>>>>>
Total Timeusage: 0.013298988342285156 s
Reordering Timeusage: 0.0003933906555175781 s
LP-based Optimization Timeusage: 0 s
P&R for the new orders: 0.01313638687133789 s
Done. Combined PR JSON: /home/student/Desktop/Neptune_2026/Microfluidics-Benchmarks/Results/tree_full_20260915_165225/artifacts/mint__Distribute_Library__Hv_Storage_Grid_08__Hv_Storage_Grid_08_fromMINT/result.json
