$ /home/student/anaconda3/envs/neptune2026/bin/python /home/student/Desktop/Neptune_2026/scripts/run_all_synthesize_timeout_report.py --_worker --algorithm tree --input /home/student/Desktop/Neptune_2026/Microfluidics-Benchmarks/Results/MINT-TestCases/COVID/Part_2_Rt_Step/Part_2_Rt_Step_fromMINT.json --case-output /home/student/Desktop/Neptune_2026/Microfluidics-Benchmarks/Results/tree_full_20260915_165225/artifacts/mint__COVID__Part_2_Rt_Step__Part_2_Rt_Step_fromMINT --time-limit 3600.0 --solver-profile standard --mip-gap 0.0
Reversed 7 connection(s) with opposite-port direction conflicts: channel_1, channel_2, channel_3, channel_4, channel_5, channel_6, channel_7.
Finish loading test case: Part_2_Rt_Step_fromMINT
1/9, Finish initial placement, time spent: 2.2411346435546875e-05 s
[0, 4060, 4860, 'mixer_1', 0] [[2030, 0], [2030, 4860]]
[1, 4060, 4860, 'mixer_2', 0] [[2030, 0], [2030, 4860]]
[2, 1400, 1400, 'port_1', 0] [[700, 0], [1400, 700], [700, 1400], [0, 700]]
[3, 4060, 4860, 'mixer_3', 0] [[2030, 0], [2030, 4860]]
[4, 1400, 1400, 'port_2', 0] [[700, 0], [1400, 700], [700, 1400], [0, 700]]
[5, 1400, 1400, 'port_3', 0] [[700, 0], [1400, 700], [700, 1400], [0, 700]]
[6, 1400, 1400, 'port_4', 0] [[700, 0], [1400, 700], [700, 1400], [0, 700]]
[7, 1400, 1400, 'port_5', 0] [[700, 0], [1400, 700], [700, 1400], [0, 700]]
2/9, Finish initial placement with rotation, time spent: 0.0001537799835205078 s
3/9, Finish symmetricalization, time spent: 1.9073486328125e-05 s
4/9, Finish routing, time spent: 0.0001933574676513672 s
****************************************************
New valid order that can lead to planar graph found:
[[0, 2, 1, 3], [0, 1], [0], [0]]
****************************************************
--Finish applying new order
--Finish mirroring related components
5/9, Finish initialization of new orders, time spent: 0.0007474422454833984 s
6/9, Finish shortening wirelength, time spent: 8.034706115722656e-05 s
Skip stage7 LP according to user's need
8/9, Finish routing, time spent: 0.000240325927734375 s
9/9, Finish compaction and connecting ports, time spent: 0.03220868110656738 s
<<<<<<<<<<<<<<<<<<<<<<<<<<<<<< All P&R Done >>>>>>>>>>>>>>>>>>>>>>>>>>>>>>
Total Timeusage: 0.03366541862487793 s
Reordering Timeusage: 0.0007474422454833984 s
LP-based Optimization Timeusage: 0 s
P&R for the new orders: 0.03327679634094238 s
Done. Combined PR JSON: /home/student/Desktop/Neptune_2026/Microfluidics-Benchmarks/Results/tree_full_20260915_165225/artifacts/mint__COVID__Part_2_Rt_Step__Part_2_Rt_Step_fromMINT/result.json
