$ /home/student/anaconda3/envs/neptune2026/bin/python /home/student/Desktop/Neptune_2026/scripts/run_all_synthesize_timeout_report.py --_worker --algorithm tree --input /home/student/Desktop/Neptune_2026/Microfluidics-Benchmarks/Results/MINT-TestCases/Primitive/Transposer/Transposer_fromMINT.json --case-output /home/student/Desktop/Neptune_2026/Microfluidics-Benchmarks/Results/tree_full_20260915_165225/artifacts/mint__Primitive__Transposer__Transposer_fromMINT --time-limit 3600.0 --solver-profile standard --mip-gap 0.0
Finish loading test case: Transposer_fromMINT
1/9, Finish initial placement, time spent: 1.621246337890625e-05 s
[0, 2000, 2000, 'p1', 0] [[1000, 0], [2000, 1000], [1000, 2000], [0, 1000]]
[1, 2000, 2000, 'p2', 0] [[1000, 0], [2000, 1000], [1000, 2000], [0, 1000]]
[2, 2000, 2000, 'p3', 0] [[1000, 0], [2000, 1000], [1000, 2000], [0, 1000]]
[3, 2000, 2000, 'p4', 0] [[1000, 0], [2000, 1000], [1000, 2000], [0, 1000]]
[4, 14350, 13500, 't', 0] [[2650, 2650], [12550, 2650], [2650, 10850], [12550, 10850], [0, 6750], [14350, 6750]]
2/9, Finish initial placement with rotation, time spent: 9.417533874511719e-05 s
3/9, Finish symmetricalization, time spent: 1.4543533325195312e-05 s
4/9, Finish routing, time spent: 0.000102996826171875 s
****************************************************
New valid order that can lead to planar graph found:
[[0], [0, 1, 2, 3]]
****************************************************
--Finish applying new order
--Finish mirroring related components
5/9, Finish initialization of new orders, time spent: 0.0005815029144287109 s
6/9, Finish shortening wirelength, time spent: 5.0067901611328125e-05 s
Skip stage7 LP according to user's need
8/9, Finish routing, time spent: 0.00013899803161621094 s
9/9, Finish compaction and connecting ports, time spent: 0.02355027198791504 s
<<<<<<<<<<<<<<<<<<<<<<<<<<<<<< All P&R Done >>>>>>>>>>>>>>>>>>>>>>>>>>>>>>
Total Timeusage: 0.024548768997192383 s
Reordering Timeusage: 0.0005815029144287109 s
LP-based Optimization Timeusage: 0 s
P&R for the new orders: 0.02432084083557129 s
Done. Combined PR JSON: /home/student/Desktop/Neptune_2026/Microfluidics-Benchmarks/Results/tree_full_20260915_165225/artifacts/mint__Primitive__Transposer__Transposer_fromMINT/result.json
