$ /home/student/anaconda3/envs/neptune2026/bin/python /home/student/Desktop/Neptune_2026/scripts/run_all_synthesize_timeout_report.py --_worker --algorithm tree --input /home/student/Desktop/Neptune_2026/Microfluidics-Benchmarks/Results/MINT-TestCases/Distribute_Library/Transposer_08/Transposer_08_fromMINT.json --case-output /home/student/Desktop/Neptune_2026/Microfluidics-Benchmarks/Results/tree_full_20260915_165225/artifacts/mint__Distribute_Library__Transposer_08__Transposer_08_fromMINT --time-limit 3600.0 --solver-profile standard --mip-gap 0.0
Finish loading test case: Transposer_08_fromMINT
1/9, Finish initial placement, time spent: 1.33514404296875e-05 s
[0, 1400, 1400, 'port_1', 0] [[700, 0], [1400, 700], [700, 1400], [0, 700]]
[1, 1400, 1400, 'port_2', 0] [[700, 0], [1400, 700], [700, 1400], [0, 700]]
2/9, Finish initial placement with rotation, time spent: 5.316734313964844e-05 s
3/9, Finish symmetricalization, time spent: 1.1920928955078125e-05 s
4/9, Finish routing, time spent: 5.340576171875e-05 s
****************************************************
New valid order that can lead to planar graph found:
[[0], [0]]
****************************************************
--Finish applying new order
--Finish mirroring related components
5/9, Finish initialization of new orders, time spent: 0.0002949237823486328 s
6/9, Finish shortening wirelength, time spent: 2.6702880859375e-05 s
Skip stage7 LP according to user's need
8/9, Finish routing, time spent: 8.654594421386719e-05 s
9/9, Finish compaction and connecting ports, time spent: 0.01179051399230957 s
<<<<<<<<<<<<<<<<<<<<<<<<<<<<<< All P&R Done >>>>>>>>>>>>>>>>>>>>>>>>>>>>>>
Total Timeusage: 0.01233053207397461 s
Reordering Timeusage: 0.0002949237823486328 s
LP-based Optimization Timeusage: 0 s
P&R for the new orders: 0.012198686599731445 s
Done. Combined PR JSON: /home/student/Desktop/Neptune_2026/Microfluidics-Benchmarks/Results/tree_full_20260915_165225/artifacts/mint__Distribute_Library__Transposer_08__Transposer_08_fromMINT/result.json
