$ /home/student/anaconda3/envs/neptune2026/bin/python /home/student/Desktop/Neptune_2026/scripts/run_all_synthesize_timeout_report.py --_worker --algorithm tree --input /home/student/Desktop/Neptune_2026/Microfluidics-Benchmarks/Results/MINT-TestCases/Primitive/Gradient_Generator/Gradient_Generator_fromMINT.json --case-output /home/student/Desktop/Neptune_2026/Microfluidics-Benchmarks/Results/tree_full_20260915_165225/artifacts/mint__Primitive__Gradient_Generator__Gradient_Generator_fromMINT --time-limit 3600.0 --solver-profile standard --mip-gap 0.0
Reversed 5 connection(s) with opposite-port direction conflicts: ci1, co1, co2, co3, c04.
Finish loading test case: Gradient_Generator_fromMINT
1/9, Finish initial placement, time spent: 1.71661376953125e-05 s
[0, 2000, 2000, 'p_in', 0] [[1000, 0], [2000, 1000], [1000, 2000], [0, 1000]]
[1, 2000, 2000, 'p_out1', 0] [[1000, 0], [2000, 1000], [1000, 2000], [0, 1000]]
[2, 2000, 2000, 'p_out2', 0] [[1000, 0], [2000, 1000], [1000, 2000], [0, 1000]]
[3, 2000, 2000, 'p_out3', 0] [[1000, 0], [2000, 1000], [1000, 2000], [0, 1000]]
[4, 2000, 2000, 'p_out4', 0] [[1000, 0], [2000, 1000], [1000, 2000], [0, 1000]]
[5, 34060, 33280, 'g', 0] [[17030, 0], [2030, 33280], [12030, 33280], [22030, 33280], [32030, 33280]]
2/9, Finish initial placement with rotation, time spent: 0.000110626220703125 s
3/9, Finish symmetricalization, time spent: 1.5020370483398438e-05 s
4/9, Finish routing, time spent: 0.0001399517059326172 s
****************************************************
New valid order that can lead to planar graph found:
[[0], [0], [0, 1, 2, 3]]
****************************************************
--Finish applying new order
--Finish mirroring related components
5/9, Finish initialization of new orders, time spent: 0.0005316734313964844 s
6/9, Finish shortening wirelength, time spent: 5.555152893066406e-05 s
Skip stage7 LP according to user's need
8/9, Finish routing, time spent: 0.0001647472381591797 s
9/9, Finish compaction and connecting ports, time spent: 0.02646613121032715 s
<<<<<<<<<<<<<<<<<<<<<<<<<<<<<< All P&R Done >>>>>>>>>>>>>>>>>>>>>>>>>>>>>>
Total Timeusage: 0.02750086784362793 s
Reordering Timeusage: 0.0005316734313964844 s
LP-based Optimization Timeusage: 0 s
P&R for the new orders: 0.027218103408813477 s
Done. Combined PR JSON: /home/student/Desktop/Neptune_2026/Microfluidics-Benchmarks/Results/tree_full_20260915_165225/artifacts/mint__Primitive__Gradient_Generator__Gradient_Generator_fromMINT/result.json
