$ /home/student/anaconda3/envs/neptune2026/bin/python /home/student/Desktop/Neptune_2026/scripts/run_all_synthesize_timeout_report.py --_worker --algorithm tree --input /home/student/Desktop/Neptune_2026/Microfluidics-Benchmarks/Results/MINT-TestCases/Base/Super_Mux_4/Super_Mux_4_fromMINT.json --case-output /home/student/Desktop/Neptune_2026/Microfluidics-Benchmarks/Results/tree_full_20260915_165225/artifacts/mint__Base__Super_Mux_4__Super_Mux_4_fromMINT --time-limit 3600.0 --solver-profile standard --mip-gap 0.0
Reversed 1 connection(s) with opposite-port direction conflicts: c_out.
Finish loading test case: Super_Mux_4_fromMINT
1/9, Finish initial placement, time spent: 1.8358230590820312e-05 s
[0, 14800, 10000, 'mux_4', 0] [[7400.0, 0.0], [13400.0, 10000.0], [9400.0, 10000.0], [5400.0, 10000.0], [1400.0, 10000.0], [0.0, 4750.0], [14800.0, 5250.0], [0.0, 8250.0], [14800.0, 8750.0]]
[1, 2000, 2000, 'port_out', 0] [[1000, 0], [2000, 1000], [1000, 2000], [0, 1000]]
[2, 2000, 2000, 'port_in_1', 0] [[1000, 0], [2000, 1000], [1000, 2000], [0, 1000]]
[3, 2000, 2000, 'port_in_2', 0] [[1000, 0], [2000, 1000], [1000, 2000], [0, 1000]]
[4, 2000, 2000, 'port_in_3', 0] [[1000, 0], [2000, 1000], [1000, 2000], [0, 1000]]
[5, 2000, 2000, 'port_in_4', 0] [[1000, 0], [2000, 1000], [1000, 2000], [0, 1000]]
2/9, Finish initial placement with rotation, time spent: 0.00013518333435058594 s
3/9, Finish symmetricalization, time spent: 1.5974044799804688e-05 s
4/9, Finish routing, time spent: 0.0001704692840576172 s
****************************************************
New valid order that can lead to planar graph found:
[[0], [0], [0, 1, 2, 3]]
****************************************************
--Finish applying new order
--Finish mirroring related components
5/9, Finish initialization of new orders, time spent: 0.0007231235504150391 s
6/9, Finish shortening wirelength, time spent: 6.4849853515625e-05 s
Skip stage7 LP according to user's need
8/9, Finish routing, time spent: 0.00019359588623046875 s
9/9, Finish compaction and connecting ports, time spent: 0.029787302017211914 s
<<<<<<<<<<<<<<<<<<<<<<<<<<<<<< All P&R Done >>>>>>>>>>>>>>>>>>>>>>>>>>>>>>
Total Timeusage: 0.031108856201171875 s
Reordering Timeusage: 0.0007231235504150391 s
LP-based Optimization Timeusage: 0 s
P&R for the new orders: 0.030768871307373047 s
Done. Combined PR JSON: /home/student/Desktop/Neptune_2026/Microfluidics-Benchmarks/Results/tree_full_20260915_165225/artifacts/mint__Base__Super_Mux_4__Super_Mux_4_fromMINT/result.json
