$ /home/student/anaconda3/envs/neptune2026/bin/python /home/student/Desktop/Neptune_2026/scripts/run_all_synthesize_timeout_report.py --_worker --algorithm tree --input /home/student/Desktop/Neptune_2026/Microfluidics-Benchmarks/Results/MINT-TestCases/Expressions/Expression_13/Expression_13_fromMINT.json --case-output /home/student/Desktop/Neptune_2026/Microfluidics-Benchmarks/Results/tree_full_20260915_165225/artifacts/mint__Expressions__Expression_13__Expression_13_fromMINT --time-limit 3600.0 --solver-profile standard --mip-gap 0.0
Reversed 2 connection(s) with opposite-port direction conflicts: channel_1, channel_2.
Finish loading test case: Expression_13_fromMINT
1/9, Finish initial placement, time spent: 1.4543533325195312e-05 s
[0, 6000, 8000, 'droplet_splitter_1', 0] [[0, 4000], [5500, 0], [5000, 8000]]
[1, 1400, 1400, 'port_1', 0] [[700, 0], [1400, 700], [700, 1400], [0, 700]]
[2, 1400, 1400, 'port_2', 0] [[700, 0], [1400, 700], [700, 1400], [0, 700]]
[3, 1400, 1400, 'port_3', 0] [[700, 0], [1400, 700], [700, 1400], [0, 700]]
2/9, Finish initial placement with rotation, time spent: 7.987022399902344e-05 s
3/9, Finish symmetricalization, time spent: 1.2874603271484375e-05 s
4/9, Finish routing, time spent: 0.00010943412780761719 s
****************************************************
New valid order that can lead to planar graph found:
[[0], [2, 0, 1]]
****************************************************
--Finish applying new order
--Finish mirroring related components
5/9, Finish initialization of new orders, time spent: 0.0004558563232421875 s
6/9, Finish shortening wirelength, time spent: 3.8623809814453125e-05 s
Skip stage7 LP according to user's need
8/9, Finish routing, time spent: 0.00014162063598632812 s
9/9, Finish compaction and connecting ports, time spent: 0.01869988441467285 s
<<<<<<<<<<<<<<<<<<<<<<<<<<<<<< All P&R Done >>>>>>>>>>>>>>>>>>>>>>>>>>>>>>
Total Timeusage: 0.01955270767211914 s
Reordering Timeusage: 0.0004558563232421875 s
LP-based Optimization Timeusage: 0 s
P&R for the new orders: 0.01933598518371582 s
Done. Combined PR JSON: /home/student/Desktop/Neptune_2026/Microfluidics-Benchmarks/Results/tree_full_20260915_165225/artifacts/mint__Expressions__Expression_13__Expression_13_fromMINT/result.json
