$ /home/student/anaconda3/envs/neptune2026/bin/python /home/student/Desktop/Neptune_2026/scripts/run_all_synthesize_timeout_report.py --_worker --algorithm tree --input /home/student/Desktop/Neptune_2026/Microfluidics-Benchmarks/Results/MINT-TestCases/Primitive/Curved_Mixer/Curved_Mixer_fromMINT.json --case-output /home/student/Desktop/Neptune_2026/Microfluidics-Benchmarks/Results/tree_full_20260915_165225/artifacts/mint__Primitive__Curved_Mixer__Curved_Mixer_fromMINT --time-limit 3600.0 --solver-profile standard --mip-gap 0.0
Reversed 2 connection(s) with opposite-port direction conflicts: c1, c2.
Finish loading test case: Curved_Mixer_fromMINT
1/9, Finish initial placement, time spent: 1.3828277587890625e-05 s
[0, 2000, 2000, 'p1', 0] [[1000, 0], [2000, 1000], [1000, 2000], [0, 1000]]
[1, 2000, 2000, 'p2', 0] [[1000, 0], [2000, 1000], [1000, 2000], [0, 1000]]
[2, 5290, 4860, 'm1', 0] [[2645, 0], [2645, 4860]]
2/9, Finish initial placement with rotation, time spent: 6.818771362304688e-05 s
3/9, Finish symmetricalization, time spent: 1.3828277587890625e-05 s
4/9, Finish routing, time spent: 9.322166442871094e-05 s
****************************************************
New valid order that can lead to planar graph found:
[[0], [0], [0]]
****************************************************
--Finish applying new order
--Finish mirroring related components
5/9, Finish initialization of new orders, time spent: 0.0003802776336669922 s
6/9, Finish shortening wirelength, time spent: 3.8623809814453125e-05 s
Skip stage7 LP according to user's need
8/9, Finish routing, time spent: 0.0001366138458251953 s
9/9, Finish compaction and connecting ports, time spent: 0.014901876449584961 s
<<<<<<<<<<<<<<<<<<<<<<<<<<<<<< All P&R Done >>>>>>>>>>>>>>>>>>>>>>>>>>>>>>
Total Timeusage: 0.01564645767211914 s
Reordering Timeusage: 0.0003802776336669922 s
LP-based Optimization Timeusage: 0 s
P&R for the new orders: 0.015457391738891602 s
Done. Combined PR JSON: /home/student/Desktop/Neptune_2026/Microfluidics-Benchmarks/Results/tree_full_20260915_165225/artifacts/mint__Primitive__Curved_Mixer__Curved_Mixer_fromMINT/result.json
