$ /home/student/anaconda3/envs/neptune2026/bin/python /home/student/Desktop/Neptune_2026/scripts/run_all_synthesize_timeout_report.py --_worker --algorithm tree --input /home/student/Desktop/Neptune_2026/Microfluidics-Benchmarks/Results/MINT-TestCases/Technology_Mapping/Tree_Fanout_Mapping_3/Tree_Fanout_Mapping_3_fromMINT.json --case-output /home/student/Desktop/Neptune_2026/Microfluidics-Benchmarks/Results/tree_full_20260915_165225/artifacts/mint__Technology_Mapping__Tree_Fanout_Mapping_3__Tree_Fanout_Mapping_3_fromMINT --time-limit 3600.0 --solver-profile standard --mip-gap 0.0
Reversed 9 connection(s) with opposite-port direction conflicts: channel_1, channel_2, channel_3, channel_4, channel_5, channel_6, channel_7, channel_8, channel_9.
Finish loading test case: Tree_Fanout_Mapping_3_fromMINT
1/9, Finish initial placement, time spent: 1.9311904907226562e-05 s
[0, 49, 20, 'ytree_1', 0] [[24, 0], [46, 20], [40, 20], [33, 20], [27, 20], [21, 20], [15, 20], [8, 20], [2, 20]]
[1, 1400, 1400, 'port_1', 0] [[700, 0], [1400, 700], [700, 1400], [0, 700]]
[2, 1400, 1400, 'port_2', 0] [[700, 0], [1400, 700], [700, 1400], [0, 700]]
[3, 1400, 1400, 'port_3', 0] [[700, 0], [1400, 700], [700, 1400], [0, 700]]
[4, 1400, 1400, 'port_4', 0] [[700, 0], [1400, 700], [700, 1400], [0, 700]]
[5, 1400, 1400, 'port_5', 0] [[700, 0], [1400, 700], [700, 1400], [0, 700]]
[6, 1400, 1400, 'port_6', 0] [[700, 0], [1400, 700], [700, 1400], [0, 700]]
[7, 1400, 1400, 'port_7', 0] [[700, 0], [1400, 700], [700, 1400], [0, 700]]
[8, 1400, 1400, 'port_8', 0] [[700, 0], [1400, 700], [700, 1400], [0, 700]]
[9, 1400, 1400, 'port_9', 0] [[700, 0], [1400, 700], [700, 1400], [0, 700]]
2/9, Finish initial placement with rotation, time spent: 0.0001537799835205078 s
3/9, Finish symmetricalization, time spent: 1.5735626220703125e-05 s
4/9, Finish routing, time spent: 0.00021529197692871094 s
****************************************************
New valid order that can lead to planar graph found:
[[0], [0, 1, 2, 3, 4, 5, 6, 7, 8]]
****************************************************
--Finish applying new order
--Finish mirroring related components
5/9, Finish initialization of new orders, time spent: 0.0007922649383544922 s
6/9, Finish shortening wirelength, time spent: 5.2928924560546875e-05 s
Skip stage7 LP according to user's need
8/9, Finish routing, time spent: 0.0002803802490234375 s
9/9, Finish compaction and connecting ports, time spent: 0.06692981719970703 s
<<<<<<<<<<<<<<<<<<<<<<<<<<<<<< All P&R Done >>>>>>>>>>>>>>>>>>>>>>>>>>>>>>
Total Timeusage: 0.06845951080322266 s
Reordering Timeusage: 0.0007922649383544922 s
LP-based Optimization Timeusage: 0 s
P&R for the new orders: 0.06805539131164551 s
Done. Combined PR JSON: /home/student/Desktop/Neptune_2026/Microfluidics-Benchmarks/Results/tree_full_20260915_165225/artifacts/mint__Technology_Mapping__Tree_Fanout_Mapping_3__Tree_Fanout_Mapping_3_fromMINT/result.json
