$ /home/student/anaconda3/envs/neptune2026/bin/python /home/student/Desktop/Neptune_2026/scripts/run_all_synthesize_timeout_report.py --_worker --algorithm tree --input /home/student/Desktop/Neptune_2026/Microfluidics-Benchmarks/Results/MINT-TestCases/Base/Node_Long_Cell_Trap_02/Node_Long_Cell_Trap_02_fromMINT.json --case-output /home/student/Desktop/Neptune_2026/Microfluidics-Benchmarks/Results/tree_full_20260915_165225/artifacts/mint__Base__Node_Long_Cell_Trap_02__Node_Long_Cell_Trap_02_fromMINT --time-limit 3600.0 --solver-profile standard --mip-gap 0.0
Reversed 3 connection(s) with opposite-port direction conflicts: c1, c3, c4.
Finish loading test case: Node_Long_Cell_Trap_02_fromMINT
1/9, Finish initial placement, time spent: 3.314018249511719e-05 s
[0, 1000, 1000, 'p1', 0] [[500, 0], [1000, 500], [500, 1000], [0, 500]]
[1, 1000, 1000, 'p2', 0] [[500, 0], [1000, 500], [500, 1000], [0, 500]]
[2, 1000, 1000, 'p3', 0] [[500, 0], [1000, 500], [500, 1000], [0, 500]]
[3, 500, 500, 'n1', 0] [[250.0, 0.0], [500.0, 250.0], [250.0, 500.0], [0.0, 250.0]]
[4, 3100, 1500, 'ct1', 0] [[0, 750], [3100, 750]]
2/9, Finish initial placement with rotation, time spent: 0.0001304149627685547 s
3/9, Finish symmetricalization, time spent: 1.9073486328125e-05 s
4/9, Finish routing, time spent: 0.00015544891357421875 s
****************************************************
New valid order that can lead to planar graph found:
[[0], [0], [1, 0], [0]]
****************************************************
--Finish applying new order
--Finish mirroring related components
5/9, Finish initialization of new orders, time spent: 0.0007066726684570312 s
6/9, Finish shortening wirelength, time spent: 6.771087646484375e-05 s
Skip stage7 LP according to user's need
8/9, Finish routing, time spent: 0.00022673606872558594 s
9/9, Finish compaction and connecting ports, time spent: 0.024208545684814453 s
<<<<<<<<<<<<<<<<<<<<<<<<<<<<<< All P&R Done >>>>>>>>>>>>>>>>>>>>>>>>>>>>>>
Total Timeusage: 0.02554774284362793 s
Reordering Timeusage: 0.0007066726684570312 s
LP-based Optimization Timeusage: 0 s
P&R for the new orders: 0.025209665298461914 s
Done. Combined PR JSON: /home/student/Desktop/Neptune_2026/Microfluidics-Benchmarks/Results/tree_full_20260915_165225/artifacts/mint__Base__Node_Long_Cell_Trap_02__Node_Long_Cell_Trap_02_fromMINT/result.json
