$ /home/student/anaconda3/envs/neptune2026/bin/python /home/student/Desktop/Neptune_2026/scripts/run_all_synthesize_timeout_report.py --_worker --algorithm tree --input /home/student/Desktop/Neptune_2026/Microfluidics-Benchmarks/Results/MINT-TestCases/Distribute_Library/Mux_64_In/Mux_64_In_fromMINT.json --case-output /home/student/Desktop/Neptune_2026/Microfluidics-Benchmarks/Results/tree_full_20260915_165225/artifacts/mint__Distribute_Library__Mux_64_In__Mux_64_In_fromMINT --time-limit 3600.0 --solver-profile standard --mip-gap 0.0
Finish loading test case: Mux_64_In_fromMINT
1/9, Finish initial placement, time spent: 0.0004127025604248047 s
[0, 1400, 1400, 'port_1', 0] [[700, 0], [1400, 700], [700, 1400], [0, 700]]
[1, 1400, 1400, 'port_2', 0] [[700, 0], [1400, 700], [700, 1400], [0, 700]]
[2, 1400, 1400, 'port_3', 0] [[700, 0], [1400, 700], [700, 1400], [0, 700]]
[3, 1400, 1400, 'port_4', 0] [[700, 0], [1400, 700], [700, 1400], [0, 700]]
[4, 1400, 1400, 'port_5', 0] [[700, 0], [1400, 700], [700, 1400], [0, 700]]
[5, 1400, 1400, 'port_6', 0] [[700, 0], [1400, 700], [700, 1400], [0, 700]]
[6, 1400, 1400, 'port_7', 0] [[700, 0], [1400, 700], [700, 1400], [0, 700]]
[7, 1400, 1400, 'port_8', 0] [[700, 0], [1400, 700], [700, 1400], [0, 700]]
[8, 1400, 1400, 'port_9', 0] [[700, 0], [1400, 700], [700, 1400], [0, 700]]
[9, 1400, 1400, 'port_10', 0] [[700, 0], [1400, 700], [700, 1400], [0, 700]]
[10, 1400, 1400, 'port_11', 0] [[700, 0], [1400, 700], [700, 1400], [0, 700]]
[11, 1400, 1400, 'port_12', 0] [[700, 0], [1400, 700], [700, 1400], [0, 700]]
[12, 1400, 1400, 'port_13', 0] [[700, 0], [1400, 700], [700, 1400], [0, 700]]
[13, 1400, 1400, 'port_14', 0] [[700, 0], [1400, 700], [700, 1400], [0, 700]]
[14, 1400, 1400, 'port_15', 0] [[700, 0], [1400, 700], [700, 1400], [0, 700]]
[15, 1400, 1400, 'port_16', 0] [[700, 0], [1400, 700], [700, 1400], [0, 700]]
[16, 1400, 1400, 'port_17', 0] [[700, 0], [1400, 700], [700, 1400], [0, 700]]
[17, 1400, 1400, 'port_18', 0] [[700, 0], [1400, 700], [700, 1400], [0, 700]]
[18, 1400, 1400, 'port_19', 0] [[700, 0], [1400, 700], [700, 1400], [0, 700]]
[19, 1400, 1400, 'port_20', 0] [[700, 0], [1400, 700], [700, 1400], [0, 700]]
[20, 1400, 1400, 'port_21', 0] [[700, 0], [1400, 700], [700, 1400], [0, 700]]
[21, 1400, 1400, 'port_22', 0] [[700, 0], [1400, 700], [700, 1400], [0, 700]]
[22, 1400, 1400, 'port_23', 0] [[700, 0], [1400, 700], [700, 1400], [0, 700]]
[23, 1400, 1400, 'port_24', 0] [[700, 0], [1400, 700], [700, 1400], [0, 700]]
[24, 1400, 1400, 'port_25', 0] [[700, 0], [1400, 700], [700, 1400], [0, 700]]
[25, 1400, 1400, 'port_26', 0] [[700, 0], [1400, 700], [700, 1400], [0, 700]]
[26, 1400, 1400, 'port_27', 0] [[700, 0], [1400, 700], [700, 1400], [0, 700]]
[27, 1400, 1400, 'port_28', 0] [[700, 0], [1400, 700], [700, 1400], [0, 700]]
[28, 1400, 1400, 'port_29', 0] [[700, 0], [1400, 700], [700, 1400], [0, 700]]
[29, 1400, 1400, 'port_30', 0] [[700, 0], [1400, 700], [700, 1400], [0, 700]]
[30, 1400, 1400, 'port_31', 0] [[700, 0], [1400, 700], [700, 1400], [0, 700]]
[31, 1400, 1400, 'port_32', 0] [[700, 0], [1400, 700], [700, 1400], [0, 700]]
[32, 1400, 1400, 'port_33', 0] [[700, 0], [1400, 700], [700, 1400], [0, 700]]
[33, 1400, 1400, 'port_34', 0] [[700, 0], [1400, 700], [700, 1400], [0, 700]]
[34, 1400, 1400, 'port_35', 0] [[700, 0], [1400, 700], [700, 1400], [0, 700]]
[35, 1400, 1400, 'port_36', 0] [[700, 0], [1400, 700], [700, 1400], [0, 700]]
[36, 1400, 1400, 'port_37', 0] [[700, 0], [1400, 700], [700, 1400], [0, 700]]
[37, 1400, 1400, 'port_38', 0] [[700, 0], [1400, 700], [700, 1400], [0, 700]]
[38, 1400, 1400, 'port_39', 0] [[700, 0], [1400, 700], [700, 1400], [0, 700]]
[39, 1400, 1400, 'port_40', 0] [[700, 0], [1400, 700], [700, 1400], [0, 700]]
[40, 1400, 1400, 'port_41', 0] [[700, 0], [1400, 700], [700, 1400], [0, 700]]
[41, 1400, 1400, 'port_42', 0] [[700, 0], [1400, 700], [700, 1400], [0, 700]]
[42, 1400, 1400, 'port_43', 0] [[700, 0], [1400, 700], [700, 1400], [0, 700]]
[43, 1400, 1400, 'port_44', 0] [[700, 0], [1400, 700], [700, 1400], [0, 700]]
[44, 1400, 1400, 'port_45', 0] [[700, 0], [1400, 700], [700, 1400], [0, 700]]
[45, 1400, 1400, 'port_46', 0] [[700, 0], [1400, 700], [700, 1400], [0, 700]]
[46, 1400, 1400, 'port_47', 0] [[700, 0], [1400, 700], [700, 1400], [0, 700]]
[47, 1400, 1400, 'port_48', 0] [[700, 0], [1400, 700], [700, 1400], [0, 700]]
[48, 1400, 1400, 'port_49', 0] [[700, 0], [1400, 700], [700, 1400], [0, 700]]
[49, 1400, 1400, 'port_50', 0] [[700, 0], [1400, 700], [700, 1400], [0, 700]]
[50, 1400, 1400, 'port_51', 0] [[700, 0], [1400, 700], [700, 1400], [0, 700]]
[51, 1400, 1400, 'port_52', 0] [[700, 0], [1400, 700], [700, 1400], [0, 700]]
[52, 1400, 1400, 'port_53', 0] [[700, 0], [1400, 700], [700, 1400], [0, 700]]
[53, 1400, 1400, 'port_54', 0] [[700, 0], [1400, 700], [700, 1400], [0, 700]]
[54, 1400, 1400, 'port_55', 0] [[700, 0], [1400, 700], [700, 1400], [0, 700]]
[55, 1400, 1400, 'port_56', 0] [[700, 0], [1400, 700], [700, 1400], [0, 700]]
[56, 1400, 1400, 'port_57', 0] [[700, 0], [1400, 700], [700, 1400], [0, 700]]
[57, 1400, 1400, 'port_58', 0] [[700, 0], [1400, 700], [700, 1400], [0, 700]]
[58, 1400, 1400, 'port_59', 0] [[700, 0], [1400, 700], [700, 1400], [0, 700]]
[59, 1400, 1400, 'port_60', 0] [[700, 0], [1400, 700], [700, 1400], [0, 700]]
[60, 1400, 1400, 'port_61', 0] [[700, 0], [1400, 700], [700, 1400], [0, 700]]
[61, 1400, 1400, 'port_62', 0] [[700, 0], [1400, 700], [700, 1400], [0, 700]]
[62, 1400, 1400, 'port_63', 0] [[700, 0], [1400, 700], [700, 1400], [0, 700]]
[63, 1400, 1400, 'port_64', 0] [[700, 0], [1400, 700], [700, 1400], [0, 700]]
[64, 1400, 1400, 'port_65', 0] [[700, 0], [1400, 700], [700, 1400], [0, 700]]
2/9, Finish initial placement with rotation, time spent: 0.001531839370727539 s
3/9, Finish symmetricalization, time spent: 3.6716461181640625e-05 s
4/9, Finish routing, time spent: 0.0033316612243652344 s
****************************************************
New valid order that can lead to planar graph found:
[[0, 1, 2, 3, 4, 5, 6, 7, 8, 9, 10, 11, 12, 13, 14, 15, 16, 17, 18, 19, 20, 21, 22, 23, 24, 25, 26, 27, 28, 29, 30, 31, 32, 33, 34, 35, 36, 37, 38, 39, 40, 41, 42, 43, 44, 45, 46, 47, 48, 49, 50, 51, 52, 53, 54, 55, 56, 57, 58, 59, 60, 61, 62, 63], [0]]
****************************************************
--Finish applying new order
--Finish mirroring related components
5/9, Finish initialization of new orders, time spent: 0.004709959030151367 s
6/9, Finish shortening wirelength, time spent: 0.00021839141845703125 s
Skip stage7 LP according to user's need
8/9, Finish routing, time spent: 0.003857851028442383 s
9/9, Finish compaction and connecting ports, time spent: 0.24489784240722656 s
<<<<<<<<<<<<<<<<<<<<<<<<<<<<<< All P&R Done >>>>>>>>>>>>>>>>>>>>>>>>>>>>>>
Total Timeusage: 0.25899696350097656 s
Reordering Timeusage: 0.004709959030151367 s
LP-based Optimization Timeusage: 0 s
P&R for the new orders: 0.25368404388427734 s
Cannot finish valid layer-1 synthesis for:
- reason=routing:fallback_no_compliant_valve_escape valve=valve_0 flow_connection=channel_42 control_port=Cport_0
- reason=routing:fallback_no_compliant_valve_escape valve=valve_1 flow_connection=channel_6 control_port=Cport_1
- reason=routing:fallback_no_compliant_valve_escape valve=valve_8 flow_connection=channel_43 control_port=Cport_8
- reason=routing:fallback_no_compliant_valve_escape valve=valve_10 flow_connection=channel_55 control_port=Cport_10
- reason=routing:fallback_no_compliant_valve_escape valve=valve_11 flow_connection=channel_34 control_port=Cport_11
- reason=routing:fallback_no_compliant_valve_escape valve=valve_17 flow_connection=channel_31 control_port=Cport_17
- reason=routing:fallback_no_compliant_valve_escape valve=valve_20 flow_connection=channel_7 control_port=Cport_20
- reason=routing:fallback_no_compliant_valve_escape valve=valve_25 flow_connection=channel_54 control_port=Cport_25
- reason=routing:fallback_no_compliant_valve_escape valve=valve_44 flow_connection=channel_30 control_port=Cport_44
- reason=routing:fallback_no_compliant_valve_escape valve=valve_52 flow_connection=channel_19 control_port=Cport_52
- reason=routing:fallback_no_compliant_valve_escape valve=valve_59 flow_connection=channel_18 control_port=Cport_59
Done. Combined PR JSON: /home/student/Desktop/Neptune_2026/Microfluidics-Benchmarks/Results/tree_full_20260915_165225/artifacts/mint__Distribute_Library__Mux_64_In__Mux_64_In_fromMINT/result.json
