$ /home/student/anaconda3/envs/neptune2026/bin/python /home/student/Desktop/Neptune_2026/scripts/run_all_synthesize_timeout_report.py --_worker --algorithm tree --input /home/student/Desktop/Neptune_2026/Microfluidics-Benchmarks/Results/MINT-TestCases/Drop_Ref/Dx_4/Dx_4_fromMINT.json --case-output /home/student/Desktop/Neptune_2026/Microfluidics-Benchmarks/Results/tree_full_20260915_165225/artifacts/mint__Drop_Ref__Dx_4__Dx_4_fromMINT --time-limit 3600.0 --solver-profile standard --mip-gap 0.0
Reversed 12 connection(s) with opposite-port direction conflicts: channel_3, channel_10, channel_11, channel_12, channel_13, channel_14, channel_15, channel_16, channel_17, channel_18, channel_19, channel_20.
Finish loading test case: Dx_4_fromMINT
1/9, Finish initial placement, time spent: 2.8133392333984375e-05 s
[0, 4000, 4000, 'port_1', 0] [[2000, 0], [4000, 2000], [2000, 4000], [0, 2000]]
[1, 4000, 4000, 'port_2', 0] [[2000, 0], [4000, 2000], [2000, 4000], [0, 2000]]
[2, 1800, 600, 'nozzle_droplet_generator_1', 0] [[400, 0], [1800, 300], [400, 600], [0, 300]]
[3, 4060, 4860, 'mixer_1', 0] [[2030, 0], [2030, 4860]]
[4, 18450, 11426, 'droplet_sorter_1', 0] [[0, 4845], [18450, 600], [18450, 9091]]
[5, 18450, 11426, 'droplet_sorter_2', 0] [[0, 4845], [18450, 600], [18450, 9091]]
[6, 1400, 1400, 'port_3', 0] [[700, 0], [1400, 700], [700, 1400], [0, 700]]
[7, 1400, 1400, 'port_4', 0] [[700, 0], [1400, 700], [700, 1400], [0, 700]]
[8, 18450, 11426, 'droplet_sorter_3', 0] [[0, 4845], [18450, 600], [18450, 9091]]
[9, 1400, 1400, 'port_5', 0] [[700, 0], [1400, 700], [700, 1400], [0, 700]]
[10, 1400, 1400, 'port_6', 0] [[700, 0], [1400, 700], [700, 1400], [0, 700]]
[11, 4060, 4860, 'mixer_2', 0] [[2030, 0], [2030, 4860]]
[12, 4060, 4860, 'mixer_3', 0] [[2030, 0], [2030, 4860]]
[13, 4060, 4860, 'mixer_4', 0] [[2030, 0], [2030, 4860]]
[14, 4060, 4860, 'mixer_5', 0] [[2030, 0], [2030, 4860]]
[15, 1400, 1400, 'port_7', 0] [[700, 0], [1400, 700], [700, 1400], [0, 700]]
[16, 1400, 1400, 'port_8', 0] [[700, 0], [1400, 700], [700, 1400], [0, 700]]
[17, 1400, 1400, 'port_9', 0] [[700, 0], [1400, 700], [700, 1400], [0, 700]]
[18, 1400, 1400, 'port_10', 0] [[700, 0], [1400, 700], [700, 1400], [0, 700]]
[19, 1400, 1400, 'port_11', 0] [[700, 0], [1400, 700], [700, 1400], [0, 700]]
2/9, Finish initial placement with rotation, time spent: 0.00028395652770996094 s
3/9, Finish symmetricalization, time spent: 2.3603439331054688e-05 s
4/9, Finish routing, time spent: 0.00035309791564941406 s
****************************************************
New valid order that can lead to planar graph found:
[[0, 1], [0, 1], [0], [1, 0, 2], [1, 7, 3, 4, 5, 6, 0, 2], [0, 1, 2], [0]]
****************************************************
--Finish applying new order
--Finish mirroring related components
5/9, Finish initialization of new orders, time spent: 0.002155303955078125 s
6/9, Finish shortening wirelength, time spent: 0.00012683868408203125 s
Skip stage7 LP according to user's need
8/9, Finish routing, time spent: 0.0004329681396484375 s
9/9, Finish compaction and connecting ports, time spent: 0.07254481315612793 s
<<<<<<<<<<<<<<<<<<<<<<<<<<<<<< All P&R Done >>>>>>>>>>>>>>>>>>>>>>>>>>>>>>
Total Timeusage: 0.07594871520996094 s
Reordering Timeusage: 0.002155303955078125 s
LP-based Optimization Timeusage: 0 s
P&R for the new orders: 0.07525992393493652 s
Done. Combined PR JSON: /home/student/Desktop/Neptune_2026/Microfluidics-Benchmarks/Results/tree_full_20260915_165225/artifacts/mint__Drop_Ref__Dx_4__Dx_4_fromMINT/result.json
