$ /home/student/anaconda3/envs/neptune2026/bin/python /home/student/Desktop/Neptune_2026/scripts/run_all_synthesize_timeout_report.py --_worker --algorithm tree --input /home/student/Desktop/Neptune_2026/Microfluidics-Benchmarks/Results/Quick_Examples/DIYcomponent/DIYcomponent_fromLFR.json --case-output /home/student/Desktop/Neptune_2026/Microfluidics-Benchmarks/Results/tree_full_20260915_165225/artifacts/quick__DIYcomponent__DIYcomponent_fromLFR --time-limit 3600.0 --solver-profile standard --mip-gap 0.0
Detected 4 disconnected layer-0 cluster(s); running each independently.
Running independent cluster 1/4: ['diycomponent_1', 'port_1', 'port_2']
Finish loading test case: DIYcomponent_fromLFR__cluster_00
1/9, Finish initial placement, time spent: 1.5497207641601562e-05 s
[0, 5000, 5000, 'diycomponent_1', 0] [[2500.0, 0.0], [5000.0, 2500.0], [2500.0, 5000.0], [0.0, 2500.0]]
[1, 2000, 2000, 'port_1', 0] [[1000, 0], [2000, 1000], [1000, 2000], [0, 1000]]
[2, 2000, 2000, 'port_2', 0] [[1000, 0], [2000, 1000], [1000, 2000], [0, 1000]]
2/9, Finish initial placement with rotation, time spent: 7.2479248046875e-05 s
3/9, Finish symmetricalization, time spent: 1.430511474609375e-05 s
4/9, Finish routing, time spent: 8.940696716308594e-05 s
****************************************************
New valid order that can lead to planar graph found:
[[0], [0], [0]]
****************************************************
--Finish applying new order
--Finish mirroring related components
5/9, Finish initialization of new orders, time spent: 0.0003833770751953125 s
6/9, Finish shortening wirelength, time spent: 4.315376281738281e-05 s
Skip stage7 LP according to user's need
8/9, Finish routing, time spent: 0.0001251697540283203 s
9/9, Finish compaction and connecting ports, time spent: 0.01542806625366211 s
<<<<<<<<<<<<<<<<<<<<<<<<<<<<<< All P&R Done >>>>>>>>>>>>>>>>>>>>>>>>>>>>>>
Total Timeusage: 0.01617145538330078 s
Reordering Timeusage: 0.0003833770751953125 s
LP-based Optimization Timeusage: 0 s
P&R for the new orders: 0.015979766845703125 s
Running independent cluster 2/4: ['port_3']
Running independent cluster 3/4: ['port_4']
Running independent cluster 4/4: ['port_5']
Done. Combined PR JSON: /home/student/Desktop/Neptune_2026/Microfluidics-Benchmarks/Results/tree_full_20260915_165225/artifacts/quick__DIYcomponent__DIYcomponent_fromLFR/result.json
