$ /home/student/anaconda3/envs/neptune2026/bin/python /home/student/Desktop/Neptune_2026/scripts/run_all_synthesize_timeout_report.py --_worker --algorithm tree --input /home/student/Desktop/Neptune_2026/Microfluidics-Benchmarks/Results/Quick_Examples/flow_and_control_demo/flow_and_control_demo_fromLFR.json --case-output /home/student/Desktop/Neptune_2026/Microfluidics-Benchmarks/Results/tree_full_20260915_165225/artifacts/quick__flow_and_control_demo__flow_and_control_demo_fromLFR --time-limit 3600.0 --solver-profile standard --mip-gap 0.0
Reversed 3 connection(s) with opposite-port direction conflicts: channel_1, channel_2, channel_4.
Finish loading test case: flow_and_control_demo_fromLFR
1/9, Finish initial placement, time spent: 3.933906555175781e-05 s
[0, 4060, 4860, 'mixer_1', 0] [[2030, 0], [2030, 4860]]
[1, 2000, 2000, 'port_1', 0] [[1000, 0], [2000, 1000], [1000, 2000], [0, 1000]]
[2, 2000, 2000, 'port_2', 0] [[1000, 0], [2000, 1000], [1000, 2000], [0, 1000]]
[3, 2000, 2000, 'port_3', 0] [[1000, 0], [2000, 1000], [1000, 2000], [0, 1000]]
[4, 2000, 2000, 'port_4', 0] [[1000, 0], [2000, 1000], [1000, 2000], [0, 1000]]
2/9, Finish initial placement with rotation, time spent: 0.00011849403381347656 s
3/9, Finish symmetricalization, time spent: 1.52587890625e-05 s
4/9, Finish routing, time spent: 0.00013780593872070312 s
****************************************************
New valid order that can lead to planar graph found:
[[0, 1], [0], [0], [0]]
****************************************************
--Finish applying new order
--Finish mirroring related components
5/9, Finish initialization of new orders, time spent: 0.0006175041198730469 s
6/9, Finish shortening wirelength, time spent: 5.91278076171875e-05 s
Skip stage7 LP according to user's need
8/9, Finish routing, time spent: 0.0002028942108154297 s
9/9, Finish compaction and connecting ports, time spent: 0.022205352783203125 s
<<<<<<<<<<<<<<<<<<<<<<<<<<<<<< All P&R Done >>>>>>>>>>>>>>>>>>>>>>>>>>>>>>
Total Timeusage: 0.023395776748657227 s
Reordering Timeusage: 0.0006175041198730469 s
LP-based Optimization Timeusage: 0 s
P&R for the new orders: 0.02308487892150879 s
Done. Combined PR JSON: /home/student/Desktop/Neptune_2026/Microfluidics-Benchmarks/Results/tree_full_20260915_165225/artifacts/quick__flow_and_control_demo__flow_and_control_demo_fromLFR/result.json
