$ /home/student/anaconda3/envs/neptune2026/bin/python /home/student/Desktop/Neptune_2026/scripts/run_all_synthesize_timeout_report.py --_worker --algorithm tree --input /home/student/Desktop/Neptune_2026/Microfluidics-Benchmarks/Results/Quick_Examples/import_mixer_and_incubator/import_mixer_and_incubator_fromLFR.json --case-output /home/student/Desktop/Neptune_2026/Microfluidics-Benchmarks/Results/tree_full_20260915_165225/artifacts/quick__import_mixer_and_incubator__import_mixer_and_incubator_fromLFR --time-limit 3600.0 --solver-profile standard --mip-gap 0.0
Reversed 4 connection(s) with opposite-port direction conflicts: channel_1, channel_2, channel_3, channel_4.
Finish loading test case: import_mixer_and_incubator_fromLFR
1/9, Finish initial placement, time spent: 1.71661376953125e-05 s
[0, 5000, 5000, 'reaction_chamber_1', 0] [[2500, 0], [5000, 2500], [2500, 5000], [0, 2500]]
[1, 2000, 2000, 'port_1', 0] [[1000, 0], [2000, 1000], [1000, 2000], [0, 1000]]
[2, 4060, 4860, 'mixer_1', 0] [[2030, 0], [2030, 4860]]
[3, 2000, 2000, 'port_2', 0] [[1000, 0], [2000, 1000], [1000, 2000], [0, 1000]]
[4, 2000, 2000, 'port_3', 0] [[1000, 0], [2000, 1000], [1000, 2000], [0, 1000]]
2/9, Finish initial placement with rotation, time spent: 9.465217590332031e-05 s
3/9, Finish symmetricalization, time spent: 1.621246337890625e-05 s
4/9, Finish routing, time spent: 0.0001342296600341797 s
****************************************************
New valid order that can lead to planar graph found:
[[0, 1], [0], [0], [0]]
****************************************************
--Finish applying new order
--Finish mirroring related components
5/9, Finish initialization of new orders, time spent: 0.0004780292510986328 s
6/9, Finish shortening wirelength, time spent: 5.650520324707031e-05 s
Skip stage7 LP according to user's need
8/9, Finish routing, time spent: 0.00015616416931152344 s
9/9, Finish compaction and connecting ports, time spent: 0.022236347198486328 s
<<<<<<<<<<<<<<<<<<<<<<<<<<<<<< All P&R Done >>>>>>>>>>>>>>>>>>>>>>>>>>>>>>
Total Timeusage: 0.023189306259155273 s
Reordering Timeusage: 0.0004780292510986328 s
LP-based Optimization Timeusage: 0 s
P&R for the new orders: 0.022927045822143555 s
Done. Combined PR JSON: /home/student/Desktop/Neptune_2026/Microfluidics-Benchmarks/Results/tree_full_20260915_165225/artifacts/quick__import_mixer_and_incubator__import_mixer_and_incubator_fromLFR/result.json
