$ /home/student/anaconda3/envs/neptune2026/bin/python /home/student/Desktop/Neptune_2026/scripts/run_all_synthesize_timeout_report.py --_worker --algorithm tree --input /home/student/Desktop/Neptune_2026/Microfluidics-Benchmarks/Results/Quick_Examples/droplet_generator/droplet_generator_fromLFR.json --case-output /home/student/Desktop/Neptune_2026/Microfluidics-Benchmarks/Results/tree_full_20260915_165225/artifacts/quick__droplet_generator__droplet_generator_fromLFR --time-limit 3600.0 --solver-profile standard --mip-gap 0.0
Reversed 2 connection(s) with opposite-port direction conflicts: channel_1, channel_3.
Finish loading test case: droplet_generator_fromLFR
1/9, Finish initial placement, time spent: 1.7881393432617188e-05 s
[0, 1800, 600, 'nozzle_droplet_generator_1', 0] [[400, 0], [1800, 300], [400, 600], [0, 300]]
[1, 2000, 2000, 'port_1', 0] [[1000, 0], [2000, 1000], [1000, 2000], [0, 1000]]
[2, 2000, 2000, 'port_2', 0] [[1000, 0], [2000, 1000], [1000, 2000], [0, 1000]]
[3, 2000, 2000, 'port_3', 0] [[1000, 0], [2000, 1000], [1000, 2000], [0, 1000]]
[4, 2000, 2000, 'port_4', 0] [[1000, 0], [2000, 1000], [1000, 2000], [0, 1000]]
2/9, Finish initial placement with rotation, time spent: 0.00010347366333007812 s
3/9, Finish symmetricalization, time spent: 1.5020370483398438e-05 s
4/9, Finish routing, time spent: 9.226799011230469e-05 s
****************************************************
New valid order that can lead to planar graph found:
[[0], [1, 0, 2], [0]]
****************************************************
--Finish applying new order
--Finish mirroring related components
5/9, Finish initialization of new orders, time spent: 0.0005290508270263672 s
6/9, Finish shortening wirelength, time spent: 4.3392181396484375e-05 s
Skip stage7 LP according to user's need
8/9, Finish routing, time spent: 0.00013184547424316406 s
9/9, Finish compaction and connecting ports, time spent: 0.01983475685119629 s
<<<<<<<<<<<<<<<<<<<<<<<<<<<<<< All P&R Done >>>>>>>>>>>>>>>>>>>>>>>>>>>>>>
Total Timeusage: 0.020767688751220703 s
Reordering Timeusage: 0.0005290508270263672 s
LP-based Optimization Timeusage: 0 s
P&R for the new orders: 0.020539045333862305 s
Done. Combined PR JSON: /home/student/Desktop/Neptune_2026/Microfluidics-Benchmarks/Results/tree_full_20260915_165225/artifacts/quick__droplet_generator__droplet_generator_fromLFR/result.json
