$ /home/student/anaconda3/envs/neptune2026/bin/python /home/student/Desktop/Neptune_2026/scripts/run_all_synthesize_timeout_report.py --_worker --algorithm tree --input /home/student/Desktop/Neptune_2026/Microfluidics-Benchmarks/Results/Quick_Examples/flow_only_demo/flow_only_demo_fromMINT.json --case-output /home/student/Desktop/Neptune_2026/Microfluidics-Benchmarks/Results/tree_full_20260915_165225/artifacts/quick__flow_only_demo__flow_only_demo_fromMINT --time-limit 3600.0 --solver-profile standard --mip-gap 0.0
Reversed 3 connection(s) with opposite-port direction conflicts: channel_1, channel_2, channel_3.
Finish loading test case: flow_only_demo_fromMINT
1/9, Finish initial placement, time spent: 1.6450881958007812e-05 s
[0, 3660, 4260, 'mixer_1', 0] [[1830, 0], [1830, 4260]]
[1, 2000, 2000, 'port_1', 0] [[1000, 0], [2000, 1000], [1000, 2000], [0, 1000]]
[2, 2000, 2000, 'port_2', 0] [[1000, 0], [2000, 1000], [1000, 2000], [0, 1000]]
[3, 2000, 2000, 'port_3', 0] [[1000, 0], [2000, 1000], [1000, 2000], [0, 1000]]
2/9, Finish initial placement with rotation, time spent: 8.678436279296875e-05 s
3/9, Finish symmetricalization, time spent: 1.52587890625e-05 s
4/9, Finish routing, time spent: 0.00010800361633300781 s
****************************************************
New valid order that can lead to planar graph found:
[[0, 1], [0], [0]]
****************************************************
--Finish applying new order
--Finish mirroring related components
5/9, Finish initialization of new orders, time spent: 0.00044035911560058594 s
6/9, Finish shortening wirelength, time spent: 5.412101745605469e-05 s
Skip stage7 LP according to user's need
8/9, Finish routing, time spent: 0.00013756752014160156 s
9/9, Finish compaction and connecting ports, time spent: 0.01822352409362793 s
<<<<<<<<<<<<<<<<<<<<<<<<<<<<<< All P&R Done >>>>>>>>>>>>>>>>>>>>>>>>>>>>>>
Total Timeusage: 0.019082069396972656 s
Reordering Timeusage: 0.00044035911560058594 s
LP-based Optimization Timeusage: 0 s
P&R for the new orders: 0.018855571746826172 s
Done. Combined PR JSON: /home/student/Desktop/Neptune_2026/Microfluidics-Benchmarks/Results/tree_full_20260915_165225/artifacts/quick__flow_only_demo__flow_only_demo_fromMINT/result.json
