$ /home/student/anaconda3/envs/neptune2026/bin/python /home/student/Desktop/Neptune_2026/scripts/run_all_synthesize_timeout_report.py --_worker --algorithm tree --input /home/student/Desktop/Neptune_2026/Microfluidics-Benchmarks/Results/Quick_Examples/three_in_mixer/three_in_mixer_fromLFR.json --case-output /home/student/Desktop/Neptune_2026/Microfluidics-Benchmarks/Results/tree_full_20260915_165225/artifacts/quick__three_in_mixer__three_in_mixer_fromLFR --time-limit 3600.0 --solver-profile standard --mip-gap 0.0
Finish loading test case: three_in_mixer_fromLFR
1/9, Finish initial placement, time spent: 1.7881393432617188e-05 s
[0, 4060, 4860, 'mixer_1', 0] [[2030, 0], [2030, 4860]]
[1, 4060, 4860, 'mixer_2', 0] [[2030, 0], [2030, 4860]]
[2, 2000, 2000, 'port_1', 0] [[1000, 0], [2000, 1000], [1000, 2000], [0, 1000]]
[3, 2000, 2000, 'port_2', 0] [[1000, 0], [2000, 1000], [1000, 2000], [0, 1000]]
[4, 2000, 2000, 'port_3', 0] [[1000, 0], [2000, 1000], [1000, 2000], [0, 1000]]
[5, 2000, 2000, 'port_4', 0] [[1000, 0], [2000, 1000], [1000, 2000], [0, 1000]]
2/9, Finish initial placement with rotation, time spent: 0.00011706352233886719 s
3/9, Finish symmetricalization, time spent: 1.5974044799804688e-05 s
4/9, Finish routing, time spent: 0.00015020370483398438 s
****************************************************
New valid order that can lead to planar graph found:
[[0, 1], [0, 1], [0], [0]]
****************************************************
--Finish applying new order
--Finish mirroring related components
5/9, Finish initialization of new orders, time spent: 0.0005612373352050781 s
6/9, Finish shortening wirelength, time spent: 6.222724914550781e-05 s
Skip stage7 LP according to user's need
8/9, Finish routing, time spent: 0.00019240379333496094 s
9/9, Finish compaction and connecting ports, time spent: 0.025125503540039062 s
<<<<<<<<<<<<<<<<<<<<<<<<<<<<<< All P&R Done >>>>>>>>>>>>>>>>>>>>>>>>>>>>>>
Total Timeusage: 0.026242494583129883 s
Reordering Timeusage: 0.0005612373352050781 s
LP-based Optimization Timeusage: 0 s
P&R for the new orders: 0.02594137191772461 s
Done. Combined PR JSON: /home/student/Desktop/Neptune_2026/Microfluidics-Benchmarks/Results/tree_full_20260915_165225/artifacts/quick__three_in_mixer__three_in_mixer_fromLFR/result.json
